<?xml version="1.0"?>
<link_info>
   <banner>TMS320C6x Linker PC v7.4.4</banner>
   <copyright>Copyright (c) 1996-2013 Texas Instruments Incorporated</copyright>
   <link_time>0x636e2b52</link_time>
   <output_file>generate.out</output_file>
   <entry_point>
      <name>_c_int00</name>
      <address>0x1a420</address>
   </entry_point>
   <input_file_list>
      <input_file id="fl-9">
         <path>.\</path>
         <kind>object</kind>
         <file>interp.obj</file>
         <name>interp.obj</name>
      </input_file>
      <input_file id="fl-a">
         <path>.\</path>
         <kind>object</kind>
         <file>hellocfg_c.obj</file>
         <name>hellocfg_c.obj</name>
      </input_file>
      <input_file id="fl-b">
         <path>.\</path>
         <kind>object</kind>
         <file>hellocfg.obj</file>
         <name>hellocfg.obj</name>
      </input_file>
      <input_file id="fl-c">
         <path>.\</path>
         <kind>object</kind>
         <file>hello.obj</file>
         <name>hello.obj</name>
      </input_file>
      <input_file id="fl-d">
         <path>.\</path>
         <kind>object</kind>
         <file>generate.obj</file>
         <name>generate.obj</name>
      </input_file>
      <input_file id="fl-e">
         <path>.\</path>
         <kind>object</kind>
         <file>fir_filter.obj</file>
         <name>fir_filter.obj</name>
      </input_file>
      <input_file id="fl-f">
         <path>.\</path>
         <kind>object</kind>
         <file>aic23.obj</file>
         <name>aic23.obj</name>
      </input_file>
      <input_file id="fl-8b">
         <path>C:\ti\bios_5_42_01_09\packages\ti\bios\lib\</path>
         <kind>archive</kind>
         <file>biosC6000.a64</file>
         <name>clk_htime.o64</name>
      </input_file>
      <input_file id="fl-8c">
         <path>C:\ti\bios_5_42_01_09\packages\ti\bios\lib\</path>
         <kind>archive</kind>
         <file>bios.a64</file>
         <name>biosdata.o64</name>
      </input_file>
      <input_file id="fl-8d">
         <path>C:\ti\bios_5_42_01_09\packages\ti\bios\lib\</path>
         <kind>archive</kind>
         <file>bios.a64</file>
         <name>hwi_disp_asm.o64</name>
      </input_file>
      <input_file id="fl-8e">
         <path>C:\ti\bios_5_42_01_09\packages\ti\bios\lib\</path>
         <kind>archive</kind>
         <file>bios.a64</file>
         <name>idl_stub.o64</name>
      </input_file>
      <input_file id="fl-8f">
         <path>C:\ti\bios_5_42_01_09\packages\ti\bios\lib\</path>
         <kind>archive</kind>
         <file>bios.a64</file>
         <name>swi.o64</name>
      </input_file>
      <input_file id="fl-90">
         <path>C:\ti\bios_5_42_01_09\packages\ti\bios\lib\</path>
         <kind>archive</kind>
         <file>bios.a64</file>
         <name>fxn_c.o64</name>
      </input_file>
      <input_file id="fl-91">
         <path>C:\ti\bios_5_42_01_09\packages\ti\bios\lib\</path>
         <kind>archive</kind>
         <file>bios.a64</file>
         <name>knl_tick.o64</name>
      </input_file>
      <input_file id="fl-92">
         <path>C:\ti\bios_5_42_01_09\packages\ti\bios\lib\</path>
         <kind>archive</kind>
         <file>bios.a64</file>
         <name>utl_doab.o64</name>
      </input_file>
      <input_file id="fl-93">
         <path>C:\ti\bios_5_42_01_09\packages\ti\bios\lib\</path>
         <kind>archive</kind>
         <file>bios.a64</file>
         <name>utl_doer.o64</name>
      </input_file>
      <input_file id="fl-94">
         <path>C:\ti\bios_5_42_01_09\packages\ti\bios\lib\</path>
         <kind>archive</kind>
         <file>bios.a64</file>
         <name>utl_putc.o64</name>
      </input_file>
      <input_file id="fl-95">
         <path>C:\ti\bios_5_42_01_09\packages\ti\bios\lib\</path>
         <kind>archive</kind>
         <file>bios.a64</file>
         <name>utl_halt.o64</name>
      </input_file>
      <input_file id="fl-96">
         <path>C:\ti\bios_5_42_01_09\packages\ti\bios\lib\</path>
         <kind>archive</kind>
         <file>biosC6000.a64</file>
         <name>clk.o64</name>
      </input_file>
      <input_file id="fl-97">
         <path>C:\ti\bios_5_42_01_09\packages\ti\bios\lib\</path>
         <kind>archive</kind>
         <file>bios.a64</file>
         <name>fxn.o64</name>
      </input_file>
      <input_file id="fl-98">
         <path>C:\ti\bios_5_42_01_09\packages\ti\bios\lib\</path>
         <kind>archive</kind>
         <file>bios.a64</file>
         <name>boot.o64</name>
      </input_file>
      <input_file id="fl-99">
         <path>C:\ti\bios_5_42_01_09\packages\ti\bios\lib\</path>
         <kind>archive</kind>
         <file>bios.a64</file>
         <name>trc.o64</name>
      </input_file>
      <input_file id="fl-9a">
         <path>C:\ti\bios_5_42_01_09\packages\ti\bios\lib\</path>
         <kind>archive</kind>
         <file>bios.a64</file>
         <name>hwi.o64</name>
      </input_file>
      <input_file id="fl-9b">
         <path>C:\ti\bios_5_42_01_09\packages\ti\bios\lib\</path>
         <kind>archive</kind>
         <file>bios.a64</file>
         <name>idl_busy.o64</name>
      </input_file>
      <input_file id="fl-9c">
         <path>C:\ti\bios_5_42_01_09\packages\ti\bios\lib\</path>
         <kind>archive</kind>
         <file>biosC6000.a64</file>
         <name>idl_cal.o64</name>
      </input_file>
      <input_file id="fl-9d">
         <path>C:\ti\bios_5_42_01_09\packages\ti\bios\lib\</path>
         <kind>archive</kind>
         <file>bios.a64</file>
         <name>idl.o64</name>
      </input_file>
      <input_file id="fl-9e">
         <path>C:\ti\bios_5_42_01_09\packages\ti\bios\lib\</path>
         <kind>archive</kind>
         <file>bios.a64</file>
         <name>knl_swit.o64</name>
      </input_file>
      <input_file id="fl-9f">
         <path>C:\ti\bios_5_42_01_09\packages\ti\bios\lib\</path>
         <kind>archive</kind>
         <file>lnknone.a64</file>
         <name>none.o64</name>
      </input_file>
      <input_file id="fl-a0">
         <path>C:\ti\bios_5_42_01_09\packages\ti\bios\lib\</path>
         <kind>archive</kind>
         <file>bios.a64</file>
         <name>log.o64</name>
      </input_file>
      <input_file id="fl-a1">
         <path>C:\ti\bios_5_42_01_09\packages\ti\bios\lib\</path>
         <kind>archive</kind>
         <file>bios.a64</file>
         <name>pip.o64</name>
      </input_file>
      <input_file id="fl-a2">
         <path>C:\ti\bios_5_42_01_09\packages\ti\bios\lib\</path>
         <kind>archive</kind>
         <file>bios.a64</file>
         <name>prd.o64</name>
      </input_file>
      <input_file id="fl-a3">
         <path>C:\ti\bios_5_42_01_09\packages\ti\bios\lib\</path>
         <kind>archive</kind>
         <file>bios.a64</file>
         <name>rta.o64</name>
      </input_file>
      <input_file id="fl-a4">
         <path>C:\ti\bios_5_42_01_09\packages\ti\bios\lib\</path>
         <kind>archive</kind>
         <file>bios.a64</file>
         <name>rta_andn.o64</name>
      </input_file>
      <input_file id="fl-a5">
         <path>C:\ti\bios_5_42_01_09\packages\ti\bios\lib\</path>
         <kind>archive</kind>
         <file>bios.a64</file>
         <name>sts.o64</name>
      </input_file>
      <input_file id="fl-a6">
         <path>C:\ti\bios_5_42_01_09\packages\ti\bios\lib\</path>
         <kind>archive</kind>
         <file>bios.a64</file>
         <name>clk_data.o64</name>
      </input_file>
      <input_file id="fl-a7">
         <path>C:\ti\bios_5_42_01_09\packages\ti\bios\lib\</path>
         <kind>archive</kind>
         <file>bios.a64</file>
         <name>clk_data2.o64</name>
      </input_file>
      <input_file id="fl-a8">
         <path>C:\ti\bios_5_42_01_09\packages\ti\bios\lib\</path>
         <kind>archive</kind>
         <file>biosC6000.a64</file>
         <name>clk_meas.o64</name>
      </input_file>
      <input_file id="fl-a9">
         <path>C:\ti\bios_5_42_01_09\packages\ti\bios\lib\</path>
         <kind>archive</kind>
         <file>biosC6000.a64</file>
         <name>clk_start.o64</name>
      </input_file>
      <input_file id="fl-aa">
         <path>C:\ti\bios_5_42_01_09\packages\ti\bios\lib\</path>
         <kind>archive</kind>
         <file>biosC6000.a64</file>
         <name>clk_stop.o64</name>
      </input_file>
      <input_file id="fl-ab">
         <path>C:\ti\C6xCSL\lib_3x\</path>
         <kind>archive</kind>
         <file>csl6416.lib</file>
         <name>csl.obj</name>
      </input_file>
      <input_file id="fl-ac">
         <path>C:\ti\DSK6416\CCStudio\c6000\dsk6416\lib\</path>
         <kind>archive</kind>
         <file>dsk6416bsl.lib</file>
         <name>dsk6416_dip.obj</name>
      </input_file>
      <input_file id="fl-ad">
         <path>C:\ti\DSK6416\CCStudio\c6000\dsk6416\lib\</path>
         <kind>archive</kind>
         <file>dsk6416bsl.lib</file>
         <name>dsk6416_led.obj</name>
      </input_file>
      <input_file id="fl-ae">
         <path>C:\ti\DSK6416\CCStudio\c6000\dsk6416\lib\</path>
         <kind>archive</kind>
         <file>dsk6416bsl.lib</file>
         <name>dsk6416.obj</name>
      </input_file>
      <input_file id="fl-af">
         <path>C:\ti\C6xCSL\lib_3x\</path>
         <kind>archive</kind>
         <file>csl6416.lib</file>
         <name>csl_emifa.obj</name>
      </input_file>
      <input_file id="fl-b0">
         <path>C:\ti\C6xCSL\lib_3x\</path>
         <kind>archive</kind>
         <file>csl6416.lib</file>
         <name>csl_emifb.obj</name>
      </input_file>
      <input_file id="fl-b1">
         <path>C:\ti\bios_5_42_01_09\packages\ti\bios\lib\</path>
         <kind>archive</kind>
         <file>bios.a64</file>
         <name>gbl_cslcacheinit64.o64</name>
      </input_file>
      <input_file id="fl-b2">
         <path>C:\ti\bios_5_42_01_09\packages\ti\bios\lib\</path>
         <kind>archive</kind>
         <file>bios.a64</file>
         <name>gbl_vers.o64</name>
      </input_file>
      <input_file id="fl-b3">
         <path>C:\ti\bios_5_42_01_09\packages\ti\bios\lib\</path>
         <kind>archive</kind>
         <file>bios.a64</file>
         <name>hwi_c.o64</name>
      </input_file>
      <input_file id="fl-b4">
         <path>C:\ti\C6xCSL\lib_3x\</path>
         <kind>archive</kind>
         <file>csl6416.lib</file>
         <name>csl_irq.obj</name>
      </input_file>
      <input_file id="fl-b5">
         <path>C:\ti\bios_5_42_01_09\packages\ti\bios\lib\</path>
         <kind>archive</kind>
         <file>bios.a64</file>
         <name>knl.o64</name>
      </input_file>
      <input_file id="fl-b6">
         <path>C:\ti\bios_5_42_01_09\packages\ti\bios\lib\</path>
         <kind>archive</kind>
         <file>bios.a64</file>
         <name>knl_exit.o64</name>
      </input_file>
      <input_file id="fl-b7">
         <path>C:\ti\bios_5_42_01_09\packages\ti\bios\lib\</path>
         <kind>archive</kind>
         <file>bios.a64</file>
         <name>knl_chec.o64</name>
      </input_file>
      <input_file id="fl-b8">
         <path>C:\ti\bios_5_42_01_09\packages\ti\bios\lib\</path>
         <kind>archive</kind>
         <file>bios.a64</file>
         <name>knl_post.o64</name>
      </input_file>
      <input_file id="fl-b9">
         <path>C:\ti\bios_5_42_01_09\packages\ti\bios\lib\</path>
         <kind>archive</kind>
         <file>bios.a64</file>
         <name>knl_ipos.o64</name>
      </input_file>
      <input_file id="fl-ba">
         <path>C:\ti\bios_5_42_01_09\packages\ti\bios\lib\</path>
         <kind>archive</kind>
         <file>bios.a64</file>
         <name>knl_run.o64</name>
      </input_file>
      <input_file id="fl-bb">
         <path>C:\ti\bios_5_42_01_09\packages\ti\bios\lib\</path>
         <kind>archive</kind>
         <file>bios.a64</file>
         <name>log_printf.o64</name>
      </input_file>
      <input_file id="fl-bc">
         <path>C:\ti\C6xCSL\lib_3x\</path>
         <kind>archive</kind>
         <file>csl6416.lib</file>
         <name>csl_mcbsp.obj</name>
      </input_file>
      <input_file id="fl-bd">
         <path>C:\ti\bios_5_42_01_09\packages\ti\bios\lib\</path>
         <kind>archive</kind>
         <file>bios.a64</file>
         <name>mem_asm.o64</name>
      </input_file>
      <input_file id="fl-be">
         <path>C:\ti\bios_5_42_01_09\packages\ti\bios\lib\</path>
         <kind>archive</kind>
         <file>bios.a64</file>
         <name>mem_init.o64</name>
      </input_file>
      <input_file id="fl-bf">
         <path>C:\ti\bios_5_42_01_09\packages\ti\bios\lib\</path>
         <kind>archive</kind>
         <file>bios.a64</file>
         <name>obj_init.o64</name>
      </input_file>
      <input_file id="fl-c0">
         <path>C:\ti\bios_5_42_01_09\packages\ti\bios\lib\</path>
         <kind>archive</kind>
         <file>bios.a64</file>
         <name>sem_pend_counting.o64</name>
      </input_file>
      <input_file id="fl-c1">
         <path>C:\ti\bios_5_42_01_09\packages\ti\bios\lib\</path>
         <kind>archive</kind>
         <file>bios.a64</file>
         <name>sem_pend_binary.o64</name>
      </input_file>
      <input_file id="fl-c2">
         <path>C:\ti\bios_5_42_01_09\packages\ti\bios\lib\</path>
         <kind>archive</kind>
         <file>bios.a64</file>
         <name>sem_pend.o64</name>
      </input_file>
      <input_file id="fl-c3">
         <path>C:\ti\bios_5_42_01_09\packages\ti\bios\lib\</path>
         <kind>archive</kind>
         <file>bios.a64</file>
         <name>sem_post_asm.o64</name>
      </input_file>
      <input_file id="fl-c4">
         <path>C:\ti\bios_5_42_01_09\packages\ti\bios\lib\</path>
         <kind>archive</kind>
         <file>bios.a64</file>
         <name>sem_post.o64</name>
      </input_file>
      <input_file id="fl-c5">
         <path>C:\ti\bios_5_42_01_09\packages\ti\bios\lib\</path>
         <kind>archive</kind>
         <file>bios.a64</file>
         <name>sts_set.o64</name>
      </input_file>
      <input_file id="fl-c6">
         <path>C:\ti\C6xCSL\lib_3x\</path>
         <kind>archive</kind>
         <file>csl6416.lib</file>
         <name>csl_timer.obj</name>
      </input_file>
      <input_file id="fl-c7">
         <path>C:\ti\bios_5_42_01_09\packages\ti\bios\lib\</path>
         <kind>archive</kind>
         <file>bios.a64</file>
         <name>tsk.o64</name>
      </input_file>
      <input_file id="fl-c8">
         <path>C:\ti\bios_5_42_01_09\packages\ti\bios\lib\</path>
         <kind>archive</kind>
         <file>bios.a64</file>
         <name>tsk_exit.o64</name>
      </input_file>
      <input_file id="fl-c9">
         <path>C:\ti\bios_5_42_01_09\packages\ti\bios\lib\</path>
         <kind>archive</kind>
         <file>bios.a64</file>
         <name>sys_exit.o64</name>
      </input_file>
      <input_file id="fl-ca">
         <path>C:\ti\bios_5_42_01_09\packages\ti\bios\lib\</path>
         <kind>archive</kind>
         <file>bios.a64</file>
         <name>sys.o64</name>
      </input_file>
      <input_file id="fl-cb">
         <path>C:\ti\bios_5_42_01_09\packages\ti\bios\lib\</path>
         <kind>archive</kind>
         <file>bios.a64</file>
         <name>tsk_init.o64</name>
      </input_file>
      <input_file id="fl-cc">
         <path>C:\ti\bios_5_42_01_09\packages\ti\bios\lib\</path>
         <kind>archive</kind>
         <file>bios.a64</file>
         <name>tsk_setu.o64</name>
      </input_file>
      <input_file id="fl-cd">
         <path>C:\ti\bios_5_42_01_09\packages\ti\bios\lib\</path>
         <kind>archive</kind>
         <file>bios.a64</file>
         <name>tsk_stup.o64</name>
      </input_file>
      <input_file id="fl-ce">
         <path>C:\ti\bios_5_42_01_09\packages\ti\bios\lib\</path>
         <kind>archive</kind>
         <file>bios.a64</file>
         <name>lck.o64</name>
      </input_file>
      <input_file id="fl-cf">
         <path>C:\ti\bios_5_42_01_09\packages\ti\bios\lib\</path>
         <kind>archive</kind>
         <file>bios.a64</file>
         <name>sys_abor.o64</name>
      </input_file>
      <input_file id="fl-d0">
         <path>C:\ti\bios_5_42_01_09\packages\ti\bios\lib\</path>
         <kind>archive</kind>
         <file>bios.a64</file>
         <name>gbl_setL2CacheMode.o64</name>
      </input_file>
      <input_file id="fl-d1">
         <path>C:\ti\bios_5_42_01_09\packages\ti\bios\lib\</path>
         <kind>archive</kind>
         <file>bios.a64</file>
         <name>sem_dopo.o64</name>
      </input_file>
      <input_file id="fl-d2">
         <path>C:\ti\ccsv5\tools\compiler\c6000_7.4.4\lib\</path>
         <kind>archive</kind>
         <file>rts6400.lib</file>
         <name>addd.obj</name>
      </input_file>
      <input_file id="fl-d3">
         <path>C:\ti\bios_5_42_01_09\packages\ti\bios\lib\</path>
         <kind>archive</kind>
         <file>bios.a64</file>
         <name>autoinit.o64</name>
      </input_file>
      <input_file id="fl-d4">
         <path>C:\ti\ccsv5\tools\compiler\c6000_7.4.4\lib\</path>
         <kind>archive</kind>
         <file>rts6400.lib</file>
         <name>cmpd.obj</name>
      </input_file>
      <input_file id="fl-d5">
         <path>C:\ti\ccsv5\tools\compiler\c6000_7.4.4\lib\</path>
         <kind>archive</kind>
         <file>rts6400.lib</file>
         <name>cvtfd.obj</name>
      </input_file>
      <input_file id="fl-d6">
         <path>C:\ti\ccsv5\tools\compiler\c6000_7.4.4\lib\</path>
         <kind>archive</kind>
         <file>rts6400.lib</file>
         <name>divd.obj</name>
      </input_file>
      <input_file id="fl-d7">
         <path>C:\ti\ccsv5\tools\compiler\c6000_7.4.4\lib\</path>
         <kind>archive</kind>
         <file>rts6400.lib</file>
         <name>divi.obj</name>
      </input_file>
      <input_file id="fl-d8">
         <path>C:\ti\ccsv5\tools\compiler\c6000_7.4.4\lib\</path>
         <kind>archive</kind>
         <file>rts6400.lib</file>
         <name>fixdi.obj</name>
      </input_file>
      <input_file id="fl-d9">
         <path>C:\ti\ccsv5\tools\compiler\c6000_7.4.4\lib\</path>
         <kind>archive</kind>
         <file>rts6400.lib</file>
         <name>fltid.obj</name>
      </input_file>
      <input_file id="fl-da">
         <path>C:\ti\ccsv5\tools\compiler\c6000_7.4.4\lib\</path>
         <kind>archive</kind>
         <file>rts6400.lib</file>
         <name>fltif.obj</name>
      </input_file>
      <input_file id="fl-db">
         <path>C:\ti\ccsv5\tools\compiler\c6000_7.4.4\lib\</path>
         <kind>archive</kind>
         <file>rts6400.lib</file>
         <name>frcaddd.obj</name>
      </input_file>
      <input_file id="fl-dc">
         <path>C:\ti\ccsv5\tools\compiler\c6000_7.4.4\lib\</path>
         <kind>archive</kind>
         <file>rts6400.lib</file>
         <name>frcmpyd_div.obj</name>
      </input_file>
      <input_file id="fl-dd">
         <path>C:\ti\ccsv5\tools\compiler\c6000_7.4.4\lib\</path>
         <kind>archive</kind>
         <file>rts6400.lib</file>
         <name>defs.obj</name>
      </input_file>
      <input_file id="fl-de">
         <path>C:\ti\ccsv5\tools\compiler\c6000_7.4.4\lib\</path>
         <kind>archive</kind>
         <file>rts6400.lib</file>
         <name>mpyd.obj</name>
      </input_file>
      <input_file id="fl-df">
         <path>C:\ti\ccsv5\tools\compiler\c6000_7.4.4\lib\</path>
         <kind>archive</kind>
         <file>rts6400.lib</file>
         <name>frcmpyd.obj</name>
      </input_file>
      <input_file id="fl-e0">
         <path>C:\ti\ccsv5\tools\compiler\c6000_7.4.4\lib\</path>
         <kind>archive</kind>
         <file>rts6400.lib</file>
         <name>mpyf.obj</name>
      </input_file>
      <input_file id="fl-e1">
         <path>C:\ti\ccsv5\tools\compiler\c6000_7.4.4\lib\</path>
         <kind>archive</kind>
         <file>rts6400.lib</file>
         <name>frcmpyf.obj</name>
      </input_file>
      <input_file id="fl-e2">
         <path>C:\ti\ccsv5\tools\compiler\c6000_7.4.4\lib\</path>
         <kind>archive</kind>
         <file>rts6400.lib</file>
         <name>mpyll.obj</name>
      </input_file>
      <input_file id="fl-e3">
         <path>C:\ti\ccsv5\tools\compiler\c6000_7.4.4\lib\</path>
         <kind>archive</kind>
         <file>rts6400.lib</file>
         <name>negd.obj</name>
      </input_file>
      <input_file id="fl-e4">
         <path>C:\ti\ccsv5\tools\compiler\c6000_7.4.4\lib\</path>
         <kind>archive</kind>
         <file>rts6400.lib</file>
         <name>_lock.obj</name>
      </input_file>
      <input_file id="fl-e5">
         <path>C:\ti\ccsv5\tools\compiler\c6000_7.4.4\lib\</path>
         <kind>archive</kind>
         <file>rts6400.lib</file>
         <name>renormd.obj</name>
      </input_file>
      <input_file id="fl-e6">
         <path>C:\ti\ccsv5\tools\compiler\c6000_7.4.4\lib\</path>
         <kind>archive</kind>
         <file>rts6400.lib</file>
         <name>strasg.obj</name>
      </input_file>
      <input_file id="fl-e7">
         <path>C:\ti\ccsv5\tools\compiler\c6000_7.4.4\lib\</path>
         <kind>archive</kind>
         <file>rts6400.lib</file>
         <name>subd.obj</name>
      </input_file>
      <input_file id="fl-e8">
         <path>C:\ti\ccsv5\tools\compiler\c6000_7.4.4\lib\</path>
         <kind>archive</kind>
         <file>rts6400.lib</file>
         <name>acos.obj</name>
      </input_file>
      <input_file id="fl-e9">
         <path>C:\ti\ccsv5\tools\compiler\c6000_7.4.4\lib\</path>
         <kind>archive</kind>
         <file>rts6400.lib</file>
         <name>cos.obj</name>
      </input_file>
      <input_file id="fl-ea">
         <path>C:\ti\ccsv5\tools\compiler\c6000_7.4.4\lib\</path>
         <kind>archive</kind>
         <file>rts6400.lib</file>
         <name>round.obj</name>
      </input_file>
      <input_file id="fl-eb">
         <path>C:\ti\ccsv5\tools\compiler\c6000_7.4.4\lib\</path>
         <kind>archive</kind>
         <file>rts6400.lib</file>
         <name>trunc.obj</name>
      </input_file>
      <input_file id="fl-ec">
         <path>C:\ti\ccsv5\tools\compiler\c6000_7.4.4\lib\</path>
         <kind>archive</kind>
         <file>rts6400.lib</file>
         <name>errno.obj</name>
      </input_file>
      <input_file id="fl-ed">
         <path>C:\ti\ccsv5\tools\compiler\c6000_7.4.4\lib\</path>
         <kind>archive</kind>
         <file>rts6400.lib</file>
         <name>exit.obj</name>
      </input_file>
      <input_file id="fl-ee">
         <path>C:\ti\ccsv5\tools\compiler\c6000_7.4.4\lib\</path>
         <kind>archive</kind>
         <file>rts6400.lib</file>
         <name>fflush.obj</name>
      </input_file>
      <input_file id="fl-ef">
         <path>C:\ti\ccsv5\tools\compiler\c6000_7.4.4\lib\</path>
         <kind>archive</kind>
         <file>rts6400.lib</file>
         <name>memcpy64.obj</name>
      </input_file>
      <input_file id="fl-f0">
         <path>C:\ti\ccsv5\tools\compiler\c6000_7.4.4\lib\</path>
         <kind>archive</kind>
         <file>rts6400.lib</file>
         <name>modf.obj</name>
      </input_file>
      <input_file id="fl-f1">
         <path>C:\ti\ccsv5\tools\compiler\c6000_7.4.4\lib\</path>
         <kind>archive</kind>
         <file>rts6400.lib</file>
         <name>printf.obj</name>
      </input_file>
      <input_file id="fl-f2">
         <path>C:\ti\ccsv5\tools\compiler\c6000_7.4.4\lib\</path>
         <kind>archive</kind>
         <file>rts6400.lib</file>
         <name>_printfi.obj</name>
      </input_file>
      <input_file id="fl-f3">
         <path>C:\ti\ccsv5\tools\compiler\c6000_7.4.4\lib\</path>
         <kind>archive</kind>
         <file>rts6400.lib</file>
         <name>isinf.obj</name>
      </input_file>
      <input_file id="fl-f4">
         <path>C:\ti\ccsv5\tools\compiler\c6000_7.4.4\lib\</path>
         <kind>archive</kind>
         <file>rts6400.lib</file>
         <name>divu.obj</name>
      </input_file>
      <input_file id="fl-f5">
         <path>C:\ti\ccsv5\tools\compiler\c6000_7.4.4\lib\</path>
         <kind>archive</kind>
         <file>rts6400.lib</file>
         <name>imath40.obj</name>
      </input_file>
      <input_file id="fl-f6">
         <path>C:\ti\ccsv5\tools\compiler\c6000_7.4.4\lib\</path>
         <kind>archive</kind>
         <file>rts6400.lib</file>
         <name>imath64.obj</name>
      </input_file>
      <input_file id="fl-f7">
         <path>C:\ti\ccsv5\tools\compiler\c6000_7.4.4\lib\</path>
         <kind>archive</kind>
         <file>rts6400.lib</file>
         <name>fixdli.obj</name>
      </input_file>
      <input_file id="fl-f8">
         <path>C:\ti\ccsv5\tools\compiler\c6000_7.4.4\lib\</path>
         <kind>archive</kind>
         <file>rts6400.lib</file>
         <name>fltlid.obj</name>
      </input_file>
      <input_file id="fl-f9">
         <path>C:\ti\ccsv5\tools\compiler\c6000_7.4.4\lib\</path>
         <kind>archive</kind>
         <file>rts6400.lib</file>
         <name>llshift.obj</name>
      </input_file>
      <input_file id="fl-fa">
         <path>C:\ti\ccsv5\tools\compiler\c6000_7.4.4\lib\</path>
         <kind>archive</kind>
         <file>rts6400.lib</file>
         <name>negll.obj</name>
      </input_file>
      <input_file id="fl-fb">
         <path>C:\ti\ccsv5\tools\compiler\c6000_7.4.4\lib\</path>
         <kind>archive</kind>
         <file>rts6400.lib</file>
         <name>atoi.obj</name>
      </input_file>
      <input_file id="fl-fc">
         <path>C:\ti\ccsv5\tools\compiler\c6000_7.4.4\lib\</path>
         <kind>archive</kind>
         <file>rts6400.lib</file>
         <name>ctype.obj</name>
      </input_file>
      <input_file id="fl-fd">
         <path>C:\ti\ccsv5\tools\compiler\c6000_7.4.4\lib\</path>
         <kind>archive</kind>
         <file>rts6400.lib</file>
         <name>fputc.obj</name>
      </input_file>
      <input_file id="fl-fe">
         <path>C:\ti\ccsv5\tools\compiler\c6000_7.4.4\lib\</path>
         <kind>archive</kind>
         <file>rts6400.lib</file>
         <name>_io_perm.obj</name>
      </input_file>
      <input_file id="fl-ff">
         <path>C:\ti\ccsv5\tools\compiler\c6000_7.4.4\lib\</path>
         <kind>archive</kind>
         <file>rts6400.lib</file>
         <name>fputs.obj</name>
      </input_file>
      <input_file id="fl-100">
         <path>C:\ti\ccsv5\tools\compiler\c6000_7.4.4\lib\</path>
         <kind>archive</kind>
         <file>rts6400.lib</file>
         <name>fseek.obj</name>
      </input_file>
      <input_file id="fl-101">
         <path>C:\ti\ccsv5\tools\compiler\c6000_7.4.4\lib\</path>
         <kind>archive</kind>
         <file>rts6400.lib</file>
         <name>abs.obj</name>
      </input_file>
      <input_file id="fl-102">
         <path>C:\ti\ccsv5\tools\compiler\c6000_7.4.4\lib\</path>
         <kind>archive</kind>
         <file>rts6400.lib</file>
         <name>lowlev.obj</name>
      </input_file>
      <input_file id="fl-103">
         <path>C:\ti\ccsv5\tools\compiler\c6000_7.4.4\lib\</path>
         <kind>archive</kind>
         <file>rts6400.lib</file>
         <name>trgdrv.obj</name>
      </input_file>
      <input_file id="fl-104">
         <path>C:\ti\ccsv5\tools\compiler\c6000_7.4.4\lib\</path>
         <kind>archive</kind>
         <file>rts6400.lib</file>
         <name>ltoa.obj</name>
      </input_file>
      <input_file id="fl-105">
         <path>C:\ti\ccsv5\tools\compiler\c6000_7.4.4\lib\</path>
         <kind>archive</kind>
         <file>rts6400.lib</file>
         <name>memccpy.obj</name>
      </input_file>
      <input_file id="fl-106">
         <path>C:\ti\ccsv5\tools\compiler\c6000_7.4.4\lib\</path>
         <kind>archive</kind>
         <file>rts6400.lib</file>
         <name>memset.obj</name>
      </input_file>
      <input_file id="fl-107">
         <path>C:\ti\ccsv5\tools\compiler\c6000_7.4.4\lib\</path>
         <kind>archive</kind>
         <file>rts6400.lib</file>
         <name>rand.obj</name>
      </input_file>
      <input_file id="fl-108">
         <path>C:\ti\ccsv5\tools\compiler\c6000_7.4.4\lib\</path>
         <kind>archive</kind>
         <file>rts6400.lib</file>
         <name>trgmsg.obj</name>
      </input_file>
      <input_file id="fl-109">
         <path>C:\ti\ccsv5\tools\compiler\c6000_7.4.4\lib\</path>
         <kind>archive</kind>
         <file>rts6400.lib</file>
         <name>setvbuf.obj</name>
      </input_file>
      <input_file id="fl-10a">
         <path>C:\ti\ccsv5\tools\compiler\c6000_7.4.4\lib\</path>
         <kind>archive</kind>
         <file>rts6400.lib</file>
         <name>fopen.obj</name>
      </input_file>
      <input_file id="fl-10b">
         <path>C:\ti\ccsv5\tools\compiler\c6000_7.4.4\lib\</path>
         <kind>archive</kind>
         <file>rts6400.lib</file>
         <name>fclose.obj</name>
      </input_file>
      <input_file id="fl-10c">
         <path>C:\ti\bios_5_42_01_09\packages\ti\bios\lib\</path>
         <kind>archive</kind>
         <file>bios.a64</file>
         <name>malloc.o64</name>
      </input_file>
      <input_file id="fl-10d">
         <path>C:\ti\bios_5_42_01_09\packages\ti\bios\lib\</path>
         <kind>archive</kind>
         <file>bios.a64</file>
         <name>mem_allo.o64</name>
      </input_file>
      <input_file id="fl-10e">
         <path>C:\ti\bios_5_42_01_09\packages\ti\bios\lib\</path>
         <kind>archive</kind>
         <file>bios.a64</file>
         <name>mem_free.o64</name>
      </input_file>
      <input_file id="fl-10f">
         <path>C:\ti\bios_5_42_01_09\packages\ti\bios\lib\</path>
         <kind>archive</kind>
         <file>bios.a64</file>
         <name>sys_erro.o64</name>
      </input_file>
      <input_file id="fl-110">
         <path>C:\ti\ccsv5\tools\compiler\c6000_7.4.4\lib\</path>
         <kind>archive</kind>
         <file>rts6400.lib</file>
         <name>remove.obj</name>
      </input_file>
      <input_file id="fl-111">
         <path>C:\ti\ccsv5\tools\compiler\c6000_7.4.4\lib\</path>
         <kind>archive</kind>
         <file>rts6400.lib</file>
         <name>sqrt.obj</name>
      </input_file>
      <input_file id="fl-112">
         <path>C:\ti\ccsv5\tools\compiler\c6000_7.4.4\lib\</path>
         <kind>archive</kind>
         <file>rts6400.lib</file>
         <name>frexp.obj</name>
      </input_file>
      <input_file id="fl-113">
         <path>C:\ti\ccsv5\tools\compiler\c6000_7.4.4\lib\</path>
         <kind>archive</kind>
         <file>rts6400.lib</file>
         <name>ldexp.obj</name>
      </input_file>
   </input_file_list>
   <object_component_list>
      <object_component id="oc-75">
         <name>.vers</name>
         <load_address>0x0</load_address>
         <run_address>0x0</run_address>
         <size>0x3c</size>
         <input_file_ref idref="fl-b"/>
      </object_component>
      <object_component id="oc-5f">
         <name>.clk</name>
         <uninitialized>true</uninitialized>
         <run_address>0x1a058</run_address>
         <size>0x8</size>
         <input_file_ref idref="fl-b"/>
      </object_component>
      <object_component id="oc-7">
         <name>HWI_A_VECS</name>
         <load_address>0x0</load_address>
         <run_address>0x0</run_address>
         <size>0x0</size>
      </object_component>
      <object_component id="oc-64">
         <name>.hwi_vec</name>
         <load_address>0x0</load_address>
         <run_address>0x0</run_address>
         <size>0x200</size>
         <input_file_ref idref="fl-b"/>
      </object_component>
      <object_component id="oc-65">
         <name>.swi</name>
         <uninitialized>true</uninitialized>
         <run_address>0x1e4c4</run_address>
         <size>0x2c</size>
         <input_file_ref idref="fl-b"/>
      </object_component>
      <object_component id="oc-68">
         <name>.tsk</name>
         <uninitialized>true</uninitialized>
         <run_address>0x1def8</run_address>
         <size>0x1e0</size>
         <input_file_ref idref="fl-b"/>
      </object_component>
      <object_component id="oc-6f">
         <name>.idl</name>
         <uninitialized>true</uninitialized>
         <run_address>0x1e524</run_address>
         <size>0x14</size>
         <input_file_ref idref="fl-b"/>
      </object_component>
      <object_component id="oc-6e">
         <name>.idlcal</name>
         <uninitialized>true</uninitialized>
         <run_address>0x1e538</run_address>
         <size>0x14</size>
         <input_file_ref idref="fl-b"/>
      </object_component>
      <object_component id="oc-4a">
         <name>.bss</name>
         <uninitialized>true</uninitialized>
         <run_address>0x1de54</run_address>
         <size>0x28</size>
         <input_file_ref idref="fl-b"/>
      </object_component>
      <object_component id="oc-52">
         <name>.bss</name>
         <uninitialized>true</uninitialized>
         <run_address>0x1dee0</run_address>
         <size>0x6</size>
         <input_file_ref idref="fl-9"/>
      </object_component>
      <object_component id="oc-79">
         <name>.bss</name>
         <uninitialized>true</uninitialized>
         <run_address>0x1ded8</run_address>
         <size>0x8</size>
         <input_file_ref idref="fl-c"/>
      </object_component>
      <object_component id="oc-87">
         <name>.bss</name>
         <uninitialized>true</uninitialized>
         <run_address>0x1debc</run_address>
         <size>0xc</size>
         <input_file_ref idref="fl-e"/>
      </object_component>
      <object_component id="oc-8e">
         <name>.bss</name>
         <uninitialized>true</uninitialized>
         <run_address>0x1de7c</run_address>
         <size>0x1c</size>
         <input_file_ref idref="fl-f"/>
      </object_component>
      <object_component id="oc-99">
         <name>.bss</name>
         <uninitialized>true</uninitialized>
         <run_address>0x1dca4</run_address>
         <size>0xcc</size>
         <input_file_ref idref="fl-8c"/>
      </object_component>
      <object_component id="oc-9b">
         <name>.bss</name>
         <uninitialized>true</uninitialized>
         <run_address>0x1dba4</run_address>
         <size>0x100</size>
         <input_file_ref idref="fl-8d"/>
      </object_component>
      <object_component id="oc-a2">
         <name>.bss</name>
         <uninitialized>true</uninitialized>
         <run_address>0x1dd70</run_address>
         <size>0x9c</size>
         <input_file_ref idref="fl-8f"/>
      </object_component>
      <object_component id="oc-cd">
         <name>.bss</name>
         <uninitialized>true</uninitialized>
         <run_address>0x1de98</run_address>
         <size>0x18</size>
         <input_file_ref idref="fl-9a"/>
      </object_component>
      <object_component id="oc-cf">
         <name>.bss</name>
         <uninitialized>true</uninitialized>
         <run_address>0x1def0</run_address>
         <size>0x4</size>
         <input_file_ref idref="fl-9b"/>
      </object_component>
      <object_component id="oc-100">
         <name>.bss</name>
         <uninitialized>true</uninitialized>
         <run_address>0x1dec8</run_address>
         <size>0x8</size>
         <input_file_ref idref="fl-a6"/>
      </object_component>
      <object_component id="oc-103">
         <name>.bss</name>
         <uninitialized>true</uninitialized>
         <run_address>0x1dee8</run_address>
         <size>0x4</size>
         <input_file_ref idref="fl-a7"/>
      </object_component>
      <object_component id="oc-13e">
         <name>.bss</name>
         <uninitialized>true</uninitialized>
         <run_address>0x1de0c</run_address>
         <size>0x48</size>
         <input_file_ref idref="fl-b5"/>
      </object_component>
      <object_component id="oc-160">
         <name>.bss</name>
         <uninitialized>true</uninitialized>
         <run_address>0x1def4</run_address>
         <size>0x4</size>
         <input_file_ref idref="fl-bd"/>
      </object_component>
      <object_component id="oc-188">
         <name>.bss</name>
         <uninitialized>true</uninitialized>
         <run_address>0x1deb0</run_address>
         <size>0xc</size>
         <input_file_ref idref="fl-c7"/>
      </object_component>
      <object_component id="oc-196">
         <name>.bss</name>
         <uninitialized>true</uninitialized>
         <run_address>0x1ded0</run_address>
         <size>0x8</size>
         <input_file_ref idref="fl-ca"/>
      </object_component>
      <object_component id="oc-1b3">
         <name>.bss</name>
         <uninitialized>true</uninitialized>
         <run_address>0x1deec</run_address>
         <size>0x4</size>
         <input_file_ref idref="fl-d0"/>
      </object_component>
      <object_component id="oc-55">
         <name>.far</name>
         <uninitialized>true</uninitialized>
         <run_address>0x18fa8</run_address>
         <size>0x4e0</size>
         <input_file_ref idref="fl-9"/>
      </object_component>
      <object_component id="oc-7c">
         <name>.far</name>
         <uninitialized>true</uninitialized>
         <run_address>0x19fa0</run_address>
         <size>0x30</size>
         <input_file_ref idref="fl-c"/>
      </object_component>
      <object_component id="oc-83">
         <name>.far</name>
         <uninitialized>true</uninitialized>
         <run_address>0x197b0</run_address>
         <size>0x200</size>
         <input_file_ref idref="fl-d"/>
      </object_component>
      <object_component id="oc-8a">
         <name>.far</name>
         <uninitialized>true</uninitialized>
         <run_address>0x18a98</run_address>
         <size>0x510</size>
         <input_file_ref idref="fl-e"/>
      </object_component>
      <object_component id="oc-91">
         <name>.far</name>
         <uninitialized>true</uninitialized>
         <run_address>0x19ca8</run_address>
         <size>0xc8</size>
         <input_file_ref idref="fl-f"/>
      </object_component>
      <object_component id="oc-ac">
         <name>.far</name>
         <uninitialized>true</uninitialized>
         <run_address>0x1a018</run_address>
         <size>0x10</size>
         <input_file_ref idref="fl-91"/>
      </object_component>
      <object_component id="oc-b9">
         <name>.far</name>
         <uninitialized>true</uninitialized>
         <run_address>0x1a028</run_address>
         <size>0xc</size>
         <input_file_ref idref="fl-94"/>
      </object_component>
      <object_component id="oc-113">
         <name>.far</name>
         <uninitialized>true</uninitialized>
         <run_address>0x19fd0</run_address>
         <size>0x28</size>
         <input_file_ref idref="fl-ab"/>
      </object_component>
      <object_component id="oc-11c">
         <name>.far</name>
         <uninitialized>true</uninitialized>
         <run_address>0x19e84</run_address>
         <size>0x2</size>
         <input_file_ref idref="fl-ad"/>
      </object_component>
      <object_component id="oc-121">
         <name>.far</name>
         <uninitialized>true</uninitialized>
         <run_address>0x197ac</run_address>
         <size>0x4</size>
         <input_file_ref idref="fl-ae"/>
      </object_component>
      <object_component id="oc-13a">
         <name>.far</name>
         <uninitialized>true</uninitialized>
         <run_address>0x19ad0</run_address>
         <size>0x100</size>
         <input_file_ref idref="fl-b4"/>
      </object_component>
      <object_component id="oc-141">
         <name>.far</name>
         <uninitialized>true</uninitialized>
         <run_address>0x19bd0</run_address>
         <size>0xd8</size>
         <input_file_ref idref="fl-b5"/>
      </object_component>
      <object_component id="oc-15c">
         <name>.far</name>
         <uninitialized>true</uninitialized>
         <run_address>0x19e88</run_address>
         <size>0x54</size>
         <input_file_ref idref="fl-bc"/>
      </object_component>
      <object_component id="oc-167">
         <name>.far</name>
         <uninitialized>true</uninitialized>
         <run_address>0x19e30</run_address>
         <size>0x54</size>
         <input_file_ref idref="fl-bf"/>
      </object_component>
      <object_component id="oc-184">
         <name>.far</name>
         <uninitialized>true</uninitialized>
         <run_address>0x19f70</run_address>
         <size>0x30</size>
         <input_file_ref idref="fl-c6"/>
      </object_component>
      <object_component id="oc-18b">
         <name>.far</name>
         <uninitialized>true</uninitialized>
         <run_address>0x19dd0</run_address>
         <size>0x5c</size>
         <input_file_ref idref="fl-c7"/>
      </object_component>
      <object_component id="oc-199">
         <name>.far</name>
         <uninitialized>true</uninitialized>
         <run_address>0x19ff8</run_address>
         <size>0x20</size>
         <input_file_ref idref="fl-ca"/>
      </object_component>
      <object_component id="oc-1a6">
         <name>.far</name>
         <uninitialized>true</uninitialized>
         <run_address>0x19edc</run_address>
         <size>0x50</size>
         <input_file_ref idref="fl-cd"/>
      </object_component>
      <object_component id="oc-1e1">
         <name>.far</name>
         <uninitialized>true</uninitialized>
         <run_address>0x19488</run_address>
         <size>0x324</size>
         <input_file_ref idref="fl-dd"/>
      </object_component>
      <object_component id="oc-1f7">
         <name>.far</name>
         <uninitialized>true</uninitialized>
         <run_address>0x1a040</run_address>
         <size>0x8</size>
         <input_file_ref idref="fl-e4"/>
      </object_component>
      <object_component id="oc-205">
         <name>.far</name>
         <uninitialized>true</uninitialized>
         <run_address>0x19d70</run_address>
         <size>0x60</size>
         <input_file_ref idref="fl-e8"/>
      </object_component>
      <object_component id="oc-20a">
         <name>.far</name>
         <uninitialized>true</uninitialized>
         <run_address>0x19f30</run_address>
         <size>0x40</size>
         <input_file_ref idref="fl-e9"/>
      </object_component>
      <object_component id="oc-215">
         <name>.far</name>
         <uninitialized>true</uninitialized>
         <run_address>0x19acc</run_address>
         <size>0x4</size>
         <input_file_ref idref="fl-ec"/>
      </object_component>
      <object_component id="oc-219">
         <name>.far</name>
         <uninitialized>true</uninitialized>
         <run_address>0x1a034</run_address>
         <size>0xc</size>
         <input_file_ref idref="fl-ed"/>
      </object_component>
      <object_component id="oc-25b">
         <name>.far</name>
         <uninitialized>true</uninitialized>
         <run_address>0x199b0</run_address>
         <size>0x11c</size>
         <input_file_ref idref="fl-102"/>
      </object_component>
      <object_component id="oc-25f">
         <name>.far</name>
         <uninitialized>true</uninitialized>
         <run_address>0x1a050</run_address>
         <size>0x8</size>
         <input_file_ref idref="fl-103"/>
      </object_component>
      <object_component id="oc-26d">
         <name>.far</name>
         <uninitialized>true</uninitialized>
         <run_address>0x1a048</run_address>
         <size>0x8</size>
         <input_file_ref idref="fl-107"/>
      </object_component>
      <object_component id="oc-279">
         <name>.far</name>
         <uninitialized>true</uninitialized>
         <run_address>0x19e2c</run_address>
         <size>0x4</size>
         <input_file_ref idref="fl-10a"/>
      </object_component>
      <object_component id="oc-73">
         <name>.sem</name>
         <uninitialized>true</uninitialized>
         <run_address>0x1e43c</run_address>
         <size>0x58</size>
         <input_file_ref idref="fl-b"/>
      </object_component>
      <object_component id="oc-5c">
         <name>.mem</name>
         <uninitialized>true</uninitialized>
         <run_address>0x1e570</run_address>
         <size>0x4</size>
         <input_file_ref idref="fl-b"/>
      </object_component>
      <object_component id="oc-1b6">
         <name>.bios</name>
         <load_address>0x12c80</load_address>
         <run_address>0x12c80</run_address>
         <size>0x5e0</size>
         <input_file_ref idref="fl-d0"/>
      </object_component>
      <object_component id="oc-49">
         <name>.bios</name>
         <load_address>0x13260</load_address>
         <run_address>0x13260</run_address>
         <size>0x4e0</size>
         <input_file_ref idref="fl-8f"/>
      </object_component>
      <object_component id="oc-12d">
         <name>.bios</name>
         <load_address>0x13740</load_address>
         <run_address>0x13740</run_address>
         <size>0x460</size>
         <input_file_ref idref="fl-b1"/>
      </object_component>
      <object_component id="oc-4b">
         <name>.bios</name>
         <load_address>0x13ba0</load_address>
         <run_address>0x13ba0</run_address>
         <size>0x460</size>
         <input_file_ref idref="fl-8d"/>
      </object_component>
      <object_component id="oc-ef">
         <name>.bios</name>
         <load_address>0x14000</load_address>
         <run_address>0x14000</run_address>
         <size>0x3a0</size>
         <input_file_ref idref="fl-a2"/>
      </object_component>
      <object_component id="oc-280">
         <name>.bios</name>
         <load_address>0x143a0</load_address>
         <run_address>0x143a0</run_address>
         <size>0x360</size>
         <input_file_ref idref="fl-10c"/>
      </object_component>
      <object_component id="oc-f4">
         <name>.bios</name>
         <load_address>0x14700</load_address>
         <run_address>0x14700</run_address>
         <size>0x2c0</size>
         <input_file_ref idref="fl-a3"/>
      </object_component>
      <object_component id="oc-154">
         <name>.bios</name>
         <load_address>0x149c0</load_address>
         <run_address>0x149c0</run_address>
         <size>0x280</size>
         <input_file_ref idref="fl-ba"/>
      </object_component>
      <object_component id="oc-174">
         <name>.bios</name>
         <load_address>0x14c40</load_address>
         <run_address>0x14c40</run_address>
         <size>0x260</size>
         <input_file_ref idref="fl-c2"/>
      </object_component>
      <object_component id="oc-289">
         <name>.bios:.near</name>
         <load_address>0x14ea0</load_address>
         <run_address>0x14ea0</run_address>
         <size>0x240</size>
         <input_file_ref idref="fl-10e"/>
      </object_component>
      <object_component id="oc-eb">
         <name>.bios</name>
         <load_address>0x150e0</load_address>
         <run_address>0x150e0</run_address>
         <size>0x240</size>
         <input_file_ref idref="fl-a1"/>
      </object_component>
      <object_component id="oc-284">
         <name>.bios:.near</name>
         <load_address>0x15320</load_address>
         <run_address>0x15320</run_address>
         <size>0x220</size>
         <input_file_ref idref="fl-10d"/>
      </object_component>
      <object_component id="oc-4e">
         <name>.bios</name>
         <load_address>0x15540</load_address>
         <run_address>0x15540</run_address>
         <size>0x220</size>
         <input_file_ref idref="fl-91"/>
      </object_component>
      <object_component id="oc-1ba">
         <name>.bios</name>
         <load_address>0x15760</load_address>
         <run_address>0x15760</run_address>
         <size>0x1e0</size>
         <input_file_ref idref="fl-d1"/>
      </object_component>
      <object_component id="oc-1a0">
         <name>.bios</name>
         <load_address>0x15940</load_address>
         <run_address>0x15940</run_address>
         <size>0x1c0</size>
         <input_file_ref idref="fl-cc"/>
      </object_component>
      <object_component id="oc-bf">
         <name>.bios</name>
         <load_address>0x15b00</load_address>
         <run_address>0x15b00</run_address>
         <size>0x1c0</size>
         <input_file_ref idref="fl-96"/>
      </object_component>
      <object_component id="oc-de">
         <name>.bios</name>
         <load_address>0x15cc0</load_address>
         <run_address>0x15cc0</run_address>
         <size>0x1a0</size>
         <input_file_ref idref="fl-9e"/>
      </object_component>
      <object_component id="oc-1c1">
         <name>.bios</name>
         <load_address>0x15e60</load_address>
         <run_address>0x15e60</run_address>
         <size>0x160</size>
         <input_file_ref idref="fl-d3"/>
      </object_component>
      <object_component id="oc-18f">
         <name>.bios</name>
         <load_address>0x15fc0</load_address>
         <run_address>0x15fc0</run_address>
         <size>0x160</size>
         <input_file_ref idref="fl-c8"/>
      </object_component>
      <object_component id="oc-1a7">
         <name>.bios</name>
         <load_address>0x16120</load_address>
         <run_address>0x16120</run_address>
         <size>0x140</size>
         <input_file_ref idref="fl-cd"/>
      </object_component>
      <object_component id="oc-147">
         <name>.bios</name>
         <load_address>0x16260</load_address>
         <run_address>0x16260</run_address>
         <size>0x120</size>
         <input_file_ref idref="fl-b7"/>
      </object_component>
      <object_component id="oc-177">
         <name>.bios</name>
         <load_address>0x16380</load_address>
         <run_address>0x16380</run_address>
         <size>0xe0</size>
         <input_file_ref idref="fl-c3"/>
      </object_component>
      <object_component id="oc-106">
         <name>.bios</name>
         <load_address>0x16460</load_address>
         <run_address>0x16460</run_address>
         <size>0xe0</size>
         <input_file_ref idref="fl-a8"/>
      </object_component>
      <object_component id="oc-144">
         <name>.bios</name>
         <load_address>0x16540</load_address>
         <run_address>0x16540</run_address>
         <size>0xc0</size>
         <input_file_ref idref="fl-b6"/>
      </object_component>
      <object_component id="oc-4c">
         <name>.bios</name>
         <load_address>0x16600</load_address>
         <run_address>0x16600</run_address>
         <size>0xc0</size>
         <input_file_ref idref="fl-8b"/>
      </object_component>
      <object_component id="oc-150">
         <name>.bios</name>
         <load_address>0x166c0</load_address>
         <run_address>0x166c0</run_address>
         <size>0xa0</size>
         <input_file_ref idref="fl-b9"/>
      </object_component>
      <object_component id="oc-14c">
         <name>.bios</name>
         <load_address>0x16760</load_address>
         <run_address>0x16760</run_address>
         <size>0xa0</size>
         <input_file_ref idref="fl-b8"/>
      </object_component>
      <object_component id="oc-1ac">
         <name>.bios</name>
         <load_address>0x16800</load_address>
         <run_address>0x16800</run_address>
         <size>0xa0</size>
         <input_file_ref idref="fl-ce"/>
      </object_component>
      <object_component id="oc-17c">
         <name>.bios</name>
         <load_address>0x168a0</load_address>
         <run_address>0x168a0</run_address>
         <size>0xa0</size>
         <input_file_ref idref="fl-c4"/>
      </object_component>
      <object_component id="oc-193">
         <name>.bios</name>
         <load_address>0x16940</load_address>
         <run_address>0x16940</run_address>
         <size>0xa0</size>
         <input_file_ref idref="fl-c9"/>
      </object_component>
      <object_component id="oc-c3">
         <name>.bios</name>
         <load_address>0x169e0</load_address>
         <run_address>0x169e0</run_address>
         <size>0x80</size>
         <input_file_ref idref="fl-97"/>
      </object_component>
      <object_component id="oc-d1">
         <name>.bios</name>
         <load_address>0x16a60</load_address>
         <run_address>0x16a60</run_address>
         <size>0x80</size>
         <input_file_ref idref="fl-9b"/>
      </object_component>
      <object_component id="oc-e7">
         <name>.bios</name>
         <load_address>0x16ae0</load_address>
         <run_address>0x16ae0</run_address>
         <size>0x80</size>
         <input_file_ref idref="fl-a0"/>
      </object_component>
      <object_component id="oc-fc">
         <name>.bios</name>
         <load_address>0x16b60</load_address>
         <run_address>0x16b60</run_address>
         <size>0x80</size>
         <input_file_ref idref="fl-a5"/>
      </object_component>
      <object_component id="oc-d5">
         <name>.bios</name>
         <load_address>0x16be0</load_address>
         <run_address>0x16be0</run_address>
         <size>0x80</size>
         <input_file_ref idref="fl-9c"/>
      </object_component>
      <object_component id="oc-28e">
         <name>.bios:.near</name>
         <load_address>0x16c60</load_address>
         <run_address>0x16c60</run_address>
         <size>0x60</size>
         <input_file_ref idref="fl-10f"/>
      </object_component>
      <object_component id="oc-134">
         <name>.bios</name>
         <load_address>0x16cc0</load_address>
         <run_address>0x16cc0</run_address>
         <size>0x60</size>
         <input_file_ref idref="fl-b3"/>
      </object_component>
      <object_component id="oc-16f">
         <name>.bios</name>
         <load_address>0x16d20</load_address>
         <run_address>0x16d20</run_address>
         <size>0x60</size>
         <input_file_ref idref="fl-c1"/>
      </object_component>
      <object_component id="oc-16b">
         <name>.bios</name>
         <load_address>0x16d80</load_address>
         <run_address>0x16d80</run_address>
         <size>0x60</size>
         <input_file_ref idref="fl-c0"/>
      </object_component>
      <object_component id="oc-1b0">
         <name>.bios</name>
         <load_address>0x16de0</load_address>
         <run_address>0x16de0</run_address>
         <size>0x60</size>
         <input_file_ref idref="fl-cf"/>
      </object_component>
      <object_component id="oc-4d">
         <name>.bios</name>
         <load_address>0x16e40</load_address>
         <run_address>0x16e40</run_address>
         <size>0x60</size>
         <input_file_ref idref="fl-94"/>
      </object_component>
      <object_component id="oc-10a">
         <name>.bios</name>
         <load_address>0x16ea0</load_address>
         <run_address>0x16ea0</run_address>
         <size>0x60</size>
         <input_file_ref idref="fl-a9"/>
      </object_component>
      <object_component id="oc-47">
         <name>.bios</name>
         <load_address>0x16f00</load_address>
         <run_address>0x16f00</run_address>
         <size>0x40</size>
         <input_file_ref idref="fl-8e"/>
      </object_component>
      <object_component id="oc-f8">
         <name>.bios</name>
         <load_address>0x16f40</load_address>
         <run_address>0x16f40</run_address>
         <size>0x40</size>
         <input_file_ref idref="fl-a4"/>
      </object_component>
      <object_component id="oc-46">
         <name>.bios</name>
         <load_address>0x16f80</load_address>
         <run_address>0x16f80</run_address>
         <size>0x40</size>
         <input_file_ref idref="fl-92"/>
      </object_component>
      <object_component id="oc-10e">
         <name>.bios</name>
         <load_address>0x16fc0</load_address>
         <run_address>0x16fc0</run_address>
         <size>0x40</size>
         <input_file_ref idref="fl-aa"/>
      </object_component>
      <object_component id="oc-51">
         <name>.bios</name>
         <load_address>0x17000</load_address>
         <run_address>0x17000</run_address>
         <size>0x20</size>
         <input_file_ref idref="fl-90"/>
      </object_component>
      <object_component id="oc-130">
         <name>.bios</name>
         <load_address>0x17020</load_address>
         <run_address>0x17020</run_address>
         <size>0x20</size>
         <input_file_ref idref="fl-b2"/>
      </object_component>
      <object_component id="oc-d9">
         <name>.bios</name>
         <load_address>0x17040</load_address>
         <run_address>0x17040</run_address>
         <size>0x20</size>
         <input_file_ref idref="fl-9d"/>
      </object_component>
      <object_component id="oc-157">
         <name>.bios</name>
         <load_address>0x17060</load_address>
         <run_address>0x17060</run_address>
         <size>0x20</size>
         <input_file_ref idref="fl-bb"/>
      </object_component>
      <object_component id="oc-17f">
         <name>.bios</name>
         <load_address>0x17080</load_address>
         <run_address>0x17080</run_address>
         <size>0x20</size>
         <input_file_ref idref="fl-c5"/>
      </object_component>
      <object_component id="oc-50">
         <name>.bios</name>
         <load_address>0x170a0</load_address>
         <run_address>0x170a0</run_address>
         <size>0x20</size>
         <input_file_ref idref="fl-93"/>
      </object_component>
      <object_component id="oc-4f">
         <name>.bios</name>
         <load_address>0x170c0</load_address>
         <run_address>0x170c0</run_address>
         <size>0x20</size>
         <input_file_ref idref="fl-95"/>
      </object_component>
      <object_component id="oc-e3">
         <name>.bios</name>
         <load_address>0x170e0</load_address>
         <run_address>0x170e0</run_address>
         <size>0x20</size>
         <input_file_ref idref="fl-9f"/>
      </object_component>
      <object_component id="oc-271">
         <name>.cio</name>
         <uninitialized>true</uninitialized>
         <run_address>0x1e0d8</run_address>
         <size>0x120</size>
         <input_file_ref idref="fl-108"/>
      </object_component>
      <object_component id="oc-e2">
         <name>.data</name>
         <load_address>0x1e568</load_address>
         <run_address>0x1e568</run_address>
         <size>0x8</size>
         <input_file_ref idref="fl-9f"/>
      </object_component>
      <object_component id="oc-5e">
         <name>.sys</name>
         <uninitialized>true</uninitialized>
         <run_address>0x1e54c</run_address>
         <size>0x10</size>
         <input_file_ref idref="fl-b"/>
      </object_component>
      <object_component id="oc-29e">
         <name>.text</name>
         <load_address>0x200</load_address>
         <run_address>0x200</run_address>
         <size>0x9c0</size>
         <input_file_ref idref="fl-f"/>
      </object_component>
      <object_component id="oc-2fc">
         <name>.text:__getarg_diouxp</name>
         <load_address>0xbc0</load_address>
         <run_address>0xbc0</run_address>
         <size>0x620</size>
         <input_file_ref idref="fl-f2"/>
      </object_component>
      <object_component id="oc-2cd">
         <name>.text:__divd</name>
         <load_address>0x11e0</load_address>
         <run_address>0x11e0</run_address>
         <size>0x5c0</size>
         <input_file_ref idref="fl-d6"/>
      </object_component>
      <object_component id="oc-2ce">
         <name>.text:_cos</name>
         <load_address>0x17a0</load_address>
         <run_address>0x17a0</run_address>
         <size>0x520</size>
         <input_file_ref idref="fl-e9"/>
      </object_component>
      <object_component id="oc-2e7">
         <name>.text:__setfield</name>
         <load_address>0x1cc0</load_address>
         <run_address>0x1cc0</run_address>
         <size>0x4e0</size>
         <input_file_ref idref="fl-f2"/>
      </object_component>
      <object_component id="oc-2d5">
         <name>.text:__printfi</name>
         <load_address>0x21a0</load_address>
         <run_address>0x21a0</run_address>
         <size>0x4c0</size>
         <input_file_ref idref="fl-f2"/>
      </object_component>
      <object_component id="oc-2e4">
         <name>.text:_fputs</name>
         <load_address>0x2660</load_address>
         <run_address>0x2660</run_address>
         <size>0x420</size>
         <input_file_ref idref="fl-ff"/>
      </object_component>
      <object_component id="oc-2ca">
         <name>.text:_acos</name>
         <load_address>0x2a80</load_address>
         <run_address>0x2a80</run_address>
         <size>0x400</size>
         <input_file_ref idref="fl-e8"/>
      </object_component>
      <object_component id="oc-304">
         <name>.text:_fcvt</name>
         <load_address>0x2e80</load_address>
         <run_address>0x2e80</run_address>
         <size>0x400</size>
         <input_file_ref idref="fl-f2"/>
      </object_component>
      <object_component id="oc-2f1">
         <name>.text:__pproc_fge</name>
         <load_address>0x3280</load_address>
         <run_address>0x3280</run_address>
         <size>0x3e0</size>
         <input_file_ref idref="fl-f2"/>
      </object_component>
      <object_component id="oc-29d">
         <name>.text</name>
         <load_address>0x3660</load_address>
         <run_address>0x3660</run_address>
         <size>0x3e0</size>
         <input_file_ref idref="fl-c"/>
      </object_component>
      <object_component id="oc-301">
         <name>.text:_ecvt</name>
         <load_address>0x3a40</load_address>
         <run_address>0x3a40</run_address>
         <size>0x3c0</size>
         <input_file_ref idref="fl-f2"/>
      </object_component>
      <object_component id="oc-120">
         <name>.text</name>
         <load_address>0x3e00</load_address>
         <run_address>0x3e00</run_address>
         <size>0x3a0</size>
         <input_file_ref idref="fl-ae"/>
      </object_component>
      <object_component id="oc-2fb">
         <name>.text:__pconv_e</name>
         <load_address>0x41a0</load_address>
         <run_address>0x41a0</run_address>
         <size>0x320</size>
         <input_file_ref idref="fl-f2"/>
      </object_component>
      <object_component id="oc-2e6">
         <name>.text:__pproc_fwp</name>
         <load_address>0x44c0</load_address>
         <run_address>0x44c0</run_address>
         <size>0x300</size>
         <input_file_ref idref="fl-f2"/>
      </object_component>
      <object_component id="oc-30d">
         <name>.text:__divull</name>
         <load_address>0x47c0</load_address>
         <run_address>0x47c0</run_address>
         <size>0x2c0</size>
         <input_file_ref idref="fl-f6"/>
      </object_component>
      <object_component id="oc-2dc">
         <name>.text:_sqrt</name>
         <load_address>0x4a80</load_address>
         <run_address>0x4a80</run_address>
         <size>0x2c0</size>
         <input_file_ref idref="fl-111"/>
      </object_component>
      <object_component id="oc-2f2">
         <name>.text:__pproc_diouxp</name>
         <load_address>0x4d40</load_address>
         <run_address>0x4d40</run_address>
         <size>0x2a0</size>
         <input_file_ref idref="fl-f2"/>
      </object_component>
      <object_component id="oc-2cc">
         <name>.text:__mpyd</name>
         <load_address>0x4fe0</load_address>
         <run_address>0x4fe0</run_address>
         <size>0x280</size>
         <input_file_ref idref="fl-de"/>
      </object_component>
      <object_component id="oc-2e3">
         <name>.text:__frcaddd</name>
         <load_address>0x5260</load_address>
         <run_address>0x5260</run_address>
         <size>0x260</size>
         <input_file_ref idref="fl-db"/>
      </object_component>
      <object_component id="oc-2e8">
         <name>.text:__pproc_str</name>
         <load_address>0x54c0</load_address>
         <run_address>0x54c0</run_address>
         <size>0x260</size>
         <input_file_ref idref="fl-f2"/>
      </object_component>
      <object_component id="oc-2e9">
         <name>.text:_fputc</name>
         <load_address>0x5720</load_address>
         <run_address>0x5720</run_address>
         <size>0x260</size>
         <input_file_ref idref="fl-fd"/>
      </object_component>
      <object_component id="oc-2b1">
         <name>.text</name>
         <load_address>0x5980</load_address>
         <run_address>0x5980</run_address>
         <size>0x260</size>
         <input_file_ref idref="fl-d"/>
      </object_component>
      <object_component id="oc-2d1">
         <name>.text:__addd</name>
         <load_address>0x5be0</load_address>
         <run_address>0x5be0</run_address>
         <size>0x240</size>
         <input_file_ref idref="fl-d2"/>
      </object_component>
      <object_component id="oc-2f9">
         <name>.text:__pconv_g</name>
         <load_address>0x5e20</load_address>
         <run_address>0x5e20</run_address>
         <size>0x240</size>
         <input_file_ref idref="fl-f2"/>
      </object_component>
      <object_component id="oc-2ec">
         <name>.text:_ldexp</name>
         <load_address>0x6060</load_address>
         <run_address>0x6060</run_address>
         <size>0x240</size>
         <input_file_ref idref="fl-113"/>
      </object_component>
      <object_component id="oc-2f5">
         <name>.text:_setvbuf</name>
         <load_address>0x62a0</load_address>
         <run_address>0x62a0</run_address>
         <size>0x240</size>
         <input_file_ref idref="fl-109"/>
      </object_component>
      <object_component id="oc-2ad">
         <name>.text:_HOSTrename</name>
         <load_address>0x64e0</load_address>
         <run_address>0x64e0</run_address>
         <size>0x200</size>
         <input_file_ref idref="fl-103"/>
      </object_component>
      <object_component id="oc-303">
         <name>.text:__mcpy</name>
         <load_address>0x66e0</load_address>
         <run_address>0x66e0</run_address>
         <size>0x200</size>
         <input_file_ref idref="fl-f2"/>
      </object_component>
      <object_component id="oc-2d9">
         <name>.text:_MCBSP_reset</name>
         <load_address>0x68e0</load_address>
         <run_address>0x68e0</run_address>
         <size>0x1e0</size>
         <input_file_ref idref="fl-bc"/>
      </object_component>
      <object_component id="oc-2b0">
         <name>.text:__CSL_init</name>
         <load_address>0x6ac0</load_address>
         <run_address>0x6ac0</run_address>
         <size>0x1e0</size>
         <input_file_ref idref="fl-ab"/>
      </object_component>
      <object_component id="oc-2eb">
         <name>.text:_frexp</name>
         <load_address>0x6ca0</load_address>
         <run_address>0x6ca0</run_address>
         <size>0x1e0</size>
         <input_file_ref idref="fl-112"/>
      </object_component>
      <object_component id="oc-30c">
         <name>.text:__divul</name>
         <load_address>0x6e80</load_address>
         <run_address>0x6e80</run_address>
         <size>0x1a0</size>
         <input_file_ref idref="fl-f5"/>
      </object_component>
      <object_component id="oc-2da">
         <name>.text:_mux2Tables</name>
         <load_address>0x7020</load_address>
         <run_address>0x7020</run_address>
         <size>0x1a0</size>
         <input_file_ref idref="fl-b4"/>
      </object_component>
      <object_component id="oc-2f4">
         <name>.text:_fseek</name>
         <load_address>0x71c0</load_address>
         <run_address>0x71c0</run_address>
         <size>0x180</size>
         <input_file_ref idref="fl-100"/>
      </object_component>
      <object_component id="oc-316">
         <name>.text:_getdevice</name>
         <load_address>0x7340</load_address>
         <run_address>0x7340</run_address>
         <size>0x180</size>
         <input_file_ref idref="fl-102"/>
      </object_component>
      <object_component id="oc-11b">
         <name>.text</name>
         <load_address>0x74c0</load_address>
         <run_address>0x74c0</run_address>
         <size>0x180</size>
         <input_file_ref idref="fl-ad"/>
      </object_component>
      <object_component id="oc-2fe">
         <name>.text:__ltostr</name>
         <load_address>0x7640</load_address>
         <run_address>0x7640</run_address>
         <size>0x160</size>
         <input_file_ref idref="fl-f2"/>
      </object_component>
      <object_component id="oc-2e0">
         <name>.text:__nround</name>
         <load_address>0x77a0</load_address>
         <run_address>0x77a0</run_address>
         <size>0x160</size>
         <input_file_ref idref="fl-ea"/>
      </object_component>
      <object_component id="oc-2e5">
         <name>.text:__pproc_fflags</name>
         <load_address>0x7900</load_address>
         <run_address>0x7900</run_address>
         <size>0x160</size>
         <input_file_ref idref="fl-f2"/>
      </object_component>
      <object_component id="oc-307">
         <name>.text:__closefile</name>
         <load_address>0x7a60</load_address>
         <run_address>0x7a60</run_address>
         <size>0x140</size>
         <input_file_ref idref="fl-10b"/>
      </object_component>
      <object_component id="oc-2ab">
         <name>.text:_HOSTlseek</name>
         <load_address>0x7ba0</load_address>
         <run_address>0x7ba0</run_address>
         <size>0x120</size>
         <input_file_ref idref="fl-103"/>
      </object_component>
      <object_component id="oc-2c9">
         <name>.text:_TIMER_open</name>
         <load_address>0x7cc0</load_address>
         <run_address>0x7cc0</run_address>
         <size>0x120</size>
         <input_file_ref idref="fl-c6"/>
      </object_component>
      <object_component id="oc-2db">
         <name>.text:_TIMER_reset</name>
         <load_address>0x7de0</load_address>
         <run_address>0x7de0</run_address>
         <size>0x120</size>
         <input_file_ref idref="fl-c6"/>
      </object_component>
      <object_component id="oc-2dd">
         <name>.text:__frcmpyd</name>
         <load_address>0x7f00</load_address>
         <run_address>0x7f00</run_address>
         <size>0x120</size>
         <input_file_ref idref="fl-df"/>
      </object_component>
      <object_component id="oc-2ef">
         <name>.text:__wrt_ok</name>
         <load_address>0x8020</load_address>
         <run_address>0x8020</run_address>
         <size>0x120</size>
         <input_file_ref idref="fl-fe"/>
      </object_component>
      <object_component id="oc-2f0">
         <name>.text:_atoi</name>
         <load_address>0x8140</load_address>
         <run_address>0x8140</run_address>
         <size>0x120</size>
         <input_file_ref idref="fl-fb"/>
      </object_component>
      <object_component id="oc-2a7">
         <name>.text:_HOSTopen</name>
         <load_address>0x8260</load_address>
         <run_address>0x8260</run_address>
         <size>0x100</size>
         <input_file_ref idref="fl-103"/>
      </object_component>
      <object_component id="oc-2a9">
         <name>.text:_HOSTread</name>
         <load_address>0x8360</load_address>
         <run_address>0x8360</run_address>
         <size>0x100</size>
         <input_file_ref idref="fl-103"/>
      </object_component>
      <object_component id="oc-2aa">
         <name>.text:_HOSTwrite</name>
         <load_address>0x8460</load_address>
         <run_address>0x8460</run_address>
         <size>0x100</size>
         <input_file_ref idref="fl-103"/>
      </object_component>
      <object_component id="oc-2b3">
         <name>.text:__divi</name>
         <load_address>0x8560</load_address>
         <run_address>0x8560</run_address>
         <size>0x100</size>
         <input_file_ref idref="fl-d7"/>
      </object_component>
      <object_component id="oc-2df">
         <name>.text:__frcmpyd_div</name>
         <load_address>0x8660</load_address>
         <run_address>0x8660</run_address>
         <size>0x100</size>
         <input_file_ref idref="fl-dc"/>
      </object_component>
      <object_component id="oc-2c2">
         <name>.text:__strasgi</name>
         <load_address>0x8760</load_address>
         <run_address>0x8760</run_address>
         <size>0x100</size>
         <input_file_ref idref="fl-e6"/>
      </object_component>
      <object_component id="oc-30e">
         <name>.text:_close</name>
         <load_address>0x8860</load_address>
         <run_address>0x8860</run_address>
         <size>0x100</size>
         <input_file_ref idref="fl-102"/>
      </object_component>
      <object_component id="oc-2b5">
         <name>.text:_fflush</name>
         <load_address>0x8960</load_address>
         <run_address>0x8960</run_address>
         <size>0x100</size>
         <input_file_ref idref="fl-ee"/>
      </object_component>
      <object_component id="oc-309">
         <name>.text:_ltoa</name>
         <load_address>0x8a60</load_address>
         <run_address>0x8a60</run_address>
         <size>0x100</size>
         <input_file_ref idref="fl-104"/>
      </object_component>
      <object_component id="oc-2ae">
         <name>.text:_memset</name>
         <load_address>0x8b60</load_address>
         <run_address>0x8b60</run_address>
         <size>0x100</size>
         <input_file_ref idref="fl-106"/>
      </object_component>
      <object_component id="oc-2ac">
         <name>.text:_HOSTunlink</name>
         <load_address>0x8c60</load_address>
         <run_address>0x8c60</run_address>
         <size>0xe0</size>
         <input_file_ref idref="fl-103"/>
      </object_component>
      <object_component id="oc-2c3">
         <name>.text:_MCBSP_open</name>
         <load_address>0x8d40</load_address>
         <run_address>0x8d40</run_address>
         <size>0xe0</size>
         <input_file_ref idref="fl-bc"/>
      </object_component>
      <object_component id="oc-2c5">
         <name>.text:_MCBSP_start</name>
         <load_address>0x8e20</load_address>
         <run_address>0x8e20</run_address>
         <size>0xe0</size>
         <input_file_ref idref="fl-bc"/>
      </object_component>
      <object_component id="oc-2d0">
         <name>.text:__cmpd</name>
         <load_address>0x8f00</load_address>
         <run_address>0x8f00</run_address>
         <size>0xe0</size>
         <input_file_ref idref="fl-d4"/>
      </object_component>
      <object_component id="oc-306">
         <name>.text:__div</name>
         <load_address>0x8fe0</load_address>
         <run_address>0x8fe0</run_address>
         <size>0xe0</size>
         <input_file_ref idref="fl-f2"/>
      </object_component>
      <object_component id="oc-2d7">
         <name>.text:__doflush</name>
         <load_address>0x90c0</load_address>
         <run_address>0x90c0</run_address>
         <size>0xe0</size>
         <input_file_ref idref="fl-ee"/>
      </object_component>
      <object_component id="oc-2fa">
         <name>.text:__pconv_f</name>
         <load_address>0x91a0</load_address>
         <run_address>0x91a0</run_address>
         <size>0xe0</size>
         <input_file_ref idref="fl-f2"/>
      </object_component>
      <object_component id="oc-2a5">
         <name>.text:_memcpy</name>
         <load_address>0x9280</load_address>
         <run_address>0x9280</run_address>
         <size>0xe0</size>
         <input_file_ref idref="fl-ef"/>
      </object_component>
      <object_component id="oc-2e2">
         <name>.text:_modf</name>
         <load_address>0x9360</load_address>
         <run_address>0x9360</run_address>
         <size>0xe0</size>
         <input_file_ref idref="fl-f0"/>
      </object_component>
      <object_component id="oc-2b4">
         <name>.text:_printf</name>
         <load_address>0x9440</load_address>
         <run_address>0x9440</run_address>
         <size>0xe0</size>
         <input_file_ref idref="fl-f1"/>
      </object_component>
      <object_component id="oc-2a8">
         <name>.text:_HOSTclose</name>
         <load_address>0x9520</load_address>
         <run_address>0x9520</run_address>
         <size>0xc0</size>
         <input_file_ref idref="fl-103"/>
      </object_component>
      <object_component id="oc-2c4">
         <name>.text:_MCBSP_config</name>
         <load_address>0x95e0</load_address>
         <run_address>0x95e0</run_address>
         <size>0xc0</size>
         <input_file_ref idref="fl-bc"/>
      </object_component>
      <object_component id="oc-300">
         <name>.text:__cleanup</name>
         <load_address>0x96a0</load_address>
         <run_address>0x96a0</run_address>
         <size>0xc0</size>
         <input_file_ref idref="fl-10a"/>
      </object_component>
      <object_component id="oc-30b">
         <name>.text:__divu</name>
         <load_address>0x9760</load_address>
         <run_address>0x9760</run_address>
         <size>0xc0</size>
         <input_file_ref idref="fl-f4"/>
      </object_component>
      <object_component id="oc-302">
         <name>.text:__ecpy</name>
         <load_address>0x9820</load_address>
         <run_address>0x9820</run_address>
         <size>0xc0</size>
         <input_file_ref idref="fl-f2"/>
      </object_component>
      <object_component id="oc-305">
         <name>.text:__fcpy</name>
         <load_address>0x98e0</load_address>
         <run_address>0x98e0</run_address>
         <size>0xc0</size>
         <input_file_ref idref="fl-f2"/>
      </object_component>
      <object_component id="oc-29f">
         <name>.text:__strasg</name>
         <load_address>0x99a0</load_address>
         <run_address>0x99a0</run_address>
         <size>0xc0</size>
         <input_file_ref idref="fl-e6"/>
      </object_component>
      <object_component id="oc-2b6">
         <name>.text:_exit</name>
         <load_address>0x9a60</load_address>
         <run_address>0x9a60</run_address>
         <size>0xc0</size>
         <input_file_ref idref="fl-ed"/>
      </object_component>
      <object_component id="oc-2ff">
         <name>.text:_lseek</name>
         <load_address>0x9b20</load_address>
         <run_address>0x9b20</run_address>
         <size>0xc0</size>
         <input_file_ref idref="fl-102"/>
      </object_component>
[...]
      </symbol>
      <symbol id="sm-75c">
         <name>_TIMER_reset</name>
         <value>0x7de0</value>
         <object_component_ref idref="oc-2db"/>
      </symbol>
      <symbol id="sm-75d">
         <name>_TIMER_open</name>
         <value>0x7cc0</value>
         <object_component_ref idref="oc-2c9"/>
      </symbol>
      <symbol id="sm-75e">
         <name>__TIMER_hDev0</name>
         <value>0x19f94</value>
         <object_component_ref idref="oc-184"/>
      </symbol>
      <symbol id="sm-75f">
         <name>__TIMER_hDev1</name>
         <value>0x19f98</value>
         <object_component_ref idref="oc-184"/>
      </symbol>
      <symbol id="sm-760">
         <name>__TIMER_hBios</name>
         <value>0x19f9c</value>
         <object_component_ref idref="oc-184"/>
      </symbol>
      <symbol id="sm-761">
         <name>__TIMER_deviceTable</name>
         <value>0x19f70</value>
         <object_component_ref idref="oc-184"/>
      </symbol>
      <symbol id="sm-76f">
         <name>_TSK_nTasks</name>
         <value>0x1deb0</value>
         <object_component_ref idref="oc-188"/>
      </symbol>
      <symbol id="sm-770">
         <name>_TSK_config</name>
         <value>0x19dec</value>
         <object_component_ref idref="oc-18b"/>
      </symbol>
      <symbol id="sm-771">
         <name>_TSK</name>
         <value>0x1deb8</value>
         <object_component_ref idref="oc-188"/>
      </symbol>
      <symbol id="sm-772">
         <name>_TSK_timerSem</name>
         <value>0x19e0c</value>
         <object_component_ref idref="oc-18b"/>
      </symbol>
      <symbol id="sm-773">
         <name>_TSK_pid</name>
         <value>0x1deb4</value>
         <object_component_ref idref="oc-188"/>
      </symbol>
      <symbol id="sm-774">
         <name>_TSK_ATTRS</name>
         <value>0x19dd0</value>
         <object_component_ref idref="oc-18b"/>
      </symbol>
      <symbol id="sm-77e">
         <name>_TSK_exit</name>
         <value>0x15fc0</value>
         <object_component_ref idref="oc-18f"/>
      </symbol>
      <symbol id="sm-788">
         <name>_SYS_exit</name>
         <value>0x16940</value>
         <object_component_ref idref="oc-193"/>
      </symbol>
      <symbol id="sm-794">
         <name>_SYS_exitStack</name>
         <value>0x19ff8</value>
         <object_component_ref idref="oc-199"/>
      </symbol>
      <symbol id="sm-795">
         <name>_SYS_exitStackPtr</name>
         <value>0x1ded0</value>
         <object_component_ref idref="oc-196"/>
      </symbol>
      <symbol id="sm-796">
         <name>_SYS_exitStackTop</name>
         <value>0x1ded4</value>
         <object_component_ref idref="oc-196"/>
      </symbol>
      <symbol id="sm-7a0">
         <name>_TSK_init</name>
         <value>0x1a4c0</value>
         <object_component_ref idref="oc-19c"/>
      </symbol>
      <symbol id="sm-7aa">
         <name>_TSK_setup</name>
         <value>0x15940</value>
         <object_component_ref idref="oc-1a0"/>
      </symbol>
      <symbol id="sm-7bc">
         <name>__MEM_mutex</name>
         <value>0x19f04</value>
         <object_component_ref idref="oc-1a6"/>
      </symbol>
      <symbol id="sm-7bd">
         <name>_TSK_startup</name>
         <value>0x161c8</value>
         <object_component_ref idref="oc-1a7"/>
      </symbol>
      <symbol id="sm-7be">
         <name>__TSK_mutex</name>
         <value>0x19edc</value>
         <object_component_ref idref="oc-1a6"/>
      </symbol>
      <symbol id="sm-7c8">
         <name>_LCK_pend</name>
         <value>0x1682c</value>
         <object_component_ref idref="oc-1ac"/>
      </symbol>
      <symbol id="sm-7c9">
         <name>_LCK_post</name>
         <value>0x16800</value>
         <object_component_ref idref="oc-1ac"/>
      </symbol>
      <symbol id="sm-7d3">
         <name>_SYS_abort</name>
         <value>0x16de0</value>
         <object_component_ref idref="oc-1b0"/>
      </symbol>
      <symbol id="sm-7e3">
         <name>__GBL_setL2CacheMode</name>
         <value>0x13114</value>
         <object_component_ref idref="oc-1b6"/>
      </symbol>
      <symbol id="sm-7ed">
         <name>__SEM_dopost</name>
         <value>0x15760</value>
         <object_component_ref idref="oc-1ba"/>
      </symbol>
      <symbol id="sm-7f7">
         <name>__addd</name>
         <value>0x5be0</value>
         <object_component_ref idref="oc-2d1"/>
      </symbol>
      <symbol id="sm-801">
         <name>__auto_init</name>
         <value>0x15e60</value>
         <object_component_ref idref="oc-1c1"/>
      </symbol>
      <symbol id="sm-80b">
         <name>__cmpd</name>
         <value>0x8f00</value>
         <object_component_ref idref="oc-2d0"/>
      </symbol>
      <symbol id="sm-81e">
         <name>__divd</name>
         <value>0x11e0</value>
         <object_component_ref idref="oc-2cd"/>
      </symbol>
      <symbol id="sm-826">
         <name>__c6xabi_divi</name>
         <value>0x8560</value>
         <object_component_ref idref="oc-2b3"/>
      </symbol>
      <symbol id="sm-827">
         <name>__divi</name>
         <value>0x8560</value>
         <object_component_ref idref="oc-2b3"/>
      </symbol>
      <symbol id="sm-831">
         <name>__fixdi</name>
         <value>0x9fe0</value>
         <object_component_ref idref="oc-2d2"/>
      </symbol>
      <symbol id="sm-83b">
         <name>__fltid</name>
         <value>0xa680</value>
         <object_component_ref idref="oc-2cb"/>
      </symbol>
      <symbol id="sm-84c">
         <name>__frcaddd</name>
         <value>0x5260</value>
         <object_component_ref idref="oc-2e3"/>
      </symbol>
      <symbol id="sm-856">
         <name>__frcmpyd_div</name>
         <value>0x8660</value>
         <object_component_ref idref="oc-2df"/>
      </symbol>
      <symbol id="sm-860">
         <name>__tmpnams</name>
         <value>0x19668</value>
         <object_component_ref idref="oc-1e1"/>
      </symbol>
      <symbol id="sm-861">
         <name>__ft_end</name>
         <value>0x197a8</value>
         <object_component_ref idref="oc-1e1"/>
      </symbol>
      <symbol id="sm-862">
         <name>__ftable</name>
         <value>0x19488</value>
         <object_component_ref idref="oc-1e1"/>
      </symbol>
      <symbol id="sm-86c">
         <name>__mpyd</name>
         <value>0x4fe0</value>
         <object_component_ref idref="oc-2cc"/>
      </symbol>
      <symbol id="sm-876">
         <name>__frcmpyd</name>
         <value>0x7f00</value>
         <object_component_ref idref="oc-2dd"/>
      </symbol>
      <symbol id="sm-88e">
         <name>__mpyll</name>
         <value>0xa480</value>
         <object_component_ref idref="oc-2ed"/>
      </symbol>
      <symbol id="sm-898">
         <name>__negd</name>
         <value>0xa980</value>
         <object_component_ref idref="oc-2cf"/>
      </symbol>
      <symbol id="sm-8aa">
         <name>__unlock</name>
         <value>0x1a044</value>
         <object_component_ref idref="oc-1f7"/>
      </symbol>
      <symbol id="sm-8ab">
         <name>__lock</name>
         <value>0x1a040</value>
         <object_component_ref idref="oc-1f7"/>
      </symbol>
      <symbol id="sm-8ac">
         <name>__register_lock</name>
         <value>0xabc0</value>
         <object_component_ref idref="oc-2a2"/>
      </symbol>
      <symbol id="sm-8ad">
         <name>__nop</name>
         <value>0xab60</value>
         <object_component_ref idref="oc-2a6"/>
      </symbol>
      <symbol id="sm-8ae">
         <name>__register_unlock</name>
         <value>0xabe0</value>
         <object_component_ref idref="oc-2a3"/>
      </symbol>
      <symbol id="sm-8b8">
         <name>__renormd</name>
         <value>0xa120</value>
         <object_component_ref idref="oc-2ee"/>
      </symbol>
      <symbol id="sm-8c2">
         <name>__c6xabi_strasgi</name>
         <value>0x8760</value>
         <object_component_ref idref="oc-2c2"/>
      </symbol>
      <symbol id="sm-8c3">
         <name>__strasg</name>
         <value>0x99a0</value>
         <object_component_ref idref="oc-29f"/>
      </symbol>
      <symbol id="sm-8c4">
         <name>__strasgi</name>
         <value>0x8760</value>
         <object_component_ref idref="oc-2c2"/>
      </symbol>
      <symbol id="sm-8ce">
         <name>__subd</name>
         <value>0xa9c0</value>
         <object_component_ref idref="oc-2d3"/>
      </symbol>
      <symbol id="sm-8dc">
         <name>_acos</name>
         <value>0x2a80</value>
         <object_component_ref idref="oc-2ca"/>
      </symbol>
      <symbol id="sm-8ea">
         <name>_cos</name>
         <value>0x17a0</value>
         <object_component_ref idref="oc-2ce"/>
      </symbol>
      <symbol id="sm-8f4">
         <name>__nround</name>
         <value>0x77a0</value>
         <object_component_ref idref="oc-2e0"/>
      </symbol>
      <symbol id="sm-8fe">
         <name>__trunc</name>
         <value>0xac00</value>
         <object_component_ref idref="oc-2e1"/>
      </symbol>
      <symbol id="sm-908">
         <name>_errno</name>
         <value>0x19acc</value>
         <object_component_ref idref="oc-215"/>
      </symbol>
      <symbol id="sm-918">
         <name>C$$EXIT</name>
         <value>0xac20</value>
         <object_component_ref idref="oc-2d8"/>
      </symbol>
      <symbol id="sm-919">
         <name>_exit</name>
         <value>0x9a60</value>
         <object_component_ref idref="oc-2b6"/>
      </symbol>
      <symbol id="sm-91a">
         <name>___TI_enable_exit_profile_output</name>
         <value>0x1a03c</value>
         <object_component_ref idref="oc-219"/>
      </symbol>
      <symbol id="sm-91b">
         <name>_abort</name>
         <value>0xac20</value>
         <object_component_ref idref="oc-2d8"/>
      </symbol>
      <symbol id="sm-91c">
         <name>__cleanup_ptr</name>
         <value>0x1a034</value>
         <object_component_ref idref="oc-219"/>
      </symbol>
      <symbol id="sm-91d">
         <name>__dtors_ptr</name>
         <value>0x1a038</value>
         <object_component_ref idref="oc-219"/>
      </symbol>
      <symbol id="sm-929">
         <name>__doflush</name>
         <value>0x90c0</value>
         <object_component_ref idref="oc-2d7"/>
      </symbol>
      <symbol id="sm-92a">
         <name>_fflush</name>
         <value>0x8960</value>
         <object_component_ref idref="oc-2b5"/>
      </symbol>
      <symbol id="sm-932">
         <name>_memcpy</name>
         <value>0x9280</value>
         <object_component_ref idref="oc-2a5"/>
      </symbol>
      <symbol id="sm-93c">
         <name>_modf</name>
         <value>0x9360</value>
         <object_component_ref idref="oc-2e2"/>
      </symbol>
      <symbol id="sm-94a">
         <name>_printf</name>
         <value>0x9440</value>
         <object_component_ref idref="oc-2b4"/>
      </symbol>
      <symbol id="sm-97a">
         <name>__printfi</name>
         <value>0x21a0</value>
         <object_component_ref idref="oc-2d5"/>
      </symbol>
      <symbol id="sm-984">
         <name>___isinf</name>
         <value>0xa900</value>
         <object_component_ref idref="oc-2f8"/>
      </symbol>
      <symbol id="sm-98c">
         <name>__c6xabi_divu</name>
         <value>0x9760</value>
         <object_component_ref idref="oc-30b"/>
      </symbol>
      <symbol id="sm-98d">
         <name>__divu</name>
         <value>0x9760</value>
         <object_component_ref idref="oc-30b"/>
      </symbol>
      <symbol id="sm-99b">
         <name>__divul</name>
         <value>0x6e80</value>
         <object_component_ref idref="oc-30c"/>
      </symbol>
      <symbol id="sm-99c">
         <name>__remli</name>
         <value>0xa740</value>
         <object_component_ref idref="oc-310"/>
      </symbol>
      <symbol id="sm-99d">
         <name>__divli</name>
         <value>0x9f40</value>
         <object_component_ref idref="oc-311"/>
      </symbol>
      <symbol id="sm-9a9">
         <name>__subcull</name>
         <value>0xa7a0</value>
         <object_component_ref idref="oc-313"/>
      </symbol>
      <symbol id="sm-9aa">
         <name>__divull</name>
         <value>0x47c0</value>
         <object_component_ref idref="oc-30d"/>
      </symbol>
      <symbol id="sm-9b4">
         <name>__fixdli</name>
         <value>0xa080</value>
         <object_component_ref idref="oc-308"/>
      </symbol>
      <symbol id="sm-9be">
         <name>__fltlid</name>
         <value>0xa380</value>
         <object_component_ref idref="oc-30a"/>
      </symbol>
      <symbol id="sm-9ca">
         <name>__llshl</name>
         <value>0xa400</value>
         <object_component_ref idref="oc-312"/>
      </symbol>
      <symbol id="sm-9cb">
         <name>__llshru</name>
         <value>0xa6e0</value>
         <object_component_ref idref="oc-314"/>
      </symbol>
      <symbol id="sm-9d5">
         <name>__negll</name>
         <value>0xab40</value>
         <object_component_ref idref="oc-2fd"/>
      </symbol>
      <symbol id="sm-9df">
         <name>_atoi</name>
         <value>0x8140</value>
         <object_component_ref idref="oc-2f0"/>
      </symbol>
      <symbol id="sm-9e7">
         <name>__ctypes_</name>
         <value>0x1d800</value>
         <object_component_ref idref="oc-2f6"/>
      </symbol>
      <symbol id="sm-9f1">
         <name>_putc</name>
         <value>0x5720</value>
         <object_component_ref idref="oc-2e9"/>
      </symbol>
      <symbol id="sm-9f2">
         <name>_fputc</name>
         <value>0x5720</value>
         <object_component_ref idref="oc-2e9"/>
      </symbol>
      <symbol id="sm-9fc">
         <name>__wrt_ok</name>
         <value>0x8020</value>
         <object_component_ref idref="oc-2ef"/>
      </symbol>
      <symbol id="sm-a08">
         <name>_fputs</name>
         <value>0x2660</value>
         <object_component_ref idref="oc-2e4"/>
      </symbol>
      <symbol id="sm-a12">
         <name>_fseek</name>
         <value>0x71c0</value>
         <object_component_ref idref="oc-2f4"/>
      </symbol>
      <symbol id="sm-a31">
         <name>_unlink</name>
         <value>0xa600</value>
         <object_component_ref idref="oc-315"/>
      </symbol>
      <symbol id="sm-a32">
         <name>_lseek</name>
         <value>0x9b20</value>
         <object_component_ref idref="oc-2ff"/>
      </symbol>
      <symbol id="sm-a33">
         <name>_close</name>
         <value>0x8860</value>
         <object_component_ref idref="oc-30e"/>
      </symbol>
      <symbol id="sm-a34">
         <name>_write</name>
         <value>0x9be0</value>
         <object_component_ref idref="oc-2ea"/>
      </symbol>
      <symbol id="sm-a4c">
         <name>_HOSTopen</name>
         <value>0x8260</value>
         <object_component_ref idref="oc-2a7"/>
      </symbol>
      <symbol id="sm-a4d">
         <name>_HOSTread</name>
         <value>0x8360</value>
         <object_component_ref idref="oc-2a9"/>
      </symbol>
      <symbol id="sm-a4e">
         <name>_HOSTrename</name>
         <value>0x64e0</value>
         <object_component_ref idref="oc-2ad"/>
      </symbol>
      <symbol id="sm-a4f">
         <name>_HOSTwrite</name>
         <value>0x8460</value>
         <object_component_ref idref="oc-2aa"/>
      </symbol>
      <symbol id="sm-a50">
         <name>_HOSTlseek</name>
         <value>0x7ba0</value>
         <object_component_ref idref="oc-2ab"/>
      </symbol>
      <symbol id="sm-a51">
         <name>_HOSTunlink</name>
         <value>0x8c60</value>
         <object_component_ref idref="oc-2ac"/>
      </symbol>
      <symbol id="sm-a52">
         <name>_HOSTclose</name>
         <value>0x9520</value>
         <object_component_ref idref="oc-2a8"/>
      </symbol>
      <symbol id="sm-a5c">
         <name>_ltoa</name>
         <value>0x8a60</value>
         <object_component_ref idref="oc-309"/>
      </symbol>
      <symbol id="sm-a66">
         <name>_memccpy</name>
         <value>0xa500</value>
         <object_component_ref idref="oc-2f3"/>
      </symbol>
      <symbol id="sm-a70">
         <name>_memset</name>
         <value>0x8b60</value>
         <object_component_ref idref="oc-2ae"/>
      </symbol>
      <symbol id="sm-a7e">
         <name>_rand</name>
         <value>0xa260</value>
         <object_component_ref idref="oc-2b2"/>
      </symbol>
      <symbol id="sm-a8c">
         <name>C$$IO$$</name>
         <value>0xa858</value>
         <object_component_ref idref="oc-2c6"/>
      </symbol>
      <symbol id="sm-a8d">
         <name>__CIOBUF_</name>
         <value>0x1e0d8</value>
         <object_component_ref idref="oc-271"/>
      </symbol>
      <symbol id="sm-a8e">
         <name>_readmsg</name>
         <value>0xa580</value>
         <object_component_ref idref="oc-2c7"/>
      </symbol>
      <symbol id="sm-a8f">
         <name>_writemsg</name>
         <value>0xa800</value>
         <object_component_ref idref="oc-2c6"/>
      </symbol>
      <symbol id="sm-a99">
         <name>_setvbuf</name>
         <value>0x62a0</value>
         <object_component_ref idref="oc-2f5"/>
      </symbol>
      <symbol id="sm-aa7">
         <name>__cleanup</name>
         <value>0x96a0</value>
         <object_component_ref idref="oc-300"/>
      </symbol>
      <symbol id="sm-ab1">
         <name>__closefile</name>
         <value>0x7a60</value>
         <object_component_ref idref="oc-307"/>
      </symbol>
      <symbol id="sm-abb">
         <name>_memalign</name>
         <value>0x14544</value>
         <object_component_ref idref="oc-280"/>
      </symbol>
      <symbol id="sm-abc">
         <name>_malloc</name>
         <value>0x143cc</value>
         <object_component_ref idref="oc-280"/>
      </symbol>
      <symbol id="sm-abd">
         <name>_realloc</name>
         <value>0x14440</value>
         <object_component_ref idref="oc-280"/>
      </symbol>
      <symbol id="sm-abe">
         <name>_free</name>
         <value>0x143a0</value>
         <object_component_ref idref="oc-280"/>
      </symbol>
      <symbol id="sm-abf">
         <name>_calloc</name>
         <value>0x14670</value>
         <object_component_ref idref="oc-280"/>
      </symbol>
      <symbol id="sm-acb">
         <name>_MEM_alloc</name>
         <value>0x15320</value>
         <object_component_ref idref="oc-284"/>
      </symbol>
      <symbol id="sm-ad7">
         <name>_MEM_free</name>
         <value>0x14ea0</value>
         <object_component_ref idref="oc-289"/>
      </symbol>
      <symbol id="sm-ae1">
         <name>_SYS_error</name>
         <value>0x16c60</value>
         <object_component_ref idref="oc-28e"/>
      </symbol>
      <symbol id="sm-aeb">
         <name>_remove</name>
         <value>0xac40</value>
         <object_component_ref idref="oc-30f"/>
      </symbol>
      <symbol id="sm-af5">
         <name>_sqrt</name>
         <value>0x4a80</value>
         <object_component_ref idref="oc-2dc"/>
      </symbol>
      <symbol id="sm-aff">
         <name>_frexp</name>
         <value>0x6ca0</value>
         <object_component_ref idref="oc-2eb"/>
      </symbol>
      <symbol id="sm-b09">
         <name>_ldexp</name>
         <value>0x6060</value>
         <object_component_ref idref="oc-2ec"/>
      </symbol>
   </symbol_table>
</link_info>
