******************************************************************************
               TMS320C6x Linker PC v7.4.4                      
******************************************************************************
>> Linked Fri Dec 02 21:32:49 2022

OUTPUT FILE NAME:   <generate.out>
ENTRY POINT SYMBOL: "_c_int00"  address: 0001abc0


MEMORY CONFIGURATION

         name            origin    length      used     unused   attr    fill
----------------------  --------  ---------  --------  --------  ----  --------
  IRAM                  00000000   00100000  0001d009  000e2ff7  RWIX
  SDRAM                 80000000   01000000  00000000  01000000  RWIX


SECTION ALLOCATION MAP

 output                                  attributes/
section   page    origin      length       input sections
--------  ----  ----------  ----------   ----------------
.vers      0    00000000    0000003c     COPY SECTION
                  00000000    0000003c     hellocfg.obj (.vers)

.prd       0    00000000    00000000     UNINITIALIZED

.hwi_vec   0    00000000    00000200     
                  00000000    00000200     hellocfg.obj (.hwi_vec)

.pinit     0    00000000    00000000     UNINITIALIZED

.text      0    00000200    0000a3c0     
                  00000200    00000c60     rts6400.lib : pow.obj (.text:_pow)
                  00000e60    00000980     aic23.obj (.text)
                  000017e0    00000620     rts6400.lib : _printfi.obj (.text:__getarg_diouxp)
                  00001e00    000005c0                 : divd.obj (.text:__divd)
                  000023c0    000004e0                 : _printfi.obj (.text:__setfield)
                  000028a0    000004c0                 : _printfi.obj (.text:__printfi)
                  00002d60    000004c0     hello.obj (.text)
                  00003220    00000420     rts6400.lib : fputs.obj (.text:_fputs)
                  00003640    00000400                 : _printfi.obj (.text:_fcvt)
                  00003a40    000003e0                 : _printfi.obj (.text:__pproc_fge)
                  00003e20    000003c0                 : _printfi.obj (.text:_ecvt)
                  000041e0    00000320                 : _printfi.obj (.text:__pconv_e)
                  00004500    00000300                 : _printfi.obj (.text:__pproc_fwp)
                  00004800    000002c0                 : imath64.obj (.text:__divull)
                  00004ac0    000002a0                 : _printfi.obj (.text:__pproc_diouxp)
                  00004d60    00000280                 : mpyd.obj (.text:__mpyd)
                  00004fe0    00000260                 : frcaddd.obj (.text:__frcaddd)
                  00005240    00000260                 : _printfi.obj (.text:__pproc_str)
                  000054a0    00000260                 : fputc.obj (.text:_fputc)
                  00005700    00000240                 : addd.obj (.text:__addd)
                  00005940    00000240                 : _printfi.obj (.text:__pconv_g)
                  00005b80    00000240                 : ldexp.obj (.text:_ldexp)
                  00005dc0    00000240                 : setvbuf.obj (.text:_setvbuf)
                  00006000    00000200                 : trgdrv.obj (.text:_HOSTrename)
                  00006200    00000200                 : _printfi.obj (.text:__mcpy)
                  00006400    000001e0     csl6416.lib : csl_mcbsp.obj (.text:_MCBSP_reset)
                  000065e0    000001e0                 : csl.obj (.text:__CSL_init)
                  000067c0    000001e0     rts6400.lib : frexp.obj (.text:_frexp)
                  000069a0    000001a0                 : imath40.obj (.text:__divul)
                  00006b40    000001a0     csl6416.lib : csl_irq.obj (.text:_mux2Tables)
                  00006ce0    00000180     rts6400.lib : fseek.obj (.text:_fseek)
                  00006e60    00000180                 : lowlev.obj (.text:_getdevice)
                  00006fe0    00000160                 : _printfi.obj (.text:__ltostr)
                  00007140    00000160                 : round.obj (.text:__nround)
                  000072a0    00000160                 : _printfi.obj (.text:__pproc_fflags)
                  00007400    00000140                 : fclose.obj (.text:__closefile)
                  00007540    00000120                 : trgdrv.obj (.text:_HOSTlseek)
                  00007660    00000120     csl6416.lib : csl_timer.obj (.text:_TIMER_open)
                  00007780    00000120                 : csl_timer.obj (.text:_TIMER_reset)
                  000078a0    00000120     rts6400.lib : frcmpyd.obj (.text:__frcmpyd)
                  000079c0    00000120                 : _io_perm.obj (.text:__wrt_ok)
                  00007ae0    00000120                 : atoi.obj (.text:_atoi)
                  00007c00    00000120     generate.obj (.text)
                  00007d20    00000100     rts6400.lib : trgdrv.obj (.text:_HOSTopen)
                  00007e20    00000100                 : trgdrv.obj (.text:_HOSTread)
                  00007f20    00000100                 : trgdrv.obj (.text:_HOSTwrite)
                  00008020    00000100                 : divi.obj (.text:__divi)
                  00008120    00000100                 : frcmpyd_div.obj (.text:__frcmpyd_div)
                  00008220    00000100                 : strasg.obj (.text:__strasgi)
                  00008320    00000100                 : lowlev.obj (.text:_close)
                  00008420    00000100                 : fflush.obj (.text:_fflush)
                  00008520    00000100                 : ltoa.obj (.text:_ltoa)
                  00008620    00000100                 : memset.obj (.text:_memset)
                  00008720    000000e0                 : trgdrv.obj (.text:_HOSTunlink)
                  00008800    000000e0     csl6416.lib : csl_mcbsp.obj (.text:_MCBSP_open)
                  000088e0    000000e0                 : csl_mcbsp.obj (.text:_MCBSP_start)
                  000089c0    000000e0     rts6400.lib : cmpd.obj (.text:__cmpd)
                  00008aa0    000000e0                 : _printfi.obj (.text:__div)
                  00008b80    000000e0                 : fflush.obj (.text:__doflush)
                  00008c60    000000e0                 : _printfi.obj (.text:__pconv_f)
                  00008d40    000000e0                 : memcpy64.obj (.text:_memcpy)
                  00008e20    000000e0                 : modf.obj (.text:_modf)
                  00008f00    000000e0                 : printf.obj (.text:_printf)
                  00008fe0    000000c0                 : trgdrv.obj (.text:_HOSTclose)
                  000090a0    000000c0     csl6416.lib : csl_mcbsp.obj (.text:_MCBSP_config)
                  00009160    000000c0     rts6400.lib : fopen.obj (.text:__cleanup)
                  00009220    000000c0                 : divu.obj (.text:__divu)
                  000092e0    000000c0                 : _printfi.obj (.text:__ecpy)
                  000093a0    000000c0                 : _printfi.obj (.text:__fcpy)
                  00009460    000000c0                 : remi.obj (.text:__remi)
                  00009520    000000c0                 : exit.obj (.text:_exit)
                  000095e0    000000c0                 : lowlev.obj (.text:_lseek)
                  000096a0    000000c0                 : lowlev.obj (.text:_write)
                  00009760    000000c0     bios.a64 : tsk_stup.o64 (.text)
                  00009820    000000a0     csl6416.lib : csl_mcbsp.obj (.text:_MCBSP_close)
                  000098c0    000000a0     rts6400.lib : imath40.obj (.text:__divli)
                  00009960    000000a0                 : fixdi.obj (.text:__fixdi)
                  00009a00    000000a0                 : fixdli.obj (.text:__fixdli)
                  00009aa0    000000a0                 : renormd.obj (.text:__renormd)
                  00009b40    000000a0                 : lowlev.obj (.text:_finddevice)
                  00009be0    000000a0                 : rand.obj (.text:_rand)
                  00009c80    00000080     csl6416.lib : csl_irq.obj (.text:__IRQ_init)
                  00009d00    00000080     rts6400.lib : fltlid.obj (.text:__fltlid)
                  00009d80    00000080                 : llshift.obj (.text:__llshl)
                  00009e00    00000080                 : mpyll.obj (.text:__mpyll)
                  00009e80    00000080                 : memccpy.obj (.text:_memccpy)
                  00009f00    00000080                 : trgmsg.obj (.text:_readmsg)
                  00009f80    00000080                 : lowlev.obj (.text:_unlink)
                  0000a000    00000060                 : fltid.obj (.text:__fltid)
                  0000a060    00000060                 : llshift.obj (.text:__llshru)
                  0000a0c0    00000060                 : imath40.obj (.text:__remli)
                  0000a120    00000060                 : imath64.obj (.text:__subcull)
                  0000a180    00000060                 : trgmsg.obj (.text:_writemsg)
                  0000a1e0    00000040     csl6416.lib : csl_irq.obj (.text:_IRQ_disable)
                  0000a220    00000040     rts6400.lib : isinf.obj (.text:___isinf)
                  0000a260    00000040                 : _printfi.obj (.text:___isnan)
                  0000a2a0    00000040                 : negd.obj (.text:__negd)
                  0000a2e0    00000040                 : subd.obj (.text:__subd)
                  0000a320    00000020     csl6416.lib : csl.obj (.text:_CSL6416_LIB_)
                  0000a340    00000020                 : csl_irq.obj (.text:_IRQ_clear)
                  0000a360    00000020                 : csl_irq.obj (.text:_IRQ_enable)
                  0000a380    00000020                 : csl_irq.obj (.text:_IRQ_globalDisable)
                  0000a3a0    00000020                 : csl_irq.obj (.text:_IRQ_globalEnable)
                  0000a3c0    00000020                 : csl_irq.obj (.text:_IRQ_globalRestore)
                  0000a3e0    00000020                 : csl_irq.obj (.text:_IRQ_set)
                  0000a400    00000020                 : csl_mcbsp.obj (.text:_MCBSP_read)
                  0000a420    00000020                 : csl_mcbsp.obj (.text:_MCBSP_rrdy)
                  0000a440    00000020                 : csl_mcbsp.obj (.text:_MCBSP_write)
                  0000a460    00000020                 : csl_mcbsp.obj (.text:_MCBSP_xrdy)
                  0000a480    00000020     rts6400.lib : negll.obj (.text:__negll)
                  0000a4a0    00000020                 : _lock.obj (.text:__nop)
                  0000a4c0    00000020                 : printf.obj (.text:__outc)
                  0000a4e0    00000020                 : printf.obj (.text:__outs)
                  0000a500    00000020                 : _lock.obj (.text:__register_lock)
                  0000a520    00000020                 : _lock.obj (.text:__register_unlock)
                  0000a540    00000020                 : trunc.obj (.text:__trunc)
                  0000a560    00000020                 : exit.obj (.text:_abort)
                  0000a580    00000020                 : remove.obj (.text:_remove)
                  0000a5a0    00000020     csl6416.lib : csl_irq.obj (.text)

.IRAM$heap 
*          0    0000a5c0    00008000     UNINITIALIZED
                  0000a5c0    00008000     --HOLE--

.bios      0    000125c0    000044c0     
                  000125c0    000005e0     bios.a64 : gbl_setL2CacheMode.o64 (.bios)
                  00012ba0    000004e0              : swi.o64 (.bios)
                  00013080    00000460              : gbl_cslcacheinit64.o64 (.bios)
                  000134e0    00000460              : hwi_disp_asm.o64 (.bios)
                  00013940    000003a0              : prd.o64 (.bios)
                  00013ce0    00000360              : malloc.o64 (.bios)
                  00014040    000002c0              : rta.o64 (.bios)
                  00014300    00000280              : knl_run.o64 (.bios)
                  00014580    00000260              : sem_pend.o64 (.bios)
                  000147e0    00000240              : mem_free.o64 (.bios:.near)
                  00014a20    00000240              : pip.o64 (.bios)
                  00014c60    00000220              : mem_allo.o64 (.bios:.near)
                  00014e80    00000220              : knl_tick.o64 (.bios)
                  000150a0    000001e0              : sem_dopo.o64 (.bios)
                  00015280    000001c0              : tsk_setu.o64 (.bios)
                  00015440    000001c0     biosC6000.a64 : clk.o64 (.bios)
                  00015600    000001a0     bios.a64 : knl_swit.o64 (.bios)
                  000157a0    00000160              : autoinit.o64 (.bios)
                  00015900    00000160              : tsk_exit.o64 (.bios)
                  00015a60    00000140              : tsk_stup.o64 (.bios)
                  00015ba0    00000120              : knl_chec.o64 (.bios)
                  00015cc0    000000e0              : sem_post_asm.o64 (.bios)
                  00015da0    000000e0     biosC6000.a64 : clk_meas.o64 (.bios)
                  00015e80    000000c0     bios.a64 : knl_exit.o64 (.bios)
                  00015f40    000000c0     biosC6000.a64 : clk_htime.o64 (.bios)
                  00016000    000000a0     bios.a64 : knl_ipos.o64 (.bios)
                  000160a0    000000a0              : knl_post.o64 (.bios)
                  00016140    000000a0              : lck.o64 (.bios)
                  000161e0    000000a0              : sem_post.o64 (.bios)
                  00016280    000000a0              : sys_exit.o64 (.bios)
                  00016320    00000080              : fxn.o64 (.bios)
                  000163a0    00000080              : idl_busy.o64 (.bios)
                  00016420    00000080              : log.o64 (.bios)
                  000164a0    00000080              : sts.o64 (.bios)
                  00016520    00000080     biosC6000.a64 : idl_cal.o64 (.bios)
                  000165a0    00000060     bios.a64 : sys_erro.o64 (.bios:.near)
                  00016600    00000060              : hwi_c.o64 (.bios)
                  00016660    00000060              : sem_pend_binary.o64 (.bios)
                  000166c0    00000060              : sem_pend_counting.o64 (.bios)
                  00016720    00000060              : sys_abor.o64 (.bios)
                  00016780    00000060              : utl_putc.o64 (.bios)
                  000167e0    00000060     biosC6000.a64 : clk_start.o64 (.bios)
                  00016840    00000040     bios.a64 : idl_stub.o64 (.bios)
                  00016880    00000040              : rta_andn.o64 (.bios)
                  000168c0    00000040              : utl_doab.o64 (.bios)
                  00016900    00000040     biosC6000.a64 : clk_gethtime.o64 (.bios)
                  00016940    00000040                   : clk_stop.o64 (.bios)
                  00016980    00000020     bios.a64 : fxn_c.o64 (.bios)
                  000169a0    00000020              : gbl_vers.o64 (.bios)
                  000169c0    00000020              : idl.o64 (.bios)
                  000169e0    00000020              : log_printf.o64 (.bios)
                  00016a00    00000020              : sts_set.o64 (.bios)
                  00016a20    00000020              : utl_doer.o64 (.bios)
                  00016a40    00000020              : utl_halt.o64 (.bios)
                  00016a60    00000020     lnknone.a64 : none.o64 (.bios)

.cinit     0    00016a80    000016dc     
                  00016a80    000009cc     hellocfg.obj (.cinit)
                  0001744c    00000004     --HOLE-- [fill = 0]
                  00017450    0000026c     bios.a64 : biosdata.o64 (.cinit)
                  000176bc    00000004     --HOLE-- [fill = 0]
                  000176c0    000001a4              : knl.o64 (.cinit)
                  00017864    00000004     --HOLE-- [fill = 0]
                  00017868    00000140     rts6400.lib : pow.obj (.cinit)
                  000179a8    0000012c     csl6416.lib : csl_irq.obj (.cinit)
                  00017ad4    00000004     --HOLE-- [fill = 0]
                  00017ad8    000000b0     bios.a64 : swi.o64 (.cinit)
                  00017b88    00000094     aic23.obj (.cinit)
                  00017c1c    00000004     --HOLE-- [fill = 0]
                  00017c20    00000080     bios.a64 : tsk.o64 (.cinit)
                  00017ca0    0000007c     csl6416.lib : csl_mcbsp.obj (.cinit)
                  00017d1c    00000004     --HOLE-- [fill = 0]
                  00017d20    00000060     bios.a64 : tsk_stup.o64 (.cinit)
                  00017d80    0000005c     csl6416.lib : csl_timer.obj (.cinit)
                  00017ddc    00000004     --HOLE-- [fill = 0]
                  00017de0    0000005c     hello.obj (.cinit)
                  00017e3c    00000004     --HOLE-- [fill = 0]
                  00017e40    0000005c     rts6400.lib : defs.obj (.cinit)
                  00017e9c    00000004     --HOLE-- [fill = 0]
                  00017ea0    0000005c                 : lowlev.obj (.cinit)
                  00017efc    00000004     --HOLE-- [fill = 0]
                  00017f00    0000004c     bios.a64 : rta.o64 (.cinit)
                  00017f4c    00000004     --HOLE-- [fill = 0]
                  00017f50    0000004c     generate.obj (.cinit)
                  00017f9c    00000004     --HOLE-- [fill = 0]
                  00017fa0    0000003c     csl6416.lib : csl.obj (.cinit)
                  00017fdc    00000004     --HOLE-- [fill = 0]
                  00017fe0    00000034     bios.a64 : hwi.o64 (.cinit)
                  00018014    00000004     --HOLE-- [fill = 0]
                  00018018    0000002c              : utl_putc.o64 (.cinit)
                  00018044    00000004     --HOLE-- [fill = 0]
                  00018048    0000002c     rts6400.lib : exit.obj (.cinit)
                  00018074    00000004     --HOLE-- [fill = 0]
                  00018078    00000024     bios.a64 : obj_init.o64 (.cinit)
                  0001809c    00000004     --HOLE-- [fill = 0]
                  000180a0    0000001c              : sys.o64 (.cinit)
                  000180bc    00000004     --HOLE-- [fill = 0]
                  000180c0    0000001c     rts6400.lib : _lock.obj (.cinit)
                  000180dc    00000004     --HOLE-- [fill = 0]
                  000180e0    00000018     bios.a64 : knl_tick.o64 (.cinit)
                  000180f8    00000010     rts6400.lib : rand.obj (.cinit)
                  00018108    0000000c     bios.a64 : gbl_setL2CacheMode.o64 (.cinit)
                  00018114    00000004     --HOLE-- [fill = 0]
                  00018118    0000000c              : idl_busy.o64 (.cinit)
                  00018124    00000004     --HOLE-- [fill = 0]
                  00018128    0000000c              : knl_swit.o64 (.cinit)
                  00018134    00000004     --HOLE-- [fill = 0]
                  00018138    0000000c     rts6400.lib : errno.obj (.cinit)
                  00018144    00000004     --HOLE-- [fill = 0]
                  00018148    0000000c                 : fopen.obj (.cinit)
                  00018154    00000004     --HOLE-- [fill = 0]
                  00018158    00000004     (.pad.cinit) [fill = 0]

.args      0    0001815c    00000004     
                  0001815c    00000004     --HOLE-- [fill = 0]

.far       0    00018160    00000a64     UNINITIALIZED
                  00018160    00000324     rts6400.lib : defs.obj (.far)
                  00018484    00000004                 : errno.obj (.far)
                  00018488    00000120                 : pow.obj (.far)
                  000185a8    0000011c                 : lowlev.obj (.far)
                  000186c4    00000004                 : fopen.obj (.far)
                  000186c8    00000100     csl6416.lib : csl_irq.obj (.far)
                  000187c8    000000d8     bios.a64 : knl.o64 (.far)
                  000188a0    000000c8     aic23.obj (.far)
                  00018968    0000005c     bios.a64 : tsk.o64 (.far)
                  000189c4    00000004     --HOLE--
                  000189c8    00000054              : obj_init.o64 (.far)
                  00018a1c    00000004     --HOLE--
                  00018a20    00000054     csl6416.lib : csl_mcbsp.obj (.far)
                  00018a74    00000050     bios.a64 : tsk_stup.o64 (.far)
                  00018ac4    00000004     --HOLE--
                  00018ac8    00000040     hello.obj (.far)
                  00018b08    00000030     csl6416.lib : csl_timer.obj (.far)
                  00018b38    00000028                 : csl.obj (.far)
                  00018b60    00000020     bios.a64 : sys.o64 (.far)
                  00018b80    00000010              : knl_tick.o64 (.far)
                  00018b90    0000000c              : utl_putc.o64 (.far)
                  00018b9c    0000000c     rts6400.lib : exit.obj (.far)
                  00018ba8    00000008                 : _lock.obj (.far)
                  00018bb0    00000008                 : rand.obj (.far)
                  00018bb8    00000008                 : trgdrv.obj (.far)
                  00018bc0    00000004     generate.obj (.far)

.mem       0    00018bc4    00000004     UNINITIALIZED
                  00018bc4    00000004     hellocfg.obj (.mem)

.TSK_idle$stk 
*          0    00018bc8    00000400     UNINITIALIZED
                  00018bc8    00000400     hellocfg.obj (.TSK_idle$stk)

.log       0    00018fc8    00000030     
                  00018fc8    00000030     hellocfg.obj (.log)

.clk       0    00018ff8    00000008     UNINITIALIZED
                  00018ff8    00000008     hellocfg.obj (.clk)

.trace$buf 
*          0    00019000    00001000     UNINITIALIZED
                  00019000    00001000     hellocfg.obj (.trace$buf)

.LOG_system$buf 
*          0    0001a000    00000800     UNINITIALIZED
                  0001a000    00000800     hellocfg.obj (.LOG_system$buf)

.sysinit   0    0001a800    00000500     
                  0001a800    00000300     hellocfg.obj (.sysinit)
                  0001ab00    000000c0     bios.a64 : mem_init.o64 (.sysinit)
                  0001abc0    000000a0              : boot.o64 (.sysinit)
                  0001ac60    00000080              : tsk_init.o64 (.sysinit)
                  0001ace0    00000020              : obj_init.o64 (.sysinit)

.TSK_loopback$stk 
*          0    0001ad00    00000400     UNINITIALIZED
                  0001ad00    00000400     hellocfg.obj (.TSK_loopback$stk)

.TSK_mute$stk 
*          0    0001b100    00000400     UNINITIALIZED
                  0001b100    00000400     hellocfg.obj (.TSK_mute$stk)

.TSK_printstat$stk 
*          0    0001b500    00000400     UNINITIALIZED
                  0001b500    00000400     hellocfg.obj (.TSK_printstat$stk)

.TSK_process$stk 
*          0    0001b900    00000400     UNINITIALIZED
                  0001b900    00000400     hellocfg.obj (.TSK_process$stk)

.stack     0    0001bd00    00000400     UNINITIALIZED
                  0001bd00    00000400     --HOLE--

.bss       0    0001c100    00000358     UNINITIALIZED
                  0001c100    00000100     bios.a64 : hwi_disp_asm.o64 (.bss)
                  0001c200    000000cc              : biosdata.o64 (.bss)
                  0001c2cc    0000009c              : swi.o64 (.bss)
                  0001c368    00000048              : knl.o64 (.bss)
                  0001c3b0    00000028     hellocfg.obj (.bss)
                  0001c3d8    0000001c     aic23.obj (.bss)
                  0001c3f4    00000018     bios.a64 : hwi.o64 (.bss)
                  0001c40c    00000014     generate.obj (.bss)
                  0001c420    0000000c     bios.a64 : tsk.o64 (.bss)
                  0001c42c    0000000c     hello.obj (.bss)
                  0001c438    00000008     bios.a64 : clk_data.o64 (.bss)
                  0001c440    00000008              : sys.o64 (.bss)
                  0001c448    00000004              : clk_data2.o64 (.bss)
                  0001c44c    00000004              : gbl_setL2CacheMode.o64 (.bss)
                  0001c450    00000004              : idl_busy.o64 (.bss)
                  0001c454    00000004              : mem_asm.o64 (.bss)

.const     0    0001c458    000002c9     
                  0001c458    00000101     rts6400.lib : ctype.obj (.const:.string:__ctypes_)
                  0001c559    00000002                 : fputs.obj (.const:.string)
                  0001c55b    00000001     --HOLE-- [fill = 0]
                  0001c55c    0000008c     hello.obj (.const:.string)
                  0001c5e8    00000070     aic23.obj (.const)
                  0001c658    0000004e     bios.a64 : tsk_stup.o64 (.const)
                  0001c6a6    00000023     rts6400.lib : _printfi.obj (.const:.string)
                  0001c6c9    00000023     bios.a64 : utl_doab.o64 (.const)
                  0001c6ec    00000022              : utl_doer.o64 (.const)
                  0001c70e    00000002     --HOLE-- [fill = 0]
                  0001c710    00000008     rts6400.lib : divd.obj (.const:.string:_initial_approx$1)
                  0001c718    00000004     bios.a64 : mem_allo.o64 (.const)
                  0001c71c    00000004              : mem_free.o64 (.const)
                  0001c720    00000001              : tsk.o64 (.const)

.printf    0    0001c721    000000bd     COPY SECTION
                  0001c721    000000bd     hellocfg.obj (.printf)

.trace     0    0001c724    00000200     
                  0001c724    00000200     --HOLE-- [fill = 00000000]

.tsk       0    0001c924    000001e0     UNINITIALIZED
                  0001c924    000001e0     hellocfg.obj (.tsk)

.cio       0    0001cb08    00000120     UNINITIALIZED
                  0001cb08    00000120     rts6400.lib : trgmsg.obj (.cio)

.hst0      0    0001cc28    00000100     UNINITIALIZED
                  0001cc28    00000100     hellocfg.obj (.hst0)

.pip       0    0001cd28    000000c8     UNINITIALIZED
                  0001cd28    000000c8     hellocfg.obj (.pip)

.sts       0    0001cdf0    00000090     
                  0001cdf0    00000090     hellocfg.obj (.sts)

.gblinit   0    0001ce80    0000007c     
                  0001ce80    0000007c     hellocfg.obj (.gblinit)

.sem       0    0001cefc    00000058     UNINITIALIZED
                  0001cefc    00000058     hellocfg.obj (.sem)

.swi       0    0001cf54    0000002c     UNINITIALIZED
                  0001cf54    0000002c     hellocfg.obj (.swi)

.switch    0    0001cf80    00000020     
                  0001cf80    00000020     bios.a64 : gbl_setL2CacheMode.o64 (.switch)

.hst       0    0001cfa0    00000014     UNINITIALIZED
                  0001cfa0    00000014     hellocfg.obj (.hst)

.idl       0    0001cfb4    00000014     UNINITIALIZED
                  0001cfb4    00000014     hellocfg.obj (.idl)

.idlcal    0    0001cfc8    00000014     UNINITIALIZED
                  0001cfc8    00000014     hellocfg.obj (.idlcal)

.hst1      0    0001cfdc    00000010     UNINITIALIZED
                  0001cfdc    00000010     hellocfg.obj (.hst1)

.sys       0    0001cfec    00000010     UNINITIALIZED
                  0001cfec    00000010     hellocfg.obj (.sys)

.trcdata   0    0001cffc    0000000c     
                  0001cffc    0000000c     bios.a64 : trc.o64 (.trcdata)

.data      0    0001d008    00000008     
                  0001d008    00000008     lnknone.a64 : none.o64 (.data)


GLOBAL SYMBOLS: SORTED ALPHABETICALLY BY Name 

address    name
--------   ----
0001c100   $bss
0001c100   .bss
0001d008   .data
00000200   .text
0001a9d8   BIOS$$CLKOFF
0001a998   BIOS$$CLKON
0001a800   BIOS_init
0001aa40   BIOS_start
00000000   BUF$
00000001   BUF_ENABLED
0000a560   C$$EXIT
0000a1d8   C$$IO$$
00000001   CLK$
00018ff8   CLK_A_TABBEG
00000001   CLK_CALDIV
00000008   CLK_CALMULT
00015f90   CLK_COUNTSPMS
00000001   CLK_COUNTSPMSHIGH
0001c228   CLK_D_idletime
0001c224   CLK_D_isrhook
0001c220   CLK_D_tabbeg
0001c21c   CLK_D_timefxn
00015f40   CLK_F_getfhtime
00015f60   CLK_F_gethtime
00015440   CLK_F_getltime
00015f60   CLK_F_getshtime
00015454   CLK_F_isr
000155a4   CLK_F_itime
01940000   CLK_HIRESREGS
000134e0   CLK_HOOKFXN
00000001   CLK_HTIMEDIV
00000008   CLK_HTIMEMULT
00002328   CLK_HTIMEPERLTIME
00004000   CLK_INTBIT
00000001   CLK_LTIMEDIV
00011940   CLK_LTIMEMULT
00000064   CLK_MICROSECS
00002328   CLK_PRD
00000000   CLK_PRDHIGH
01940000   CLK_REGS
0001c218   CLK_R_time
00000020   CLK_TCR
00000000   CLK_TDDR
00000000   CLK_TDDRHIGH
00015f60   CLK_TIMEFXN
00000000   CLK_TIMERNUM
00000001   CLK_USETIMER
00018ffc   CLK_null
00000000   DEV$
00000000   DGN$
00000000   DHL$
00000000   DHL_gChannelsAvailable
00000000   DIO$
00000000   DIO_NUMSWIBASE
00000000   DIO_NUMTSKBASE
00000000   DIO_STATIC
00000000   DPI$
00016320   FXN_F_nop
00016328   FXN_F_run
00016378   FXN_F_zero
00000001   GBL$
00005205   GBL_A_VERSION
00000000   GBL_BIGENDIAN
00000000   GBL_C641XL2PRIORITY
00000000   GBL_CACHE
00000001   GBL_CALLCSLCFGINIT
00004e20   GBL_CLKIN
00001770   GBL_CLKTYPE
00001900   GBL_DSPSUBTYPE
0000003e   GBL_DSPTYPE
00000001   GBL_ENABLEINST
00000042   GBL_FOOTPRINT
000afc80   GBL_FREQ
00002226   GBL_L2ALLOC
00000000   GBL_L2CONFIGALLOC
00000001   GBL_L2CONFIGURE
00000000   GBL_L2MARMASK
00000000   GBL_L2MARMASK1
00000000   GBL_L2MARMASK2
00000000   GBL_L2MARMASK3
00000000   GBL_L2MARMASK4
00000000   GBL_L2MARMASK5
00000000   GBL_L2MODE
00000000   GBL_L2PRIORITY
00000000   GBL_NULL
00000000   GBL_PROCID
00000000   GBL_ROM
00000000   GBL_SUPPORTCSL
0000dbef   GBL_TRCMASKVALUE
00000000   GBL_USERINIT
00016980   GBL_USERINITFXN
00000001   GBL_boot
0001d004   GBL_initdone
0001bd00   GBL_stackbeg
0001c0ff   GBL_stackend
00000000   GIO$
00016980   GIO_CREATEFXN
00016980   GIO_DELETEFXN
00016980   GIO_PENDFXN
00016980   GIO_POSTFXN
00000000   HOOK$
00000000   HOOK_KNLID
00000001   HST$
0001cfa0   HST_A_TABBEG
0001cfb4   HST_A_TABEND
00000000   HST_DSM
0001c3bc   HST_DSMBUFSEG
00000400   HST_DSMMEMSIZE
0001c294   HST_D_chanmask
0001c298   HST_D_tabbeg
0001c29c   HST_D_tabend
000000ff   HST_MAXFRAMEALLOWED
00000040   HST_MAXFRAMESET
00000001   HST_NONE
00000000   HST_RTDX
00000001   HWI$
00000000   HWI_A_VECS
00005800   HWI_CFGDISPATCHED
0001c404   HWI_D_bss
0001c408   HWI_D_ccmask
0001c3f4   HWI_D_spsave
000134e0   HWI_F_dispatch
00000000   HWI_GENERATE_RESET_VEC
0000000a   HWI_INT10
00000000   HWI_INT10$hwi
0000000b   HWI_INT11
00000000   HWI_INT11$hwi
0000000c   HWI_INT12
00000000   HWI_INT12$hwi
0000000d   HWI_INT13
00000000   HWI_INT13$hwi
0000000e   HWI_INT14
00000000   HWI_INT14$hwi
0000000f   HWI_INT15
00000000   HWI_INT15$hwi
00000004   HWI_INT4
00000000   HWI_INT4$hwi
00000005   HWI_INT5
00000000   HWI_INT5$hwi
00000006   HWI_INT6
00000000   HWI_INT6$hwi
00000007   HWI_INT7
00000000   HWI_INT7$hwi
00000008   HWI_INT8
00000000   HWI_INT8$hwi
00000009   HWI_INT9
00000000   HWI_INT9$hwi
08204653   HWI_INTRMULTHIGH
310718a4   HWI_INTRMULTLOW
00000001   HWI_NMI
00000000   HWI_NMI$hwi
00000000   HWI_POLARITYMASK
00000002   HWI_RESERVED0
00000000   HWI_RESERVED0$hwi
00000003   HWI_RESERVED1
00000000   HWI_RESERVED1$hwi
00000000   HWI_RESET
00000000   HWI_RESET$hwi
00000001   HWI_ZEROTAB
00000001   IDL$
0001cfc8   IDL_A_CALBEG
0001cfb4   IDL_A_TABBEG
00000006   IDL_CALIBRERROR
00016840   IDL_CALIBRFXN
0001c450   IDL_D_busyObj
0001c208   IDL_D_calbeg
0001c204   IDL_D_calibrate
0001c200   IDL_D_tabbeg
0001cfc4   IDL_END
0001cfd8   IDL_END$
000163a0   IDL_F_busy
00016520   IDL_F_calibrate
000169c0   IDL_F_loop
00016840   IDL_F_stub
00000001   IDL_USECLKIDLTIME
0001ce54   IDL_busyObj
0001c7c3   IDL_busyObj$avgfmt
00000001   IDL_busyObj$filter
00000001   IDL_busyObj$iA
00000000   IDL_busyObj$iB
00000001   IDL_busyObj$iC
0001c7bd   IDL_busyObj$maxfmt
00000000   IDL_busyObj$operation
0001ce50   IDL_busyObj$stsobj
0001c7c0   IDL_busyObj$sumfmt
00000002   IDL_busyObj$unittype
0001cfb4   IDL_cpuLoad
0001cfc8   IDL_cpuLoad$
0001cfc0   IDL_live
0001cfd4   IDL_live$
0001c3bc   IRAM
0000a5c0   IRAM$B
00008000   IRAM$L
00000001   ISRC$
00015758   KNL_glue
0001cf54   KNL_swi
00000001   KNL_swi$dorta
00000000   KNL_swi$ord
00000000   KNL_swi$pri
0001cdf4   KNL_swi$sts
0001c731   KNL_swi$sts$avgfmt
00000002   KNL_swi$sts$filter
00000001   KNL_swi$sts$filtmaxmult
00000001   KNL_swi$sts$filtsummult
0001c721   KNL_swi$sts$maxfmt
0001cdf0   KNL_swi$sts$stsobj
0001c729   KNL_swi$sts$sumfmt
00000000   KNL_swi$sts$unittype
00000000   KNL_swi$swi
00000001   LCK$
00016a68   LNK_F_dataPump
00016a60   LNK_F_init
0001cfb8   LNK_dataPump
0001cfcc   LNK_dataPump$
0001d00c   LNK_dspFrameReadyMask
0001d008   LNK_dspFrameRequestMask
00000001   LOG$
00018fc8   LOG_A_TABBEG
00018ff8   LOG_A_TABEND
00000002   LOG_A_TABLEN
0001c20c   LOG_D_system
00000001   LOG_ENABLED
00016420   LOG_F_event
00018fc8   LOG_system
0001a000   LOG_system$buf
00000000   LOG_system$datatype
00000000   LOG_system$log
00000200   LOG_system$size
00000000   MBX$
00000001   MEM$
0001c3bc   MEM_MALLOCSEG
00000000   MEM_NULL
0001c3bc   MEM_SEGZERO
00000000   MEM_USEMPC
00000001   MEM_gNumHeap
00000000   MSGQ$
00000000   MSGQ_USEMSGQ
00000000   OBJ$
00000000   PIP$
0001cd28   PIP_A_TABBEG
0001cdf0   PIP_A_TABEND
00000002   PIP_A_TABLEN
0001c210   PIP_D_tabbeg
0001c214   PIP_D_tablen
00014ab4   PIP_F_give
00014ab4   PIP_F_probe
00014b88   PIP_F_start
00014a20   PIP_F_take
00000064   PIP_OBJSIZE
00000000   PIP_gNextId
00000002   PIP_gNumEmbed
00000000   POOL$
00000000   POOL_USEPOOL
00000001   PRD$
00000000   PRD_A_TABBEG
00000000   PRD_A_TABEND
00000000   PRD_A_TABLEN
0001c250   PRD_D_cur
0001c254   PRD_D_elapsed
0001c258   PRD_D_prevtim
0001c25c   PRD_D_scalar
0001c260   PRD_D_swihandle
0001c264   PRD_D_tabbeg
0001c268   PRD_D_tablen
0001c26c   PRD_D_thook
0001c24c   PRD_D_tick
00013940   PRD_F_swi
00013bf8   PRD_F_tick
00004000   PRD_SCALAR
00000000   PRD_SWIHANDLE
00015080   PRD_THOOKFXN
00018ff8   PRD_clock
00000001   QUE$
0001c270   RTA_D_fromHost
0001c278   RTA_D_logval
0001c288   RTA_D_stsval
0001c274   RTA_D_toHost
00016880   RTA_F_andn
00014138   RTA_F_dispatch
00014040   RTA_F_getlog
00014084   RTA_F_getsts
000168a0   RTA_F_or
000140cc   RTA_F_readblk
000140f8   RTA_F_resetmem
000140ec   RTA_F_writeword
0001cfbc   RTA_dispatcher
0001cfd0   RTA_dispatcher$
00014188   RTA_execute
0001cfa4   RTA_fromHost
0001cfdc   RTA_fromHost$buf
00000004   RTA_fromHost$framesize
00000000   RTA_fromHost$hst
00000001   RTA_fromHost$id
00000000   RTA_fromHost$mode
0001cd28   RTA_fromHost$pipe
0001cd58   RTA_fromHost$pipe$aaa
0001cd88   RTA_fromHost$pipe$bbb
0001c3c0   RTA_fromHost$pipe$dtab
0001cd2c   RTA_fromHost$pipe$rd
0001cd5c   RTA_fromHost$pipe$wr
0001cfac   RTA_toHost
0001cc28   RTA_toHost$buf
00000040   RTA_toHost$framesize
00000000   RTA_toHost$hst
00000000   RTA_toHost$id
00000001   RTA_toHost$mode
0001cd8c   RTA_toHost$pipe
0001cdbc   RTA_toHost$pipe$aaa
0001cdec   RTA_toHost$pipe$bbb
0001c3cc   RTA_toHost$pipe$dtab
0001cd90   RTA_toHost$pipe$rd
0001cdc0   RTA_toHost$pipe$wr
00000000   RTDX$
00000408   RTDX_BUFMEMSIZE
0001c3bc   RTDX_DATAMEMSEG
00000000   RTDX_MODE
00000000   RTDX_USERTDX
00000000   RTDX_USERTEXECUTION
ffffffff   SDRAM
00000001   SEM$
0001cf08   SEM_rcv
0001cf34   SEM_xmt
00000000   SIO$
00000001   STS$
0001cdf0   STS_A_TABBEG
0001ce80   STS_A_TABEND
000164d8   STS_F_add
000164a0   STS_F_delta
00016504   STS_F_reset
0001ce64   STS_left
0001c7ce   STS_left$avgfmt
00000001   STS_left$filter
00000001   STS_left$iA
00000000   STS_left$iB
00000001   STS_left$iC
0001c7c8   STS_left$maxfmt
00000001   STS_left$operation
0001ce60   STS_left$stsobj
0001c7cb   STS_left$sumfmt
00000000   STS_left$unittype
0001ce74   STS_right
0001c7d9   STS_right$avgfmt
00000001   STS_right$filter
00000001   STS_right$iA
00000000   STS_right$iB
00000001   STS_right$iC
0001c7d3   STS_right$maxfmt
00000001   STS_right$operation
0001ce70   STS_right$stsobj
0001c7d6   STS_right$sumfmt
00000000   STS_right$unittype
00000001   SWI$
0001cf54   SWI_A_TABBEG
0001cf80   SWI_A_TABEND
00000001   SWI_A_TABLEN
0001c2e4   SWI_D_curfxn
0001c2d4   SWI_D_curmask
0001c2e0   SWI_D_curmbox
0001c2d8   SWI_D_curset
0001c2d0   SWI_D_execaddr
0001c2ec   SWI_D_inswi
0001c2dc   SWI_D_lock
0001c2e8   SWI_D_rdybeg
0001c2f0   SWI_D_rdytab
0001c2cc   SWI_D_runaddr
00000000   SWI_EHOOKFXN
00012d88   SWI_EXECFXN
00012ba0   SWI_F_enable
00012d88   SWI_F_exec
00012db0   SWI_F_iexec
00012c10   SWI_F_post
00012e38   SWI_F_run
00000000   SWI_IHOOKFXN
00012e38   SWI_RUNFXN
00000001   SYS$
0001cfec   SYS$config
000168c0   SYS_ABORTFXN
00016a20   SYS_ERRORFXN
00016a40   SYS_EXITFXN
00016780   SYS_PUTCFXN
0001d000   TRC_R_mask
0001cffc   TRC_cinit
00000001   TSK$
00000000   TSK_NUM_HOOKS
00000001   TSK_PRIORITY
00000000   TSK_READYFXN
00000000   TSK_STACKSEG
00000400   TSK_STACKSIZE
00000000   TSK_SWITCHFXN
00016980   TSK_VCREATEFXN
00016980   TSK_VDELETEFXN
00016980   TSK_VEXITFXN
0001c930   TSK_idle
00000001   TSK_idle$ord
00000000   TSK_idle$pri
00018bc8   TSK_idle$stack
00018f60   TSK_idle$stkptr
0001ce04   TSK_idle$sts
0001c74b   TSK_idle$sts$avgfmt
00000002   TSK_idle$sts$filter
00000001   TSK_idle$sts$filtmaxmult
00000001   TSK_idle$sts$filtsummult
0001c73b   TSK_idle$sts$maxfmt
0001ce00   TSK_idle$sts$stsobj
0001c743   TSK_idle$sts$sumfmt
00000000   TSK_idle$sts$unittype
00000000   TSK_idle$tsk
0001c9f0   TSK_loopback
00000003   TSK_loopback$ord
00000001   TSK_loopback$pri
0001ad00   TSK_loopback$stack
0001b098   TSK_loopback$stkptr
0001ce24   TSK_loopback$sts
0001c77f   TSK_loopback$sts$avgfmt
00000002   TSK_loopback$sts$filter
00000001   TSK_loopback$sts$filtmaxmult
00000001   TSK_loopback$sts$filtsummult
0001c76f   TSK_loopback$sts$maxfmt
0001ce20   TSK_loopback$sts$stsobj
0001c777   TSK_loopback$sts$sumfmt
00000000   TSK_loopback$sts$unittype
00000000   TSK_loopback$tsk
0001c990   TSK_mute
00000002   TSK_mute$ord
00000001   TSK_mute$pri
0001b100   TSK_mute$stack
0001b498   TSK_mute$stkptr
0001ce14   TSK_mute$sts
0001c765   TSK_mute$sts$avgfmt
00000002   TSK_mute$sts$filter
00000001   TSK_mute$sts$filtmaxmult
00000001   TSK_mute$sts$filtsummult
0001c755   TSK_mute$sts$maxfmt
0001ce10   TSK_mute$sts$stsobj
0001c75d   TSK_mute$sts$sumfmt
00000000   TSK_mute$sts$unittype
00000000   TSK_mute$tsk
0001cab0   TSK_printstat
00000006   TSK_printstat$ord
00000001   TSK_printstat$pri
0001b500   TSK_printstat$stack
0001b898   TSK_printstat$stkptr
0001ce44   TSK_printstat$sts
0001c7b3   TSK_printstat$sts$avgfmt
00000002   TSK_printstat$sts$filter
00000001   TSK_printstat$sts$filtmaxmult
00000001   TSK_printstat$sts$filtsummult
0001c7a3   TSK_printstat$sts$maxfmt
0001ce40   TSK_printstat$sts$stsobj
0001c7ab   TSK_printstat$sts$sumfmt
00000000   TSK_printstat$sts$unittype
00000000   TSK_printstat$tsk
0001ca50   TSK_process
00000004   TSK_process$ord
00000002   TSK_process$pri
0001b900   TSK_process$stack
0001bc98   TSK_process$stkptr
0001ce34   TSK_process$sts
0001c799   TSK_process$sts$avgfmt
00000002   TSK_process$sts$filter
00000001   TSK_process$sts$filtmaxmult
00000001   TSK_process$sts$filtsummult
0001c789   TSK_process$sts$maxfmt
0001ce30   TSK_process$sts$stsobj
0001c791   TSK_process$sts$sumfmt
00000000   TSK_process$sts$unittype
00000000   TSK_process$tsk
00000000   UDEV$
00001614   _AIC23_CloseCodec
00001478   _AIC23_Config
0001c3d8   _AIC23_ControlHnd
0001c3dc   _AIC23_DataHnd
00000f48   _AIC23_Loopback
00000fa4   _AIC23_Mute
00001664   _AIC23_OpenCodec
00001000   _AIC23_OutGain
00001084   _AIC23_PowerDown
00001230   _AIC23_Read
000010cc   _AIC23_SetFreq
000013a0   _AIC23_Write
0000158c   _AIC23_initIrq
00001190   _AIC23_rcvIsr
00001504   _AIC23_termIrq
000012fc   _AIC23_xmtIsr
0001a800   _BIOS_init
0001aa40   _BIOS_start
00015f90   _CLK_COUNTSPMS
0001c438   _CLK_DFLTMICROSECS
0001c248   _CLK_D_countspms
0001c23c   _CLK_D_dirty
0001c43c   _CLK_D_microseconds
0001c240   _CLK_D_prd
0001c244   _CLK_D_tddr
000155a4   _CLK_F_itime
00002328   _CLK_PRD
01940000   _CLK_REGS
00000000   _CLK_TDDR
00000000   _CLK_TIMERNUM
00000001   _CLK_USETIMER
00016900   _CLK_gethtime
0001c22c   _CLK_htimeDiv
0001c230   _CLK_htimeMult
0001c448   _CLK_htimePerLtime
000155a4   _CLK_itime
0001c234   _CLK_ltimeDiv
0001c238   _CLK_ltimeMult
00015da0   _CLK_measure
000167e0   _CLK_start
00016940   _CLK_stop
0000a320   _CSL6416_LIB_
00002da4   _DSK6416_DIP_init
00002da8   _DSK6416_LED_init
00002d9c   _DSK6416_getVersion
00002d98   _DSK6416_init
00016980   _FXN_F_nop
00016328   _FXN_F_run
00016378   _FXN_F_zero
00000000   _GBL_CACHE
0001c2a4   _GBL_clkIn
00013080   _GBL_cslCacheInit64
0001c2a8   _GBL_freq
000169a0   _GBL_getVersion
0001c2a0   _GBL_procId
00008fe0   _HOSTclose
00007540   _HOSTlseek
00007d20   _HOSTopen
00007e20   _HOSTread
00006000   _HOSTrename
00008720   _HOSTunlink
00007f20   _HOSTwrite
0001cfa0   _HST_A_TABBEG
0001cfb4   _HST_A_TABEND
00005800   _HWI_CFGDISPATCHED
0001c400   _HWI_D_inhwi
0001c3f4   _HWI_D_spsave
000134e0   _HWI_F_dispatch
0000000a   _HWI_INT10
0000000b   _HWI_INT11
0000000c   _HWI_INT12
0000000d   _HWI_INT13
0000000e   _HWI_INT14
0000000f   _HWI_INT15
00000004   _HWI_INT4
00000005   _HWI_INT5
00000006   _HWI_INT6
00000007   _HWI_INT7
00000008   _HWI_INT8
00000009   _HWI_INT9
00000001   _HWI_NMI
00000002   _HWI_RESERVED0
00000003   _HWI_RESERVED1
00000000   _HWI_RESET
0001c0f8   _HWI_STKBOTTOM
0001bd00   _HWI_STKTOP
0001c3f4   _HWI_data
00016600   _HWI_disable
0001c100   _HWI_dispatchTab
00016618   _HWI_enable
0001662c   _HWI_restore
0001ce54   _IDL_busyObj
0001cfb4   _IDL_cpuLoad
0001cfc0   _IDL_live
000169c0   _IDL_loop
0001c3bc   _IRAM
0000a5c0   _IRAM_base
00008000   _IRAM_length
0000a340   _IRQ_clear
0000a1e0   _IRQ_disable
0000a360   _IRQ_enable
0000a380   _IRQ_globalDisable
0000a3a0   _IRQ_globalEnable
0000a3c0   _IRQ_globalRestore
0000a3e0   _IRQ_set
0001c370   _KNL_alarm
00015ba0   _KNL_check
0001c394   _KNL_curqueue
0001c384   _KNL_curtask
0001c38c   _KNL_curtime
00018868   _KNL_dummy
00015ec0   _KNL_enter
00015e80   _KNL_exit
00015c6c   _KNL_idle
0001c3ac   _KNL_idlefxn
0001c378   _KNL_inactive
00016000   _KNL_ipost
00015c90   _KNL_max
0001c398   _KNL_maxqueue
000160a0   _KNL_post
0001c388   _KNL_prevtask
0001c37c   _KNL_priority
000187c8   _KNL_queues
00014300   _KNL_run
00015600   _KNL_saveIsrFrame
0001c380   _KNL_set
0001c374   _KNL_setpri
0001cf54   _KNL_swi
0001c390   _KNL_swiptr
000156b0   _KNL_switch
0001c3a0   _KNL_tcreatefxn
0001c3a4   _KNL_tdeletefxn
00015080   _KNL_tick
0001c3a8   _KNL_treadyfxn
0001c39c   _KNL_tswitchfxn
0001c368   _KNL_wFlag
0001c36c   _KNL_wList
0001616c   _LCK_pend
00016140   _LCK_post
0001cfb8   _LNK_dataPump
00018fc8   _LOG_A_TABBEG
00018ff8   _LOG_A_TABEND
00000002   _LOG_A_TABLEN
0001c20c   _LOG_D_system
00016420   _LOG_event
000169e0   _LOG_printf
00018fc8   _LOG_system
00009820   _MCBSP_close
000090a0   _MCBSP_config
00008800   _MCBSP_open
0000a400   _MCBSP_read
00006400   _MCBSP_reset
0000a420   _MCBSP_rrdy
000088e0   _MCBSP_start
0000a440   _MCBSP_write
0000a460   _MCBSP_xrdy
0001c454   _MEM
0001c2ac   _MEM_D_NUMSEGMENTS
0001c2b4   _MEM_D_freelist
0001c2b8   _MEM_D_lockaddr
0001c2b0   _MEM_D_memtab
0001c2bc   _MEM_D_unlockaddr
00014c60   _MEM_alloc
000147e0   _MEM_free
0001ab00   _MEM_init
0001c3b0   _MEM_memtab
0001ace0   _OBJ_init
00018a00   _OBJ_segtab
000189c8   _OBJ_table
0001cd28   _PIP_A_TABBEG
0001cdf0   _PIP_A_TABEND
0001c24c   _PRD_D_tick
00018ff8   _PRD_clock
0001cfbc   _RTA_dispatcher
0001cfa4   _RTA_fromHost
0001cfac   _RTA_toHost
ffffffff   _SDRAM
0001c3bc   _SEG0
000166c0   _SEM_pend
00016660   _SEM_pendBinary
00014580   _SEM_pendEnterKnl
00015cc0   _SEM_post
00015cc0   _SEM_postBinary
000161e0   _SEM_postEnterKnl
0001cf08   _SEM_rcv
0001cf34   _SEM_xmt
0001cdf0   _STS_A_TABBEG
0001ce80   _STS_A_TABEND
000164d8   _STS_add
000164a0   _STS_delta
0001ce64   _STS_left
00016504   _STS_reset
0001ce74   _STS_right
00016a00   _STS_set
0001c2e4   _SWI_D_curfxn
0001c2d4   _SWI_D_curmask
0001c2d8   _SWI_D_curset
0001c2d0   _SWI_D_execaddr
0001c2ec   _SWI_D_inswi
0001c2dc   _SWI_D_lock
0001c2e8   _SWI_D_rdybeg
0001c2cc   _SWI_D_runaddr
0001c2cc   _SWI_data
00012c10   _SWI_post
0001c2c0   _SYS
0001c724   _SYS_PUTCBEG
0001c923   _SYS_PUTCEND
00016720   _SYS_abort
000165a0   _SYS_error
00016280   _SYS_exit
00018b60   _SYS_exitStack
0001c440   _SYS_exitStackPtr
0001c444   _SYS_exitStackTop
00007660   _TIMER_open
00007780   _TIMER_reset
0001d000   _TRC_R_mask
0001c428   _TSK
00018968   _TSK_ATTRS
00018984   _TSK_config
00015900   _TSK_exit
0001c930   _TSK_idle
0001ac60   _TSK_init
0001c9f0   _TSK_loopback
0001c990   _TSK_mute
0001c420   _TSK_nTasks
0001c424   _TSK_pid
0001cab0   _TSK_printstat
0001ca50   _TSK_process
00015280   _TSK_setup
00015b08   _TSK_startup
000189a4   _TSK_timerSem
000168c0   _UTL_doAbort
00016a20   _UTL_doError
00016780   _UTL_doPutc
00016a40   _UTL_halt
0001cb08   __CIOBUF_
000155c0   __CLK_lat1beg
000155ec   __CLK_lat1end
00016904   __CLK_lat2beg
0001693c   __CLK_lat2end
000065e0   __CSL_init
00012a54   __GBL_setL2CacheMode
0001c2c8   __HOOK_NUMHOOKS
0001c2c4   __HOOK_knlId
000134e0   __HWI_lat1beg
0001364c   __HWI_lat1end
0001364c   __HWI_lat2beg
000137f8   __HWI_lat2end1
00013784   __HWI_lat2end2
00013810   __HWI_lat3beg
00013920   __HWI_lat3end1
000137b4   __HWI_lat3end2
000163a0   __IDL_lat1beg
000163f0   __IDL_lat1end
000187c0   __IRQ_dispatchTable
000186f8   __IRQ_eventTable
0000a5a0   __IRQ_hookFetchPacket
00009c80   __IRQ_init
00018780   __IRQ_intTable
00015bec   __KNL_lat1beg
00015c6c   __KNL_lat1end
00016420   __LOG_lat1beg
00018a68   __MCBSP_hDev0
00018a6c   __MCBSP_hDev1
00018a70   __MCBSP_hDev2
00018a9c   __MEM_mutex
000140f8   __RTA_lat1beg
00014130   __RTA_lat1end
000150a0   __SEM_dopost
0001c100   __STACK_END
00000400   __STACK_SIZE
00012d1c   __SWI_lat1beg
00012dc8   __SWI_lat1end
00012dcc   __SWI_lat2beg
00012e34   __SWI_lat2end
00012ba0   __SWI_lat3beg
00012c0c   __SWI_lat3end
00018b08   __TIMER_deviceTable
00018b34   __TIMER_hBios
00018b2c   __TIMER_hDev0
00018b30   __TIMER_hDev1
00018a74   __TSK_mutex
00018ba4   ___TI_enable_exit_profile_output
ffffffff   ___TI_pprof_out_hndl
ffffffff   ___TI_prof_data_size
ffffffff   ___TI_prof_data_start
ffffffff   ___binit__
0001c100   ___bss__
ffffffff   ___c_args__
00016a80   ___cinit__
0001d008   ___data__
0001d010   ___edata__
0001c458   ___end__
0000a5c0   ___etext__
0000a220   ___isinf
ffffffff   ___pinit__
00000200   ___text__
00005700   __addd
000157a0   __auto_init
00008020   __c6xabi_divi
00009220   __c6xabi_divu
00009460   __c6xabi_remi
00008220   __c6xabi_strasgi
00009160   __cleanup
00018b9c   __cleanup_ptr
00007400   __closefile
000089c0   __cmpd
0001c458   __ctypes_
00001e00   __divd
00008020   __divi
000098c0   __divli
00009220   __divu
000069a0   __divul
00004800   __divull
00008b80   __doflush
00018ba0   __dtors_ptr
00009960   __fixdi
00009a00   __fixdli
0000a000   __fltid
00009d00   __fltlid
00004fe0   __frcaddd
000078a0   __frcmpyd
00008120   __frcmpyd_div
00018480   __ft_end
00018160   __ftable
00009d80   __llshl
0000a060   __llshru
00018ba8   __lock
00004d60   __mpyd
00009e00   __mpyll
0000a2a0   __negd
0000a480   __negll
0000a4a0   __nop
00007140   __nround
000028a0   __printfi
0000a500   __register_lock
0000a520   __register_unlock
00009460   __remi
0000a0c0   __remli
00009aa0   __renormd
0001bd00   __stack
00008220   __strasgi
0000a120   __subcull
0000a2e0   __subd
00018340   __tmpnams
0000a540   __trunc
00018bac   __unlock
000079c0   __wrt_ok
0001c40c   _a
0000a560   _abort
0001c414   _accu
00007ae0   _atoi
0001c410   _b
0001abc0   _c_int00
00013fb0   _calloc
00008320   _close
00018ad0   _dip
00018484   _errno
00009520   _exit
00008420   _fflush
000054a0   _fputc
00003220   _fputs
00013ce0   _free
000067c0   _frexp
00006ce0   _fseek
00007c00   _getRandomNumber
0001c3f0   _gie
000030cc   _idlLive
00005b80   _ldexp
00018ac8   _led
000095e0   _lseek
00008520   _ltoa
00003120   _main
00013d0c   _malloc
00013e84   _memalign
00009e80   _memccpy
00008d40   _memcpy
00008620   _memset
00008e20   _modf
00000200   _pow
00008f00   _printf
000054a0   _putc
00009be0   _rand
000188e8   _rcvBuffer
0001c3e0   _rcvRead
0001c3e4   _rcvWrite
00009f00   _readmsg
00013d80   _realloc
0000a580   _remove
00005dc0   _setvbuf
00018fe0   _trace
00002f80   _tskCheck
00002dac   _tskProcess
00002ee0   _tskStat
00009f80   _unlink
000096a0   _write
0000a180   _writemsg
00018928   _xmtBuffer
0001c3e8   _xmtRead
0001c3ec   _xmtWrite
ffffffff   binit
00016a80   cinit
0001d010   edata
0001c458   end
0000a5c0   etext
00000000   hwi0
00000020   hwi1
00000140   hwi10
00000160   hwi11
00000180   hwi12
000001a0   hwi13
000001c0   hwi14
000001e0   hwi15
00000040   hwi2
00000060   hwi3
00000080   hwi4
000000a0   hwi5
000000c0   hwi6
000000e0   hwi7
00000100   hwi8
00000120   hwi9
ffffffff   pinit
00018fe0   trace
00019000   trace$buf
00000001   trace$datatype
00000000   trace$log
00000400   trace$size


GLOBAL SYMBOLS: SORTED BY Symbol Address 

address    name
--------   ----
00000000   BUF$
00000000   CLK_PRDHIGH
00000000   CLK_TDDR
00000000   CLK_TDDRHIGH
00000000   CLK_TIMERNUM
00000000   DEV$
00000000   DGN$
00000000   DHL$
00000000   DHL_gChannelsAvailable
00000000   DIO$
00000000   DIO_NUMSWIBASE
00000000   DIO_NUMTSKBASE
00000000   DIO_STATIC
00000000   DPI$
00000000   GBL_BIGENDIAN
00000000   GBL_C641XL2PRIORITY
00000000   GBL_CACHE
00000000   GBL_L2CONFIGALLOC
00000000   GBL_L2MARMASK
00000000   GBL_L2MARMASK1
00000000   GBL_L2MARMASK2
00000000   GBL_L2MARMASK3
00000000   GBL_L2MARMASK4
00000000   GBL_L2MARMASK5
00000000   GBL_L2MODE
00000000   GBL_L2PRIORITY
00000000   GBL_NULL
00000000   GBL_PROCID
00000000   GBL_ROM
00000000   GBL_SUPPORTCSL
00000000   GBL_USERINIT
00000000   GIO$
00000000   HOOK$
00000000   HOOK_KNLID
00000000   HST_DSM
00000000   HST_RTDX
00000000   HWI_A_VECS
00000000   HWI_GENERATE_RESET_VEC
00000000   HWI_INT10$hwi
00000000   HWI_INT11$hwi
00000000   HWI_INT12$hwi
00000000   HWI_INT13$hwi
00000000   HWI_INT14$hwi
00000000   HWI_INT15$hwi
00000000   HWI_INT4$hwi
00000000   HWI_INT5$hwi
00000000   HWI_INT6$hwi
00000000   HWI_INT7$hwi
00000000   HWI_INT8$hwi
00000000   HWI_INT9$hwi
00000000   HWI_NMI$hwi
00000000   HWI_POLARITYMASK
00000000   HWI_RESERVED0$hwi
00000000   HWI_RESERVED1$hwi
00000000   HWI_RESET
00000000   HWI_RESET$hwi
00000000   IDL_busyObj$iB
00000000   IDL_busyObj$operation
00000000   KNL_swi$ord
00000000   KNL_swi$pri
00000000   KNL_swi$sts$unittype
00000000   KNL_swi$swi
00000000   LOG_system$datatype
00000000   LOG_system$log
00000000   MBX$
00000000   MEM_NULL
00000000   MEM_USEMPC
00000000   MSGQ$
00000000   MSGQ_USEMSGQ
00000000   OBJ$
00000000   PIP$
00000000   PIP_gNextId
00000000   POOL$
00000000   POOL_USEPOOL
00000000   PRD_A_TABBEG
00000000   PRD_A_TABEND
00000000   PRD_A_TABLEN
00000000   PRD_SWIHANDLE
00000000   RTA_fromHost$hst
00000000   RTA_fromHost$mode
00000000   RTA_toHost$hst
00000000   RTA_toHost$id
00000000   RTDX$
00000000   RTDX_MODE
00000000   RTDX_USERTDX
00000000   RTDX_USERTEXECUTION
00000000   SIO$
00000000   STS_left$iB
00000000   STS_left$unittype
00000000   STS_right$iB
00000000   STS_right$unittype
00000000   SWI_EHOOKFXN
00000000   SWI_IHOOKFXN
00000000   TSK_NUM_HOOKS
00000000   TSK_READYFXN
00000000   TSK_STACKSEG
00000000   TSK_SWITCHFXN
00000000   TSK_idle$pri
00000000   TSK_idle$sts$unittype
00000000   TSK_idle$tsk
00000000   TSK_loopback$sts$unittype
00000000   TSK_loopback$tsk
00000000   TSK_mute$sts$unittype
00000000   TSK_mute$tsk
00000000   TSK_printstat$sts$unittype
00000000   TSK_printstat$tsk
00000000   TSK_process$sts$unittype
00000000   TSK_process$tsk
00000000   UDEV$
00000000   _CLK_TDDR
00000000   _CLK_TIMERNUM
00000000   _GBL_CACHE
00000000   _HWI_RESET
00000000   hwi0
00000000   trace$log
00000001   BUF_ENABLED
00000001   CLK$
00000001   CLK_CALDIV
00000001   CLK_COUNTSPMSHIGH
00000001   CLK_HTIMEDIV
00000001   CLK_LTIMEDIV
00000001   CLK_USETIMER
00000001   GBL$
00000001   GBL_CALLCSLCFGINIT
00000001   GBL_ENABLEINST
00000001   GBL_L2CONFIGURE
00000001   GBL_boot
00000001   HST$
00000001   HST_NONE
00000001   HWI$
00000001   HWI_NMI
00000001   HWI_ZEROTAB
00000001   IDL$
00000001   IDL_USECLKIDLTIME
00000001   IDL_busyObj$filter
00000001   IDL_busyObj$iA
00000001   IDL_busyObj$iC
00000001   ISRC$
00000001   KNL_swi$dorta
00000001   KNL_swi$sts$filtmaxmult
00000001   KNL_swi$sts$filtsummult
00000001   LCK$
00000001   LOG$
00000001   LOG_ENABLED
00000001   MEM$
00000001   MEM_gNumHeap
00000001   PRD$
00000001   QUE$
00000001   RTA_fromHost$id
00000001   RTA_toHost$mode
00000001   SEM$
00000001   STS$
00000001   STS_left$filter
00000001   STS_left$iA
00000001   STS_left$iC
00000001   STS_left$operation
00000001   STS_right$filter
00000001   STS_right$iA
00000001   STS_right$iC
00000001   STS_right$operation
00000001   SWI$
00000001   SWI_A_TABLEN
00000001   SYS$
00000001   TSK$
00000001   TSK_PRIORITY
00000001   TSK_idle$ord
00000001   TSK_idle$sts$filtmaxmult
00000001   TSK_idle$sts$filtsummult
00000001   TSK_loopback$pri
00000001   TSK_loopback$sts$filtmaxmult
00000001   TSK_loopback$sts$filtsummult
00000001   TSK_mute$pri
00000001   TSK_mute$sts$filtmaxmult
00000001   TSK_mute$sts$filtsummult
00000001   TSK_printstat$pri
00000001   TSK_printstat$sts$filtmaxmult
00000001   TSK_printstat$sts$filtsummult
00000001   TSK_process$sts$filtmaxmult
00000001   TSK_process$sts$filtsummult
00000001   _CLK_USETIMER
00000001   _HWI_NMI
00000001   trace$datatype
00000002   HWI_RESERVED0
00000002   IDL_busyObj$unittype
00000002   KNL_swi$sts$filter
00000002   LOG_A_TABLEN
00000002   PIP_A_TABLEN
00000002   PIP_gNumEmbed
00000002   TSK_idle$sts$filter
00000002   TSK_loopback$sts$filter
00000002   TSK_mute$ord
00000002   TSK_mute$sts$filter
00000002   TSK_printstat$sts$filter
00000002   TSK_process$pri
00000002   TSK_process$sts$filter
00000002   _HWI_RESERVED0
00000002   _LOG_A_TABLEN
00000003   HWI_RESERVED1
00000003   TSK_loopback$ord
00000003   _HWI_RESERVED1
00000004   HWI_INT4
00000004   RTA_fromHost$framesize
00000004   TSK_process$ord
00000004   _HWI_INT4
00000005   HWI_INT5
00000005   _HWI_INT5
00000006   HWI_INT6
00000006   IDL_CALIBRERROR
00000006   TSK_printstat$ord
00000006   _HWI_INT6
00000007   HWI_INT7
00000007   _HWI_INT7
00000008   CLK_CALMULT
00000008   CLK_HTIMEMULT
00000008   HWI_INT8
00000008   _HWI_INT8
00000009   HWI_INT9
00000009   _HWI_INT9
0000000a   HWI_INT10
0000000a   _HWI_INT10
0000000b   HWI_INT11
0000000b   _HWI_INT11
0000000c   HWI_INT12
0000000c   _HWI_INT12
0000000d   HWI_INT13
0000000d   _HWI_INT13
0000000e   HWI_INT14
0000000e   _HWI_INT14
0000000f   HWI_INT15
0000000f   _HWI_INT15
00000020   CLK_TCR
00000020   hwi1
0000003e   GBL_DSPTYPE
00000040   HST_MAXFRAMESET
00000040   RTA_toHost$framesize
00000040   hwi2
00000042   GBL_FOOTPRINT
00000060   hwi3
00000064   CLK_MICROSECS
00000064   PIP_OBJSIZE
00000080   hwi4
000000a0   hwi5
000000c0   hwi6
000000e0   hwi7
000000ff   HST_MAXFRAMEALLOWED
00000100   hwi8
00000120   hwi9
00000140   hwi10
00000160   hwi11
00000180   hwi12
000001a0   hwi13
000001c0   hwi14
000001e0   hwi15
00000200   .text
00000200   LOG_system$size
00000200   ___text__
00000200   _pow
00000400   HST_DSMMEMSIZE
00000400   TSK_STACKSIZE
00000400   __STACK_SIZE
00000400   trace$size
00000408   RTDX_BUFMEMSIZE
00000f48   _AIC23_Loopback
00000fa4   _AIC23_Mute
00001000   _AIC23_OutGain
00001084   _AIC23_PowerDown
000010cc   _AIC23_SetFreq
00001190   _AIC23_rcvIsr
00001230   _AIC23_Read
000012fc   _AIC23_xmtIsr
000013a0   _AIC23_Write
00001478   _AIC23_Config
00001504   _AIC23_termIrq
0000158c   _AIC23_initIrq
00001614   _AIC23_CloseCodec
00001664   _AIC23_OpenCodec
00001770   GBL_CLKTYPE
00001900   GBL_DSPSUBTYPE
00001e00   __divd
00002226   GBL_L2ALLOC
00002328   CLK_HTIMEPERLTIME
00002328   CLK_PRD
00002328   _CLK_PRD
000028a0   __printfi
00002d98   _DSK6416_init
00002d9c   _DSK6416_getVersion
00002da4   _DSK6416_DIP_init
00002da8   _DSK6416_LED_init
00002dac   _tskProcess
00002ee0   _tskStat
00002f80   _tskCheck
000030cc   _idlLive
00003120   _main
00003220   _fputs
00004000   CLK_INTBIT
00004000   PRD_SCALAR
00004800   __divull
00004d60   __mpyd
00004e20   GBL_CLKIN
00004fe0   __frcaddd
00005205   GBL_A_VERSION
000054a0   _fputc
000054a0   _putc
00005700   __addd
00005800   HWI_CFGDISPATCHED
00005800   _HWI_CFGDISPATCHED
00005b80   _ldexp
00005dc0   _setvbuf
00006000   _HOSTrename
00006400   _MCBSP_reset
000065e0   __CSL_init
000067c0   _frexp
000069a0   __divul
00006ce0   _fseek
00007140   __nround
00007400   __closefile
00007540   _HOSTlseek
00007660   _TIMER_open
00007780   _TIMER_reset
000078a0   __frcmpyd
000079c0   __wrt_ok
00007ae0   _atoi
00007c00   _getRandomNumber
00007d20   _HOSTopen
00007e20   _HOSTread
00007f20   _HOSTwrite
00008000   IRAM$L
00008000   _IRAM_length
00008020   __c6xabi_divi
00008020   __divi
00008120   __frcmpyd_div
00008220   __c6xabi_strasgi
00008220   __strasgi
00008320   _close
00008420   _fflush
00008520   _ltoa
00008620   _memset
00008720   _HOSTunlink
00008800   _MCBSP_open
000088e0   _MCBSP_start
000089c0   __cmpd
00008b80   __doflush
00008d40   _memcpy
00008e20   _modf
00008f00   _printf
00008fe0   _HOSTclose
000090a0   _MCBSP_config
00009160   __cleanup
00009220   __c6xabi_divu
00009220   __divu
00009460   __c6xabi_remi
00009460   __remi
00009520   _exit
000095e0   _lseek
000096a0   _write
00009820   _MCBSP_close
000098c0   __divli
00009960   __fixdi
00009a00   __fixdli
00009aa0   __renormd
00009be0   _rand
00009c80   __IRQ_init
00009d00   __fltlid
00009d80   __llshl
00009e00   __mpyll
00009e80   _memccpy
00009f00   _readmsg
00009f80   _unlink
0000a000   __fltid
0000a060   __llshru
0000a0c0   __remli
0000a120   __subcull
0000a180   _writemsg
0000a1d8   C$$IO$$
0000a1e0   _IRQ_disable
0000a220   ___isinf
0000a2a0   __negd
0000a2e0   __subd
0000a320   _CSL6416_LIB_
0000a340   _IRQ_clear
0000a360   _IRQ_enable
0000a380   _IRQ_globalDisable
0000a3a0   _IRQ_globalEnable
0000a3c0   _IRQ_globalRestore
0000a3e0   _IRQ_set
0000a400   _MCBSP_read
0000a420   _MCBSP_rrdy
0000a440   _MCBSP_write
0000a460   _MCBSP_xrdy
0000a480   __negll
0000a4a0   __nop
0000a500   __register_lock
0000a520   __register_unlock
0000a540   __trunc
0000a560   C$$EXIT
0000a560   _abort
0000a580   _remove
0000a5a0   __IRQ_hookFetchPacket
0000a5c0   IRAM$B
0000a5c0   _IRAM_base
0000a5c0   ___etext__
0000a5c0   etext
0000dbef   GBL_TRCMASKVALUE
00011940   CLK_LTIMEMULT
00012a54   __GBL_setL2CacheMode
00012ba0   SWI_F_enable
00012ba0   __SWI_lat3beg
00012c0c   __SWI_lat3end
00012c10   SWI_F_post
00012c10   _SWI_post
00012d1c   __SWI_lat1beg
00012d88   SWI_EXECFXN
00012d88   SWI_F_exec
00012db0   SWI_F_iexec
00012dc8   __SWI_lat1end
00012dcc   __SWI_lat2beg
00012e34   __SWI_lat2end
00012e38   SWI_F_run
00012e38   SWI_RUNFXN
00013080   _GBL_cslCacheInit64
000134e0   CLK_HOOKFXN
000134e0   HWI_F_dispatch
000134e0   _HWI_F_dispatch
000134e0   __HWI_lat1beg
0001364c   __HWI_lat1end
0001364c   __HWI_lat2beg
00013784   __HWI_lat2end2
000137b4   __HWI_lat3end2
000137f8   __HWI_lat2end1
00013810   __HWI_lat3beg
00013920   __HWI_lat3end1
00013940   PRD_F_swi
00013bf8   PRD_F_tick
00013ce0   _free
00013d0c   _malloc
00013d80   _realloc
00013e84   _memalign
00013fb0   _calloc
00014040   RTA_F_getlog
00014084   RTA_F_getsts
000140cc   RTA_F_readblk
000140ec   RTA_F_writeword
000140f8   RTA_F_resetmem
000140f8   __RTA_lat1beg
00014130   __RTA_lat1end
00014138   RTA_F_dispatch
00014188   RTA_execute
00014300   _KNL_run
00014580   _SEM_pendEnterKnl
000147e0   _MEM_free
00014a20   PIP_F_take
00014ab4   PIP_F_give
00014ab4   PIP_F_probe
00014b88   PIP_F_start
00014c60   _MEM_alloc
00015080   PRD_THOOKFXN
00015080   _KNL_tick
000150a0   __SEM_dopost
00015280   _TSK_setup
00015440   CLK_F_getltime
00015454   CLK_F_isr
000155a4   CLK_F_itime
000155a4   _CLK_F_itime
000155a4   _CLK_itime
000155c0   __CLK_lat1beg
000155ec   __CLK_lat1end
00015600   _KNL_saveIsrFrame
000156b0   _KNL_switch
00015758   KNL_glue
000157a0   __auto_init
00015900   _TSK_exit
00015b08   _TSK_startup
00015ba0   _KNL_check
00015bec   __KNL_lat1beg
00015c6c   _KNL_idle
00015c6c   __KNL_lat1end
00015c90   _KNL_max
00015cc0   _SEM_post
00015cc0   _SEM_postBinary
00015da0   _CLK_measure
00015e80   _KNL_exit
00015ec0   _KNL_enter
00015f40   CLK_F_getfhtime
00015f60   CLK_F_gethtime
00015f60   CLK_F_getshtime
00015f60   CLK_TIMEFXN
00015f90   CLK_COUNTSPMS
00015f90   _CLK_COUNTSPMS
00016000   _KNL_ipost
000160a0   _KNL_post
00016140   _LCK_post
0001616c   _LCK_pend
000161e0   _SEM_postEnterKnl
00016280   _SYS_exit
00016320   FXN_F_nop
00016328   FXN_F_run
00016328   _FXN_F_run
00016378   FXN_F_zero
00016378   _FXN_F_zero
000163a0   IDL_F_busy
000163a0   __IDL_lat1beg
000163f0   __IDL_lat1end
00016420   LOG_F_event
00016420   _LOG_event
00016420   __LOG_lat1beg
000164a0   STS_F_delta
000164a0   _STS_delta
000164d8   STS_F_add
000164d8   _STS_add
00016504   STS_F_reset
00016504   _STS_reset
00016520   IDL_F_calibrate
000165a0   _SYS_error
00016600   _HWI_disable
00016618   _HWI_enable
0001662c   _HWI_restore
00016660   _SEM_pendBinary
000166c0   _SEM_pend
00016720   _SYS_abort
00016780   SYS_PUTCFXN
00016780   _UTL_doPutc
000167e0   _CLK_start
00016840   IDL_CALIBRFXN
00016840   IDL_F_stub
00016880   RTA_F_andn
000168a0   RTA_F_or
000168c0   SYS_ABORTFXN
000168c0   _UTL_doAbort
00016900   _CLK_gethtime
00016904   __CLK_lat2beg
0001693c   __CLK_lat2end
00016940   _CLK_stop
00016980   GBL_USERINITFXN
00016980   GIO_CREATEFXN
00016980   GIO_DELETEFXN
00016980   GIO_PENDFXN
00016980   GIO_POSTFXN
00016980   TSK_VCREATEFXN
00016980   TSK_VDELETEFXN
00016980   TSK_VEXITFXN
00016980   _FXN_F_nop
000169a0   _GBL_getVersion
000169c0   IDL_F_loop
000169c0   _IDL_loop
000169e0   _LOG_printf
00016a00   _STS_set
00016a20   SYS_ERRORFXN
00016a20   _UTL_doError
00016a40   SYS_EXITFXN
00016a40   _UTL_halt
00016a60   LNK_F_init
00016a68   LNK_F_dataPump
00016a80   ___cinit__
00016a80   cinit
00018160   __ftable
00018340   __tmpnams
00018480   __ft_end
00018484   _errno
000186f8   __IRQ_eventTable
00018780   __IRQ_intTable
000187c0   __IRQ_dispatchTable
000187c8   _KNL_queues
00018868   _KNL_dummy
000188e8   _rcvBuffer
00018928   _xmtBuffer
00018968   _TSK_ATTRS
00018984   _TSK_config
000189a4   _TSK_timerSem
000189c8   _OBJ_table
00018a00   _OBJ_segtab
00018a68   __MCBSP_hDev0
00018a6c   __MCBSP_hDev1
00018a70   __MCBSP_hDev2
00018a74   __TSK_mutex
00018a9c   __MEM_mutex
00018ac8   _led
00018ad0   _dip
00018b08   __TIMER_deviceTable
00018b2c   __TIMER_hDev0
00018b30   __TIMER_hDev1
00018b34   __TIMER_hBios
00018b60   _SYS_exitStack
00018b9c   __cleanup_ptr
00018ba0   __dtors_ptr
00018ba4   ___TI_enable_exit_profile_output
00018ba8   __lock
00018bac   __unlock
00018bc8   TSK_idle$stack
00018f60   TSK_idle$stkptr
00018fc8   LOG_A_TABBEG
00018fc8   LOG_system
00018fc8   _LOG_A_TABBEG
00018fc8   _LOG_system
00018fe0   _trace
00018fe0   trace
00018ff8   CLK_A_TABBEG
00018ff8   LOG_A_TABEND
00018ff8   PRD_clock
00018ff8   _LOG_A_TABEND
00018ff8   _PRD_clock
00018ffc   CLK_null
00019000   trace$buf
0001a000   LOG_system$buf
0001a800   BIOS_init
0001a800   _BIOS_init
0001a998   BIOS$$CLKON
0001a9d8   BIOS$$CLKOFF
0001aa40   BIOS_start
0001aa40   _BIOS_start
0001ab00   _MEM_init
0001abc0   _c_int00
0001ac60   _TSK_init
0001ace0   _OBJ_init
0001ad00   TSK_loopback$stack
0001b098   TSK_loopback$stkptr
0001b100   TSK_mute$stack
0001b498   TSK_mute$stkptr
0001b500   TSK_printstat$stack
0001b898   TSK_printstat$stkptr
0001b900   TSK_process$stack
0001bc98   TSK_process$stkptr
0001bd00   GBL_stackbeg
0001bd00   _HWI_STKTOP
0001bd00   __stack
0001c0f8   _HWI_STKBOTTOM
0001c0ff   GBL_stackend
0001c100   $bss
0001c100   .bss
0001c100   _HWI_dispatchTab
0001c100   __STACK_END
0001c100   ___bss__
0001c200   IDL_D_tabbeg
0001c204   IDL_D_calibrate
0001c208   IDL_D_calbeg
0001c20c   LOG_D_system
0001c20c   _LOG_D_system
0001c210   PIP_D_tabbeg
0001c214   PIP_D_tablen
0001c218   CLK_R_time
0001c21c   CLK_D_timefxn
0001c220   CLK_D_tabbeg
0001c224   CLK_D_isrhook
0001c228   CLK_D_idletime
0001c22c   _CLK_htimeDiv
0001c230   _CLK_htimeMult
0001c234   _CLK_ltimeDiv
0001c238   _CLK_ltimeMult
0001c23c   _CLK_D_dirty
0001c240   _CLK_D_prd
0001c244   _CLK_D_tddr
0001c248   _CLK_D_countspms
0001c24c   PRD_D_tick
0001c24c   _PRD_D_tick
0001c250   PRD_D_cur
0001c254   PRD_D_elapsed
0001c258   PRD_D_prevtim
0001c25c   PRD_D_scalar
0001c260   PRD_D_swihandle
0001c264   PRD_D_tabbeg
0001c268   PRD_D_tablen
0001c26c   PRD_D_thook
0001c270   RTA_D_fromHost
0001c274   RTA_D_toHost
0001c278   RTA_D_logval
0001c288   RTA_D_stsval
0001c294   HST_D_chanmask
0001c298   HST_D_tabbeg
0001c29c   HST_D_tabend
0001c2a0   _GBL_procId
0001c2a4   _GBL_clkIn
0001c2a8   _GBL_freq
0001c2ac   _MEM_D_NUMSEGMENTS
0001c2b0   _MEM_D_memtab
0001c2b4   _MEM_D_freelist
0001c2b8   _MEM_D_lockaddr
0001c2bc   _MEM_D_unlockaddr
0001c2c0   _SYS
0001c2c4   __HOOK_knlId
0001c2c8   __HOOK_NUMHOOKS
0001c2cc   SWI_D_runaddr
0001c2cc   _SWI_D_runaddr
0001c2cc   _SWI_data
0001c2d0   SWI_D_execaddr
0001c2d0   _SWI_D_execaddr
0001c2d4   SWI_D_curmask
0001c2d4   _SWI_D_curmask
0001c2d8   SWI_D_curset
0001c2d8   _SWI_D_curset
0001c2dc   SWI_D_lock
0001c2dc   _SWI_D_lock
0001c2e0   SWI_D_curmbox
0001c2e4   SWI_D_curfxn
0001c2e4   _SWI_D_curfxn
0001c2e8   SWI_D_rdybeg
0001c2e8   _SWI_D_rdybeg
0001c2ec   SWI_D_inswi
0001c2ec   _SWI_D_inswi
0001c2f0   SWI_D_rdytab
0001c368   _KNL_wFlag
0001c36c   _KNL_wList
0001c370   _KNL_alarm
0001c374   _KNL_setpri
0001c378   _KNL_inactive
0001c37c   _KNL_priority
0001c380   _KNL_set
0001c384   _KNL_curtask
0001c388   _KNL_prevtask
0001c38c   _KNL_curtime
0001c390   _KNL_swiptr
0001c394   _KNL_curqueue
0001c398   _KNL_maxqueue
0001c39c   _KNL_tswitchfxn
0001c3a0   _KNL_tcreatefxn
0001c3a4   _KNL_tdeletefxn
0001c3a8   _KNL_treadyfxn
0001c3ac   _KNL_idlefxn
0001c3b0   _MEM_memtab
0001c3bc   HST_DSMBUFSEG
0001c3bc   IRAM
0001c3bc   MEM_MALLOCSEG
0001c3bc   MEM_SEGZERO
0001c3bc   RTDX_DATAMEMSEG
0001c3bc   _IRAM
0001c3bc   _SEG0
0001c3c0   RTA_fromHost$pipe$dtab
0001c3cc   RTA_toHost$pipe$dtab
0001c3d8   _AIC23_ControlHnd
0001c3dc   _AIC23_DataHnd
0001c3e0   _rcvRead
0001c3e4   _rcvWrite
0001c3e8   _xmtRead
0001c3ec   _xmtWrite
0001c3f0   _gie
0001c3f4   HWI_D_spsave
0001c3f4   _HWI_D_spsave
0001c3f4   _HWI_data
0001c400   _HWI_D_inhwi
0001c404   HWI_D_bss
0001c408   HWI_D_ccmask
0001c40c   _a
0001c410   _b
0001c414   _accu
0001c420   _TSK_nTasks
0001c424   _TSK_pid
0001c428   _TSK
0001c438   _CLK_DFLTMICROSECS
0001c43c   _CLK_D_microseconds
0001c440   _SYS_exitStackPtr
0001c444   _SYS_exitStackTop
0001c448   _CLK_htimePerLtime
0001c450   IDL_D_busyObj
0001c454   _MEM
0001c458   ___end__
0001c458   __ctypes_
0001c458   end
0001c721   KNL_swi$sts$maxfmt
0001c724   _SYS_PUTCBEG
0001c729   KNL_swi$sts$sumfmt
0001c731   KNL_swi$sts$avgfmt
0001c73b   TSK_idle$sts$maxfmt
0001c743   TSK_idle$sts$sumfmt
0001c74b   TSK_idle$sts$avgfmt
0001c755   TSK_mute$sts$maxfmt
0001c75d   TSK_mute$sts$sumfmt
0001c765   TSK_mute$sts$avgfmt
0001c76f   TSK_loopback$sts$maxfmt
0001c777   TSK_loopback$sts$sumfmt
0001c77f   TSK_loopback$sts$avgfmt
0001c789   TSK_process$sts$maxfmt
0001c791   TSK_process$sts$sumfmt
0001c799   TSK_process$sts$avgfmt
0001c7a3   TSK_printstat$sts$maxfmt
0001c7ab   TSK_printstat$sts$sumfmt
0001c7b3   TSK_printstat$sts$avgfmt
0001c7bd   IDL_busyObj$maxfmt
0001c7c0   IDL_busyObj$sumfmt
0001c7c3   IDL_busyObj$avgfmt
0001c7c8   STS_left$maxfmt
0001c7cb   STS_left$sumfmt
0001c7ce   STS_left$avgfmt
0001c7d3   STS_right$maxfmt
0001c7d6   STS_right$sumfmt
0001c7d9   STS_right$avgfmt
0001c923   _SYS_PUTCEND
0001c930   TSK_idle
0001c930   _TSK_idle
0001c990   TSK_mute
0001c990   _TSK_mute
0001c9f0   TSK_loopback
0001c9f0   _TSK_loopback
0001ca50   TSK_process
0001ca50   _TSK_process
0001cab0   TSK_printstat
0001cab0   _TSK_printstat
0001cb08   __CIOBUF_
0001cc28   RTA_toHost$buf
0001cd28   PIP_A_TABBEG
0001cd28   RTA_fromHost$pipe
0001cd28   _PIP_A_TABBEG
0001cd2c   RTA_fromHost$pipe$rd
0001cd58   RTA_fromHost$pipe$aaa
0001cd5c   RTA_fromHost$pipe$wr
0001cd88   RTA_fromHost$pipe$bbb
0001cd8c   RTA_toHost$pipe
0001cd90   RTA_toHost$pipe$rd
0001cdbc   RTA_toHost$pipe$aaa
0001cdc0   RTA_toHost$pipe$wr
0001cdec   RTA_toHost$pipe$bbb
0001cdf0   KNL_swi$sts$stsobj
0001cdf0   PIP_A_TABEND
0001cdf0   STS_A_TABBEG
0001cdf0   _PIP_A_TABEND
0001cdf0   _STS_A_TABBEG
0001cdf4   KNL_swi$sts
0001ce00   TSK_idle$sts$stsobj
0001ce04   TSK_idle$sts
0001ce10   TSK_mute$sts$stsobj
0001ce14   TSK_mute$sts
0001ce20   TSK_loopback$sts$stsobj
0001ce24   TSK_loopback$sts
0001ce30   TSK_process$sts$stsobj
0001ce34   TSK_process$sts
0001ce40   TSK_printstat$sts$stsobj
0001ce44   TSK_printstat$sts
0001ce50   IDL_busyObj$stsobj
0001ce54   IDL_busyObj
0001ce54   _IDL_busyObj
0001ce60   STS_left$stsobj
0001ce64   STS_left
0001ce64   _STS_left
0001ce70   STS_right$stsobj
0001ce74   STS_right
0001ce74   _STS_right
0001ce80   STS_A_TABEND
0001ce80   _STS_A_TABEND
0001cf08   SEM_rcv
0001cf08   _SEM_rcv
0001cf34   SEM_xmt
0001cf34   _SEM_xmt
0001cf54   KNL_swi
0001cf54   SWI_A_TABBEG
0001cf54   _KNL_swi
0001cf80   SWI_A_TABEND
0001cfa0   HST_A_TABBEG
0001cfa0   _HST_A_TABBEG
0001cfa4   RTA_fromHost
0001cfa4   _RTA_fromHost
0001cfac   RTA_toHost
0001cfac   _RTA_toHost
0001cfb4   HST_A_TABEND
0001cfb4   IDL_A_TABBEG
0001cfb4   IDL_cpuLoad
0001cfb4   _HST_A_TABEND
0001cfb4   _IDL_cpuLoad
0001cfb8   LNK_dataPump
0001cfb8   _LNK_dataPump
0001cfbc   RTA_dispatcher
0001cfbc   _RTA_dispatcher
0001cfc0   IDL_live
0001cfc0   _IDL_live
0001cfc4   IDL_END
0001cfc8   IDL_A_CALBEG
0001cfc8   IDL_cpuLoad$
0001cfcc   LNK_dataPump$
0001cfd0   RTA_dispatcher$
0001cfd4   IDL_live$
0001cfd8   IDL_END$
0001cfdc   RTA_fromHost$buf
0001cfec   SYS$config
0001cffc   TRC_cinit
0001d000   TRC_R_mask
0001d000   _TRC_R_mask
0001d004   GBL_initdone
0001d008   .data
0001d008   LNK_dspFrameRequestMask
0001d008   ___data__
0001d00c   LNK_dspFrameReadyMask
0001d010   ___edata__
0001d010   edata
000afc80   GBL_FREQ
01940000   CLK_HIRESREGS
01940000   CLK_REGS
01940000   _CLK_REGS
08204653   HWI_INTRMULTHIGH
310718a4   HWI_INTRMULTLOW
ffffffff   SDRAM
ffffffff   _SDRAM
ffffffff   ___TI_pprof_out_hndl
ffffffff   ___TI_prof_data_size
ffffffff   ___TI_prof_data_start
ffffffff   ___binit__
ffffffff   ___c_args__
ffffffff   ___pinit__
ffffffff   binit
ffffffff   pinit

[895 symbols]
