<?xml version="1.0"?>
<link_info>
   <banner>TMS320C6x Linker PC v7.4.4</banner>
   <copyright>Copyright (c) 1996-2013 Texas Instruments Incorporated</copyright>
   <link_time>0x638fb019</link_time>
   <output_file>xtomes07.out</output_file>
   <entry_point>
      <name>_c_int00</name>
      <address>0x18e80</address>
   </entry_point>
   <input_file_list>
      <input_file id="fl-9">
         <path>.\</path>
         <kind>object</kind>
         <file>pseudoRandomNumber.obj</file>
         <name>pseudoRandomNumber.obj</name>
      </input_file>
      <input_file id="fl-a">
         <path>.\</path>
         <kind>object</kind>
         <file>hellocfg_c.obj</file>
         <name>hellocfg_c.obj</name>
      </input_file>
      <input_file id="fl-b">
         <path>.\</path>
         <kind>object</kind>
         <file>hellocfg.obj</file>
         <name>hellocfg.obj</name>
      </input_file>
      <input_file id="fl-c">
         <path>.\</path>
         <kind>object</kind>
         <file>hello.obj</file>
         <name>hello.obj</name>
      </input_file>
      <input_file id="fl-d">
         <path>.\</path>
         <kind>object</kind>
         <file>aic23.obj</file>
         <name>aic23.obj</name>
      </input_file>
      <input_file id="fl-89">
         <path>C:\ti\bios_5_42_01_09\packages\ti\bios\lib\</path>
         <kind>archive</kind>
         <file>biosC6000.a64</file>
         <name>clk_htime.o64</name>
      </input_file>
      <input_file id="fl-8a">
         <path>C:\ti\bios_5_42_01_09\packages\ti\bios\lib\</path>
         <kind>archive</kind>
         <file>bios.a64</file>
         <name>biosdata.o64</name>
      </input_file>
      <input_file id="fl-8b">
         <path>C:\ti\bios_5_42_01_09\packages\ti\bios\lib\</path>
         <kind>archive</kind>
         <file>bios.a64</file>
         <name>hwi_disp_asm.o64</name>
      </input_file>
      <input_file id="fl-8c">
         <path>C:\ti\bios_5_42_01_09\packages\ti\bios\lib\</path>
         <kind>archive</kind>
         <file>bios.a64</file>
         <name>idl_stub.o64</name>
      </input_file>
      <input_file id="fl-8d">
         <path>C:\ti\bios_5_42_01_09\packages\ti\bios\lib\</path>
         <kind>archive</kind>
         <file>bios.a64</file>
         <name>swi.o64</name>
      </input_file>
      <input_file id="fl-8e">
         <path>C:\ti\bios_5_42_01_09\packages\ti\bios\lib\</path>
         <kind>archive</kind>
         <file>bios.a64</file>
         <name>fxn_c.o64</name>
      </input_file>
      <input_file id="fl-8f">
         <path>C:\ti\bios_5_42_01_09\packages\ti\bios\lib\</path>
         <kind>archive</kind>
         <file>bios.a64</file>
         <name>knl_tick.o64</name>
      </input_file>
      <input_file id="fl-90">
         <path>C:\ti\bios_5_42_01_09\packages\ti\bios\lib\</path>
         <kind>archive</kind>
         <file>bios.a64</file>
         <name>utl_doab.o64</name>
      </input_file>
      <input_file id="fl-91">
         <path>C:\ti\bios_5_42_01_09\packages\ti\bios\lib\</path>
         <kind>archive</kind>
         <file>bios.a64</file>
         <name>utl_doer.o64</name>
      </input_file>
      <input_file id="fl-92">
         <path>C:\ti\bios_5_42_01_09\packages\ti\bios\lib\</path>
         <kind>archive</kind>
         <file>bios.a64</file>
         <name>utl_putc.o64</name>
      </input_file>
      <input_file id="fl-93">
         <path>C:\ti\bios_5_42_01_09\packages\ti\bios\lib\</path>
         <kind>archive</kind>
         <file>bios.a64</file>
         <name>utl_halt.o64</name>
      </input_file>
      <input_file id="fl-94">
         <path>C:\ti\bios_5_42_01_09\packages\ti\bios\lib\</path>
         <kind>archive</kind>
         <file>biosC6000.a64</file>
         <name>clk.o64</name>
      </input_file>
      <input_file id="fl-95">
         <path>C:\ti\bios_5_42_01_09\packages\ti\bios\lib\</path>
         <kind>archive</kind>
         <file>bios.a64</file>
         <name>fxn.o64</name>
      </input_file>
      <input_file id="fl-96">
         <path>C:\ti\bios_5_42_01_09\packages\ti\bios\lib\</path>
         <kind>archive</kind>
         <file>bios.a64</file>
         <name>boot.o64</name>
      </input_file>
      <input_file id="fl-97">
         <path>C:\ti\bios_5_42_01_09\packages\ti\bios\lib\</path>
         <kind>archive</kind>
         <file>bios.a64</file>
         <name>trc.o64</name>
      </input_file>
      <input_file id="fl-98">
         <path>C:\ti\bios_5_42_01_09\packages\ti\bios\lib\</path>
         <kind>archive</kind>
         <file>bios.a64</file>
         <name>hwi.o64</name>
      </input_file>
      <input_file id="fl-99">
         <path>C:\ti\bios_5_42_01_09\packages\ti\bios\lib\</path>
         <kind>archive</kind>
         <file>bios.a64</file>
         <name>idl_busy.o64</name>
      </input_file>
      <input_file id="fl-9a">
         <path>C:\ti\bios_5_42_01_09\packages\ti\bios\lib\</path>
         <kind>archive</kind>
         <file>biosC6000.a64</file>
         <name>idl_cal.o64</name>
      </input_file>
      <input_file id="fl-9b">
         <path>C:\ti\bios_5_42_01_09\packages\ti\bios\lib\</path>
         <kind>archive</kind>
         <file>bios.a64</file>
         <name>idl.o64</name>
      </input_file>
      <input_file id="fl-9c">
         <path>C:\ti\bios_5_42_01_09\packages\ti\bios\lib\</path>
         <kind>archive</kind>
         <file>bios.a64</file>
         <name>knl_swit.o64</name>
      </input_file>
      <input_file id="fl-9d">
         <path>C:\ti\bios_5_42_01_09\packages\ti\bios\lib\</path>
         <kind>archive</kind>
         <file>lnknone.a64</file>
         <name>none.o64</name>
      </input_file>
      <input_file id="fl-9e">
         <path>C:\ti\bios_5_42_01_09\packages\ti\bios\lib\</path>
         <kind>archive</kind>
         <file>bios.a64</file>
         <name>log.o64</name>
      </input_file>
      <input_file id="fl-9f">
         <path>C:\ti\bios_5_42_01_09\packages\ti\bios\lib\</path>
         <kind>archive</kind>
         <file>bios.a64</file>
         <name>pip.o64</name>
      </input_file>
      <input_file id="fl-a0">
         <path>C:\ti\bios_5_42_01_09\packages\ti\bios\lib\</path>
         <kind>archive</kind>
         <file>bios.a64</file>
         <name>prd.o64</name>
      </input_file>
      <input_file id="fl-a1">
         <path>C:\ti\bios_5_42_01_09\packages\ti\bios\lib\</path>
         <kind>archive</kind>
         <file>bios.a64</file>
         <name>rta.o64</name>
      </input_file>
      <input_file id="fl-a2">
         <path>C:\ti\bios_5_42_01_09\packages\ti\bios\lib\</path>
         <kind>archive</kind>
         <file>bios.a64</file>
         <name>rta_andn.o64</name>
      </input_file>
      <input_file id="fl-a3">
         <path>C:\ti\bios_5_42_01_09\packages\ti\bios\lib\</path>
         <kind>archive</kind>
         <file>bios.a64</file>
         <name>sts.o64</name>
      </input_file>
      <input_file id="fl-a4">
         <path>C:\ti\bios_5_42_01_09\packages\ti\bios\lib\</path>
         <kind>archive</kind>
         <file>bios.a64</file>
         <name>clk_data.o64</name>
      </input_file>
      <input_file id="fl-a5">
         <path>C:\ti\bios_5_42_01_09\packages\ti\bios\lib\</path>
         <kind>archive</kind>
         <file>biosC6000.a64</file>
         <name>clk_gethtime.o64</name>
      </input_file>
      <input_file id="fl-a6">
         <path>C:\ti\bios_5_42_01_09\packages\ti\bios\lib\</path>
         <kind>archive</kind>
         <file>bios.a64</file>
         <name>clk_data2.o64</name>
      </input_file>
      <input_file id="fl-a7">
         <path>C:\ti\bios_5_42_01_09\packages\ti\bios\lib\</path>
         <kind>archive</kind>
         <file>biosC6000.a64</file>
         <name>clk_meas.o64</name>
      </input_file>
      <input_file id="fl-a8">
         <path>C:\ti\bios_5_42_01_09\packages\ti\bios\lib\</path>
         <kind>archive</kind>
         <file>biosC6000.a64</file>
         <name>clk_start.o64</name>
      </input_file>
      <input_file id="fl-a9">
         <path>C:\ti\bios_5_42_01_09\packages\ti\bios\lib\</path>
         <kind>archive</kind>
         <file>biosC6000.a64</file>
         <name>clk_stop.o64</name>
      </input_file>
      <input_file id="fl-aa">
         <path>C:\ti\C6xCSL\lib_3x\</path>
         <kind>archive</kind>
         <file>csl6416.lib</file>
         <name>csl.obj</name>
      </input_file>
      <input_file id="fl-ab">
         <path>C:\ti\bios_5_42_01_09\packages\ti\bios\lib\</path>
         <kind>archive</kind>
         <file>bios.a64</file>
         <name>gbl_cslcacheinit64.o64</name>
      </input_file>
      <input_file id="fl-ac">
         <path>C:\ti\bios_5_42_01_09\packages\ti\bios\lib\</path>
         <kind>archive</kind>
         <file>bios.a64</file>
         <name>gbl_vers.o64</name>
      </input_file>
      <input_file id="fl-ad">
         <path>C:\ti\bios_5_42_01_09\packages\ti\bios\lib\</path>
         <kind>archive</kind>
         <file>bios.a64</file>
         <name>hwi_c.o64</name>
      </input_file>
      <input_file id="fl-ae">
         <path>C:\ti\C6xCSL\lib_3x\</path>
         <kind>archive</kind>
         <file>csl6416.lib</file>
         <name>csl_irq.obj</name>
      </input_file>
      <input_file id="fl-af">
         <path>C:\ti\bios_5_42_01_09\packages\ti\bios\lib\</path>
         <kind>archive</kind>
         <file>bios.a64</file>
         <name>knl.o64</name>
      </input_file>
      <input_file id="fl-b0">
         <path>C:\ti\bios_5_42_01_09\packages\ti\bios\lib\</path>
         <kind>archive</kind>
         <file>bios.a64</file>
         <name>knl_exit.o64</name>
      </input_file>
      <input_file id="fl-b1">
         <path>C:\ti\bios_5_42_01_09\packages\ti\bios\lib\</path>
         <kind>archive</kind>
         <file>bios.a64</file>
         <name>knl_chec.o64</name>
      </input_file>
      <input_file id="fl-b2">
         <path>C:\ti\bios_5_42_01_09\packages\ti\bios\lib\</path>
         <kind>archive</kind>
         <file>bios.a64</file>
         <name>knl_post.o64</name>
      </input_file>
      <input_file id="fl-b3">
         <path>C:\ti\bios_5_42_01_09\packages\ti\bios\lib\</path>
         <kind>archive</kind>
         <file>bios.a64</file>
         <name>knl_ipos.o64</name>
      </input_file>
      <input_file id="fl-b4">
         <path>C:\ti\bios_5_42_01_09\packages\ti\bios\lib\</path>
         <kind>archive</kind>
         <file>bios.a64</file>
         <name>knl_run.o64</name>
      </input_file>
      <input_file id="fl-b5">
         <path>C:\ti\bios_5_42_01_09\packages\ti\bios\lib\</path>
         <kind>archive</kind>
         <file>bios.a64</file>
         <name>log_printf.o64</name>
      </input_file>
      <input_file id="fl-b6">
         <path>C:\ti\C6xCSL\lib_3x\</path>
         <kind>archive</kind>
         <file>csl6416.lib</file>
         <name>csl_mcbsp.obj</name>
      </input_file>
      <input_file id="fl-b7">
         <path>C:\ti\bios_5_42_01_09\packages\ti\bios\lib\</path>
         <kind>archive</kind>
         <file>bios.a64</file>
         <name>mem_asm.o64</name>
      </input_file>
      <input_file id="fl-b8">
         <path>C:\ti\bios_5_42_01_09\packages\ti\bios\lib\</path>
         <kind>archive</kind>
         <file>bios.a64</file>
         <name>mem_init.o64</name>
      </input_file>
      <input_file id="fl-b9">
         <path>C:\ti\bios_5_42_01_09\packages\ti\bios\lib\</path>
         <kind>archive</kind>
         <file>bios.a64</file>
         <name>obj_init.o64</name>
      </input_file>
      <input_file id="fl-ba">
         <path>C:\ti\bios_5_42_01_09\packages\ti\bios\lib\</path>
         <kind>archive</kind>
         <file>bios.a64</file>
         <name>sem_pend_counting.o64</name>
      </input_file>
      <input_file id="fl-bb">
         <path>C:\ti\bios_5_42_01_09\packages\ti\bios\lib\</path>
         <kind>archive</kind>
         <file>bios.a64</file>
         <name>sem_pend_binary.o64</name>
      </input_file>
      <input_file id="fl-bc">
         <path>C:\ti\bios_5_42_01_09\packages\ti\bios\lib\</path>
         <kind>archive</kind>
         <file>bios.a64</file>
         <name>sem_pend.o64</name>
      </input_file>
      <input_file id="fl-bd">
         <path>C:\ti\bios_5_42_01_09\packages\ti\bios\lib\</path>
         <kind>archive</kind>
         <file>bios.a64</file>
         <name>sem_post_asm.o64</name>
      </input_file>
      <input_file id="fl-be">
         <path>C:\ti\bios_5_42_01_09\packages\ti\bios\lib\</path>
         <kind>archive</kind>
         <file>bios.a64</file>
         <name>sem_post.o64</name>
      </input_file>
      <input_file id="fl-bf">
         <path>C:\ti\bios_5_42_01_09\packages\ti\bios\lib\</path>
         <kind>archive</kind>
         <file>bios.a64</file>
         <name>sts_set.o64</name>
      </input_file>
      <input_file id="fl-c0">
         <path>C:\ti\C6xCSL\lib_3x\</path>
         <kind>archive</kind>
         <file>csl6416.lib</file>
         <name>csl_timer.obj</name>
      </input_file>
      <input_file id="fl-c1">
         <path>C:\ti\bios_5_42_01_09\packages\ti\bios\lib\</path>
         <kind>archive</kind>
         <file>bios.a64</file>
         <name>tsk.o64</name>
      </input_file>
      <input_file id="fl-c2">
         <path>C:\ti\bios_5_42_01_09\packages\ti\bios\lib\</path>
         <kind>archive</kind>
         <file>bios.a64</file>
         <name>tsk_exit.o64</name>
      </input_file>
      <input_file id="fl-c3">
         <path>C:\ti\bios_5_42_01_09\packages\ti\bios\lib\</path>
         <kind>archive</kind>
         <file>bios.a64</file>
         <name>sys_exit.o64</name>
      </input_file>
      <input_file id="fl-c4">
         <path>C:\ti\bios_5_42_01_09\packages\ti\bios\lib\</path>
         <kind>archive</kind>
         <file>bios.a64</file>
         <name>sys.o64</name>
      </input_file>
      <input_file id="fl-c5">
         <path>C:\ti\bios_5_42_01_09\packages\ti\bios\lib\</path>
         <kind>archive</kind>
         <file>bios.a64</file>
         <name>tsk_init.o64</name>
      </input_file>
      <input_file id="fl-c6">
         <path>C:\ti\bios_5_42_01_09\packages\ti\bios\lib\</path>
         <kind>archive</kind>
         <file>bios.a64</file>
         <name>tsk_setu.o64</name>
      </input_file>
      <input_file id="fl-c7">
         <path>C:\ti\bios_5_42_01_09\packages\ti\bios\lib\</path>
         <kind>archive</kind>
         <file>bios.a64</file>
         <name>tsk_stup.o64</name>
      </input_file>
      <input_file id="fl-c8">
         <path>C:\ti\bios_5_42_01_09\packages\ti\bios\lib\</path>
         <kind>archive</kind>
         <file>bios.a64</file>
         <name>lck.o64</name>
      </input_file>
      <input_file id="fl-c9">
         <path>C:\ti\bios_5_42_01_09\packages\ti\bios\lib\</path>
         <kind>archive</kind>
         <file>bios.a64</file>
         <name>sys_abor.o64</name>
      </input_file>
      <input_file id="fl-ca">
         <path>C:\ti\bios_5_42_01_09\packages\ti\bios\lib\</path>
         <kind>archive</kind>
         <file>bios.a64</file>
         <name>gbl_setL2CacheMode.o64</name>
      </input_file>
      <input_file id="fl-cb">
         <path>C:\ti\bios_5_42_01_09\packages\ti\bios\lib\</path>
         <kind>archive</kind>
         <file>bios.a64</file>
         <name>sem_dopo.o64</name>
      </input_file>
      <input_file id="fl-cc">
         <path>C:\ti\bios_5_42_01_09\packages\ti\bios\lib\</path>
         <kind>archive</kind>
         <file>bios.a64</file>
         <name>autoinit.o64</name>
      </input_file>
      <input_file id="fl-cd">
         <path>C:\ti\ccsv5\tools\compiler\c6000_7.4.4\lib\</path>
         <kind>archive</kind>
         <file>rts6400.lib</file>
         <name>divi.obj</name>
      </input_file>
      <input_file id="fl-ce">
         <path>C:\ti\ccsv5\tools\compiler\c6000_7.4.4\lib\</path>
         <kind>archive</kind>
         <file>rts6400.lib</file>
         <name>fixdi.obj</name>
      </input_file>
      <input_file id="fl-cf">
         <path>C:\ti\ccsv5\tools\compiler\c6000_7.4.4\lib\</path>
         <kind>archive</kind>
         <file>rts6400.lib</file>
         <name>defs.obj</name>
      </input_file>
      <input_file id="fl-d0">
         <path>C:\ti\ccsv5\tools\compiler\c6000_7.4.4\lib\</path>
         <kind>archive</kind>
         <file>rts6400.lib</file>
         <name>_lock.obj</name>
      </input_file>
      <input_file id="fl-d1">
         <path>C:\ti\ccsv5\tools\compiler\c6000_7.4.4\lib\</path>
         <kind>archive</kind>
         <file>rts6400.lib</file>
         <name>imath40.obj</name>
      </input_file>
      <input_file id="fl-d2">
         <path>C:\ti\ccsv5\tools\compiler\c6000_7.4.4\lib\</path>
         <kind>archive</kind>
         <file>rts6400.lib</file>
         <name>strasg.obj</name>
      </input_file>
      <input_file id="fl-d3">
         <path>C:\ti\ccsv5\tools\compiler\c6000_7.4.4\lib\</path>
         <kind>archive</kind>
         <file>rts6400.lib</file>
         <name>exit.obj</name>
      </input_file>
      <input_file id="fl-d4">
         <path>C:\ti\ccsv5\tools\compiler\c6000_7.4.4\lib\</path>
         <kind>archive</kind>
         <file>rts6400.lib</file>
         <name>fflush.obj</name>
      </input_file>
      <input_file id="fl-d5">
         <path>C:\ti\ccsv5\tools\compiler\c6000_7.4.4\lib\</path>
         <kind>archive</kind>
         <file>rts6400.lib</file>
         <name>memcpy64.obj</name>
      </input_file>
      <input_file id="fl-d6">
         <path>C:\ti\ccsv5\tools\compiler\c6000_7.4.4\lib\</path>
         <kind>archive</kind>
         <file>rts6400.lib</file>
         <name>pow.obj</name>
      </input_file>
      <input_file id="fl-d7">
         <path>C:\ti\ccsv5\tools\compiler\c6000_7.4.4\lib\</path>
         <kind>archive</kind>
         <file>rts6400.lib</file>
         <name>addd.obj</name>
      </input_file>
      <input_file id="fl-d8">
         <path>C:\ti\ccsv5\tools\compiler\c6000_7.4.4\lib\</path>
         <kind>archive</kind>
         <file>rts6400.lib</file>
         <name>cmpd.obj</name>
      </input_file>
      <input_file id="fl-d9">
         <path>C:\ti\ccsv5\tools\compiler\c6000_7.4.4\lib\</path>
         <kind>archive</kind>
         <file>rts6400.lib</file>
         <name>divd.obj</name>
      </input_file>
      <input_file id="fl-da">
         <path>C:\ti\ccsv5\tools\compiler\c6000_7.4.4\lib\</path>
         <kind>archive</kind>
         <file>rts6400.lib</file>
         <name>fltid.obj</name>
      </input_file>
      <input_file id="fl-db">
         <path>C:\ti\ccsv5\tools\compiler\c6000_7.4.4\lib\</path>
         <kind>archive</kind>
         <file>rts6400.lib</file>
         <name>frcaddd.obj</name>
      </input_file>
      <input_file id="fl-dc">
         <path>C:\ti\ccsv5\tools\compiler\c6000_7.4.4\lib\</path>
         <kind>archive</kind>
         <file>rts6400.lib</file>
         <name>frcmpyd_div.obj</name>
      </input_file>
      <input_file id="fl-dd">
         <path>C:\ti\ccsv5\tools\compiler\c6000_7.4.4\lib\</path>
         <kind>archive</kind>
         <file>rts6400.lib</file>
         <name>mpyd.obj</name>
      </input_file>
      <input_file id="fl-de">
         <path>C:\ti\ccsv5\tools\compiler\c6000_7.4.4\lib\</path>
         <kind>archive</kind>
         <file>rts6400.lib</file>
         <name>frcmpyd.obj</name>
      </input_file>
      <input_file id="fl-df">
         <path>C:\ti\ccsv5\tools\compiler\c6000_7.4.4\lib\</path>
         <kind>archive</kind>
         <file>rts6400.lib</file>
         <name>mpyll.obj</name>
      </input_file>
      <input_file id="fl-e0">
         <path>C:\ti\ccsv5\tools\compiler\c6000_7.4.4\lib\</path>
         <kind>archive</kind>
         <file>rts6400.lib</file>
         <name>negd.obj</name>
      </input_file>
      <input_file id="fl-e1">
         <path>C:\ti\ccsv5\tools\compiler\c6000_7.4.4\lib\</path>
         <kind>archive</kind>
         <file>rts6400.lib</file>
         <name>round.obj</name>
      </input_file>
      <input_file id="fl-e2">
         <path>C:\ti\ccsv5\tools\compiler\c6000_7.4.4\lib\</path>
         <kind>archive</kind>
         <file>rts6400.lib</file>
         <name>renormd.obj</name>
      </input_file>
      <input_file id="fl-e3">
         <path>C:\ti\ccsv5\tools\compiler\c6000_7.4.4\lib\</path>
         <kind>archive</kind>
         <file>rts6400.lib</file>
         <name>subd.obj</name>
      </input_file>
      <input_file id="fl-e4">
         <path>C:\ti\ccsv5\tools\compiler\c6000_7.4.4\lib\</path>
         <kind>archive</kind>
         <file>rts6400.lib</file>
         <name>trunc.obj</name>
      </input_file>
      <input_file id="fl-e5">
         <path>C:\ti\ccsv5\tools\compiler\c6000_7.4.4\lib\</path>
         <kind>archive</kind>
         <file>rts6400.lib</file>
         <name>errno.obj</name>
      </input_file>
      <input_file id="fl-e6">
         <path>C:\ti\ccsv5\tools\compiler\c6000_7.4.4\lib\</path>
         <kind>archive</kind>
         <file>rts6400.lib</file>
         <name>frexp.obj</name>
      </input_file>
      <input_file id="fl-e7">
         <path>C:\ti\ccsv5\tools\compiler\c6000_7.4.4\lib\</path>
         <kind>archive</kind>
         <file>rts6400.lib</file>
         <name>ldexp.obj</name>
      </input_file>
      <input_file id="fl-e8">
         <path>C:\ti\ccsv5\tools\compiler\c6000_7.4.4\lib\</path>
         <kind>archive</kind>
         <file>rts6400.lib</file>
         <name>modf.obj</name>
      </input_file>
      <input_file id="fl-e9">
         <path>C:\ti\ccsv5\tools\compiler\c6000_7.4.4\lib\</path>
         <kind>archive</kind>
         <file>rts6400.lib</file>
         <name>printf.obj</name>
      </input_file>
      <input_file id="fl-ea">
         <path>C:\ti\ccsv5\tools\compiler\c6000_7.4.4\lib\</path>
         <kind>archive</kind>
         <file>rts6400.lib</file>
         <name>_printfi.obj</name>
      </input_file>
      <input_file id="fl-eb">
         <path>C:\ti\ccsv5\tools\compiler\c6000_7.4.4\lib\</path>
         <kind>archive</kind>
         <file>rts6400.lib</file>
         <name>isinf.obj</name>
      </input_file>
      <input_file id="fl-ec">
         <path>C:\ti\ccsv5\tools\compiler\c6000_7.4.4\lib\</path>
         <kind>archive</kind>
         <file>rts6400.lib</file>
         <name>divu.obj</name>
      </input_file>
      <input_file id="fl-ed">
         <path>C:\ti\ccsv5\tools\compiler\c6000_7.4.4\lib\</path>
         <kind>archive</kind>
         <file>rts6400.lib</file>
         <name>imath64.obj</name>
      </input_file>
      <input_file id="fl-ee">
         <path>C:\ti\ccsv5\tools\compiler\c6000_7.4.4\lib\</path>
         <kind>archive</kind>
         <file>rts6400.lib</file>
         <name>fixdli.obj</name>
      </input_file>
      <input_file id="fl-ef">
         <path>C:\ti\ccsv5\tools\compiler\c6000_7.4.4\lib\</path>
         <kind>archive</kind>
         <file>rts6400.lib</file>
         <name>fltlid.obj</name>
      </input_file>
      <input_file id="fl-f0">
         <path>C:\ti\ccsv5\tools\compiler\c6000_7.4.4\lib\</path>
         <kind>archive</kind>
         <file>rts6400.lib</file>
         <name>llshift.obj</name>
      </input_file>
      <input_file id="fl-f1">
         <path>C:\ti\ccsv5\tools\compiler\c6000_7.4.4\lib\</path>
         <kind>archive</kind>
         <file>rts6400.lib</file>
         <name>negll.obj</name>
      </input_file>
      <input_file id="fl-f2">
         <path>C:\ti\ccsv5\tools\compiler\c6000_7.4.4\lib\</path>
         <kind>archive</kind>
         <file>rts6400.lib</file>
         <name>atoi.obj</name>
      </input_file>
      <input_file id="fl-f3">
         <path>C:\ti\ccsv5\tools\compiler\c6000_7.4.4\lib\</path>
         <kind>archive</kind>
         <file>rts6400.lib</file>
         <name>ctype.obj</name>
      </input_file>
      <input_file id="fl-f4">
         <path>C:\ti\ccsv5\tools\compiler\c6000_7.4.4\lib\</path>
         <kind>archive</kind>
         <file>rts6400.lib</file>
         <name>fputc.obj</name>
      </input_file>
      <input_file id="fl-f5">
         <path>C:\ti\ccsv5\tools\compiler\c6000_7.4.4\lib\</path>
         <kind>archive</kind>
         <file>rts6400.lib</file>
         <name>_io_perm.obj</name>
      </input_file>
      <input_file id="fl-f6">
         <path>C:\ti\ccsv5\tools\compiler\c6000_7.4.4\lib\</path>
         <kind>archive</kind>
         <file>rts6400.lib</file>
         <name>fputs.obj</name>
      </input_file>
      <input_file id="fl-f7">
         <path>C:\ti\ccsv5\tools\compiler\c6000_7.4.4\lib\</path>
         <kind>archive</kind>
         <file>rts6400.lib</file>
         <name>fseek.obj</name>
      </input_file>
      <input_file id="fl-f8">
         <path>C:\ti\ccsv5\tools\compiler\c6000_7.4.4\lib\</path>
         <kind>archive</kind>
         <file>rts6400.lib</file>
         <name>abs.obj</name>
      </input_file>
      <input_file id="fl-f9">
         <path>C:\ti\ccsv5\tools\compiler\c6000_7.4.4\lib\</path>
         <kind>archive</kind>
         <file>rts6400.lib</file>
         <name>lowlev.obj</name>
      </input_file>
      <input_file id="fl-fa">
         <path>C:\ti\ccsv5\tools\compiler\c6000_7.4.4\lib\</path>
         <kind>archive</kind>
         <file>rts6400.lib</file>
         <name>trgdrv.obj</name>
      </input_file>
      <input_file id="fl-fb">
         <path>C:\ti\ccsv5\tools\compiler\c6000_7.4.4\lib\</path>
         <kind>archive</kind>
         <file>rts6400.lib</file>
         <name>ltoa.obj</name>
      </input_file>
      <input_file id="fl-fc">
         <path>C:\ti\ccsv5\tools\compiler\c6000_7.4.4\lib\</path>
         <kind>archive</kind>
         <file>rts6400.lib</file>
         <name>memccpy.obj</name>
      </input_file>
      <input_file id="fl-fd">
         <path>C:\ti\ccsv5\tools\compiler\c6000_7.4.4\lib\</path>
         <kind>archive</kind>
         <file>rts6400.lib</file>
         <name>memset.obj</name>
      </input_file>
      <input_file id="fl-fe">
         <path>C:\ti\ccsv5\tools\compiler\c6000_7.4.4\lib\</path>
         <kind>archive</kind>
         <file>rts6400.lib</file>
         <name>rand.obj</name>
      </input_file>
      <input_file id="fl-ff">
         <path>C:\ti\ccsv5\tools\compiler\c6000_7.4.4\lib\</path>
         <kind>archive</kind>
         <file>rts6400.lib</file>
         <name>trgmsg.obj</name>
      </input_file>
      <input_file id="fl-100">
         <path>C:\ti\ccsv5\tools\compiler\c6000_7.4.4\lib\</path>
         <kind>archive</kind>
         <file>rts6400.lib</file>
         <name>setvbuf.obj</name>
      </input_file>
      <input_file id="fl-101">
         <path>C:\ti\ccsv5\tools\compiler\c6000_7.4.4\lib\</path>
         <kind>archive</kind>
         <file>rts6400.lib</file>
         <name>fopen.obj</name>
      </input_file>
      <input_file id="fl-102">
         <path>C:\ti\ccsv5\tools\compiler\c6000_7.4.4\lib\</path>
         <kind>archive</kind>
         <file>rts6400.lib</file>
         <name>fclose.obj</name>
      </input_file>
      <input_file id="fl-103">
         <path>C:\ti\bios_5_42_01_09\packages\ti\bios\lib\</path>
         <kind>archive</kind>
         <file>bios.a64</file>
         <name>malloc.o64</name>
      </input_file>
      <input_file id="fl-104">
         <path>C:\ti\bios_5_42_01_09\packages\ti\bios\lib\</path>
         <kind>archive</kind>
         <file>bios.a64</file>
         <name>mem_allo.o64</name>
      </input_file>
      <input_file id="fl-105">
         <path>C:\ti\bios_5_42_01_09\packages\ti\bios\lib\</path>
         <kind>archive</kind>
         <file>bios.a64</file>
         <name>mem_free.o64</name>
      </input_file>
      <input_file id="fl-106">
         <path>C:\ti\bios_5_42_01_09\packages\ti\bios\lib\</path>
         <kind>archive</kind>
         <file>bios.a64</file>
         <name>sys_erro.o64</name>
      </input_file>
      <input_file id="fl-107">
         <path>C:\ti\ccsv5\tools\compiler\c6000_7.4.4\lib\</path>
         <kind>archive</kind>
         <file>rts6400.lib</file>
         <name>remove.obj</name>
      </input_file>
   </input_file_list>
   <object_component_list>
      <object_component id="oc-75">
         <name>.vers</name>
         <load_address>0x0</load_address>
         <run_address>0x0</run_address>
         <size>0x3c</size>
         <input_file_ref idref="fl-b"/>
      </object_component>
      <object_component id="oc-5f">
         <name>.clk</name>
         <uninitialized>true</uninitialized>
         <run_address>0x18ab8</run_address>
         <size>0x8</size>
         <input_file_ref idref="fl-b"/>
      </object_component>
      <object_component id="oc-7">
         <name>HWI_A_VECS</name>
         <load_address>0x0</load_address>
         <run_address>0x0</run_address>
         <size>0x0</size>
      </object_component>
      <object_component id="oc-64">
         <name>.hwi_vec</name>
         <load_address>0x0</load_address>
         <run_address>0x0</run_address>
         <size>0x200</size>
         <input_file_ref idref="fl-b"/>
      </object_component>
      <object_component id="oc-65">
         <name>.swi</name>
         <uninitialized>true</uninitialized>
         <run_address>0x1ce5c</run_address>
         <size>0x2c</size>
         <input_file_ref idref="fl-b"/>
      </object_component>
      <object_component id="oc-68">
         <name>.tsk</name>
         <uninitialized>true</uninitialized>
         <run_address>0x1c82c</run_address>
         <size>0x1e0</size>
         <input_file_ref idref="fl-b"/>
      </object_component>
      <object_component id="oc-6f">
         <name>.idl</name>
         <uninitialized>true</uninitialized>
         <run_address>0x1cea8</run_address>
         <size>0x14</size>
         <input_file_ref idref="fl-b"/>
      </object_component>
      <object_component id="oc-6e">
         <name>.idlcal</name>
         <uninitialized>true</uninitialized>
         <run_address>0x1cebc</run_address>
         <size>0x14</size>
         <input_file_ref idref="fl-b"/>
      </object_component>
      <object_component id="oc-4a">
         <name>.bss</name>
         <uninitialized>true</uninitialized>
         <run_address>0x1c2b0</run_address>
         <size>0x28</size>
         <input_file_ref idref="fl-b"/>
      </object_component>
      <object_component id="oc-52">
         <name>.bss</name>
         <uninitialized>true</uninitialized>
         <run_address>0x1c310</run_address>
         <size>0x18</size>
         <input_file_ref idref="fl-9"/>
      </object_component>
      <object_component id="oc-79">
         <name>.bss</name>
         <uninitialized>true</uninitialized>
         <run_address>0x1c334</run_address>
         <size>0xc</size>
         <input_file_ref idref="fl-c"/>
      </object_component>
      <object_component id="oc-81">
         <name>.bss</name>
         <uninitialized>true</uninitialized>
         <run_address>0x1c2d8</run_address>
         <size>0x1c</size>
         <input_file_ref idref="fl-d"/>
      </object_component>
      <object_component id="oc-8c">
         <name>.bss</name>
         <uninitialized>true</uninitialized>
         <run_address>0x1c100</run_address>
         <size>0xcc</size>
         <input_file_ref idref="fl-8a"/>
      </object_component>
      <object_component id="oc-8e">
         <name>.bss</name>
         <uninitialized>true</uninitialized>
         <run_address>0x1c000</run_address>
         <size>0x100</size>
         <input_file_ref idref="fl-8b"/>
      </object_component>
      <object_component id="oc-95">
         <name>.bss</name>
         <uninitialized>true</uninitialized>
         <run_address>0x1c1cc</run_address>
         <size>0x9c</size>
         <input_file_ref idref="fl-8d"/>
      </object_component>
      <object_component id="oc-c0">
         <name>.bss</name>
         <uninitialized>true</uninitialized>
         <run_address>0x1c2f4</run_address>
         <size>0x18</size>
         <input_file_ref idref="fl-98"/>
      </object_component>
      <object_component id="oc-c2">
         <name>.bss</name>
         <uninitialized>true</uninitialized>
         <run_address>0x1c354</run_address>
         <size>0x4</size>
         <input_file_ref idref="fl-99"/>
      </object_component>
      <object_component id="oc-f3">
         <name>.bss</name>
         <uninitialized>true</uninitialized>
         <run_address>0x1c340</run_address>
         <size>0x8</size>
         <input_file_ref idref="fl-a4"/>
      </object_component>
      <object_component id="oc-fa">
         <name>.bss</name>
         <uninitialized>true</uninitialized>
         <run_address>0x1c30c</run_address>
         <size>0x4</size>
         <input_file_ref idref="fl-a6"/>
      </object_component>
      <object_component id="oc-120">
         <name>.bss</name>
         <uninitialized>true</uninitialized>
         <run_address>0x1c268</run_address>
         <size>0x48</size>
         <input_file_ref idref="fl-af"/>
      </object_component>
      <object_component id="oc-142">
         <name>.bss</name>
         <uninitialized>true</uninitialized>
         <run_address>0x1c358</run_address>
         <size>0x4</size>
         <input_file_ref idref="fl-b7"/>
      </object_component>
      <object_component id="oc-16a">
         <name>.bss</name>
         <uninitialized>true</uninitialized>
         <run_address>0x1c328</run_address>
         <size>0xc</size>
         <input_file_ref idref="fl-c1"/>
      </object_component>
      <object_component id="oc-178">
         <name>.bss</name>
         <uninitialized>true</uninitialized>
         <run_address>0x1c348</run_address>
         <size>0x8</size>
         <input_file_ref idref="fl-c4"/>
      </object_component>
      <object_component id="oc-195">
         <name>.bss</name>
         <uninitialized>true</uninitialized>
         <run_address>0x1c350</run_address>
         <size>0x4</size>
         <input_file_ref idref="fl-ca"/>
      </object_component>
      <object_component id="oc-55">
         <name>.far</name>
         <uninitialized>true</uninitialized>
         <run_address>0x18aa0</run_address>
         <size>0x4</size>
         <input_file_ref idref="fl-9"/>
      </object_component>
      <object_component id="oc-7c">
         <name>.far</name>
         <uninitialized>true</uninitialized>
         <run_address>0x189a8</run_address>
         <size>0x40</size>
         <input_file_ref idref="fl-c"/>
      </object_component>
      <object_component id="oc-84">
         <name>.far</name>
         <uninitialized>true</uninitialized>
         <run_address>0x18780</run_address>
         <size>0xc8</size>
         <input_file_ref idref="fl-d"/>
      </object_component>
      <object_component id="oc-9f">
         <name>.far</name>
         <uninitialized>true</uninitialized>
         <run_address>0x18a60</run_address>
         <size>0x10</size>
         <input_file_ref idref="fl-8f"/>
      </object_component>
      <object_component id="oc-ac">
         <name>.far</name>
         <uninitialized>true</uninitialized>
         <run_address>0x18a70</run_address>
         <size>0xc</size>
         <input_file_ref idref="fl-92"/>
      </object_component>
      <object_component id="oc-10a">
         <name>.far</name>
         <uninitialized>true</uninitialized>
         <run_address>0x18a18</run_address>
         <size>0x28</size>
         <input_file_ref idref="fl-aa"/>
      </object_component>
      <object_component id="oc-11c">
         <name>.far</name>
         <uninitialized>true</uninitialized>
         <run_address>0x185a8</run_address>
         <size>0x100</size>
         <input_file_ref idref="fl-ae"/>
      </object_component>
      <object_component id="oc-123">
         <name>.far</name>
         <uninitialized>true</uninitialized>
         <run_address>0x186a8</run_address>
         <size>0xd8</size>
         <input_file_ref idref="fl-af"/>
      </object_component>
      <object_component id="oc-13e">
         <name>.far</name>
         <uninitialized>true</uninitialized>
         <run_address>0x18900</run_address>
         <size>0x54</size>
         <input_file_ref idref="fl-b6"/>
      </object_component>
      <object_component id="oc-149">
         <name>.far</name>
         <uninitialized>true</uninitialized>
         <run_address>0x188a8</run_address>
         <size>0x54</size>
         <input_file_ref idref="fl-b9"/>
      </object_component>
      <object_component id="oc-166">
         <name>.far</name>
         <uninitialized>true</uninitialized>
         <run_address>0x189e8</run_address>
         <size>0x30</size>
         <input_file_ref idref="fl-c0"/>
      </object_component>
      <object_component id="oc-16d">
         <name>.far</name>
         <uninitialized>true</uninitialized>
         <run_address>0x18848</run_address>
         <size>0x5c</size>
         <input_file_ref idref="fl-c1"/>
      </object_component>
      <object_component id="oc-17b">
         <name>.far</name>
         <uninitialized>true</uninitialized>
         <run_address>0x18a40</run_address>
         <size>0x20</size>
         <input_file_ref idref="fl-c4"/>
      </object_component>
      <object_component id="oc-188">
         <name>.far</name>
         <uninitialized>true</uninitialized>
         <run_address>0x18954</run_address>
         <size>0x50</size>
         <input_file_ref idref="fl-c7"/>
      </object_component>
      <object_component id="oc-1ab">
         <name>.far</name>
         <uninitialized>true</uninitialized>
         <run_address>0x18040</run_address>
         <size>0x324</size>
         <input_file_ref idref="fl-cf"/>
      </object_component>
      <object_component id="oc-1af">
         <name>.far</name>
         <uninitialized>true</uninitialized>
         <run_address>0x18a88</run_address>
         <size>0x8</size>
         <input_file_ref idref="fl-d0"/>
      </object_component>
      <object_component id="oc-1ba">
         <name>.far</name>
         <uninitialized>true</uninitialized>
         <run_address>0x18a7c</run_address>
         <size>0xc</size>
         <input_file_ref idref="fl-d3"/>
      </object_component>
      <object_component id="oc-1c5">
         <name>.far</name>
         <uninitialized>true</uninitialized>
         <run_address>0x18368</run_address>
         <size>0x120</size>
         <input_file_ref idref="fl-d6"/>
      </object_component>
      <object_component id="oc-1f4">
         <name>.far</name>
         <uninitialized>true</uninitialized>
         <run_address>0x18364</run_address>
         <size>0x4</size>
         <input_file_ref idref="fl-e5"/>
      </object_component>
      <object_component id="oc-232">
         <name>.far</name>
         <uninitialized>true</uninitialized>
         <run_address>0x18488</run_address>
         <size>0x11c</size>
         <input_file_ref idref="fl-f9"/>
      </object_component>
      <object_component id="oc-236">
         <name>.far</name>
         <uninitialized>true</uninitialized>
         <run_address>0x18a98</run_address>
         <size>0x8</size>
         <input_file_ref idref="fl-fa"/>
      </object_component>
      <object_component id="oc-244">
         <name>.far</name>
         <uninitialized>true</uninitialized>
         <run_address>0x18a90</run_address>
         <size>0x8</size>
         <input_file_ref idref="fl-fe"/>
      </object_component>
      <object_component id="oc-250">
         <name>.far</name>
         <uninitialized>true</uninitialized>
         <run_address>0x185a4</run_address>
         <size>0x4</size>
         <input_file_ref idref="fl-101"/>
      </object_component>
      <object_component id="oc-73">
         <name>.sem</name>
         <uninitialized>true</uninitialized>
         <run_address>0x1ce04</run_address>
         <size>0x58</size>
         <input_file_ref idref="fl-b"/>
      </object_component>
      <object_component id="oc-5c">
         <name>.mem</name>
         <uninitialized>true</uninitialized>
         <run_address>0x1c35c</run_address>
         <size>0x4</size>
         <input_file_ref idref="fl-b"/>
      </object_component>
      <object_component id="oc-198">
         <name>.bios</name>
         <load_address>0x124a0</load_address>
         <run_address>0x124a0</run_address>
         <size>0x5e0</size>
         <input_file_ref idref="fl-ca"/>
      </object_component>
      <object_component id="oc-49">
         <name>.bios</name>
         <load_address>0x12a80</load_address>
         <run_address>0x12a80</run_address>
         <size>0x4e0</size>
         <input_file_ref idref="fl-8d"/>
      </object_component>
      <object_component id="oc-10f">
         <name>.bios</name>
         <load_address>0x12f60</load_address>
         <run_address>0x12f60</run_address>
         <size>0x460</size>
         <input_file_ref idref="fl-ab"/>
      </object_component>
      <object_component id="oc-4b">
         <name>.bios</name>
         <load_address>0x133c0</load_address>
         <run_address>0x133c0</run_address>
         <size>0x460</size>
         <input_file_ref idref="fl-8b"/>
      </object_component>
      <object_component id="oc-e2">
         <name>.bios</name>
         <load_address>0x13820</load_address>
         <run_address>0x13820</run_address>
         <size>0x3a0</size>
         <input_file_ref idref="fl-a0"/>
      </object_component>
      <object_component id="oc-257">
         <name>.bios</name>
         <load_address>0x13bc0</load_address>
         <run_address>0x13bc0</run_address>
         <size>0x360</size>
         <input_file_ref idref="fl-103"/>
      </object_component>
      <object_component id="oc-e7">
         <name>.bios</name>
         <load_address>0x13f20</load_address>
         <run_address>0x13f20</run_address>
         <size>0x2c0</size>
         <input_file_ref idref="fl-a1"/>
      </object_component>
      <object_component id="oc-136">
         <name>.bios</name>
         <load_address>0x141e0</load_address>
         <run_address>0x141e0</run_address>
         <size>0x280</size>
         <input_file_ref idref="fl-b4"/>
      </object_component>
      <object_component id="oc-156">
         <name>.bios</name>
         <load_address>0x14460</load_address>
         <run_address>0x14460</run_address>
         <size>0x260</size>
         <input_file_ref idref="fl-bc"/>
      </object_component>
      <object_component id="oc-260">
         <name>.bios:.near</name>
         <load_address>0x146c0</load_address>
         <run_address>0x146c0</run_address>
         <size>0x240</size>
         <input_file_ref idref="fl-105"/>
      </object_component>
      <object_component id="oc-de">
         <name>.bios</name>
         <load_address>0x14900</load_address>
         <run_address>0x14900</run_address>
         <size>0x240</size>
         <input_file_ref idref="fl-9f"/>
      </object_component>
      <object_component id="oc-25b">
         <name>.bios:.near</name>
         <load_address>0x14b40</load_address>
         <run_address>0x14b40</run_address>
         <size>0x220</size>
         <input_file_ref idref="fl-104"/>
      </object_component>
      <object_component id="oc-4e">
         <name>.bios</name>
         <load_address>0x14d60</load_address>
         <run_address>0x14d60</run_address>
         <size>0x220</size>
         <input_file_ref idref="fl-8f"/>
      </object_component>
      <object_component id="oc-19c">
         <name>.bios</name>
         <load_address>0x14f80</load_address>
         <run_address>0x14f80</run_address>
         <size>0x1e0</size>
         <input_file_ref idref="fl-cb"/>
      </object_component>
      <object_component id="oc-182">
         <name>.bios</name>
         <load_address>0x15160</load_address>
         <run_address>0x15160</run_address>
         <size>0x1c0</size>
         <input_file_ref idref="fl-c6"/>
      </object_component>
      <object_component id="oc-b2">
         <name>.bios</name>
         <load_address>0x15320</load_address>
         <run_address>0x15320</run_address>
         <size>0x1c0</size>
         <input_file_ref idref="fl-94"/>
      </object_component>
      <object_component id="oc-d1">
         <name>.bios</name>
         <load_address>0x154e0</load_address>
         <run_address>0x154e0</run_address>
         <size>0x1a0</size>
         <input_file_ref idref="fl-9c"/>
      </object_component>
      <object_component id="oc-1a0">
         <name>.bios</name>
         <load_address>0x15680</load_address>
         <run_address>0x15680</run_address>
         <size>0x160</size>
         <input_file_ref idref="fl-cc"/>
      </object_component>
      <object_component id="oc-171">
         <name>.bios</name>
         <load_address>0x157e0</load_address>
         <run_address>0x157e0</run_address>
         <size>0x160</size>
         <input_file_ref idref="fl-c2"/>
      </object_component>
      <object_component id="oc-189">
         <name>.bios</name>
         <load_address>0x15940</load_address>
         <run_address>0x15940</run_address>
         <size>0x140</size>
         <input_file_ref idref="fl-c7"/>
      </object_component>
      <object_component id="oc-129">
         <name>.bios</name>
         <load_address>0x15a80</load_address>
         <run_address>0x15a80</run_address>
         <size>0x120</size>
         <input_file_ref idref="fl-b1"/>
      </object_component>
      <object_component id="oc-159">
         <name>.bios</name>
         <load_address>0x15ba0</load_address>
         <run_address>0x15ba0</run_address>
         <size>0xe0</size>
         <input_file_ref idref="fl-bd"/>
      </object_component>
      <object_component id="oc-fd">
         <name>.bios</name>
         <load_address>0x15c80</load_address>
         <run_address>0x15c80</run_address>
         <size>0xe0</size>
         <input_file_ref idref="fl-a7"/>
      </object_component>
      <object_component id="oc-126">
         <name>.bios</name>
         <load_address>0x15d60</load_address>
         <run_address>0x15d60</run_address>
         <size>0xc0</size>
         <input_file_ref idref="fl-b0"/>
      </object_component>
      <object_component id="oc-4c">
         <name>.bios</name>
         <load_address>0x15e20</load_address>
         <run_address>0x15e20</run_address>
         <size>0xc0</size>
         <input_file_ref idref="fl-89"/>
      </object_component>
      <object_component id="oc-132">
         <name>.bios</name>
         <load_address>0x15ee0</load_address>
         <run_address>0x15ee0</run_address>
         <size>0xa0</size>
         <input_file_ref idref="fl-b3"/>
      </object_component>
      <object_component id="oc-12e">
         <name>.bios</name>
         <load_address>0x15f80</load_address>
         <run_address>0x15f80</run_address>
         <size>0xa0</size>
         <input_file_ref idref="fl-b2"/>
      </object_component>
      <object_component id="oc-18e">
         <name>.bios</name>
         <load_address>0x16020</load_address>
         <run_address>0x16020</run_address>
         <size>0xa0</size>
         <input_file_ref idref="fl-c8"/>
      </object_component>
      <object_component id="oc-15e">
         <name>.bios</name>
         <load_address>0x160c0</load_address>
         <run_address>0x160c0</run_address>
         <size>0xa0</size>
         <input_file_ref idref="fl-be"/>
      </object_component>
      <object_component id="oc-175">
         <name>.bios</name>
         <load_address>0x16160</load_address>
         <run_address>0x16160</run_address>
         <size>0xa0</size>
         <input_file_ref idref="fl-c3"/>
      </object_component>
      <object_component id="oc-b6">
         <name>.bios</name>
         <load_address>0x16200</load_address>
         <run_address>0x16200</run_address>
         <size>0x80</size>
         <input_file_ref idref="fl-95"/>
      </object_component>
      <object_component id="oc-c4">
         <name>.bios</name>
         <load_address>0x16280</load_address>
         <run_address>0x16280</run_address>
         <size>0x80</size>
         <input_file_ref idref="fl-99"/>
      </object_component>
      <object_component id="oc-da">
         <name>.bios</name>
         <load_address>0x16300</load_address>
         <run_address>0x16300</run_address>
         <size>0x80</size>
         <input_file_ref idref="fl-9e"/>
      </object_component>
      <object_component id="oc-ef">
         <name>.bios</name>
         <load_address>0x16380</load_address>
         <run_address>0x16380</run_address>
         <size>0x80</size>
         <input_file_ref idref="fl-a3"/>
      </object_component>
      <object_component id="oc-c8">
         <name>.bios</name>
         <load_address>0x16400</load_address>
         <run_address>0x16400</run_address>
         <size>0x80</size>
         <input_file_ref idref="fl-9a"/>
      </object_component>
      <object_component id="oc-265">
         <name>.bios:.near</name>
         <load_address>0x16480</load_address>
         <run_address>0x16480</run_address>
         <size>0x60</size>
         <input_file_ref idref="fl-106"/>
      </object_component>
      <object_component id="oc-116">
         <name>.bios</name>
         <load_address>0x164e0</load_address>
         <run_address>0x164e0</run_address>
         <size>0x60</size>
         <input_file_ref idref="fl-ad"/>
      </object_component>
      <object_component id="oc-151">
         <name>.bios</name>
         <load_address>0x16540</load_address>
         <run_address>0x16540</run_address>
         <size>0x60</size>
         <input_file_ref idref="fl-bb"/>
      </object_component>
      <object_component id="oc-14d">
         <name>.bios</name>
         <load_address>0x165a0</load_address>
         <run_address>0x165a0</run_address>
         <size>0x60</size>
         <input_file_ref idref="fl-ba"/>
      </object_component>
      <object_component id="oc-192">
         <name>.bios</name>
         <load_address>0x16600</load_address>
         <run_address>0x16600</run_address>
         <size>0x60</size>
         <input_file_ref idref="fl-c9"/>
      </object_component>
      <object_component id="oc-4d">
         <name>.bios</name>
         <load_address>0x16660</load_address>
         <run_address>0x16660</run_address>
         <size>0x60</size>
         <input_file_ref idref="fl-92"/>
      </object_component>
      <object_component id="oc-101">
         <name>.bios</name>
         <load_address>0x166c0</load_address>
         <run_address>0x166c0</run_address>
         <size>0x60</size>
         <input_file_ref idref="fl-a8"/>
      </object_component>
      <object_component id="oc-47">
         <name>.bios</name>
         <load_address>0x16720</load_address>
         <run_address>0x16720</run_address>
         <size>0x40</size>
         <input_file_ref idref="fl-8c"/>
      </object_component>
      <object_component id="oc-eb">
         <name>.bios</name>
         <load_address>0x16760</load_address>
         <run_address>0x16760</run_address>
         <size>0x40</size>
         <input_file_ref idref="fl-a2"/>
      </object_component>
      <object_component id="oc-46">
         <name>.bios</name>
         <load_address>0x167a0</load_address>
         <run_address>0x167a0</run_address>
         <size>0x40</size>
         <input_file_ref idref="fl-90"/>
      </object_component>
      <object_component id="oc-f6">
         <name>.bios</name>
         <load_address>0x167e0</load_address>
         <run_address>0x167e0</run_address>
         <size>0x40</size>
         <input_file_ref idref="fl-a5"/>
      </object_component>
      <object_component id="oc-105">
         <name>.bios</name>
         <load_address>0x16820</load_address>
         <run_address>0x16820</run_address>
         <size>0x40</size>
         <input_file_ref idref="fl-a9"/>
      </object_component>
      <object_component id="oc-51">
         <name>.bios</name>
         <load_address>0x16860</load_address>
         <run_address>0x16860</run_address>
         <size>0x20</size>
         <input_file_ref idref="fl-8e"/>
      </object_component>
      <object_component id="oc-112">
         <name>.bios</name>
         <load_address>0x16880</load_address>
         <run_address>0x16880</run_address>
         <size>0x20</size>
         <input_file_ref idref="fl-ac"/>
      </object_component>
      <object_component id="oc-cc">
         <name>.bios</name>
         <load_address>0x168a0</load_address>
         <run_address>0x168a0</run_address>
         <size>0x20</size>
         <input_file_ref idref="fl-9b"/>
      </object_component>
      <object_component id="oc-139">
         <name>.bios</name>
         <load_address>0x168c0</load_address>
         <run_address>0x168c0</run_address>
         <size>0x20</size>
         <input_file_ref idref="fl-b5"/>
      </object_component>
      <object_component id="oc-161">
         <name>.bios</name>
         <load_address>0x168e0</load_address>
         <run_address>0x168e0</run_address>
         <size>0x20</size>
         <input_file_ref idref="fl-bf"/>
      </object_component>
      <object_component id="oc-50">
         <name>.bios</name>
         <load_address>0x16900</load_address>
         <run_address>0x16900</run_address>
         <size>0x20</size>
         <input_file_ref idref="fl-91"/>
      </object_component>
      <object_component id="oc-4f">
         <name>.bios</name>
         <load_address>0x16920</load_address>
         <run_address>0x16920</run_address>
         <size>0x20</size>
         <input_file_ref idref="fl-93"/>
      </object_component>
      <object_component id="oc-d6">
         <name>.bios</name>
         <load_address>0x16940</load_address>
         <run_address>0x16940</run_address>
         <size>0x20</size>
         <input_file_ref idref="fl-9d"/>
      </object_component>
      <object_component id="oc-248">
         <name>.cio</name>
         <uninitialized>true</uninitialized>
         <run_address>0x1ca10</run_address>
         <size>0x120</size>
         <input_file_ref idref="fl-ff"/>
      </object_component>
      <object_component id="oc-d5">
         <name>.data</name>
         <load_address>0x1ceec</load_address>
         <run_address>0x1ceec</run_address>
         <size>0x8</size>
         <input_file_ref idref="fl-9d"/>
      </object_component>
      <object_component id="oc-5e">
         <name>.sys</name>
         <uninitialized>true</uninitialized>
         <run_address>0x1ced0</run_address>
         <size>0x10</size>
         <input_file_ref idref="fl-b"/>
      </object_component>
      <object_component id="oc-296">
         <name>.text:_pow</name>
         <load_address>0x200</load_address>
         <run_address>0x200</run_address>
         <size>0xc60</size>
         <input_file_ref idref="fl-d6"/>
      </object_component>
      <object_component id="oc-26c">
         <name>.text</name>
         <load_address>0xe60</load_address>
         <run_address>0xe60</run_address>
         <size>0x980</size>
         <input_file_ref idref="fl-d"/>
      </object_component>
      <object_component id="oc-2c9">
         <name>.text:__getarg_diouxp</name>
         <load_address>0x17e0</load_address>
         <run_address>0x17e0</run_address>
         <size>0x620</size>
         <input_file_ref idref="fl-ea"/>
      </object_component>
      <object_component id="oc-2a7">
         <name>.text:__divd</name>
         <load_address>0x1e00</load_address>
         <run_address>0x1e00</run_address>
         <size>0x5c0</size>
         <input_file_ref idref="fl-d9"/>
      </object_component>
      <object_component id="oc-2b1">
         <name>.text:__setfield</name>
         <load_address>0x23c0</load_address>
         <run_address>0x23c0</run_address>
         <size>0x4e0</size>
         <input_file_ref idref="fl-ea"/>
      </object_component>
      <object_component id="oc-29a">
         <name>.text:__printfi</name>
         <load_address>0x28a0</load_address>
         <run_address>0x28a0</run_address>
         <size>0x4c0</size>
         <input_file_ref idref="fl-ea"/>
      </object_component>
      <object_component id="oc-26b">
         <name>.text</name>
         <load_address>0x2d60</load_address>
         <run_address>0x2d60</run_address>
         <size>0x480</size>
         <input_file_ref idref="fl-c"/>
      </object_component>
      <object_component id="oc-2ae">
         <name>.text:_fputs</name>
         <load_address>0x31e0</load_address>
         <run_address>0x31e0</run_address>
         <size>0x420</size>
         <input_file_ref idref="fl-f6"/>
      </object_component>
      <object_component id="oc-2d1">
         <name>.text:_fcvt</name>
         <load_address>0x3600</load_address>
         <run_address>0x3600</run_address>
         <size>0x400</size>
         <input_file_ref idref="fl-ea"/>
      </object_component>
      <object_component id="oc-2bc">
         <name>.text:__pproc_fge</name>
         <load_address>0x3a00</load_address>
         <run_address>0x3a00</run_address>
         <size>0x3e0</size>
         <input_file_ref idref="fl-ea"/>
      </object_component>
      <object_component id="oc-2ce">
         <name>.text:_ecvt</name>
         <load_address>0x3de0</load_address>
         <run_address>0x3de0</run_address>
         <size>0x3c0</size>
         <input_file_ref idref="fl-ea"/>
      </object_component>
      <object_component id="oc-2c8">
         <name>.text:__pconv_e</name>
         <load_address>0x41a0</load_address>
         <run_address>0x41a0</run_address>
         <size>0x320</size>
         <input_file_ref idref="fl-ea"/>
      </object_component>
      <object_component id="oc-2b0">
         <name>.text:__pproc_fwp</name>
         <load_address>0x44c0</load_address>
         <run_address>0x44c0</run_address>
         <size>0x300</size>
         <input_file_ref idref="fl-ea"/>
      </object_component>
      <object_component id="oc-2d9">
         <name>.text:__divull</name>
         <load_address>0x47c0</load_address>
         <run_address>0x47c0</run_address>
         <size>0x2c0</size>
         <input_file_ref idref="fl-ed"/>
      </object_component>
      <object_component id="oc-2bd">
         <name>.text:__pproc_diouxp</name>
         <load_address>0x4a80</load_address>
         <run_address>0x4a80</run_address>
         <size>0x2a0</size>
         <input_file_ref idref="fl-ea"/>
      </object_component>
      <object_component id="oc-2a8">
         <name>.text:__mpyd</name>
         <load_address>0x4d20</load_address>
         <run_address>0x4d20</run_address>
         <size>0x280</size>
         <input_file_ref idref="fl-dd"/>
      </object_component>
      <object_component id="oc-2b5">
         <name>.text:__frcaddd</name>
         <load_address>0x4fa0</load_address>
         <run_address>0x4fa0</run_address>
         <size>0x260</size>
         <input_file_ref idref="fl-db"/>
      </object_component>
      <object_component id="oc-2b2">
         <name>.text:__pproc_str</name>
         <load_address>0x5200</load_address>
         <run_address>0x5200</run_address>
         <size>0x260</size>
         <input_file_ref idref="fl-ea"/>
      </object_component>
      <object_component id="oc-2b3">
         <name>.text:_fputc</name>
         <load_address>0x5460</load_address>
         <run_address>0x5460</run_address>
         <size>0x260</size>
         <input_file_ref idref="fl-f4"/>
      </object_component>
      <object_component id="oc-2a6">
         <name>.text:__addd</name>
         <load_address>0x56c0</load_address>
         <run_address>0x56c0</run_address>
         <size>0x240</size>
         <input_file_ref idref="fl-d7"/>
      </object_component>
      <object_component id="oc-2c6">
         <name>.text:__pconv_g</name>
         <load_address>0x5900</load_address>
         <run_address>0x5900</run_address>
         <size>0x240</size>
         <input_file_ref idref="fl-ea"/>
      </object_component>
      <object_component id="oc-2a4">
         <name>.text:_ldexp</name>
         <load_address>0x5b40</load_address>
         <run_address>0x5b40</run_address>
         <size>0x240</size>
         <input_file_ref idref="fl-e7"/>
      </object_component>
      <object_component id="oc-2c2">
         <name>.text:_setvbuf</name>
         <load_address>0x5d80</load_address>
         <run_address>0x5d80</run_address>
         <size>0x240</size>
         <input_file_ref idref="fl-100"/>
      </object_component>
      <object_component id="oc-278">
         <name>.text:_HOSTrename</name>
         <load_address>0x5fc0</load_address>
         <run_address>0x5fc0</run_address>
         <size>0x200</size>
         <input_file_ref idref="fl-fa"/>
      </object_component>
      <object_component id="oc-2d0">
         <name>.text:__mcpy</name>
         <load_address>0x61c0</load_address>
         <run_address>0x61c0</run_address>
         <size>0x200</size>
         <input_file_ref idref="fl-ea"/>
      </object_component>
      <object_component id="oc-29e">
         <name>.text:_MCBSP_reset</name>
         <load_address>0x63c0</load_address>
         <run_address>0x63c0</run_address>
         <size>0x1e0</size>
         <input_file_ref idref="fl-b6"/>
      </object_component>
      <object_component id="oc-27b">
         <name>.text:__CSL_init</name>
         <load_address>0x65a0</load_address>
         <run_address>0x65a0</run_address>
         <size>0x1e0</size>
         <input_file_ref idref="fl-aa"/>
      </object_component>
      <object_component id="oc-2a2">
         <name>.text:_frexp</name>
         <load_address>0x6780</load_address>
         <run_address>0x6780</run_address>
         <size>0x1e0</size>
         <input_file_ref idref="fl-e6"/>
      </object_component>
      <object_component id="oc-2b9">
         <name>.text:__divul</name>
         <load_address>0x6960</load_address>
         <run_address>0x6960</run_address>
         <size>0x1a0</size>
         <input_file_ref idref="fl-d1"/>
      </object_component>
      <object_component id="oc-29f">
         <name>.text:_mux2Tables</name>
         <load_address>0x6b00</load_address>
         <run_address>0x6b00</run_address>
         <size>0x1a0</size>
         <input_file_ref idref="fl-ae"/>
      </object_component>
      <object_component id="oc-2c1">
         <name>.text:_fseek</name>
         <load_address>0x6ca0</load_address>
         <run_address>0x6ca0</run_address>
         <size>0x180</size>
         <input_file_ref idref="fl-f7"/>
      </object_component>
      <object_component id="oc-2e0">
         <name>.text:_getdevice</name>
         <load_address>0x6e20</load_address>
         <run_address>0x6e20</run_address>
         <size>0x180</size>
         <input_file_ref idref="fl-f9"/>
      </object_component>
      <object_component id="oc-2cb">
         <name>.text:__ltostr</name>
         <load_address>0x6fa0</load_address>
         <run_address>0x6fa0</run_address>
         <size>0x160</size>
         <input_file_ref idref="fl-ea"/>
      </object_component>
      <object_component id="oc-2a9">
         <name>.text:__nround</name>
         <load_address>0x7100</load_address>
         <run_address>0x7100</run_address>
         <size>0x160</size>
         <input_file_ref idref="fl-e1"/>
      </object_component>
      <object_component id="oc-2af">
         <name>.text:__pproc_fflags</name>
         <load_address>0x7260</load_address>
         <run_address>0x7260</run_address>
         <size>0x160</size>
         <input_file_ref idref="fl-ea"/>
      </object_component>
      <object_component id="oc-2d4">
         <name>.text:__closefile</name>
         <load_address>0x73c0</load_address>
         <run_address>0x73c0</run_address>
         <size>0x140</size>
         <input_file_ref idref="fl-102"/>
      </object_component>
      <object_component id="oc-276">
         <name>.text:_HOSTlseek</name>
         <load_address>0x7500</load_address>
         <run_address>0x7500</run_address>
         <size>0x120</size>
         <input_file_ref idref="fl-fa"/>
      </object_component>
      <object_component id="oc-295">
         <name>.text:_TIMER_open</name>
         <load_address>0x7620</load_address>
         <run_address>0x7620</run_address>
         <size>0x120</size>
         <input_file_ref idref="fl-c0"/>
      </object_component>
      <object_component id="oc-2a0">
         <name>.text:_TIMER_reset</name>
         <load_address>0x7740</load_address>
         <run_address>0x7740</run_address>
         <size>0x120</size>
         <input_file_ref idref="fl-c0"/>
      </object_component>
      <object_component id="oc-2b8">
         <name>.text:__frcmpyd</name>
         <load_address>0x7860</load_address>
         <run_address>0x7860</run_address>
         <size>0x120</size>
         <input_file_ref idref="fl-de"/>
      </object_component>
      <object_component id="oc-2ba">
         <name>.text:__wrt_ok</name>
         <load_address>0x7980</load_address>
         <run_address>0x7980</run_address>
         <size>0x120</size>
         <input_file_ref idref="fl-f5"/>
      </object_component>
      <object_component id="oc-2bb">
         <name>.text:_atoi</name>
         <load_address>0x7aa0</load_address>
         <run_address>0x7aa0</run_address>
         <size>0x120</size>
         <input_file_ref idref="fl-f2"/>
      </object_component>
      <object_component id="oc-272">
         <name>.text:_HOSTopen</name>
         <load_address>0x7bc0</load_address>
         <run_address>0x7bc0</run_address>
         <size>0x100</size>
         <input_file_ref idref="fl-fa"/>
      </object_component>
      <object_component id="oc-274">
         <name>.text:_HOSTread</name>
         <load_address>0x7cc0</load_address>
         <run_address>0x7cc0</run_address>
         <size>0x100</size>
         <input_file_ref idref="fl-fa"/>
      </object_component>
      <object_component id="oc-275">
         <name>.text:_HOSTwrite</name>
         <load_address>0x7dc0</load_address>
         <run_address>0x7dc0</run_address>
         <size>0x100</size>
         <input_file_ref idref="fl-fa"/>
      </object_component>
      <object_component id="oc-27f">
         <name>.text:__divi</name>
         <load_address>0x7ec0</load_address>
         <run_address>0x7ec0</run_address>
         <size>0x100</size>
         <input_file_ref idref="fl-cd"/>
      </object_component>
      <object_component id="oc-2b7">
         <name>.text:__frcmpyd_div</name>
         <load_address>0x7fc0</load_address>
         <run_address>0x7fc0</run_address>
         <size>0x100</size>
         <input_file_ref idref="fl-dc"/>
      </object_component>
      <object_component id="oc-28e">
         <name>.text:__strasgi</name>
         <load_address>0x80c0</load_address>
         <run_address>0x80c0</run_address>
         <size>0x100</size>
         <input_file_ref idref="fl-d2"/>
      </object_component>
      <object_component id="oc-2da">
         <name>.text:_close</name>
         <load_address>0x81c0</load_address>
         <run_address>0x81c0</run_address>
         <size>0x100</size>
         <input_file_ref idref="fl-f9"/>
      </object_component>
      <object_component id="oc-281">
         <name>.text:_fflush</name>
         <load_address>0x82c0</load_address>
         <run_address>0x82c0</run_address>
         <size>0x100</size>
         <input_file_ref idref="fl-d4"/>
      </object_component>
      <object_component id="oc-2d6">
         <name>.text:_ltoa</name>
         <load_address>0x83c0</load_address>
         <run_address>0x83c0</run_address>
         <size>0x100</size>
         <input_file_ref idref="fl-fb"/>
      </object_component>
      <object_component id="oc-279">
         <name>.text:_memset</name>
         <load_address>0x84c0</load_address>
         <run_address>0x84c0</run_address>
         <size>0x100</size>
         <input_file_ref idref="fl-fd"/>
      </object_component>
      <object_component id="oc-27e">
         <name>.text</name>
         <load_address>0x85c0</load_address>
         <run_address>0x85c0</run_address>
         <size>0x100</size>
         <input_file_ref idref="fl-9"/>
      </object_component>
      <object_component id="oc-277">
         <name>.text:_HOSTunlink</name>
         <load_address>0x86c0</load_address>
         <run_address>0x86c0</run_address>
         <size>0xe0</size>
         <input_file_ref idref="fl-fa"/>
      </object_component>
      <object_component id="oc-28f">
         <name>.text:_MCBSP_open</name>
         <load_address>0x87a0</load_address>
         <run_address>0x87a0</run_address>
         <size>0xe0</size>
         <input_file_ref idref="fl-b6"/>
      </object_component>
      <object_component id="oc-291">
         <name>.text:_MCBSP_start</name>
         <load_address>0x8880</load_address>
         <run_address>0x8880</run_address>
         <size>0xe0</size>
         <input_file_ref idref="fl-b6"/>
      </object_component>
      <object_component id="oc-2a1">
         <name>.text:__cmpd</name>
         <load_address>0x8960</load_address>
         <run_address>0x8960</run_address>
         <size>0xe0</size>
         <input_file_ref idref="fl-d8"/>
      </object_component>
      <object_component id="oc-2d3">
         <name>.text:__div</name>
         <load_address>0x8a40</load_address>
         <run_address>0x8a40</run_address>
         <size>0xe0</size>
         <input_file_ref idref="fl-ea"/>
      </object_component>
      <object_component id="oc-29c">
         <name>.text:__doflush</name>
         <load_address>0x8b20</load_address>
         <run_address>0x8b20</run_address>
         <size>0xe0</size>
         <input_file_ref idref="fl-d4"/>
      </object_component>
      <object_component id="oc-2c7">
         <name>.text:__pconv_f</name>
         <load_address>0x8c00</load_address>
         <run_address>0x8c00</run_address>
         <size>0xe0</size>
         <input_file_ref idref="fl-ea"/>
      </object_component>
      <object_component id="oc-270">
         <name>.text:_memcpy</name>
         <load_address>0x8ce0</load_address>
         <run_address>0x8ce0</run_address>
         <size>0xe0</size>
         <input_file_ref idref="fl-d5"/>
      </object_component>
      <object_component id="oc-2ab">
         <name>.text:_modf</name>
         <load_address>0x8dc0</load_address>
         <run_address>0x8dc0</run_address>
         <size>0xe0</size>
         <input_file_ref idref="fl-e8"/>
      </object_component>
      <object_component id="oc-280">
         <name>.text:_printf</name>
         <load_address>0x8ea0</load_address>
         <run_address>0x8ea0</run_address>
         <size>0xe0</size>
         <input_file_ref idref="fl-e9"/>
      </object_component>
      <object_component id="oc-273">
         <name>.text:_HOSTclose</name>
         <load_address>0x8f80</load_address>
         <run_address>0x8f80</run_address>
         <size>0xc0</size>
         <input_file_ref idref="fl-fa"/>
      </object_component>
      <object_component id="oc-290">
         <name>.text:_MCBSP_config</name>
         <load_address>0x9040</load_address>
         <run_address>0x9040</run_address>
         <size>0xc0</size>
         <input_file_ref idref="fl-b6"/>
      </object_component>
      <object_component id="oc-2cd">
         <name>.text:__cleanup</name>
         <load_address>0x9100</load_address>
         <run_address>0x9100</run_address>
         <size>0xc0</size>
         <input_file_ref idref="fl-101"/>
      </object_component>
      <object_component id="oc-2d8">
         <name>.text:__divu</name>
         <load_address>0x91c0</load_address>
         <run_address>0x91c0</run_address>
         <size>0xc0</size>
         <input_file_ref idref="fl-ec"/>
      </object_component>
      <object_component id="oc-2cf">
         <name>.text:__ecpy</name>
         <load_address>0x9280</load_address>
         <run_address>0x9280</run_address>
         <size>0xc0</size>
         <input_file_ref idref="fl-ea"/>
      </object_component>
      <object_component id="oc-2d2">
         <name>.text:__fcpy</name>
         <load_address>0x9340</load_address>
         <run_address>0x9340</run_address>
         <size>0xc0</size>
         <input_file_ref idref="fl-ea"/>
      </object_component>
      <object_component id="oc-282">
         <name>.text:_exit</name>
         <load_address>0x9400</load_address>
         <run_address>0x9400</run_address>
         <size>0xc0</size>
         <input_file_ref idref="fl-d3"/>
      </object_component>
      <object_component id="oc-2cc">
         <name>.text:_lseek</name>
         <load_address>0x94c0</load_address>
         <run_address>0x94c0</run_address>
         <size>0xc0</size>
         <input_file_ref idref="fl-f9"/>
      </object_component>
      <object_component id="oc-2b4">
         <name>.text:_write</name>
         <load_address>0x9580</load_address>
         <run_address>0x9580</run_address>
         <size>0xc0</size>
         <input_file_ref idref="fl-f9"/>
      </object_component>
      <object_component id="oc-185">
         <name>.text</name>
         <load_address>0x9640</load_address>
         <run_address>0x9640</run_address>
         <size>0xc0</size>
         <input_file_ref idref="fl-c7"/>
      </object_component>
      <object_component id="oc-28d">
         <name>.text:_MCBSP_close</name>
         <load_address>0x9700</load_address>
         <run_address>0x9700</run_address>
         <size>0xa0</size>
         <input_file_ref idref="fl-b6"/>
      </object_component>
      <object_component id="oc-2ad">
         <name>.text:__divli</name>
         <load_address>0x97a0</load_address>
         <run_address>0x97a0</run_address>
         <size>0xa0</size>
         <input_file_ref idref="fl-d1"/>
      </object_component>
      <object_component id="oc-297">
         <name>.text:__fixdi</name>
         <load_address>0x9840</load_address>
         <run_address>0x9840</run_address>
         <size>0xa0</size>
         <input_file_ref idref="fl-ce"/>
      </object_component>
      <object_component id="oc-2d5">
         <name>.text:__fixdli</name>
         <load_address>0x98e0</load_address>
         <run_address>0x98e0</run_address>
         <size>0xa0</size>
         <input_file_ref idref="fl-ee"/>
      </object_component>
      <object_component id="oc-2bf">
         <name>.text:__renormd</name>
         <load_address>0x9980</load_address>
         <run_address>0x9980</run_address>
         <size>0xa0</size>
         <input_file_ref idref="fl-e2"/>
      </object_component>
      <object_component id="oc-2e1">
         <name>.text:_finddevice</name>
         <load_address>0x9a20</load_address>
         <run_address>0x9a20</run_address>
         <size>0xa0</size>
         <input_file_ref idref="fl-f9"/>
      </object_component>
      <object_component id="oc-27d">
         <name>.text:_rand</name>
         <load_address>0x9ac0</load_address>
         <run_address>0x9ac0</run_address>
         <size>0xa0</size>
         <input_file_ref idref="fl-fe"/>
      </object_component>
      <object_component id="oc-294">
         <name>.text:__IRQ_init</name>
         <load_address>0x9b60</load_address>
         <run_address>0x9b60</run_address>
         <size>0x80</size>
         <input_file_ref idref="fl-ae"/>
      </object_component>
      <object_component id="oc-2d7">
         <name>.text:__fltlid</name>
         <load_address>0x9be0</load_address>
         <run_address>0x9be0</run_address>
         <size>0x80</size>
         <input_file_ref idref="fl-ef"/>
      </object_component>
      <object_component id="oc-2dc">
         <name>.text:__llshl</name>
         <load_address>0x9c60</load_address>
         <run_address>0x9c60</run_address>
         <size>0x80</size>
         <input_file_ref idref="fl-f0"/>
      </object_component>
      <object_component id="oc-2c0">
         <name>.text:__mpyll</name>
         <load_address>0x9ce0</load_address>
         <run_address>0x9ce0</run_address>
         <size>0x80</size>
         <input_file_ref idref="fl-df"/>
      </object_component>
      <object_component id="oc-2be">
         <name>.text:_memccpy</name>
         <load_address>0x9d60</load_address>
         <run_address>0x9d60</run_address>
         <size>0x80</size>
         <input_file_ref idref="fl-fc"/>
      </object_component>
      <object_component id="oc-293">
         <name>.text:_readmsg</name>
         <load_address>0x9de0</load_address>
         <run_address>0x9de0</run_address>
         <size>0x80</size>
         <input_file_ref idref="fl-ff"/>
      </object_component>
      <object_component id="oc-2df">
         <name>.text:_unlink</name>
         <load_address>0x9e60</load_address>
         <run_address>0x9e60</run_address>
         <size>0x80</size>
         <input_file_ref idref="fl-f9"/>
      </object_component>
      <object_component id="oc-2a3">
         <name>.text:__fltid</name>
         <load_address>0x9ee0</load_address>
         <run_address>0x9ee0</run_address>
         <size>0x60</size>
         <input_file_ref idref="fl-da"/>
      </object_component>
      <object_component id="oc-2de">
         <name>.text:__llshru</name>
         <load_address>0x9f40</load_address>
         <run_address>0x9f40</run_address>
         <size>0x60</size>
         <input_file_ref idref="fl-f0"/>
      </object_component>
      <object_component id="oc-298">
         <name>.text:__remli</name>
         <load_address>0x9fa0</load_address>
         <run_address>0x9fa0</run_address>
         <size>0x60</size>
         <input_file_ref idref="fl-d1"/>
      </object_component>
      <object_component id="oc-2dd">
         <name>.text:__subcull</name>
         <load_address>0xa000</load_address>
[...]
      </symbol>
      <symbol id="sm-6c4">
         <name>_SEM_post</name>
         <value>0x15ba0</value>
         <object_component_ref idref="oc-159"/>
      </symbol>
      <symbol id="sm-6ce">
         <name>_SEM_postEnterKnl</name>
         <value>0x160c0</value>
         <object_component_ref idref="oc-15e"/>
      </symbol>
      <symbol id="sm-6d6">
         <name>_STS_set</name>
         <value>0x168e0</value>
         <object_component_ref idref="oc-161"/>
      </symbol>
      <symbol id="sm-6e6">
         <name>_TIMER_reset</name>
         <value>0x7740</value>
         <object_component_ref idref="oc-2a0"/>
      </symbol>
      <symbol id="sm-6e7">
         <name>_TIMER_open</name>
         <value>0x7620</value>
         <object_component_ref idref="oc-295"/>
      </symbol>
      <symbol id="sm-6e8">
         <name>__TIMER_hDev0</name>
         <value>0x18a0c</value>
         <object_component_ref idref="oc-166"/>
      </symbol>
      <symbol id="sm-6e9">
         <name>__TIMER_hDev1</name>
         <value>0x18a10</value>
         <object_component_ref idref="oc-166"/>
      </symbol>
      <symbol id="sm-6ea">
         <name>__TIMER_hBios</name>
         <value>0x18a14</value>
         <object_component_ref idref="oc-166"/>
      </symbol>
      <symbol id="sm-6eb">
         <name>__TIMER_deviceTable</name>
         <value>0x189e8</value>
         <object_component_ref idref="oc-166"/>
      </symbol>
      <symbol id="sm-6f9">
         <name>_TSK_nTasks</name>
         <value>0x1c328</value>
         <object_component_ref idref="oc-16a"/>
      </symbol>
      <symbol id="sm-6fa">
         <name>_TSK_config</name>
         <value>0x18864</value>
         <object_component_ref idref="oc-16d"/>
      </symbol>
      <symbol id="sm-6fb">
         <name>_TSK</name>
         <value>0x1c330</value>
         <object_component_ref idref="oc-16a"/>
      </symbol>
      <symbol id="sm-6fc">
         <name>_TSK_timerSem</name>
         <value>0x18884</value>
         <object_component_ref idref="oc-16d"/>
      </symbol>
      <symbol id="sm-6fd">
         <name>_TSK_pid</name>
         <value>0x1c32c</value>
         <object_component_ref idref="oc-16a"/>
      </symbol>
      <symbol id="sm-6fe">
         <name>_TSK_ATTRS</name>
         <value>0x18848</value>
         <object_component_ref idref="oc-16d"/>
      </symbol>
      <symbol id="sm-708">
         <name>_TSK_exit</name>
         <value>0x157e0</value>
         <object_component_ref idref="oc-171"/>
      </symbol>
      <symbol id="sm-712">
         <name>_SYS_exit</name>
         <value>0x16160</value>
         <object_component_ref idref="oc-175"/>
      </symbol>
      <symbol id="sm-71e">
         <name>_SYS_exitStack</name>
         <value>0x18a40</value>
         <object_component_ref idref="oc-17b"/>
      </symbol>
      <symbol id="sm-71f">
         <name>_SYS_exitStackPtr</name>
         <value>0x1c348</value>
         <object_component_ref idref="oc-178"/>
      </symbol>
      <symbol id="sm-720">
         <name>_SYS_exitStackTop</name>
         <value>0x1c34c</value>
         <object_component_ref idref="oc-178"/>
      </symbol>
      <symbol id="sm-72a">
         <name>_TSK_init</name>
         <value>0x18f20</value>
         <object_component_ref idref="oc-17e"/>
      </symbol>
      <symbol id="sm-734">
         <name>_TSK_setup</name>
         <value>0x15160</value>
         <object_component_ref idref="oc-182"/>
      </symbol>
      <symbol id="sm-746">
         <name>__MEM_mutex</name>
         <value>0x1897c</value>
         <object_component_ref idref="oc-188"/>
      </symbol>
      <symbol id="sm-747">
         <name>_TSK_startup</name>
         <value>0x159e8</value>
         <object_component_ref idref="oc-189"/>
      </symbol>
      <symbol id="sm-748">
         <name>__TSK_mutex</name>
         <value>0x18954</value>
         <object_component_ref idref="oc-188"/>
      </symbol>
      <symbol id="sm-752">
         <name>_LCK_pend</name>
         <value>0x1604c</value>
         <object_component_ref idref="oc-18e"/>
      </symbol>
      <symbol id="sm-753">
         <name>_LCK_post</name>
         <value>0x16020</value>
         <object_component_ref idref="oc-18e"/>
      </symbol>
      <symbol id="sm-75d">
         <name>_SYS_abort</name>
         <value>0x16600</value>
         <object_component_ref idref="oc-192"/>
      </symbol>
      <symbol id="sm-76d">
         <name>__GBL_setL2CacheMode</name>
         <value>0x12934</value>
         <object_component_ref idref="oc-198"/>
      </symbol>
      <symbol id="sm-777">
         <name>__SEM_dopost</name>
         <value>0x14f80</value>
         <object_component_ref idref="oc-19c"/>
      </symbol>
      <symbol id="sm-781">
         <name>__auto_init</name>
         <value>0x15680</value>
         <object_component_ref idref="oc-1a0"/>
      </symbol>
      <symbol id="sm-789">
         <name>__c6xabi_divi</name>
         <value>0x7ec0</value>
         <object_component_ref idref="oc-27f"/>
      </symbol>
      <symbol id="sm-78a">
         <name>__divi</name>
         <value>0x7ec0</value>
         <object_component_ref idref="oc-27f"/>
      </symbol>
      <symbol id="sm-794">
         <name>__fixdi</name>
         <value>0x9840</value>
         <object_component_ref idref="oc-297"/>
      </symbol>
      <symbol id="sm-79e">
         <name>__tmpnams</name>
         <value>0x18220</value>
         <object_component_ref idref="oc-1ab"/>
      </symbol>
      <symbol id="sm-79f">
         <name>__ft_end</name>
         <value>0x18360</value>
         <object_component_ref idref="oc-1ab"/>
      </symbol>
      <symbol id="sm-7a0">
         <name>__ftable</name>
         <value>0x18040</value>
         <object_component_ref idref="oc-1ab"/>
      </symbol>
      <symbol id="sm-7b2">
         <name>__unlock</name>
         <value>0x18a8c</value>
         <object_component_ref idref="oc-1af"/>
      </symbol>
      <symbol id="sm-7b3">
         <name>__lock</name>
         <value>0x18a88</value>
         <object_component_ref idref="oc-1af"/>
      </symbol>
      <symbol id="sm-7b4">
         <name>__register_lock</name>
         <value>0xa3e0</value>
         <object_component_ref idref="oc-26d"/>
      </symbol>
      <symbol id="sm-7b5">
         <name>__nop</name>
         <value>0xa380</value>
         <object_component_ref idref="oc-271"/>
      </symbol>
      <symbol id="sm-7b6">
         <name>__register_unlock</name>
         <value>0xa400</value>
         <object_component_ref idref="oc-26e"/>
      </symbol>
      <symbol id="sm-7c4">
         <name>__divul</name>
         <value>0x6960</value>
         <object_component_ref idref="oc-2b9"/>
      </symbol>
      <symbol id="sm-7c5">
         <name>__remli</name>
         <value>0x9fa0</value>
         <object_component_ref idref="oc-298"/>
      </symbol>
      <symbol id="sm-7c6">
         <name>__divli</name>
         <value>0x97a0</value>
         <object_component_ref idref="oc-2ad"/>
      </symbol>
      <symbol id="sm-7ce">
         <name>__c6xabi_strasgi</name>
         <value>0x80c0</value>
         <object_component_ref idref="oc-28e"/>
      </symbol>
      <symbol id="sm-7cf">
         <name>__strasgi</name>
         <value>0x80c0</value>
         <object_component_ref idref="oc-28e"/>
      </symbol>
      <symbol id="sm-7df">
         <name>C$$EXIT</name>
         <value>0xa440</value>
         <object_component_ref idref="oc-29d"/>
      </symbol>
      <symbol id="sm-7e0">
         <name>_exit</name>
         <value>0x9400</value>
         <object_component_ref idref="oc-282"/>
      </symbol>
      <symbol id="sm-7e1">
         <name>___TI_enable_exit_profile_output</name>
         <value>0x18a84</value>
         <object_component_ref idref="oc-1ba"/>
      </symbol>
      <symbol id="sm-7e2">
         <name>_abort</name>
         <value>0xa440</value>
         <object_component_ref idref="oc-29d"/>
      </symbol>
      <symbol id="sm-7e3">
         <name>__cleanup_ptr</name>
         <value>0x18a7c</value>
         <object_component_ref idref="oc-1ba"/>
      </symbol>
      <symbol id="sm-7e4">
         <name>__dtors_ptr</name>
         <value>0x18a80</value>
         <object_component_ref idref="oc-1ba"/>
      </symbol>
      <symbol id="sm-7f0">
         <name>__doflush</name>
         <value>0x8b20</value>
         <object_component_ref idref="oc-29c"/>
      </symbol>
      <symbol id="sm-7f1">
         <name>_fflush</name>
         <value>0x82c0</value>
         <object_component_ref idref="oc-281"/>
      </symbol>
      <symbol id="sm-7f9">
         <name>_memcpy</name>
         <value>0x8ce0</value>
         <object_component_ref idref="oc-270"/>
      </symbol>
      <symbol id="sm-807">
         <name>_pow</name>
         <value>0x200</value>
         <object_component_ref idref="oc-296"/>
      </symbol>
      <symbol id="sm-811">
         <name>__addd</name>
         <value>0x56c0</value>
         <object_component_ref idref="oc-2a6"/>
      </symbol>
      <symbol id="sm-81b">
         <name>__cmpd</name>
         <value>0x8960</value>
         <object_component_ref idref="oc-2a1"/>
      </symbol>
      <symbol id="sm-827">
         <name>__divd</name>
         <value>0x1e00</value>
         <object_component_ref idref="oc-2a7"/>
      </symbol>
      <symbol id="sm-831">
         <name>__fltid</name>
         <value>0x9ee0</value>
         <object_component_ref idref="oc-2a3"/>
      </symbol>
      <symbol id="sm-83b">
         <name>__frcaddd</name>
         <value>0x4fa0</value>
         <object_component_ref idref="oc-2b5"/>
      </symbol>
      <symbol id="sm-845">
         <name>__frcmpyd_div</name>
         <value>0x7fc0</value>
         <object_component_ref idref="oc-2b7"/>
      </symbol>
      <symbol id="sm-84f">
         <name>__mpyd</name>
         <value>0x4d20</value>
         <object_component_ref idref="oc-2a8"/>
      </symbol>
      <symbol id="sm-859">
         <name>__frcmpyd</name>
         <value>0x7860</value>
         <object_component_ref idref="oc-2b8"/>
      </symbol>
      <symbol id="sm-863">
         <name>__mpyll</name>
         <value>0x9ce0</value>
         <object_component_ref idref="oc-2c0"/>
      </symbol>
      <symbol id="sm-86d">
         <name>__negd</name>
         <value>0xa180</value>
         <object_component_ref idref="oc-2ac"/>
      </symbol>
      <symbol id="sm-877">
         <name>__nround</name>
         <value>0x7100</value>
         <object_component_ref idref="oc-2a9"/>
      </symbol>
      <symbol id="sm-881">
         <name>__renormd</name>
         <value>0x9980</value>
         <object_component_ref idref="oc-2bf"/>
      </symbol>
      <symbol id="sm-88b">
         <name>__subd</name>
         <value>0xa1c0</value>
         <object_component_ref idref="oc-2a5"/>
      </symbol>
      <symbol id="sm-895">
         <name>__trunc</name>
         <value>0xa420</value>
         <object_component_ref idref="oc-2aa"/>
      </symbol>
      <symbol id="sm-89f">
         <name>_errno</name>
         <value>0x18364</value>
         <object_component_ref idref="oc-1f4"/>
      </symbol>
      <symbol id="sm-8a9">
         <name>_frexp</name>
         <value>0x6780</value>
         <object_component_ref idref="oc-2a2"/>
      </symbol>
      <symbol id="sm-8b3">
         <name>_ldexp</name>
         <value>0x5b40</value>
         <object_component_ref idref="oc-2a4"/>
      </symbol>
      <symbol id="sm-8bd">
         <name>_modf</name>
         <value>0x8dc0</value>
         <object_component_ref idref="oc-2ab"/>
      </symbol>
      <symbol id="sm-8cb">
         <name>_printf</name>
         <value>0x8ea0</value>
         <object_component_ref idref="oc-280"/>
      </symbol>
      <symbol id="sm-8fb">
         <name>__printfi</name>
         <value>0x28a0</value>
         <object_component_ref idref="oc-29a"/>
      </symbol>
      <symbol id="sm-905">
         <name>___isinf</name>
         <value>0xa100</value>
         <object_component_ref idref="oc-2c5"/>
      </symbol>
      <symbol id="sm-90d">
         <name>__c6xabi_divu</name>
         <value>0x91c0</value>
         <object_component_ref idref="oc-2d8"/>
      </symbol>
      <symbol id="sm-90e">
         <name>__divu</name>
         <value>0x91c0</value>
         <object_component_ref idref="oc-2d8"/>
      </symbol>
      <symbol id="sm-91a">
         <name>__subcull</name>
         <value>0xa000</value>
         <object_component_ref idref="oc-2dd"/>
      </symbol>
      <symbol id="sm-91b">
         <name>__divull</name>
         <value>0x47c0</value>
         <object_component_ref idref="oc-2d9"/>
      </symbol>
      <symbol id="sm-925">
         <name>__fixdli</name>
         <value>0x98e0</value>
         <object_component_ref idref="oc-2d5"/>
      </symbol>
      <symbol id="sm-92f">
         <name>__fltlid</name>
         <value>0x9be0</value>
         <object_component_ref idref="oc-2d7"/>
      </symbol>
      <symbol id="sm-93b">
         <name>__llshl</name>
         <value>0x9c60</value>
         <object_component_ref idref="oc-2dc"/>
      </symbol>
      <symbol id="sm-93c">
         <name>__llshru</name>
         <value>0x9f40</value>
         <object_component_ref idref="oc-2de"/>
      </symbol>
      <symbol id="sm-946">
         <name>__negll</name>
         <value>0xa360</value>
         <object_component_ref idref="oc-2ca"/>
      </symbol>
      <symbol id="sm-950">
         <name>_atoi</name>
         <value>0x7aa0</value>
         <object_component_ref idref="oc-2bb"/>
      </symbol>
      <symbol id="sm-958">
         <name>__ctypes_</name>
         <value>0x1c360</value>
         <object_component_ref idref="oc-2c3"/>
      </symbol>
      <symbol id="sm-962">
         <name>_putc</name>
         <value>0x5460</value>
         <object_component_ref idref="oc-2b3"/>
      </symbol>
      <symbol id="sm-963">
         <name>_fputc</name>
         <value>0x5460</value>
         <object_component_ref idref="oc-2b3"/>
      </symbol>
      <symbol id="sm-96d">
         <name>__wrt_ok</name>
         <value>0x7980</value>
         <object_component_ref idref="oc-2ba"/>
      </symbol>
      <symbol id="sm-979">
         <name>_fputs</name>
         <value>0x31e0</value>
         <object_component_ref idref="oc-2ae"/>
      </symbol>
      <symbol id="sm-983">
         <name>_fseek</name>
         <value>0x6ca0</value>
         <object_component_ref idref="oc-2c1"/>
      </symbol>
      <symbol id="sm-9a2">
         <name>_unlink</name>
         <value>0x9e60</value>
         <object_component_ref idref="oc-2df"/>
      </symbol>
      <symbol id="sm-9a3">
         <name>_lseek</name>
         <value>0x94c0</value>
         <object_component_ref idref="oc-2cc"/>
      </symbol>
      <symbol id="sm-9a4">
         <name>_close</name>
         <value>0x81c0</value>
         <object_component_ref idref="oc-2da"/>
      </symbol>
      <symbol id="sm-9a5">
         <name>_write</name>
         <value>0x9580</value>
         <object_component_ref idref="oc-2b4"/>
      </symbol>
      <symbol id="sm-9bd">
         <name>_HOSTopen</name>
         <value>0x7bc0</value>
         <object_component_ref idref="oc-272"/>
      </symbol>
      <symbol id="sm-9be">
         <name>_HOSTread</name>
         <value>0x7cc0</value>
         <object_component_ref idref="oc-274"/>
      </symbol>
      <symbol id="sm-9bf">
         <name>_HOSTrename</name>
         <value>0x5fc0</value>
         <object_component_ref idref="oc-278"/>
      </symbol>
      <symbol id="sm-9c0">
         <name>_HOSTwrite</name>
         <value>0x7dc0</value>
         <object_component_ref idref="oc-275"/>
      </symbol>
      <symbol id="sm-9c1">
         <name>_HOSTlseek</name>
         <value>0x7500</value>
         <object_component_ref idref="oc-276"/>
      </symbol>
      <symbol id="sm-9c2">
         <name>_HOSTunlink</name>
         <value>0x86c0</value>
         <object_component_ref idref="oc-277"/>
      </symbol>
      <symbol id="sm-9c3">
         <name>_HOSTclose</name>
         <value>0x8f80</value>
         <object_component_ref idref="oc-273"/>
      </symbol>
      <symbol id="sm-9cd">
         <name>_ltoa</name>
         <value>0x83c0</value>
         <object_component_ref idref="oc-2d6"/>
      </symbol>
      <symbol id="sm-9d7">
         <name>_memccpy</name>
         <value>0x9d60</value>
         <object_component_ref idref="oc-2be"/>
      </symbol>
      <symbol id="sm-9e1">
         <name>_memset</name>
         <value>0x84c0</value>
         <object_component_ref idref="oc-279"/>
      </symbol>
      <symbol id="sm-9ef">
         <name>_rand</name>
         <value>0x9ac0</value>
         <object_component_ref idref="oc-27d"/>
      </symbol>
      <symbol id="sm-9fd">
         <name>C$$IO$$</name>
         <value>0xa0b8</value>
         <object_component_ref idref="oc-292"/>
      </symbol>
      <symbol id="sm-9fe">
         <name>__CIOBUF_</name>
         <value>0x1ca10</value>
         <object_component_ref idref="oc-248"/>
      </symbol>
      <symbol id="sm-9ff">
         <name>_readmsg</name>
         <value>0x9de0</value>
         <object_component_ref idref="oc-293"/>
      </symbol>
      <symbol id="sm-a00">
         <name>_writemsg</name>
         <value>0xa060</value>
         <object_component_ref idref="oc-292"/>
      </symbol>
      <symbol id="sm-a0a">
         <name>_setvbuf</name>
         <value>0x5d80</value>
         <object_component_ref idref="oc-2c2"/>
      </symbol>
      <symbol id="sm-a18">
         <name>__cleanup</name>
         <value>0x9100</value>
         <object_component_ref idref="oc-2cd"/>
      </symbol>
      <symbol id="sm-a22">
         <name>__closefile</name>
         <value>0x73c0</value>
         <object_component_ref idref="oc-2d4"/>
      </symbol>
      <symbol id="sm-a2c">
         <name>_memalign</name>
         <value>0x13d64</value>
         <object_component_ref idref="oc-257"/>
      </symbol>
      <symbol id="sm-a2d">
         <name>_malloc</name>
         <value>0x13bec</value>
         <object_component_ref idref="oc-257"/>
      </symbol>
      <symbol id="sm-a2e">
         <name>_realloc</name>
         <value>0x13c60</value>
         <object_component_ref idref="oc-257"/>
      </symbol>
      <symbol id="sm-a2f">
         <name>_free</name>
         <value>0x13bc0</value>
         <object_component_ref idref="oc-257"/>
      </symbol>
      <symbol id="sm-a30">
         <name>_calloc</name>
         <value>0x13e90</value>
         <object_component_ref idref="oc-257"/>
      </symbol>
      <symbol id="sm-a3c">
         <name>_MEM_alloc</name>
         <value>0x14b40</value>
         <object_component_ref idref="oc-25b"/>
      </symbol>
      <symbol id="sm-a48">
         <name>_MEM_free</name>
         <value>0x146c0</value>
         <object_component_ref idref="oc-260"/>
      </symbol>
      <symbol id="sm-a52">
         <name>_SYS_error</name>
         <value>0x16480</value>
         <object_component_ref idref="oc-265"/>
      </symbol>
      <symbol id="sm-a5c">
         <name>_remove</name>
         <value>0xa460</value>
         <object_component_ref idref="oc-2db"/>
      </symbol>
   </symbol_table>
</link_info>
