******************************************************************************
               TMS320C6x Linker PC v7.4.4                      
******************************************************************************
>> Linked Tue Dec 06 22:11:53 2022

OUTPUT FILE NAME:   <xtomes07.out>
ENTRY POINT SYMBOL: "_c_int00"  address: 00018e80


MEMORY CONFIGURATION

         name            origin    length      used     unused   attr    fill
----------------------  --------  ---------  --------  --------  ----  --------
  IRAM                  00000000   00100000  0001ceed  000e3113  RWIX
  SDRAM                 80000000   01000000  00000000  01000000  RWIX


SECTION ALLOCATION MAP

 output                                  attributes/
section   page    origin      length       input sections
--------  ----  ----------  ----------   ----------------
.vers      0    00000000    0000003c     COPY SECTION
                  00000000    0000003c     hellocfg.obj (.vers)

.prd       0    00000000    00000000     UNINITIALIZED

.hwi_vec   0    00000000    00000200     
                  00000000    00000200     hellocfg.obj (.hwi_vec)

.pinit     0    00000000    00000000     UNINITIALIZED

.text      0    00000200    0000a2a0     
                  00000200    00000c60     rts6400.lib : pow.obj (.text:_pow)
                  00000e60    00000980     aic23.obj (.text)
                  000017e0    00000620     rts6400.lib : _printfi.obj (.text:__getarg_diouxp)
                  00001e00    000005c0                 : divd.obj (.text:__divd)
                  000023c0    000004e0                 : _printfi.obj (.text:__setfield)
                  000028a0    000004c0                 : _printfi.obj (.text:__printfi)
                  00002d60    00000480     hello.obj (.text)
                  000031e0    00000420     rts6400.lib : fputs.obj (.text:_fputs)
                  00003600    00000400                 : _printfi.obj (.text:_fcvt)
                  00003a00    000003e0                 : _printfi.obj (.text:__pproc_fge)
                  00003de0    000003c0                 : _printfi.obj (.text:_ecvt)
                  000041a0    00000320                 : _printfi.obj (.text:__pconv_e)
                  000044c0    00000300                 : _printfi.obj (.text:__pproc_fwp)
                  000047c0    000002c0                 : imath64.obj (.text:__divull)
                  00004a80    000002a0                 : _printfi.obj (.text:__pproc_diouxp)
                  00004d20    00000280                 : mpyd.obj (.text:__mpyd)
                  00004fa0    00000260                 : frcaddd.obj (.text:__frcaddd)
                  00005200    00000260                 : _printfi.obj (.text:__pproc_str)
                  00005460    00000260                 : fputc.obj (.text:_fputc)
                  000056c0    00000240                 : addd.obj (.text:__addd)
                  00005900    00000240                 : _printfi.obj (.text:__pconv_g)
                  00005b40    00000240                 : ldexp.obj (.text:_ldexp)
                  00005d80    00000240                 : setvbuf.obj (.text:_setvbuf)
                  00005fc0    00000200                 : trgdrv.obj (.text:_HOSTrename)
                  000061c0    00000200                 : _printfi.obj (.text:__mcpy)
                  000063c0    000001e0     csl6416.lib : csl_mcbsp.obj (.text:_MCBSP_reset)
                  000065a0    000001e0                 : csl.obj (.text:__CSL_init)
                  00006780    000001e0     rts6400.lib : frexp.obj (.text:_frexp)
                  00006960    000001a0                 : imath40.obj (.text:__divul)
                  00006b00    000001a0     csl6416.lib : csl_irq.obj (.text:_mux2Tables)
                  00006ca0    00000180     rts6400.lib : fseek.obj (.text:_fseek)
                  00006e20    00000180                 : lowlev.obj (.text:_getdevice)
                  00006fa0    00000160                 : _printfi.obj (.text:__ltostr)
                  00007100    00000160                 : round.obj (.text:__nround)
                  00007260    00000160                 : _printfi.obj (.text:__pproc_fflags)
                  000073c0    00000140                 : fclose.obj (.text:__closefile)
                  00007500    00000120                 : trgdrv.obj (.text:_HOSTlseek)
                  00007620    00000120     csl6416.lib : csl_timer.obj (.text:_TIMER_open)
                  00007740    00000120                 : csl_timer.obj (.text:_TIMER_reset)
                  00007860    00000120     rts6400.lib : frcmpyd.obj (.text:__frcmpyd)
                  00007980    00000120                 : _io_perm.obj (.text:__wrt_ok)
                  00007aa0    00000120                 : atoi.obj (.text:_atoi)
                  00007bc0    00000100                 : trgdrv.obj (.text:_HOSTopen)
                  00007cc0    00000100                 : trgdrv.obj (.text:_HOSTread)
                  00007dc0    00000100                 : trgdrv.obj (.text:_HOSTwrite)
                  00007ec0    00000100                 : divi.obj (.text:__divi)
                  00007fc0    00000100                 : frcmpyd_div.obj (.text:__frcmpyd_div)
                  000080c0    00000100                 : strasg.obj (.text:__strasgi)
                  000081c0    00000100                 : lowlev.obj (.text:_close)
                  000082c0    00000100                 : fflush.obj (.text:_fflush)
                  000083c0    00000100                 : ltoa.obj (.text:_ltoa)
                  000084c0    00000100                 : memset.obj (.text:_memset)
                  000085c0    00000100     pseudoRandomNumber.obj (.text)
                  000086c0    000000e0     rts6400.lib : trgdrv.obj (.text:_HOSTunlink)
                  000087a0    000000e0     csl6416.lib : csl_mcbsp.obj (.text:_MCBSP_open)
                  00008880    000000e0                 : csl_mcbsp.obj (.text:_MCBSP_start)
                  00008960    000000e0     rts6400.lib : cmpd.obj (.text:__cmpd)
                  00008a40    000000e0                 : _printfi.obj (.text:__div)
                  00008b20    000000e0                 : fflush.obj (.text:__doflush)
                  00008c00    000000e0                 : _printfi.obj (.text:__pconv_f)
                  00008ce0    000000e0                 : memcpy64.obj (.text:_memcpy)
                  00008dc0    000000e0                 : modf.obj (.text:_modf)
                  00008ea0    000000e0                 : printf.obj (.text:_printf)
                  00008f80    000000c0                 : trgdrv.obj (.text:_HOSTclose)
                  00009040    000000c0     csl6416.lib : csl_mcbsp.obj (.text:_MCBSP_config)
                  00009100    000000c0     rts6400.lib : fopen.obj (.text:__cleanup)
                  000091c0    000000c0                 : divu.obj (.text:__divu)
                  00009280    000000c0                 : _printfi.obj (.text:__ecpy)
                  00009340    000000c0                 : _printfi.obj (.text:__fcpy)
                  00009400    000000c0                 : exit.obj (.text:_exit)
                  000094c0    000000c0                 : lowlev.obj (.text:_lseek)
                  00009580    000000c0                 : lowlev.obj (.text:_write)
                  00009640    000000c0     bios.a64 : tsk_stup.o64 (.text)
                  00009700    000000a0     csl6416.lib : csl_mcbsp.obj (.text:_MCBSP_close)
                  000097a0    000000a0     rts6400.lib : imath40.obj (.text:__divli)
                  00009840    000000a0                 : fixdi.obj (.text:__fixdi)
                  000098e0    000000a0                 : fixdli.obj (.text:__fixdli)
                  00009980    000000a0                 : renormd.obj (.text:__renormd)
                  00009a20    000000a0                 : lowlev.obj (.text:_finddevice)
                  00009ac0    000000a0                 : rand.obj (.text:_rand)
                  00009b60    00000080     csl6416.lib : csl_irq.obj (.text:__IRQ_init)
                  00009be0    00000080     rts6400.lib : fltlid.obj (.text:__fltlid)
                  00009c60    00000080                 : llshift.obj (.text:__llshl)
                  00009ce0    00000080                 : mpyll.obj (.text:__mpyll)
                  00009d60    00000080                 : memccpy.obj (.text:_memccpy)
                  00009de0    00000080                 : trgmsg.obj (.text:_readmsg)
                  00009e60    00000080                 : lowlev.obj (.text:_unlink)
                  00009ee0    00000060                 : fltid.obj (.text:__fltid)
                  00009f40    00000060                 : llshift.obj (.text:__llshru)
                  00009fa0    00000060                 : imath40.obj (.text:__remli)
                  0000a000    00000060                 : imath64.obj (.text:__subcull)
                  0000a060    00000060                 : trgmsg.obj (.text:_writemsg)
                  0000a0c0    00000040     csl6416.lib : csl_irq.obj (.text:_IRQ_disable)
                  0000a100    00000040     rts6400.lib : isinf.obj (.text:___isinf)
                  0000a140    00000040                 : _printfi.obj (.text:___isnan)
                  0000a180    00000040                 : negd.obj (.text:__negd)
                  0000a1c0    00000040                 : subd.obj (.text:__subd)
                  0000a200    00000020     csl6416.lib : csl.obj (.text:_CSL6416_LIB_)
                  0000a220    00000020                 : csl_irq.obj (.text:_IRQ_clear)
                  0000a240    00000020                 : csl_irq.obj (.text:_IRQ_enable)
                  0000a260    00000020                 : csl_irq.obj (.text:_IRQ_globalDisable)
                  0000a280    00000020                 : csl_irq.obj (.text:_IRQ_globalEnable)
                  0000a2a0    00000020                 : csl_irq.obj (.text:_IRQ_globalRestore)
                  0000a2c0    00000020                 : csl_irq.obj (.text:_IRQ_set)
                  0000a2e0    00000020                 : csl_mcbsp.obj (.text:_MCBSP_read)
                  0000a300    00000020                 : csl_mcbsp.obj (.text:_MCBSP_rrdy)
                  0000a320    00000020                 : csl_mcbsp.obj (.text:_MCBSP_write)
                  0000a340    00000020                 : csl_mcbsp.obj (.text:_MCBSP_xrdy)
                  0000a360    00000020     rts6400.lib : negll.obj (.text:__negll)
                  0000a380    00000020                 : _lock.obj (.text:__nop)
                  0000a3a0    00000020                 : printf.obj (.text:__outc)
                  0000a3c0    00000020                 : printf.obj (.text:__outs)
                  0000a3e0    00000020                 : _lock.obj (.text:__register_lock)
                  0000a400    00000020                 : _lock.obj (.text:__register_unlock)
                  0000a420    00000020                 : trunc.obj (.text:__trunc)
                  0000a440    00000020                 : exit.obj (.text:_abort)
                  0000a460    00000020                 : remove.obj (.text:_remove)
                  0000a480    00000020     csl6416.lib : csl_irq.obj (.text)

.IRAM$heap 
*          0    0000a4a0    00008000     UNINITIALIZED
                  0000a4a0    00008000     --HOLE--

.bios      0    000124a0    000044c0     
                  000124a0    000005e0     bios.a64 : gbl_setL2CacheMode.o64 (.bios)
                  00012a80    000004e0              : swi.o64 (.bios)
                  00012f60    00000460              : gbl_cslcacheinit64.o64 (.bios)
                  000133c0    00000460              : hwi_disp_asm.o64 (.bios)
                  00013820    000003a0              : prd.o64 (.bios)
                  00013bc0    00000360              : malloc.o64 (.bios)
                  00013f20    000002c0              : rta.o64 (.bios)
                  000141e0    00000280              : knl_run.o64 (.bios)
                  00014460    00000260              : sem_pend.o64 (.bios)
                  000146c0    00000240              : mem_free.o64 (.bios:.near)
                  00014900    00000240              : pip.o64 (.bios)
                  00014b40    00000220              : mem_allo.o64 (.bios:.near)
                  00014d60    00000220              : knl_tick.o64 (.bios)
                  00014f80    000001e0              : sem_dopo.o64 (.bios)
                  00015160    000001c0              : tsk_setu.o64 (.bios)
                  00015320    000001c0     biosC6000.a64 : clk.o64 (.bios)
                  000154e0    000001a0     bios.a64 : knl_swit.o64 (.bios)
                  00015680    00000160              : autoinit.o64 (.bios)
                  000157e0    00000160              : tsk_exit.o64 (.bios)
                  00015940    00000140              : tsk_stup.o64 (.bios)
                  00015a80    00000120              : knl_chec.o64 (.bios)
                  00015ba0    000000e0              : sem_post_asm.o64 (.bios)
                  00015c80    000000e0     biosC6000.a64 : clk_meas.o64 (.bios)
                  00015d60    000000c0     bios.a64 : knl_exit.o64 (.bios)
                  00015e20    000000c0     biosC6000.a64 : clk_htime.o64 (.bios)
                  00015ee0    000000a0     bios.a64 : knl_ipos.o64 (.bios)
                  00015f80    000000a0              : knl_post.o64 (.bios)
                  00016020    000000a0              : lck.o64 (.bios)
                  000160c0    000000a0              : sem_post.o64 (.bios)
                  00016160    000000a0              : sys_exit.o64 (.bios)
                  00016200    00000080              : fxn.o64 (.bios)
                  00016280    00000080              : idl_busy.o64 (.bios)
                  00016300    00000080              : log.o64 (.bios)
                  00016380    00000080              : sts.o64 (.bios)
                  00016400    00000080     biosC6000.a64 : idl_cal.o64 (.bios)
                  00016480    00000060     bios.a64 : sys_erro.o64 (.bios:.near)
                  000164e0    00000060              : hwi_c.o64 (.bios)
                  00016540    00000060              : sem_pend_binary.o64 (.bios)
                  000165a0    00000060              : sem_pend_counting.o64 (.bios)
                  00016600    00000060              : sys_abor.o64 (.bios)
                  00016660    00000060              : utl_putc.o64 (.bios)
                  000166c0    00000060     biosC6000.a64 : clk_start.o64 (.bios)
                  00016720    00000040     bios.a64 : idl_stub.o64 (.bios)
                  00016760    00000040              : rta_andn.o64 (.bios)
                  000167a0    00000040              : utl_doab.o64 (.bios)
                  000167e0    00000040     biosC6000.a64 : clk_gethtime.o64 (.bios)
                  00016820    00000040                   : clk_stop.o64 (.bios)
                  00016860    00000020     bios.a64 : fxn_c.o64 (.bios)
                  00016880    00000020              : gbl_vers.o64 (.bios)
                  000168a0    00000020              : idl.o64 (.bios)
                  000168c0    00000020              : log_printf.o64 (.bios)
                  000168e0    00000020              : sts_set.o64 (.bios)
                  00016900    00000020              : utl_doer.o64 (.bios)
                  00016920    00000020              : utl_halt.o64 (.bios)
                  00016940    00000020     lnknone.a64 : none.o64 (.bios)

.cinit     0    00016960    000016dc     
                  00016960    000009cc     hellocfg.obj (.cinit)
                  0001732c    00000004     --HOLE-- [fill = 0]
                  00017330    0000026c     bios.a64 : biosdata.o64 (.cinit)
                  0001759c    00000004     --HOLE-- [fill = 0]
                  000175a0    000001a4              : knl.o64 (.cinit)
                  00017744    00000004     --HOLE-- [fill = 0]
                  00017748    00000140     rts6400.lib : pow.obj (.cinit)
                  00017888    0000012c     csl6416.lib : csl_irq.obj (.cinit)
                  000179b4    00000004     --HOLE-- [fill = 0]
                  000179b8    000000b0     bios.a64 : swi.o64 (.cinit)
                  00017a68    00000094     aic23.obj (.cinit)
                  00017afc    00000004     --HOLE-- [fill = 0]
                  00017b00    00000080     bios.a64 : tsk.o64 (.cinit)
                  00017b80    0000007c     csl6416.lib : csl_mcbsp.obj (.cinit)
                  00017bfc    00000004     --HOLE-- [fill = 0]
                  00017c00    00000060     bios.a64 : tsk_stup.o64 (.cinit)
                  00017c60    0000005c     csl6416.lib : csl_timer.obj (.cinit)
                  00017cbc    00000004     --HOLE-- [fill = 0]
                  00017cc0    0000005c     hello.obj (.cinit)
                  00017d1c    00000004     --HOLE-- [fill = 0]
                  00017d20    0000005c     rts6400.lib : defs.obj (.cinit)
                  00017d7c    00000004     --HOLE-- [fill = 0]
                  00017d80    0000005c                 : lowlev.obj (.cinit)
                  00017ddc    00000004     --HOLE-- [fill = 0]
                  00017de0    0000004c     bios.a64 : rta.o64 (.cinit)
                  00017e2c    00000004     --HOLE-- [fill = 0]
                  00017e30    0000004c     pseudoRandomNumber.obj (.cinit)
                  00017e7c    00000004     --HOLE-- [fill = 0]
                  00017e80    0000003c     csl6416.lib : csl.obj (.cinit)
                  00017ebc    00000004     --HOLE-- [fill = 0]
                  00017ec0    00000034     bios.a64 : hwi.o64 (.cinit)
                  00017ef4    00000004     --HOLE-- [fill = 0]
                  00017ef8    0000002c              : utl_putc.o64 (.cinit)
                  00017f24    00000004     --HOLE-- [fill = 0]
                  00017f28    0000002c     rts6400.lib : exit.obj (.cinit)
                  00017f54    00000004     --HOLE-- [fill = 0]
                  00017f58    00000024     bios.a64 : obj_init.o64 (.cinit)
                  00017f7c    00000004     --HOLE-- [fill = 0]
                  00017f80    0000001c              : sys.o64 (.cinit)
                  00017f9c    00000004     --HOLE-- [fill = 0]
                  00017fa0    0000001c     rts6400.lib : _lock.obj (.cinit)
                  00017fbc    00000004     --HOLE-- [fill = 0]
                  00017fc0    00000018     bios.a64 : knl_tick.o64 (.cinit)
                  00017fd8    00000010     rts6400.lib : rand.obj (.cinit)
                  00017fe8    0000000c     bios.a64 : gbl_setL2CacheMode.o64 (.cinit)
                  00017ff4    00000004     --HOLE-- [fill = 0]
                  00017ff8    0000000c              : idl_busy.o64 (.cinit)
                  00018004    00000004     --HOLE-- [fill = 0]
                  00018008    0000000c              : knl_swit.o64 (.cinit)
                  00018014    00000004     --HOLE-- [fill = 0]
                  00018018    0000000c     rts6400.lib : errno.obj (.cinit)
                  00018024    00000004     --HOLE-- [fill = 0]
                  00018028    0000000c                 : fopen.obj (.cinit)
                  00018034    00000004     --HOLE-- [fill = 0]
                  00018038    00000004     (.pad.cinit) [fill = 0]

.args      0    0001803c    00000004     
                  0001803c    00000004     --HOLE-- [fill = 0]

.far       0    00018040    00000a64     UNINITIALIZED
                  00018040    00000324     rts6400.lib : defs.obj (.far)
                  00018364    00000004                 : errno.obj (.far)
                  00018368    00000120                 : pow.obj (.far)
                  00018488    0000011c                 : lowlev.obj (.far)
                  000185a4    00000004                 : fopen.obj (.far)
                  000185a8    00000100     csl6416.lib : csl_irq.obj (.far)
                  000186a8    000000d8     bios.a64 : knl.o64 (.far)
                  00018780    000000c8     aic23.obj (.far)
                  00018848    0000005c     bios.a64 : tsk.o64 (.far)
                  000188a4    00000004     --HOLE--
                  000188a8    00000054              : obj_init.o64 (.far)
                  000188fc    00000004     --HOLE--
                  00018900    00000054     csl6416.lib : csl_mcbsp.obj (.far)
                  00018954    00000050     bios.a64 : tsk_stup.o64 (.far)
                  000189a4    00000004     --HOLE--
                  000189a8    00000040     hello.obj (.far)
                  000189e8    00000030     csl6416.lib : csl_timer.obj (.far)
                  00018a18    00000028                 : csl.obj (.far)
                  00018a40    00000020     bios.a64 : sys.o64 (.far)
                  00018a60    00000010              : knl_tick.o64 (.far)
                  00018a70    0000000c              : utl_putc.o64 (.far)
                  00018a7c    0000000c     rts6400.lib : exit.obj (.far)
                  00018a88    00000008                 : _lock.obj (.far)
                  00018a90    00000008                 : rand.obj (.far)
                  00018a98    00000008                 : trgdrv.obj (.far)
                  00018aa0    00000004     pseudoRandomNumber.obj (.far)

.hst       0    00018aa4    00000014     UNINITIALIZED
                  00018aa4    00000014     hellocfg.obj (.hst)

.clk       0    00018ab8    00000008     UNINITIALIZED
                  00018ab8    00000008     hellocfg.obj (.clk)

.sysinit   0    00018ac0    00000500     
                  00018ac0    00000300     hellocfg.obj (.sysinit)
                  00018dc0    000000c0     bios.a64 : mem_init.o64 (.sysinit)
                  00018e80    000000a0              : boot.o64 (.sysinit)
                  00018f20    00000080              : tsk_init.o64 (.sysinit)
                  00018fa0    00000020              : obj_init.o64 (.sysinit)

.log       0    00018fc0    00000030     
                  00018fc0    00000030     hellocfg.obj (.log)

.hst1      0    00018ff0    00000010     UNINITIALIZED
                  00018ff0    00000010     hellocfg.obj (.hst1)

.trace$buf 
*          0    00019000    00001000     UNINITIALIZED
                  00019000    00001000     hellocfg.obj (.trace$buf)

.LOG_system$buf 
*          0    0001a000    00000800     UNINITIALIZED
                  0001a000    00000800     hellocfg.obj (.LOG_system$buf)

.TSK_idle$stk 
*          0    0001a800    00000400     UNINITIALIZED
                  0001a800    00000400     hellocfg.obj (.TSK_idle$stk)

.TSK_loopback$stk 
*          0    0001ac00    00000400     UNINITIALIZED
                  0001ac00    00000400     hellocfg.obj (.TSK_loopback$stk)

.TSK_mute$stk 
*          0    0001b000    00000400     UNINITIALIZED
                  0001b000    00000400     hellocfg.obj (.TSK_mute$stk)

.TSK_printstat$stk 
*          0    0001b400    00000400     UNINITIALIZED
                  0001b400    00000400     hellocfg.obj (.TSK_printstat$stk)

.TSK_process$stk 
*          0    0001b800    00000400     UNINITIALIZED
                  0001b800    00000400     hellocfg.obj (.TSK_process$stk)

.stack     0    0001bc00    00000400     UNINITIALIZED
                  0001bc00    00000400     --HOLE--

.bss       0    0001c000    0000035c     UNINITIALIZED
                  0001c000    00000100     bios.a64 : hwi_disp_asm.o64 (.bss)
                  0001c100    000000cc              : biosdata.o64 (.bss)
                  0001c1cc    0000009c              : swi.o64 (.bss)
                  0001c268    00000048              : knl.o64 (.bss)
                  0001c2b0    00000028     hellocfg.obj (.bss)
                  0001c2d8    0000001c     aic23.obj (.bss)
                  0001c2f4    00000018     bios.a64 : hwi.o64 (.bss)
                  0001c30c    00000004              : clk_data2.o64 (.bss)
                  0001c310    00000018     pseudoRandomNumber.obj (.bss)
                  0001c328    0000000c     bios.a64 : tsk.o64 (.bss)
                  0001c334    0000000c     hello.obj (.bss)
                  0001c340    00000008     bios.a64 : clk_data.o64 (.bss)
                  0001c348    00000008              : sys.o64 (.bss)
                  0001c350    00000004              : gbl_setL2CacheMode.o64 (.bss)
                  0001c354    00000004              : idl_busy.o64 (.bss)
                  0001c358    00000004              : mem_asm.o64 (.bss)

.mem       0    0001c35c    00000004     UNINITIALIZED
                  0001c35c    00000004     hellocfg.obj (.mem)

.const     0    0001c360    000002c9     
                  0001c360    00000101     rts6400.lib : ctype.obj (.const:.string:__ctypes_)
                  0001c461    00000002                 : fputs.obj (.const:.string)
                  0001c463    00000001     --HOLE-- [fill = 0]
                  0001c464    0000008c     hello.obj (.const:.string)
                  0001c4f0    00000070     aic23.obj (.const)
                  0001c560    0000004e     bios.a64 : tsk_stup.o64 (.const)
                  0001c5ae    00000023     rts6400.lib : _printfi.obj (.const:.string)
                  0001c5d1    00000023     bios.a64 : utl_doab.o64 (.const)
                  0001c5f4    00000022              : utl_doer.o64 (.const)
                  0001c616    00000002     --HOLE-- [fill = 0]
                  0001c618    00000008     rts6400.lib : divd.obj (.const:.string:_initial_approx$1)
                  0001c620    00000004     bios.a64 : mem_allo.o64 (.const)
                  0001c624    00000004              : mem_free.o64 (.const)
                  0001c628    00000001              : tsk.o64 (.const)

.printf    0    0001c629    000000bd     COPY SECTION
                  0001c629    000000bd     hellocfg.obj (.printf)

.trace     0    0001c62c    00000200     
                  0001c62c    00000200     --HOLE-- [fill = 00000000]

.tsk       0    0001c82c    000001e0     UNINITIALIZED
                  0001c82c    000001e0     hellocfg.obj (.tsk)

.cio       0    0001ca10    00000120     UNINITIALIZED
                  0001ca10    00000120     rts6400.lib : trgmsg.obj (.cio)

.hst0      0    0001cb30    00000100     UNINITIALIZED
                  0001cb30    00000100     hellocfg.obj (.hst0)

.pip       0    0001cc30    000000c8     UNINITIALIZED
                  0001cc30    000000c8     hellocfg.obj (.pip)

.sts       0    0001ccf8    00000090     
                  0001ccf8    00000090     hellocfg.obj (.sts)

.gblinit   0    0001cd88    0000007c     
                  0001cd88    0000007c     hellocfg.obj (.gblinit)

.sem       0    0001ce04    00000058     UNINITIALIZED
                  0001ce04    00000058     hellocfg.obj (.sem)

.swi       0    0001ce5c    0000002c     UNINITIALIZED
                  0001ce5c    0000002c     hellocfg.obj (.swi)

.switch    0    0001ce88    00000020     
                  0001ce88    00000020     bios.a64 : gbl_setL2CacheMode.o64 (.switch)

.idl       0    0001cea8    00000014     UNINITIALIZED
                  0001cea8    00000014     hellocfg.obj (.idl)

.idlcal    0    0001cebc    00000014     UNINITIALIZED
                  0001cebc    00000014     hellocfg.obj (.idlcal)

.sys       0    0001ced0    00000010     UNINITIALIZED
                  0001ced0    00000010     hellocfg.obj (.sys)

.trcdata   0    0001cee0    0000000c     
                  0001cee0    0000000c     bios.a64 : trc.o64 (.trcdata)

.data      0    0001ceec    00000008     
                  0001ceec    00000008     lnknone.a64 : none.o64 (.data)


GLOBAL SYMBOLS: SORTED ALPHABETICALLY BY Name 

address    name
--------   ----
0001c000   $bss
0001c000   .bss
0001ceec   .data
00000200   .text
00018c98   BIOS$$CLKOFF
00018c58   BIOS$$CLKON
00018ac0   BIOS_init
00018d00   BIOS_start
00000000   BUF$
00000001   BUF_ENABLED
0000a440   C$$EXIT
0000a0b8   C$$IO$$
00000001   CLK$
00018ab8   CLK_A_TABBEG
00000001   CLK_CALDIV
00000008   CLK_CALMULT
00015f90   CLK_COUNTSPMS
00000001   CLK_COUNTSPMSHIGH
0001c128   CLK_D_idletime
0001c124   CLK_D_isrhook
0001c120   CLK_D_tabbeg
0001c11c   CLK_D_timefxn
00015e20   CLK_F_getfhtime
00015e40   CLK_F_gethtime
00015320   CLK_F_getltime
00015e40   CLK_F_getshtime
00015334   CLK_F_isr
00015484   CLK_F_itime
01940000   CLK_HIRESREGS
000133c0   CLK_HOOKFXN
00000001   CLK_HTIMEDIV
00000008   CLK_HTIMEMULT
00002328   CLK_HTIMEPERLTIME
00004000   CLK_INTBIT
00000001   CLK_LTIMEDIV
00011940   CLK_LTIMEMULT
00000064   CLK_MICROSECS
00002328   CLK_PRD
00000000   CLK_PRDHIGH
01940000   CLK_REGS
0001c118   CLK_R_time
00000020   CLK_TCR
00000000   CLK_TDDR
00000000   CLK_TDDRHIGH
00015e40   CLK_TIMEFXN
00000000   CLK_TIMERNUM
00000001   CLK_USETIMER
00018abc   CLK_null
00000000   DEV$
00000000   DGN$
00000000   DHL$
00000000   DHL_gChannelsAvailable
00000000   DIO$
00000000   DIO_NUMSWIBASE
00000000   DIO_NUMTSKBASE
00000000   DIO_STATIC
00000000   DPI$
00016200   FXN_F_nop
00016208   FXN_F_run
00016258   FXN_F_zero
00000001   GBL$
00005205   GBL_A_VERSION
00000000   GBL_BIGENDIAN
00000000   GBL_C641XL2PRIORITY
00000000   GBL_CACHE
00000001   GBL_CALLCSLCFGINIT
00004e20   GBL_CLKIN
00001770   GBL_CLKTYPE
00001900   GBL_DSPSUBTYPE
0000003e   GBL_DSPTYPE
00000001   GBL_ENABLEINST
00000042   GBL_FOOTPRINT
000afc80   GBL_FREQ
00002226   GBL_L2ALLOC
00000000   GBL_L2CONFIGALLOC
00000001   GBL_L2CONFIGURE
00000000   GBL_L2MARMASK
00000000   GBL_L2MARMASK1
00000000   GBL_L2MARMASK2
00000000   GBL_L2MARMASK3
00000000   GBL_L2MARMASK4
00000000   GBL_L2MARMASK5
00000000   GBL_L2MODE
00000000   GBL_L2PRIORITY
00000000   GBL_NULL
00000000   GBL_PROCID
00000000   GBL_ROM
00000000   GBL_SUPPORTCSL
0000dbef   GBL_TRCMASKVALUE
00000000   GBL_USERINIT
00016860   GBL_USERINITFXN
00000001   GBL_boot
0001cee8   GBL_initdone
0001bc00   GBL_stackbeg
0001bfff   GBL_stackend
00000000   GIO$
00016860   GIO_CREATEFXN
00016860   GIO_DELETEFXN
00016860   GIO_PENDFXN
00016860   GIO_POSTFXN
00000000   HOOK$
00000000   HOOK_KNLID
00000001   HST$
00018aa4   HST_A_TABBEG
00018ab8   HST_A_TABEND
00000000   HST_DSM
0001c2bc   HST_DSMBUFSEG
00000400   HST_DSMMEMSIZE
0001c194   HST_D_chanmask
0001c198   HST_D_tabbeg
0001c19c   HST_D_tabend
000000ff   HST_MAXFRAMEALLOWED
00000040   HST_MAXFRAMESET
00000001   HST_NONE
00000000   HST_RTDX
00000001   HWI$
00000000   HWI_A_VECS
00005800   HWI_CFGDISPATCHED
0001c304   HWI_D_bss
0001c308   HWI_D_ccmask
0001c2f4   HWI_D_spsave
000133c0   HWI_F_dispatch
00000000   HWI_GENERATE_RESET_VEC
0000000a   HWI_INT10
00000000   HWI_INT10$hwi
0000000b   HWI_INT11
00000000   HWI_INT11$hwi
0000000c   HWI_INT12
00000000   HWI_INT12$hwi
0000000d   HWI_INT13
00000000   HWI_INT13$hwi
0000000e   HWI_INT14
00000000   HWI_INT14$hwi
0000000f   HWI_INT15
00000000   HWI_INT15$hwi
00000004   HWI_INT4
00000000   HWI_INT4$hwi
00000005   HWI_INT5
00000000   HWI_INT5$hwi
00000006   HWI_INT6
00000000   HWI_INT6$hwi
00000007   HWI_INT7
00000000   HWI_INT7$hwi
00000008   HWI_INT8
00000000   HWI_INT8$hwi
00000009   HWI_INT9
00000000   HWI_INT9$hwi
08204653   HWI_INTRMULTHIGH
310718a4   HWI_INTRMULTLOW
00000001   HWI_NMI
00000000   HWI_NMI$hwi
00000000   HWI_POLARITYMASK
00000002   HWI_RESERVED0
00000000   HWI_RESERVED0$hwi
00000003   HWI_RESERVED1
00000000   HWI_RESERVED1$hwi
00000000   HWI_RESET
00000000   HWI_RESET$hwi
00000001   HWI_ZEROTAB
00000001   IDL$
0001cebc   IDL_A_CALBEG
0001cea8   IDL_A_TABBEG
00000006   IDL_CALIBRERROR
00016720   IDL_CALIBRFXN
0001c354   IDL_D_busyObj
0001c108   IDL_D_calbeg
0001c104   IDL_D_calibrate
0001c100   IDL_D_tabbeg
0001ceb8   IDL_END
0001cecc   IDL_END$
00016280   IDL_F_busy
00016400   IDL_F_calibrate
000168a0   IDL_F_loop
00016720   IDL_F_stub
00000001   IDL_USECLKIDLTIME
0001cd5c   IDL_busyObj
0001c6cb   IDL_busyObj$avgfmt
00000001   IDL_busyObj$filter
00000001   IDL_busyObj$iA
00000000   IDL_busyObj$iB
00000001   IDL_busyObj$iC
0001c6c5   IDL_busyObj$maxfmt
00000000   IDL_busyObj$operation
0001cd58   IDL_busyObj$stsobj
0001c6c8   IDL_busyObj$sumfmt
00000002   IDL_busyObj$unittype
0001cea8   IDL_cpuLoad
0001cebc   IDL_cpuLoad$
0001ceb4   IDL_live
0001cec8   IDL_live$
0001c2bc   IRAM
0000a4a0   IRAM$B
00008000   IRAM$L
00000001   ISRC$
00015638   KNL_glue
0001ce5c   KNL_swi
00000001   KNL_swi$dorta
00000000   KNL_swi$ord
00000000   KNL_swi$pri
0001ccfc   KNL_swi$sts
0001c639   KNL_swi$sts$avgfmt
00000002   KNL_swi$sts$filter
00000001   KNL_swi$sts$filtmaxmult
00000001   KNL_swi$sts$filtsummult
0001c629   KNL_swi$sts$maxfmt
0001ccf8   KNL_swi$sts$stsobj
0001c631   KNL_swi$sts$sumfmt
00000000   KNL_swi$sts$unittype
00000000   KNL_swi$swi
00000001   LCK$
00016948   LNK_F_dataPump
00016940   LNK_F_init
0001ceac   LNK_dataPump
0001cec0   LNK_dataPump$
0001cef0   LNK_dspFrameReadyMask
0001ceec   LNK_dspFrameRequestMask
00000001   LOG$
00018fc0   LOG_A_TABBEG
00018ff0   LOG_A_TABEND
00000002   LOG_A_TABLEN
0001c10c   LOG_D_system
00000001   LOG_ENABLED
00016300   LOG_F_event
00018fc0   LOG_system
0001a000   LOG_system$buf
00000000   LOG_system$datatype
00000000   LOG_system$log
00000200   LOG_system$size
00000000   MBX$
00000001   MEM$
0001c2bc   MEM_MALLOCSEG
00000000   MEM_NULL
0001c2bc   MEM_SEGZERO
00000000   MEM_USEMPC
00000001   MEM_gNumHeap
00000000   MSGQ$
00000000   MSGQ_USEMSGQ
00000000   OBJ$
00000000   PIP$
0001cc30   PIP_A_TABBEG
0001ccf8   PIP_A_TABEND
00000002   PIP_A_TABLEN
0001c110   PIP_D_tabbeg
0001c114   PIP_D_tablen
00014994   PIP_F_give
00014994   PIP_F_probe
00014a68   PIP_F_start
00014900   PIP_F_take
00000064   PIP_OBJSIZE
00000000   PIP_gNextId
00000002   PIP_gNumEmbed
00000000   POOL$
00000000   POOL_USEPOOL
00000001   PRD$
00000000   PRD_A_TABBEG
00000000   PRD_A_TABEND
00000000   PRD_A_TABLEN
0001c150   PRD_D_cur
0001c154   PRD_D_elapsed
0001c158   PRD_D_prevtim
0001c15c   PRD_D_scalar
0001c160   PRD_D_swihandle
0001c164   PRD_D_tabbeg
0001c168   PRD_D_tablen
0001c16c   PRD_D_thook
0001c14c   PRD_D_tick
00013820   PRD_F_swi
00013ad8   PRD_F_tick
00004000   PRD_SCALAR
00000000   PRD_SWIHANDLE
00014f60   PRD_THOOKFXN
00018ab8   PRD_clock
00000001   QUE$
0001c170   RTA_D_fromHost
0001c178   RTA_D_logval
0001c188   RTA_D_stsval
0001c174   RTA_D_toHost
00016760   RTA_F_andn
00014018   RTA_F_dispatch
00013f20   RTA_F_getlog
00013f64   RTA_F_getsts
00016780   RTA_F_or
00013fac   RTA_F_readblk
00013fd8   RTA_F_resetmem
00013fcc   RTA_F_writeword
0001ceb0   RTA_dispatcher
0001cec4   RTA_dispatcher$
00014068   RTA_execute
00018aa8   RTA_fromHost
00018ff0   RTA_fromHost$buf
00000004   RTA_fromHost$framesize
00000000   RTA_fromHost$hst
00000001   RTA_fromHost$id
00000000   RTA_fromHost$mode
0001cc30   RTA_fromHost$pipe
0001cc60   RTA_fromHost$pipe$aaa
0001cc90   RTA_fromHost$pipe$bbb
0001c2c0   RTA_fromHost$pipe$dtab
0001cc34   RTA_fromHost$pipe$rd
0001cc64   RTA_fromHost$pipe$wr
00018ab0   RTA_toHost
0001cb30   RTA_toHost$buf
00000040   RTA_toHost$framesize
00000000   RTA_toHost$hst
00000000   RTA_toHost$id
00000001   RTA_toHost$mode
0001cc94   RTA_toHost$pipe
0001ccc4   RTA_toHost$pipe$aaa
0001ccf4   RTA_toHost$pipe$bbb
0001c2cc   RTA_toHost$pipe$dtab
0001cc98   RTA_toHost$pipe$rd
0001ccc8   RTA_toHost$pipe$wr
00000000   RTDX$
00000408   RTDX_BUFMEMSIZE
0001c2bc   RTDX_DATAMEMSEG
00000000   RTDX_MODE
00000000   RTDX_USERTDX
00000000   RTDX_USERTEXECUTION
ffffffff   SDRAM
00000001   SEM$
0001ce10   SEM_rcv
0001ce3c   SEM_xmt
00000000   SIO$
00000001   STS$
0001ccf8   STS_A_TABBEG
0001cd88   STS_A_TABEND
000163b8   STS_F_add
00016380   STS_F_delta
000163e4   STS_F_reset
0001cd6c   STS_left
0001c6d6   STS_left$avgfmt
00000001   STS_left$filter
00000001   STS_left$iA
00000000   STS_left$iB
00000001   STS_left$iC
0001c6d0   STS_left$maxfmt
00000001   STS_left$operation
0001cd68   STS_left$stsobj
0001c6d3   STS_left$sumfmt
00000000   STS_left$unittype
0001cd7c   STS_right
0001c6e1   STS_right$avgfmt
00000001   STS_right$filter
00000001   STS_right$iA
00000000   STS_right$iB
00000001   STS_right$iC
0001c6db   STS_right$maxfmt
00000001   STS_right$operation
0001cd78   STS_right$stsobj
0001c6de   STS_right$sumfmt
00000000   STS_right$unittype
00000001   SWI$
0001ce5c   SWI_A_TABBEG
0001ce88   SWI_A_TABEND
00000001   SWI_A_TABLEN
0001c1e4   SWI_D_curfxn
0001c1d4   SWI_D_curmask
0001c1e0   SWI_D_curmbox
0001c1d8   SWI_D_curset
0001c1d0   SWI_D_execaddr
0001c1ec   SWI_D_inswi
0001c1dc   SWI_D_lock
0001c1e8   SWI_D_rdybeg
0001c1f0   SWI_D_rdytab
0001c1cc   SWI_D_runaddr
00000000   SWI_EHOOKFXN
00012c68   SWI_EXECFXN
00012a80   SWI_F_enable
00012c68   SWI_F_exec
00012c90   SWI_F_iexec
00012af0   SWI_F_post
00012d18   SWI_F_run
00000000   SWI_IHOOKFXN
00012d18   SWI_RUNFXN
00000001   SYS$
0001ced0   SYS$config
000167a0   SYS_ABORTFXN
00016900   SYS_ERRORFXN
00016920   SYS_EXITFXN
00016660   SYS_PUTCFXN
0001cee4   TRC_R_mask
0001cee0   TRC_cinit
00000001   TSK$
00000000   TSK_NUM_HOOKS
00000001   TSK_PRIORITY
00000000   TSK_READYFXN
00000000   TSK_STACKSEG
00000400   TSK_STACKSIZE
00000000   TSK_SWITCHFXN
00016860   TSK_VCREATEFXN
00016860   TSK_VDELETEFXN
00016860   TSK_VEXITFXN
0001c838   TSK_idle
00000001   TSK_idle$ord
00000000   TSK_idle$pri
0001a800   TSK_idle$stack
0001ab98   TSK_idle$stkptr
0001cd0c   TSK_idle$sts
0001c653   TSK_idle$sts$avgfmt
00000002   TSK_idle$sts$filter
00000001   TSK_idle$sts$filtmaxmult
00000001   TSK_idle$sts$filtsummult
0001c643   TSK_idle$sts$maxfmt
0001cd08   TSK_idle$sts$stsobj
0001c64b   TSK_idle$sts$sumfmt
00000000   TSK_idle$sts$unittype
00000000   TSK_idle$tsk
0001c8f8   TSK_loopback
00000003   TSK_loopback$ord
00000001   TSK_loopback$pri
0001ac00   TSK_loopback$stack
0001af98   TSK_loopback$stkptr
0001cd2c   TSK_loopback$sts
0001c687   TSK_loopback$sts$avgfmt
00000002   TSK_loopback$sts$filter
00000001   TSK_loopback$sts$filtmaxmult
00000001   TSK_loopback$sts$filtsummult
0001c677   TSK_loopback$sts$maxfmt
0001cd28   TSK_loopback$sts$stsobj
0001c67f   TSK_loopback$sts$sumfmt
00000000   TSK_loopback$sts$unittype
00000000   TSK_loopback$tsk
0001c898   TSK_mute
00000002   TSK_mute$ord
00000001   TSK_mute$pri
0001b000   TSK_mute$stack
0001b398   TSK_mute$stkptr
0001cd1c   TSK_mute$sts
0001c66d   TSK_mute$sts$avgfmt
00000002   TSK_mute$sts$filter
00000001   TSK_mute$sts$filtmaxmult
00000001   TSK_mute$sts$filtsummult
0001c65d   TSK_mute$sts$maxfmt
0001cd18   TSK_mute$sts$stsobj
0001c665   TSK_mute$sts$sumfmt
00000000   TSK_mute$sts$unittype
00000000   TSK_mute$tsk
0001c9b8   TSK_printstat
00000006   TSK_printstat$ord
00000001   TSK_printstat$pri
0001b400   TSK_printstat$stack
0001b798   TSK_printstat$stkptr
0001cd4c   TSK_printstat$sts
0001c6bb   TSK_printstat$sts$avgfmt
00000002   TSK_printstat$sts$filter
00000001   TSK_printstat$sts$filtmaxmult
00000001   TSK_printstat$sts$filtsummult
0001c6ab   TSK_printstat$sts$maxfmt
0001cd48   TSK_printstat$sts$stsobj
0001c6b3   TSK_printstat$sts$sumfmt
00000000   TSK_printstat$sts$unittype
00000000   TSK_printstat$tsk
0001c958   TSK_process
00000004   TSK_process$ord
00000002   TSK_process$pri
0001b800   TSK_process$stack
0001bb98   TSK_process$stkptr
0001cd3c   TSK_process$sts
0001c6a1   TSK_process$sts$avgfmt
00000002   TSK_process$sts$filter
00000001   TSK_process$sts$filtmaxmult
00000001   TSK_process$sts$filtsummult
0001c691   TSK_process$sts$maxfmt
0001cd38   TSK_process$sts$stsobj
0001c699   TSK_process$sts$sumfmt
00000000   TSK_process$sts$unittype
00000000   TSK_process$tsk
00000000   UDEV$
00001614   _AIC23_CloseCodec
00001478   _AIC23_Config
0001c2d8   _AIC23_ControlHnd
0001c2dc   _AIC23_DataHnd
00000f48   _AIC23_Loopback
00000fa4   _AIC23_Mute
00001664   _AIC23_OpenCodec
00001000   _AIC23_OutGain
00001084   _AIC23_PowerDown
00001230   _AIC23_Read
000010cc   _AIC23_SetFreq
000013a0   _AIC23_Write
0000158c   _AIC23_initIrq
00001190   _AIC23_rcvIsr
00001504   _AIC23_termIrq
000012fc   _AIC23_xmtIsr
00018ac0   _BIOS_init
00018d00   _BIOS_start
00015f90   _CLK_COUNTSPMS
0001c340   _CLK_DFLTMICROSECS
0001c148   _CLK_D_countspms
0001c13c   _CLK_D_dirty
0001c344   _CLK_D_microseconds
0001c140   _CLK_D_prd
0001c144   _CLK_D_tddr
00015484   _CLK_F_itime
00002328   _CLK_PRD
01940000   _CLK_REGS
00000000   _CLK_TDDR
00000000   _CLK_TIMERNUM
00000001   _CLK_USETIMER
000167e0   _CLK_gethtime
0001c12c   _CLK_htimeDiv
0001c130   _CLK_htimeMult
0001c30c   _CLK_htimePerLtime
00015484   _CLK_itime
0001c134   _CLK_ltimeDiv
0001c138   _CLK_ltimeMult
00015c80   _CLK_measure
000166c0   _CLK_start
00016820   _CLK_stop
0000a200   _CSL6416_LIB_
00002da4   _DSK6416_DIP_init
00002da8   _DSK6416_LED_init
00002d9c   _DSK6416_getVersion
00002d98   _DSK6416_init
00016860   _FXN_F_nop
00016208   _FXN_F_run
00016258   _FXN_F_zero
00000000   _GBL_CACHE
0001c1a4   _GBL_clkIn
00012f60   _GBL_cslCacheInit64
0001c1a8   _GBL_freq
00016880   _GBL_getVersion
0001c1a0   _GBL_procId
00008f80   _HOSTclose
00007500   _HOSTlseek
00007bc0   _HOSTopen
00007cc0   _HOSTread
00005fc0   _HOSTrename
000086c0   _HOSTunlink
00007dc0   _HOSTwrite
00018aa4   _HST_A_TABBEG
00018ab8   _HST_A_TABEND
00005800   _HWI_CFGDISPATCHED
0001c300   _HWI_D_inhwi
0001c2f4   _HWI_D_spsave
000133c0   _HWI_F_dispatch
0000000a   _HWI_INT10
0000000b   _HWI_INT11
0000000c   _HWI_INT12
0000000d   _HWI_INT13
0000000e   _HWI_INT14
0000000f   _HWI_INT15
00000004   _HWI_INT4
00000005   _HWI_INT5
00000006   _HWI_INT6
00000007   _HWI_INT7
00000008   _HWI_INT8
00000009   _HWI_INT9
00000001   _HWI_NMI
00000002   _HWI_RESERVED0
00000003   _HWI_RESERVED1
00000000   _HWI_RESET
0001bff8   _HWI_STKBOTTOM
0001bc00   _HWI_STKTOP
0001c2f4   _HWI_data
000164e0   _HWI_disable
0001c000   _HWI_dispatchTab
000164f8   _HWI_enable
0001650c   _HWI_restore
0001cd5c   _IDL_busyObj
0001cea8   _IDL_cpuLoad
0001ceb4   _IDL_live
000168a0   _IDL_loop
0001c2bc   _IRAM
0000a4a0   _IRAM_base
00008000   _IRAM_length
0000a220   _IRQ_clear
0000a0c0   _IRQ_disable
0000a240   _IRQ_enable
0000a260   _IRQ_globalDisable
0000a280   _IRQ_globalEnable
0000a2a0   _IRQ_globalRestore
0000a2c0   _IRQ_set
0001c270   _KNL_alarm
00015a80   _KNL_check
0001c294   _KNL_curqueue
0001c284   _KNL_curtask
0001c28c   _KNL_curtime
00018748   _KNL_dummy
00015da0   _KNL_enter
00015d60   _KNL_exit
00015b4c   _KNL_idle
0001c2ac   _KNL_idlefxn
0001c278   _KNL_inactive
00015ee0   _KNL_ipost
00015b70   _KNL_max
0001c298   _KNL_maxqueue
00015f80   _KNL_post
0001c288   _KNL_prevtask
0001c27c   _KNL_priority
000186a8   _KNL_queues
000141e0   _KNL_run
000154e0   _KNL_saveIsrFrame
0001c280   _KNL_set
0001c274   _KNL_setpri
0001ce5c   _KNL_swi
0001c290   _KNL_swiptr
00015590   _KNL_switch
0001c2a0   _KNL_tcreatefxn
0001c2a4   _KNL_tdeletefxn
00014f60   _KNL_tick
0001c2a8   _KNL_treadyfxn
0001c29c   _KNL_tswitchfxn
0001c268   _KNL_wFlag
0001c26c   _KNL_wList
0001604c   _LCK_pend
00016020   _LCK_post
0001ceac   _LNK_dataPump
00018fc0   _LOG_A_TABBEG
00018ff0   _LOG_A_TABEND
00000002   _LOG_A_TABLEN
0001c10c   _LOG_D_system
00016300   _LOG_event
000168c0   _LOG_printf
00018fc0   _LOG_system
00009700   _MCBSP_close
00009040   _MCBSP_config
000087a0   _MCBSP_open
0000a2e0   _MCBSP_read
000063c0   _MCBSP_reset
0000a300   _MCBSP_rrdy
00008880   _MCBSP_start
0000a320   _MCBSP_write
0000a340   _MCBSP_xrdy
0001c358   _MEM
0001c1ac   _MEM_D_NUMSEGMENTS
0001c1b4   _MEM_D_freelist
0001c1b8   _MEM_D_lockaddr
0001c1b0   _MEM_D_memtab
0001c1bc   _MEM_D_unlockaddr
00014b40   _MEM_alloc
000146c0   _MEM_free
00018dc0   _MEM_init
0001c2b0   _MEM_memtab
00018fa0   _OBJ_init
000188e0   _OBJ_segtab
000188a8   _OBJ_table
0001cc30   _PIP_A_TABBEG
0001ccf8   _PIP_A_TABEND
0001c14c   _PRD_D_tick
00018ab8   _PRD_clock
0001ceb0   _RTA_dispatcher
00018aa8   _RTA_fromHost
00018ab0   _RTA_toHost
ffffffff   _SDRAM
0001c2bc   _SEG0
000165a0   _SEM_pend
00016540   _SEM_pendBinary
00014460   _SEM_pendEnterKnl
00015ba0   _SEM_post
00015ba0   _SEM_postBinary
000160c0   _SEM_postEnterKnl
0001ce10   _SEM_rcv
0001ce3c   _SEM_xmt
0001ccf8   _STS_A_TABBEG
0001cd88   _STS_A_TABEND
000163b8   _STS_add
00016380   _STS_delta
0001cd6c   _STS_left
000163e4   _STS_reset
0001cd7c   _STS_right
000168e0   _STS_set
0001c1e4   _SWI_D_curfxn
0001c1d4   _SWI_D_curmask
0001c1d8   _SWI_D_curset
0001c1d0   _SWI_D_execaddr
0001c1ec   _SWI_D_inswi
0001c1dc   _SWI_D_lock
0001c1e8   _SWI_D_rdybeg
0001c1cc   _SWI_D_runaddr
0001c1cc   _SWI_data
00012af0   _SWI_post
0001c1c0   _SYS
0001c62c   _SYS_PUTCBEG
0001c82b   _SYS_PUTCEND
00016600   _SYS_abort
00016480   _SYS_error
00016160   _SYS_exit
00018a40   _SYS_exitStack
0001c348   _SYS_exitStackPtr
0001c34c   _SYS_exitStackTop
00007620   _TIMER_open
00007740   _TIMER_reset
0001cee4   _TRC_R_mask
0001c330   _TSK
00018848   _TSK_ATTRS
00018864   _TSK_config
000157e0   _TSK_exit
0001c838   _TSK_idle
00018f20   _TSK_init
0001c8f8   _TSK_loopback
0001c898   _TSK_mute
0001c328   _TSK_nTasks
0001c32c   _TSK_pid
0001c9b8   _TSK_printstat
0001c958   _TSK_process
00015160   _TSK_setup
000159e8   _TSK_startup
00018884   _TSK_timerSem
000167a0   _UTL_doAbort
00016900   _UTL_doError
00016660   _UTL_doPutc
00016920   _UTL_halt
0001ca10   __CIOBUF_
000154a0   __CLK_lat1beg
000154cc   __CLK_lat1end
000167e4   __CLK_lat2beg
0001681c   __CLK_lat2end
000065a0   __CSL_init
00012934   __GBL_setL2CacheMode
0001c1c8   __HOOK_NUMHOOKS
0001c1c4   __HOOK_knlId
000133c0   __HWI_lat1beg
0001352c   __HWI_lat1end
0001352c   __HWI_lat2beg
000136d8   __HWI_lat2end1
00013664   __HWI_lat2end2
000136f0   __HWI_lat3beg
00013800   __HWI_lat3end1
00013694   __HWI_lat3end2
00016280   __IDL_lat1beg
000162d0   __IDL_lat1end
000186a0   __IRQ_dispatchTable
000185d8   __IRQ_eventTable
0000a480   __IRQ_hookFetchPacket
00009b60   __IRQ_init
00018660   __IRQ_intTable
00015acc   __KNL_lat1beg
00015b4c   __KNL_lat1end
00016300   __LOG_lat1beg
00018948   __MCBSP_hDev0
0001894c   __MCBSP_hDev1
00018950   __MCBSP_hDev2
0001897c   __MEM_mutex
00013fd8   __RTA_lat1beg
00014010   __RTA_lat1end
00014f80   __SEM_dopost
0001c000   __STACK_END
00000400   __STACK_SIZE
00012bfc   __SWI_lat1beg
00012ca8   __SWI_lat1end
00012cac   __SWI_lat2beg
00012d14   __SWI_lat2end
00012a80   __SWI_lat3beg
00012aec   __SWI_lat3end
000189e8   __TIMER_deviceTable
00018a14   __TIMER_hBios
00018a0c   __TIMER_hDev0
00018a10   __TIMER_hDev1
00018954   __TSK_mutex
00018a84   ___TI_enable_exit_profile_output
ffffffff   ___TI_pprof_out_hndl
ffffffff   ___TI_prof_data_size
ffffffff   ___TI_prof_data_start
ffffffff   ___binit__
0001c000   ___bss__
ffffffff   ___c_args__
00016960   ___cinit__
0001ceec   ___data__
0001cef4   ___edata__
0001c35c   ___end__
0000a4a0   ___etext__
0000a100   ___isinf
ffffffff   ___pinit__
00000200   ___text__
000056c0   __addd
00015680   __auto_init
00007ec0   __c6xabi_divi
000091c0   __c6xabi_divu
000080c0   __c6xabi_strasgi
00009100   __cleanup
00018a7c   __cleanup_ptr
000073c0   __closefile
00008960   __cmpd
0001c360   __ctypes_
00001e00   __divd
00007ec0   __divi
000097a0   __divli
000091c0   __divu
00006960   __divul
000047c0   __divull
00008b20   __doflush
00018a80   __dtors_ptr
00009840   __fixdi
000098e0   __fixdli
00009ee0   __fltid
00009be0   __fltlid
00004fa0   __frcaddd
00007860   __frcmpyd
00007fc0   __frcmpyd_div
00018360   __ft_end
00018040   __ftable
00009c60   __llshl
00009f40   __llshru
00018a88   __lock
00004d20   __mpyd
00009ce0   __mpyll
0000a180   __negd
0000a360   __negll
0000a380   __nop
00007100   __nround
000028a0   __printfi
0000a3e0   __register_lock
0000a400   __register_unlock
00009fa0   __remli
00009980   __renormd
0001bc00   __stack
000080c0   __strasgi
0000a000   __subcull
0000a1c0   __subd
00018220   __tmpnams
0000a420   __trunc
00018a8c   __unlock
00007980   __wrt_ok
0001c310   _a
0000a440   _abort
0001c318   _accu
00007aa0   _atoi
0001c314   _b
00018e80   _c_int00
00013e90   _calloc
000081c0   _close
000189b0   _dip
00018364   _errno
00009400   _exit
000082c0   _fflush
00005460   _fputc
000031e0   _fputs
00013bc0   _free
00006780   _frexp
00006ca0   _fseek
000085c0   _getRandomNumber
0001c2f0   _gie
000030a0   _idlLive
00005b40   _ldexp
000189a8   _led
000094c0   _lseek
000083c0   _ltoa
000030f4   _main
00013bec   _malloc
00013d64   _memalign
00009d60   _memccpy
00008ce0   _memcpy
000084c0   _memset
00008dc0   _modf
00000200   _pow
00008ea0   _printf
00005460   _putc
00009ac0   _rand
000187c8   _rcvBuffer
0001c2e0   _rcvRead
0001c2e4   _rcvWrite
00009de0   _readmsg
00013c60   _realloc
0000a460   _remove
00005d80   _setvbuf
00018fd8   _trace
00002f58   _tskCheck
00002dac   _tskProcess
00002ee0   _tskStat
00009e60   _unlink
00009580   _write
0000a060   _writemsg
00018808   _xmtBuffer
0001c2e8   _xmtRead
0001c2ec   _xmtWrite
ffffffff   binit
00016960   cinit
0001cef4   edata
0001c35c   end
0000a4a0   etext
00000000   hwi0
00000020   hwi1
00000140   hwi10
00000160   hwi11
00000180   hwi12
000001a0   hwi13
000001c0   hwi14
000001e0   hwi15
00000040   hwi2
00000060   hwi3
00000080   hwi4
000000a0   hwi5
000000c0   hwi6
000000e0   hwi7
00000100   hwi8
00000120   hwi9
ffffffff   pinit
00018fd8   trace
00019000   trace$buf
00000001   trace$datatype
00000000   trace$log
00000400   trace$size


GLOBAL SYMBOLS: SORTED BY Symbol Address 

address    name
--------   ----
00000000   BUF$
00000000   CLK_PRDHIGH
00000000   CLK_TDDR
00000000   CLK_TDDRHIGH
00000000   CLK_TIMERNUM
00000000   DEV$
00000000   DGN$
00000000   DHL$
00000000   DHL_gChannelsAvailable
00000000   DIO$
00000000   DIO_NUMSWIBASE
00000000   DIO_NUMTSKBASE
00000000   DIO_STATIC
00000000   DPI$
00000000   GBL_BIGENDIAN
00000000   GBL_C641XL2PRIORITY
00000000   GBL_CACHE
00000000   GBL_L2CONFIGALLOC
00000000   GBL_L2MARMASK
00000000   GBL_L2MARMASK1
00000000   GBL_L2MARMASK2
00000000   GBL_L2MARMASK3
00000000   GBL_L2MARMASK4
00000000   GBL_L2MARMASK5
00000000   GBL_L2MODE
00000000   GBL_L2PRIORITY
00000000   GBL_NULL
00000000   GBL_PROCID
00000000   GBL_ROM
00000000   GBL_SUPPORTCSL
00000000   GBL_USERINIT
00000000   GIO$
00000000   HOOK$
00000000   HOOK_KNLID
00000000   HST_DSM
00000000   HST_RTDX
00000000   HWI_A_VECS
00000000   HWI_GENERATE_RESET_VEC
00000000   HWI_INT10$hwi
00000000   HWI_INT11$hwi
00000000   HWI_INT12$hwi
00000000   HWI_INT13$hwi
00000000   HWI_INT14$hwi
00000000   HWI_INT15$hwi
00000000   HWI_INT4$hwi
00000000   HWI_INT5$hwi
00000000   HWI_INT6$hwi
00000000   HWI_INT7$hwi
00000000   HWI_INT8$hwi
00000000   HWI_INT9$hwi
00000000   HWI_NMI$hwi
00000000   HWI_POLARITYMASK
00000000   HWI_RESERVED0$hwi
00000000   HWI_RESERVED1$hwi
00000000   HWI_RESET
00000000   HWI_RESET$hwi
00000000   IDL_busyObj$iB
00000000   IDL_busyObj$operation
00000000   KNL_swi$ord
00000000   KNL_swi$pri
00000000   KNL_swi$sts$unittype
00000000   KNL_swi$swi
00000000   LOG_system$datatype
00000000   LOG_system$log
00000000   MBX$
00000000   MEM_NULL
00000000   MEM_USEMPC
00000000   MSGQ$
00000000   MSGQ_USEMSGQ
00000000   OBJ$
00000000   PIP$
00000000   PIP_gNextId
00000000   POOL$
00000000   POOL_USEPOOL
00000000   PRD_A_TABBEG
00000000   PRD_A_TABEND
00000000   PRD_A_TABLEN
00000000   PRD_SWIHANDLE
00000000   RTA_fromHost$hst
00000000   RTA_fromHost$mode
00000000   RTA_toHost$hst
00000000   RTA_toHost$id
00000000   RTDX$
00000000   RTDX_MODE
00000000   RTDX_USERTDX
00000000   RTDX_USERTEXECUTION
00000000   SIO$
00000000   STS_left$iB
00000000   STS_left$unittype
00000000   STS_right$iB
00000000   STS_right$unittype
00000000   SWI_EHOOKFXN
00000000   SWI_IHOOKFXN
00000000   TSK_NUM_HOOKS
00000000   TSK_READYFXN
00000000   TSK_STACKSEG
00000000   TSK_SWITCHFXN
00000000   TSK_idle$pri
00000000   TSK_idle$sts$unittype
00000000   TSK_idle$tsk
00000000   TSK_loopback$sts$unittype
00000000   TSK_loopback$tsk
00000000   TSK_mute$sts$unittype
00000000   TSK_mute$tsk
00000000   TSK_printstat$sts$unittype
00000000   TSK_printstat$tsk
00000000   TSK_process$sts$unittype
00000000   TSK_process$tsk
00000000   UDEV$
00000000   _CLK_TDDR
00000000   _CLK_TIMERNUM
00000000   _GBL_CACHE
00000000   _HWI_RESET
00000000   hwi0
00000000   trace$log
00000001   BUF_ENABLED
00000001   CLK$
00000001   CLK_CALDIV
00000001   CLK_COUNTSPMSHIGH
00000001   CLK_HTIMEDIV
00000001   CLK_LTIMEDIV
00000001   CLK_USETIMER
00000001   GBL$
00000001   GBL_CALLCSLCFGINIT
00000001   GBL_ENABLEINST
00000001   GBL_L2CONFIGURE
00000001   GBL_boot
00000001   HST$
00000001   HST_NONE
00000001   HWI$
00000001   HWI_NMI
00000001   HWI_ZEROTAB
00000001   IDL$
00000001   IDL_USECLKIDLTIME
00000001   IDL_busyObj$filter
00000001   IDL_busyObj$iA
00000001   IDL_busyObj$iC
00000001   ISRC$
00000001   KNL_swi$dorta
00000001   KNL_swi$sts$filtmaxmult
00000001   KNL_swi$sts$filtsummult
00000001   LCK$
00000001   LOG$
00000001   LOG_ENABLED
00000001   MEM$
00000001   MEM_gNumHeap
00000001   PRD$
00000001   QUE$
00000001   RTA_fromHost$id
00000001   RTA_toHost$mode
00000001   SEM$
00000001   STS$
00000001   STS_left$filter
00000001   STS_left$iA
00000001   STS_left$iC
00000001   STS_left$operation
00000001   STS_right$filter
00000001   STS_right$iA
00000001   STS_right$iC
00000001   STS_right$operation
00000001   SWI$
00000001   SWI_A_TABLEN
00000001   SYS$
00000001   TSK$
00000001   TSK_PRIORITY
00000001   TSK_idle$ord
00000001   TSK_idle$sts$filtmaxmult
00000001   TSK_idle$sts$filtsummult
00000001   TSK_loopback$pri
00000001   TSK_loopback$sts$filtmaxmult
00000001   TSK_loopback$sts$filtsummult
00000001   TSK_mute$pri
00000001   TSK_mute$sts$filtmaxmult
00000001   TSK_mute$sts$filtsummult
00000001   TSK_printstat$pri
00000001   TSK_printstat$sts$filtmaxmult
00000001   TSK_printstat$sts$filtsummult
00000001   TSK_process$sts$filtmaxmult
00000001   TSK_process$sts$filtsummult
00000001   _CLK_USETIMER
00000001   _HWI_NMI
00000001   trace$datatype
00000002   HWI_RESERVED0
00000002   IDL_busyObj$unittype
00000002   KNL_swi$sts$filter
00000002   LOG_A_TABLEN
00000002   PIP_A_TABLEN
00000002   PIP_gNumEmbed
00000002   TSK_idle$sts$filter
00000002   TSK_loopback$sts$filter
00000002   TSK_mute$ord
00000002   TSK_mute$sts$filter
00000002   TSK_printstat$sts$filter
00000002   TSK_process$pri
00000002   TSK_process$sts$filter
00000002   _HWI_RESERVED0
00000002   _LOG_A_TABLEN
00000003   HWI_RESERVED1
00000003   TSK_loopback$ord
00000003   _HWI_RESERVED1
00000004   HWI_INT4
00000004   RTA_fromHost$framesize
00000004   TSK_process$ord
00000004   _HWI_INT4
00000005   HWI_INT5
00000005   _HWI_INT5
00000006   HWI_INT6
00000006   IDL_CALIBRERROR
00000006   TSK_printstat$ord
00000006   _HWI_INT6
00000007   HWI_INT7
00000007   _HWI_INT7
00000008   CLK_CALMULT
00000008   CLK_HTIMEMULT
00000008   HWI_INT8
00000008   _HWI_INT8
00000009   HWI_INT9
00000009   _HWI_INT9
0000000a   HWI_INT10
0000000a   _HWI_INT10
0000000b   HWI_INT11
0000000b   _HWI_INT11
0000000c   HWI_INT12
0000000c   _HWI_INT12
0000000d   HWI_INT13
0000000d   _HWI_INT13
0000000e   HWI_INT14
0000000e   _HWI_INT14
0000000f   HWI_INT15
0000000f   _HWI_INT15
00000020   CLK_TCR
00000020   hwi1
0000003e   GBL_DSPTYPE
00000040   HST_MAXFRAMESET
00000040   RTA_toHost$framesize
00000040   hwi2
00000042   GBL_FOOTPRINT
00000060   hwi3
00000064   CLK_MICROSECS
00000064   PIP_OBJSIZE
00000080   hwi4
000000a0   hwi5
000000c0   hwi6
000000e0   hwi7
000000ff   HST_MAXFRAMEALLOWED
00000100   hwi8
00000120   hwi9
00000140   hwi10
00000160   hwi11
00000180   hwi12
000001a0   hwi13
000001c0   hwi14
000001e0   hwi15
00000200   .text
00000200   LOG_system$size
00000200   ___text__
00000200   _pow
00000400   HST_DSMMEMSIZE
00000400   TSK_STACKSIZE
00000400   __STACK_SIZE
00000400   trace$size
00000408   RTDX_BUFMEMSIZE
00000f48   _AIC23_Loopback
00000fa4   _AIC23_Mute
00001000   _AIC23_OutGain
00001084   _AIC23_PowerDown
000010cc   _AIC23_SetFreq
00001190   _AIC23_rcvIsr
00001230   _AIC23_Read
000012fc   _AIC23_xmtIsr
000013a0   _AIC23_Write
00001478   _AIC23_Config
00001504   _AIC23_termIrq
0000158c   _AIC23_initIrq
00001614   _AIC23_CloseCodec
00001664   _AIC23_OpenCodec
00001770   GBL_CLKTYPE
00001900   GBL_DSPSUBTYPE
00001e00   __divd
00002226   GBL_L2ALLOC
00002328   CLK_HTIMEPERLTIME
00002328   CLK_PRD
00002328   _CLK_PRD
000028a0   __printfi
00002d98   _DSK6416_init
00002d9c   _DSK6416_getVersion
00002da4   _DSK6416_DIP_init
00002da8   _DSK6416_LED_init
00002dac   _tskProcess
00002ee0   _tskStat
00002f58   _tskCheck
000030a0   _idlLive
000030f4   _main
000031e0   _fputs
00004000   CLK_INTBIT
00004000   PRD_SCALAR
000047c0   __divull
00004d20   __mpyd
00004e20   GBL_CLKIN
00004fa0   __frcaddd
00005205   GBL_A_VERSION
00005460   _fputc
00005460   _putc
000056c0   __addd
00005800   HWI_CFGDISPATCHED
00005800   _HWI_CFGDISPATCHED
00005b40   _ldexp
00005d80   _setvbuf
00005fc0   _HOSTrename
000063c0   _MCBSP_reset
000065a0   __CSL_init
00006780   _frexp
00006960   __divul
00006ca0   _fseek
00007100   __nround
000073c0   __closefile
00007500   _HOSTlseek
00007620   _TIMER_open
00007740   _TIMER_reset
00007860   __frcmpyd
00007980   __wrt_ok
00007aa0   _atoi
00007bc0   _HOSTopen
00007cc0   _HOSTread
00007dc0   _HOSTwrite
00007ec0   __c6xabi_divi
00007ec0   __divi
00007fc0   __frcmpyd_div
00008000   IRAM$L
00008000   _IRAM_length
000080c0   __c6xabi_strasgi
000080c0   __strasgi
000081c0   _close
000082c0   _fflush
000083c0   _ltoa
000084c0   _memset
000085c0   _getRandomNumber
000086c0   _HOSTunlink
000087a0   _MCBSP_open
00008880   _MCBSP_start
00008960   __cmpd
00008b20   __doflush
00008ce0   _memcpy
00008dc0   _modf
00008ea0   _printf
00008f80   _HOSTclose
00009040   _MCBSP_config
00009100   __cleanup
000091c0   __c6xabi_divu
000091c0   __divu
00009400   _exit
000094c0   _lseek
00009580   _write
00009700   _MCBSP_close
000097a0   __divli
00009840   __fixdi
000098e0   __fixdli
00009980   __renormd
00009ac0   _rand
00009b60   __IRQ_init
00009be0   __fltlid
00009c60   __llshl
00009ce0   __mpyll
00009d60   _memccpy
00009de0   _readmsg
00009e60   _unlink
00009ee0   __fltid
00009f40   __llshru
00009fa0   __remli
0000a000   __subcull
0000a060   _writemsg
0000a0b8   C$$IO$$
0000a0c0   _IRQ_disable
0000a100   ___isinf
0000a180   __negd
0000a1c0   __subd
0000a200   _CSL6416_LIB_
0000a220   _IRQ_clear
0000a240   _IRQ_enable
0000a260   _IRQ_globalDisable
0000a280   _IRQ_globalEnable
0000a2a0   _IRQ_globalRestore
0000a2c0   _IRQ_set
0000a2e0   _MCBSP_read
0000a300   _MCBSP_rrdy
0000a320   _MCBSP_write
0000a340   _MCBSP_xrdy
0000a360   __negll
0000a380   __nop
0000a3e0   __register_lock
0000a400   __register_unlock
0000a420   __trunc
0000a440   C$$EXIT
0000a440   _abort
0000a460   _remove
0000a480   __IRQ_hookFetchPacket
0000a4a0   IRAM$B
0000a4a0   _IRAM_base
0000a4a0   ___etext__
0000a4a0   etext
0000dbef   GBL_TRCMASKVALUE
00011940   CLK_LTIMEMULT
00012934   __GBL_setL2CacheMode
00012a80   SWI_F_enable
00012a80   __SWI_lat3beg
00012aec   __SWI_lat3end
00012af0   SWI_F_post
00012af0   _SWI_post
00012bfc   __SWI_lat1beg
00012c68   SWI_EXECFXN
00012c68   SWI_F_exec
00012c90   SWI_F_iexec
00012ca8   __SWI_lat1end
00012cac   __SWI_lat2beg
00012d14   __SWI_lat2end
00012d18   SWI_F_run
00012d18   SWI_RUNFXN
00012f60   _GBL_cslCacheInit64
000133c0   CLK_HOOKFXN
000133c0   HWI_F_dispatch
000133c0   _HWI_F_dispatch
000133c0   __HWI_lat1beg
0001352c   __HWI_lat1end
0001352c   __HWI_lat2beg
00013664   __HWI_lat2end2
00013694   __HWI_lat3end2
000136d8   __HWI_lat2end1
000136f0   __HWI_lat3beg
00013800   __HWI_lat3end1
00013820   PRD_F_swi
00013ad8   PRD_F_tick
00013bc0   _free
00013bec   _malloc
00013c60   _realloc
00013d64   _memalign
00013e90   _calloc
00013f20   RTA_F_getlog
00013f64   RTA_F_getsts
00013fac   RTA_F_readblk
00013fcc   RTA_F_writeword
00013fd8   RTA_F_resetmem
00013fd8   __RTA_lat1beg
00014010   __RTA_lat1end
00014018   RTA_F_dispatch
00014068   RTA_execute
000141e0   _KNL_run
00014460   _SEM_pendEnterKnl
000146c0   _MEM_free
00014900   PIP_F_take
00014994   PIP_F_give
00014994   PIP_F_probe
00014a68   PIP_F_start
00014b40   _MEM_alloc
00014f60   PRD_THOOKFXN
00014f60   _KNL_tick
00014f80   __SEM_dopost
00015160   _TSK_setup
00015320   CLK_F_getltime
00015334   CLK_F_isr
00015484   CLK_F_itime
00015484   _CLK_F_itime
00015484   _CLK_itime
000154a0   __CLK_lat1beg
000154cc   __CLK_lat1end
000154e0   _KNL_saveIsrFrame
00015590   _KNL_switch
00015638   KNL_glue
00015680   __auto_init
000157e0   _TSK_exit
000159e8   _TSK_startup
00015a80   _KNL_check
00015acc   __KNL_lat1beg
00015b4c   _KNL_idle
00015b4c   __KNL_lat1end
00015b70   _KNL_max
00015ba0   _SEM_post
00015ba0   _SEM_postBinary
00015c80   _CLK_measure
00015d60   _KNL_exit
00015da0   _KNL_enter
00015e20   CLK_F_getfhtime
00015e40   CLK_F_gethtime
00015e40   CLK_F_getshtime
00015e40   CLK_TIMEFXN
00015ee0   _KNL_ipost
00015f80   _KNL_post
00015f90   CLK_COUNTSPMS
00015f90   _CLK_COUNTSPMS
00016020   _LCK_post
0001604c   _LCK_pend
000160c0   _SEM_postEnterKnl
00016160   _SYS_exit
00016200   FXN_F_nop
00016208   FXN_F_run
00016208   _FXN_F_run
00016258   FXN_F_zero
00016258   _FXN_F_zero
00016280   IDL_F_busy
00016280   __IDL_lat1beg
000162d0   __IDL_lat1end
00016300   LOG_F_event
00016300   _LOG_event
00016300   __LOG_lat1beg
00016380   STS_F_delta
00016380   _STS_delta
000163b8   STS_F_add
000163b8   _STS_add
000163e4   STS_F_reset
000163e4   _STS_reset
00016400   IDL_F_calibrate
00016480   _SYS_error
000164e0   _HWI_disable
000164f8   _HWI_enable
0001650c   _HWI_restore
00016540   _SEM_pendBinary
000165a0   _SEM_pend
00016600   _SYS_abort
00016660   SYS_PUTCFXN
00016660   _UTL_doPutc
000166c0   _CLK_start
00016720   IDL_CALIBRFXN
00016720   IDL_F_stub
00016760   RTA_F_andn
00016780   RTA_F_or
000167a0   SYS_ABORTFXN
000167a0   _UTL_doAbort
000167e0   _CLK_gethtime
000167e4   __CLK_lat2beg
0001681c   __CLK_lat2end
00016820   _CLK_stop
00016860   GBL_USERINITFXN
00016860   GIO_CREATEFXN
00016860   GIO_DELETEFXN
00016860   GIO_PENDFXN
00016860   GIO_POSTFXN
00016860   TSK_VCREATEFXN
00016860   TSK_VDELETEFXN
00016860   TSK_VEXITFXN
00016860   _FXN_F_nop
00016880   _GBL_getVersion
000168a0   IDL_F_loop
000168a0   _IDL_loop
000168c0   _LOG_printf
000168e0   _STS_set
00016900   SYS_ERRORFXN
00016900   _UTL_doError
00016920   SYS_EXITFXN
00016920   _UTL_halt
00016940   LNK_F_init
00016948   LNK_F_dataPump
00016960   ___cinit__
00016960   cinit
00018040   __ftable
00018220   __tmpnams
00018360   __ft_end
00018364   _errno
000185d8   __IRQ_eventTable
00018660   __IRQ_intTable
000186a0   __IRQ_dispatchTable
000186a8   _KNL_queues
00018748   _KNL_dummy
000187c8   _rcvBuffer
00018808   _xmtBuffer
00018848   _TSK_ATTRS
00018864   _TSK_config
00018884   _TSK_timerSem
000188a8   _OBJ_table
000188e0   _OBJ_segtab
00018948   __MCBSP_hDev0
0001894c   __MCBSP_hDev1
00018950   __MCBSP_hDev2
00018954   __TSK_mutex
0001897c   __MEM_mutex
000189a8   _led
000189b0   _dip
000189e8   __TIMER_deviceTable
00018a0c   __TIMER_hDev0
00018a10   __TIMER_hDev1
00018a14   __TIMER_hBios
00018a40   _SYS_exitStack
00018a7c   __cleanup_ptr
00018a80   __dtors_ptr
00018a84   ___TI_enable_exit_profile_output
00018a88   __lock
00018a8c   __unlock
00018aa4   HST_A_TABBEG
00018aa4   _HST_A_TABBEG
00018aa8   RTA_fromHost
00018aa8   _RTA_fromHost
00018ab0   RTA_toHost
00018ab0   _RTA_toHost
00018ab8   CLK_A_TABBEG
00018ab8   HST_A_TABEND
00018ab8   PRD_clock
00018ab8   _HST_A_TABEND
00018ab8   _PRD_clock
00018abc   CLK_null
00018ac0   BIOS_init
00018ac0   _BIOS_init
00018c58   BIOS$$CLKON
00018c98   BIOS$$CLKOFF
00018d00   BIOS_start
00018d00   _BIOS_start
00018dc0   _MEM_init
00018e80   _c_int00
00018f20   _TSK_init
00018fa0   _OBJ_init
00018fc0   LOG_A_TABBEG
00018fc0   LOG_system
00018fc0   _LOG_A_TABBEG
00018fc0   _LOG_system
00018fd8   _trace
00018fd8   trace
00018ff0   LOG_A_TABEND
00018ff0   RTA_fromHost$buf
00018ff0   _LOG_A_TABEND
00019000   trace$buf
0001a000   LOG_system$buf
0001a800   TSK_idle$stack
0001ab98   TSK_idle$stkptr
0001ac00   TSK_loopback$stack
0001af98   TSK_loopback$stkptr
0001b000   TSK_mute$stack
0001b398   TSK_mute$stkptr
0001b400   TSK_printstat$stack
0001b798   TSK_printstat$stkptr
0001b800   TSK_process$stack
0001bb98   TSK_process$stkptr
0001bc00   GBL_stackbeg
0001bc00   _HWI_STKTOP
0001bc00   __stack
0001bff8   _HWI_STKBOTTOM
0001bfff   GBL_stackend
0001c000   $bss
0001c000   .bss
0001c000   _HWI_dispatchTab
0001c000   __STACK_END
0001c000   ___bss__
0001c100   IDL_D_tabbeg
0001c104   IDL_D_calibrate
0001c108   IDL_D_calbeg
0001c10c   LOG_D_system
0001c10c   _LOG_D_system
0001c110   PIP_D_tabbeg
0001c114   PIP_D_tablen
0001c118   CLK_R_time
0001c11c   CLK_D_timefxn
0001c120   CLK_D_tabbeg
0001c124   CLK_D_isrhook
0001c128   CLK_D_idletime
0001c12c   _CLK_htimeDiv
0001c130   _CLK_htimeMult
0001c134   _CLK_ltimeDiv
0001c138   _CLK_ltimeMult
0001c13c   _CLK_D_dirty
0001c140   _CLK_D_prd
0001c144   _CLK_D_tddr
0001c148   _CLK_D_countspms
0001c14c   PRD_D_tick
0001c14c   _PRD_D_tick
0001c150   PRD_D_cur
0001c154   PRD_D_elapsed
0001c158   PRD_D_prevtim
0001c15c   PRD_D_scalar
0001c160   PRD_D_swihandle
0001c164   PRD_D_tabbeg
0001c168   PRD_D_tablen
0001c16c   PRD_D_thook
0001c170   RTA_D_fromHost
0001c174   RTA_D_toHost
0001c178   RTA_D_logval
0001c188   RTA_D_stsval
0001c194   HST_D_chanmask
0001c198   HST_D_tabbeg
0001c19c   HST_D_tabend
0001c1a0   _GBL_procId
0001c1a4   _GBL_clkIn
0001c1a8   _GBL_freq
0001c1ac   _MEM_D_NUMSEGMENTS
0001c1b0   _MEM_D_memtab
0001c1b4   _MEM_D_freelist
0001c1b8   _MEM_D_lockaddr
0001c1bc   _MEM_D_unlockaddr
0001c1c0   _SYS
0001c1c4   __HOOK_knlId
0001c1c8   __HOOK_NUMHOOKS
0001c1cc   SWI_D_runaddr
0001c1cc   _SWI_D_runaddr
0001c1cc   _SWI_data
0001c1d0   SWI_D_execaddr
0001c1d0   _SWI_D_execaddr
0001c1d4   SWI_D_curmask
0001c1d4   _SWI_D_curmask
0001c1d8   SWI_D_curset
0001c1d8   _SWI_D_curset
0001c1dc   SWI_D_lock
0001c1dc   _SWI_D_lock
0001c1e0   SWI_D_curmbox
0001c1e4   SWI_D_curfxn
0001c1e4   _SWI_D_curfxn
0001c1e8   SWI_D_rdybeg
0001c1e8   _SWI_D_rdybeg
0001c1ec   SWI_D_inswi
0001c1ec   _SWI_D_inswi
0001c1f0   SWI_D_rdytab
0001c268   _KNL_wFlag
0001c26c   _KNL_wList
0001c270   _KNL_alarm
0001c274   _KNL_setpri
0001c278   _KNL_inactive
0001c27c   _KNL_priority
0001c280   _KNL_set
0001c284   _KNL_curtask
0001c288   _KNL_prevtask
0001c28c   _KNL_curtime
0001c290   _KNL_swiptr
0001c294   _KNL_curqueue
0001c298   _KNL_maxqueue
0001c29c   _KNL_tswitchfxn
0001c2a0   _KNL_tcreatefxn
0001c2a4   _KNL_tdeletefxn
0001c2a8   _KNL_treadyfxn
0001c2ac   _KNL_idlefxn
0001c2b0   _MEM_memtab
0001c2bc   HST_DSMBUFSEG
0001c2bc   IRAM
0001c2bc   MEM_MALLOCSEG
0001c2bc   MEM_SEGZERO
0001c2bc   RTDX_DATAMEMSEG
0001c2bc   _IRAM
0001c2bc   _SEG0
0001c2c0   RTA_fromHost$pipe$dtab
0001c2cc   RTA_toHost$pipe$dtab
0001c2d8   _AIC23_ControlHnd
0001c2dc   _AIC23_DataHnd
0001c2e0   _rcvRead
0001c2e4   _rcvWrite
0001c2e8   _xmtRead
0001c2ec   _xmtWrite
0001c2f0   _gie
0001c2f4   HWI_D_spsave
0001c2f4   _HWI_D_spsave
0001c2f4   _HWI_data
0001c300   _HWI_D_inhwi
0001c304   HWI_D_bss
0001c308   HWI_D_ccmask
0001c30c   _CLK_htimePerLtime
0001c310   _a
0001c314   _b
0001c318   _accu
0001c328   _TSK_nTasks
0001c32c   _TSK_pid
0001c330   _TSK
0001c340   _CLK_DFLTMICROSECS
0001c344   _CLK_D_microseconds
0001c348   _SYS_exitStackPtr
0001c34c   _SYS_exitStackTop
0001c354   IDL_D_busyObj
0001c358   _MEM
0001c35c   ___end__
0001c35c   end
0001c360   __ctypes_
0001c629   KNL_swi$sts$maxfmt
0001c62c   _SYS_PUTCBEG
0001c631   KNL_swi$sts$sumfmt
0001c639   KNL_swi$sts$avgfmt
0001c643   TSK_idle$sts$maxfmt
0001c64b   TSK_idle$sts$sumfmt
0001c653   TSK_idle$sts$avgfmt
0001c65d   TSK_mute$sts$maxfmt
0001c665   TSK_mute$sts$sumfmt
0001c66d   TSK_mute$sts$avgfmt
0001c677   TSK_loopback$sts$maxfmt
0001c67f   TSK_loopback$sts$sumfmt
0001c687   TSK_loopback$sts$avgfmt
0001c691   TSK_process$sts$maxfmt
0001c699   TSK_process$sts$sumfmt
0001c6a1   TSK_process$sts$avgfmt
0001c6ab   TSK_printstat$sts$maxfmt
0001c6b3   TSK_printstat$sts$sumfmt
0001c6bb   TSK_printstat$sts$avgfmt
0001c6c5   IDL_busyObj$maxfmt
0001c6c8   IDL_busyObj$sumfmt
0001c6cb   IDL_busyObj$avgfmt
0001c6d0   STS_left$maxfmt
0001c6d3   STS_left$sumfmt
0001c6d6   STS_left$avgfmt
0001c6db   STS_right$maxfmt
0001c6de   STS_right$sumfmt
0001c6e1   STS_right$avgfmt
0001c82b   _SYS_PUTCEND
0001c838   TSK_idle
0001c838   _TSK_idle
0001c898   TSK_mute
0001c898   _TSK_mute
0001c8f8   TSK_loopback
0001c8f8   _TSK_loopback
0001c958   TSK_process
0001c958   _TSK_process
0001c9b8   TSK_printstat
0001c9b8   _TSK_printstat
0001ca10   __CIOBUF_
0001cb30   RTA_toHost$buf
0001cc30   PIP_A_TABBEG
0001cc30   RTA_fromHost$pipe
0001cc30   _PIP_A_TABBEG
0001cc34   RTA_fromHost$pipe$rd
0001cc60   RTA_fromHost$pipe$aaa
0001cc64   RTA_fromHost$pipe$wr
0001cc90   RTA_fromHost$pipe$bbb
0001cc94   RTA_toHost$pipe
0001cc98   RTA_toHost$pipe$rd
0001ccc4   RTA_toHost$pipe$aaa
0001ccc8   RTA_toHost$pipe$wr
0001ccf4   RTA_toHost$pipe$bbb
0001ccf8   KNL_swi$sts$stsobj
0001ccf8   PIP_A_TABEND
0001ccf8   STS_A_TABBEG
0001ccf8   _PIP_A_TABEND
0001ccf8   _STS_A_TABBEG
0001ccfc   KNL_swi$sts
0001cd08   TSK_idle$sts$stsobj
0001cd0c   TSK_idle$sts
0001cd18   TSK_mute$sts$stsobj
0001cd1c   TSK_mute$sts
0001cd28   TSK_loopback$sts$stsobj
0001cd2c   TSK_loopback$sts
0001cd38   TSK_process$sts$stsobj
0001cd3c   TSK_process$sts
0001cd48   TSK_printstat$sts$stsobj
0001cd4c   TSK_printstat$sts
0001cd58   IDL_busyObj$stsobj
0001cd5c   IDL_busyObj
0001cd5c   _IDL_busyObj
0001cd68   STS_left$stsobj
0001cd6c   STS_left
0001cd6c   _STS_left
0001cd78   STS_right$stsobj
0001cd7c   STS_right
0001cd7c   _STS_right
0001cd88   STS_A_TABEND
0001cd88   _STS_A_TABEND
0001ce10   SEM_rcv
0001ce10   _SEM_rcv
0001ce3c   SEM_xmt
0001ce3c   _SEM_xmt
0001ce5c   KNL_swi
0001ce5c   SWI_A_TABBEG
0001ce5c   _KNL_swi
0001ce88   SWI_A_TABEND
0001cea8   IDL_A_TABBEG
0001cea8   IDL_cpuLoad
0001cea8   _IDL_cpuLoad
0001ceac   LNK_dataPump
0001ceac   _LNK_dataPump
0001ceb0   RTA_dispatcher
0001ceb0   _RTA_dispatcher
0001ceb4   IDL_live
0001ceb4   _IDL_live
0001ceb8   IDL_END
0001cebc   IDL_A_CALBEG
0001cebc   IDL_cpuLoad$
0001cec0   LNK_dataPump$
0001cec4   RTA_dispatcher$
0001cec8   IDL_live$
0001cecc   IDL_END$
0001ced0   SYS$config
0001cee0   TRC_cinit
0001cee4   TRC_R_mask
0001cee4   _TRC_R_mask
0001cee8   GBL_initdone
0001ceec   .data
0001ceec   LNK_dspFrameRequestMask
0001ceec   ___data__
0001cef0   LNK_dspFrameReadyMask
0001cef4   ___edata__
0001cef4   edata
000afc80   GBL_FREQ
01940000   CLK_HIRESREGS
01940000   CLK_REGS
01940000   _CLK_REGS
08204653   HWI_INTRMULTHIGH
310718a4   HWI_INTRMULTLOW
ffffffff   SDRAM
ffffffff   _SDRAM
ffffffff   ___TI_pprof_out_hndl
ffffffff   ___TI_prof_data_size
ffffffff   ___TI_prof_data_start
ffffffff   ___binit__
ffffffff   ___c_args__
ffffffff   ___pinit__
ffffffff   binit
ffffffff   pinit

[893 symbols]
