******************************************************************************
               TMS320C6x Linker PC v7.4.4                      
******************************************************************************
>> Linked Wed Dec 07 12:47:15 2022

OUTPUT FILE NAME:   <xtomes07.out>
ENTRY POINT SYMBOL: "_c_int00"  address: 0001abc0


MEMORY CONFIGURATION

         name            origin    length      used     unused   attr    fill
----------------------  --------  ---------  --------  --------  ----  --------
  IRAM                  00000000   00100000  0001cf8d  000e3073  RWIX
  SDRAM                 80000000   01000000  00000000  01000000  RWIX


SECTION ALLOCATION MAP

 output                                  attributes/
section   page    origin      length       input sections
--------  ----  ----------  ----------   ----------------
.vers      0    00000000    0000003c     COPY SECTION
                  00000000    0000003c     hellocfg.obj (.vers)

.prd       0    00000000    00000000     UNINITIALIZED

.hwi_vec   0    00000000    00000200     
                  00000000    00000200     hellocfg.obj (.hwi_vec)

.pinit     0    00000000    00000000     UNINITIALIZED

.text      0    00000200    0000a340     
                  00000200    00000c60     rts6400.lib : pow.obj (.text:_pow)
                  00000e60    00000980     aic23.obj (.text)
                  000017e0    00000620     rts6400.lib : _printfi.obj (.text:__getarg_diouxp)
                  00001e00    000005c0                 : divd.obj (.text:__divd)
                  000023c0    000004e0                 : _printfi.obj (.text:__setfield)
                  000028a0    000004c0                 : _printfi.obj (.text:__printfi)
                  00002d60    00000480     hello.obj (.text)
                  000031e0    00000420     rts6400.lib : fputs.obj (.text:_fputs)
                  00003600    00000400                 : _printfi.obj (.text:_fcvt)
                  00003a00    000003e0                 : _printfi.obj (.text:__pproc_fge)
                  00003de0    000003c0                 : _printfi.obj (.text:_ecvt)
                  000041a0    00000320                 : _printfi.obj (.text:__pconv_e)
                  000044c0    00000300                 : _printfi.obj (.text:__pproc_fwp)
                  000047c0    000002c0                 : imath64.obj (.text:__divull)
                  00004a80    000002a0                 : _printfi.obj (.text:__pproc_diouxp)
                  00004d20    00000280                 : mpyd.obj (.text:__mpyd)
                  00004fa0    00000260                 : frcaddd.obj (.text:__frcaddd)
                  00005200    00000260                 : _printfi.obj (.text:__pproc_str)
                  00005460    00000260                 : fputc.obj (.text:_fputc)
                  000056c0    00000240                 : addd.obj (.text:__addd)
                  00005900    00000240                 : _printfi.obj (.text:__pconv_g)
                  00005b40    00000240                 : ldexp.obj (.text:_ldexp)
                  00005d80    00000240                 : setvbuf.obj (.text:_setvbuf)
                  00005fc0    00000200                 : trgdrv.obj (.text:_HOSTrename)
                  000061c0    00000200                 : _printfi.obj (.text:__mcpy)
                  000063c0    000001e0     csl6416.lib : csl_mcbsp.obj (.text:_MCBSP_reset)
                  000065a0    000001e0                 : csl.obj (.text:__CSL_init)
                  00006780    000001e0     rts6400.lib : frexp.obj (.text:_frexp)
                  00006960    000001a0                 : imath40.obj (.text:__divul)
                  00006b00    000001a0     csl6416.lib : csl_irq.obj (.text:_mux2Tables)
                  00006ca0    00000180     rts6400.lib : fseek.obj (.text:_fseek)
                  00006e20    00000180                 : lowlev.obj (.text:_getdevice)
                  00006fa0    00000160                 : _printfi.obj (.text:__ltostr)
                  00007100    00000160                 : round.obj (.text:__nround)
                  00007260    00000160                 : _printfi.obj (.text:__pproc_fflags)
                  000073c0    00000140                 : fclose.obj (.text:__closefile)
                  00007500    00000120                 : trgdrv.obj (.text:_HOSTlseek)
                  00007620    00000120     csl6416.lib : csl_timer.obj (.text:_TIMER_open)
                  00007740    00000120                 : csl_timer.obj (.text:_TIMER_reset)
                  00007860    00000120     rts6400.lib : frcmpyd.obj (.text:__frcmpyd)
                  00007980    00000120                 : _io_perm.obj (.text:__wrt_ok)
                  00007aa0    00000120                 : atoi.obj (.text:_atoi)
                  00007bc0    00000100                 : trgdrv.obj (.text:_HOSTopen)
                  00007cc0    00000100                 : trgdrv.obj (.text:_HOSTread)
                  00007dc0    00000100                 : trgdrv.obj (.text:_HOSTwrite)
                  00007ec0    00000100                 : divi.obj (.text:__divi)
                  00007fc0    00000100                 : frcmpyd_div.obj (.text:__frcmpyd_div)
                  000080c0    00000100                 : strasg.obj (.text:__strasgi)
                  000081c0    00000100                 : lowlev.obj (.text:_close)
                  000082c0    00000100                 : fflush.obj (.text:_fflush)
                  000083c0    00000100                 : ltoa.obj (.text:_ltoa)
                  000084c0    00000100                 : memset.obj (.text:_memset)
                  000085c0    000000e0                 : trgdrv.obj (.text:_HOSTunlink)
                  000086a0    000000e0     csl6416.lib : csl_mcbsp.obj (.text:_MCBSP_open)
                  00008780    000000e0                 : csl_mcbsp.obj (.text:_MCBSP_start)
                  00008860    000000e0     rts6400.lib : cmpd.obj (.text:__cmpd)
                  00008940    000000e0                 : _printfi.obj (.text:__div)
                  00008a20    000000e0                 : fflush.obj (.text:__doflush)
                  00008b00    000000e0                 : _printfi.obj (.text:__pconv_f)
                  00008be0    000000e0                 : memcpy64.obj (.text:_memcpy)
                  00008cc0    000000e0                 : modf.obj (.text:_modf)
                  00008da0    000000e0                 : printf.obj (.text:_printf)
                  00008e80    000000e0     pseudoRandomNumber.obj (.text)
                  00008f60    000000c0     rts6400.lib : trgdrv.obj (.text:_HOSTclose)
                  00009020    000000c0     csl6416.lib : csl_mcbsp.obj (.text:_MCBSP_config)
                  000090e0    000000c0     rts6400.lib : fopen.obj (.text:__cleanup)
                  000091a0    000000c0                 : divu.obj (.text:__divu)
                  00009260    000000c0                 : _printfi.obj (.text:__ecpy)
                  00009320    000000c0                 : _printfi.obj (.text:__fcpy)
                  000093e0    000000c0                 : remi.obj (.text:__remi)
                  000094a0    000000c0                 : exit.obj (.text:_exit)
                  00009560    000000c0                 : lowlev.obj (.text:_lseek)
                  00009620    000000c0                 : lowlev.obj (.text:_write)
                  000096e0    000000c0     bios.a64 : tsk_stup.o64 (.text)
                  000097a0    000000a0     csl6416.lib : csl_mcbsp.obj (.text:_MCBSP_close)
                  00009840    000000a0     rts6400.lib : imath40.obj (.text:__divli)
                  000098e0    000000a0                 : fixdi.obj (.text:__fixdi)
                  00009980    000000a0                 : fixdli.obj (.text:__fixdli)
                  00009a20    000000a0                 : renormd.obj (.text:__renormd)
                  00009ac0    000000a0                 : lowlev.obj (.text:_finddevice)
                  00009b60    000000a0                 : rand.obj (.text:_rand)
                  00009c00    00000080     csl6416.lib : csl_irq.obj (.text:__IRQ_init)
                  00009c80    00000080     rts6400.lib : fltlid.obj (.text:__fltlid)
                  00009d00    00000080                 : llshift.obj (.text:__llshl)
                  00009d80    00000080                 : mpyll.obj (.text:__mpyll)
                  00009e00    00000080                 : memccpy.obj (.text:_memccpy)
                  00009e80    00000080                 : trgmsg.obj (.text:_readmsg)
                  00009f00    00000080                 : lowlev.obj (.text:_unlink)
                  00009f80    00000060                 : fltid.obj (.text:__fltid)
                  00009fe0    00000060                 : llshift.obj (.text:__llshru)
                  0000a040    00000060                 : imath40.obj (.text:__remli)
                  0000a0a0    00000060                 : imath64.obj (.text:__subcull)
                  0000a100    00000060                 : trgmsg.obj (.text:_writemsg)
                  0000a160    00000040     csl6416.lib : csl_irq.obj (.text:_IRQ_disable)
                  0000a1a0    00000040     rts6400.lib : isinf.obj (.text:___isinf)
                  0000a1e0    00000040                 : _printfi.obj (.text:___isnan)
                  0000a220    00000040                 : negd.obj (.text:__negd)
                  0000a260    00000040                 : subd.obj (.text:__subd)
                  0000a2a0    00000020     csl6416.lib : csl.obj (.text:_CSL6416_LIB_)
                  0000a2c0    00000020                 : csl_irq.obj (.text:_IRQ_clear)
                  0000a2e0    00000020                 : csl_irq.obj (.text:_IRQ_enable)
                  0000a300    00000020                 : csl_irq.obj (.text:_IRQ_globalDisable)
                  0000a320    00000020                 : csl_irq.obj (.text:_IRQ_globalEnable)
                  0000a340    00000020                 : csl_irq.obj (.text:_IRQ_globalRestore)
                  0000a360    00000020                 : csl_irq.obj (.text:_IRQ_set)
                  0000a380    00000020                 : csl_mcbsp.obj (.text:_MCBSP_read)
                  0000a3a0    00000020                 : csl_mcbsp.obj (.text:_MCBSP_rrdy)
                  0000a3c0    00000020                 : csl_mcbsp.obj (.text:_MCBSP_write)
                  0000a3e0    00000020                 : csl_mcbsp.obj (.text:_MCBSP_xrdy)
                  0000a400    00000020     rts6400.lib : negll.obj (.text:__negll)
                  0000a420    00000020                 : _lock.obj (.text:__nop)
                  0000a440    00000020                 : printf.obj (.text:__outc)
                  0000a460    00000020                 : printf.obj (.text:__outs)
                  0000a480    00000020                 : _lock.obj (.text:__register_lock)
                  0000a4a0    00000020                 : _lock.obj (.text:__register_unlock)
                  0000a4c0    00000020                 : trunc.obj (.text:__trunc)
                  0000a4e0    00000020                 : exit.obj (.text:_abort)
                  0000a500    00000020                 : remove.obj (.text:_remove)
                  0000a520    00000020     csl6416.lib : csl_irq.obj (.text)

.IRAM$heap 
*          0    0000a540    00008000     UNINITIALIZED
                  0000a540    00008000     --HOLE--

.bios      0    00012540    000044c0     
                  00012540    000005e0     bios.a64 : gbl_setL2CacheMode.o64 (.bios)
                  00012b20    000004e0              : swi.o64 (.bios)
                  00013000    00000460              : gbl_cslcacheinit64.o64 (.bios)
                  00013460    00000460              : hwi_disp_asm.o64 (.bios)
                  000138c0    000003a0              : prd.o64 (.bios)
                  00013c60    00000360              : malloc.o64 (.bios)
                  00013fc0    000002c0              : rta.o64 (.bios)
                  00014280    00000280              : knl_run.o64 (.bios)
                  00014500    00000260              : sem_pend.o64 (.bios)
                  00014760    00000240              : mem_free.o64 (.bios:.near)
                  000149a0    00000240              : pip.o64 (.bios)
                  00014be0    00000220              : mem_allo.o64 (.bios:.near)
                  00014e00    00000220              : knl_tick.o64 (.bios)
                  00015020    000001e0              : sem_dopo.o64 (.bios)
                  00015200    000001c0              : tsk_setu.o64 (.bios)
                  000153c0    000001c0     biosC6000.a64 : clk.o64 (.bios)
                  00015580    000001a0     bios.a64 : knl_swit.o64 (.bios)
                  00015720    00000160              : autoinit.o64 (.bios)
                  00015880    00000160              : tsk_exit.o64 (.bios)
                  000159e0    00000140              : tsk_stup.o64 (.bios)
                  00015b20    00000120              : knl_chec.o64 (.bios)
                  00015c40    000000e0              : sem_post_asm.o64 (.bios)
                  00015d20    000000e0     biosC6000.a64 : clk_meas.o64 (.bios)
                  00015e00    000000c0     bios.a64 : knl_exit.o64 (.bios)
                  00015ec0    000000c0     biosC6000.a64 : clk_htime.o64 (.bios)
                  00015f80    000000a0     bios.a64 : knl_ipos.o64 (.bios)
                  00016020    000000a0              : knl_post.o64 (.bios)
                  000160c0    000000a0              : lck.o64 (.bios)
                  00016160    000000a0              : sem_post.o64 (.bios)
                  00016200    000000a0              : sys_exit.o64 (.bios)
                  000162a0    00000080              : fxn.o64 (.bios)
                  00016320    00000080              : idl_busy.o64 (.bios)
                  000163a0    00000080              : log.o64 (.bios)
                  00016420    00000080              : sts.o64 (.bios)
                  000164a0    00000080     biosC6000.a64 : idl_cal.o64 (.bios)
                  00016520    00000060     bios.a64 : sys_erro.o64 (.bios:.near)
                  00016580    00000060              : hwi_c.o64 (.bios)
                  000165e0    00000060              : sem_pend_binary.o64 (.bios)
                  00016640    00000060              : sem_pend_counting.o64 (.bios)
                  000166a0    00000060              : sys_abor.o64 (.bios)
                  00016700    00000060              : utl_putc.o64 (.bios)
                  00016760    00000060     biosC6000.a64 : clk_start.o64 (.bios)
                  000167c0    00000040     bios.a64 : idl_stub.o64 (.bios)
                  00016800    00000040              : rta_andn.o64 (.bios)
                  00016840    00000040              : utl_doab.o64 (.bios)
                  00016880    00000040     biosC6000.a64 : clk_gethtime.o64 (.bios)
                  000168c0    00000040                   : clk_stop.o64 (.bios)
                  00016900    00000020     bios.a64 : fxn_c.o64 (.bios)
                  00016920    00000020              : gbl_vers.o64 (.bios)
                  00016940    00000020              : idl.o64 (.bios)
                  00016960    00000020              : log_printf.o64 (.bios)
                  00016980    00000020              : sts_set.o64 (.bios)
                  000169a0    00000020              : utl_doer.o64 (.bios)
                  000169c0    00000020              : utl_halt.o64 (.bios)
                  000169e0    00000020     lnknone.a64 : none.o64 (.bios)

.cinit     0    00016a00    000016dc     
                  00016a00    000009cc     hellocfg.obj (.cinit)
                  000173cc    00000004     --HOLE-- [fill = 0]
                  000173d0    0000026c     bios.a64 : biosdata.o64 (.cinit)
                  0001763c    00000004     --HOLE-- [fill = 0]
                  00017640    000001a4              : knl.o64 (.cinit)
                  000177e4    00000004     --HOLE-- [fill = 0]
                  000177e8    00000140     rts6400.lib : pow.obj (.cinit)
                  00017928    0000012c     csl6416.lib : csl_irq.obj (.cinit)
                  00017a54    00000004     --HOLE-- [fill = 0]
                  00017a58    000000b0     bios.a64 : swi.o64 (.cinit)
                  00017b08    00000094     aic23.obj (.cinit)
                  00017b9c    00000004     --HOLE-- [fill = 0]
                  00017ba0    00000080     bios.a64 : tsk.o64 (.cinit)
                  00017c20    0000007c     csl6416.lib : csl_mcbsp.obj (.cinit)
                  00017c9c    00000004     --HOLE-- [fill = 0]
                  00017ca0    00000060     bios.a64 : tsk_stup.o64 (.cinit)
                  00017d00    0000005c     csl6416.lib : csl_timer.obj (.cinit)
                  00017d5c    00000004     --HOLE-- [fill = 0]
                  00017d60    0000005c     hello.obj (.cinit)
                  00017dbc    00000004     --HOLE-- [fill = 0]
                  00017dc0    0000005c     rts6400.lib : defs.obj (.cinit)
                  00017e1c    00000004     --HOLE-- [fill = 0]
                  00017e20    0000005c                 : lowlev.obj (.cinit)
                  00017e7c    00000004     --HOLE-- [fill = 0]
                  00017e80    0000004c     bios.a64 : rta.o64 (.cinit)
                  00017ecc    00000004     --HOLE-- [fill = 0]
                  00017ed0    0000004c     pseudoRandomNumber.obj (.cinit)
                  00017f1c    00000004     --HOLE-- [fill = 0]
                  00017f20    0000003c     csl6416.lib : csl.obj (.cinit)
                  00017f5c    00000004     --HOLE-- [fill = 0]
                  00017f60    00000034     bios.a64 : hwi.o64 (.cinit)
                  00017f94    00000004     --HOLE-- [fill = 0]
                  00017f98    0000002c              : utl_putc.o64 (.cinit)
                  00017fc4    00000004     --HOLE-- [fill = 0]
                  00017fc8    0000002c     rts6400.lib : exit.obj (.cinit)
                  00017ff4    00000004     --HOLE-- [fill = 0]
                  00017ff8    00000024     bios.a64 : obj_init.o64 (.cinit)
                  0001801c    00000004     --HOLE-- [fill = 0]
                  00018020    0000001c              : sys.o64 (.cinit)
                  0001803c    00000004     --HOLE-- [fill = 0]
                  00018040    0000001c     rts6400.lib : _lock.obj (.cinit)
                  0001805c    00000004     --HOLE-- [fill = 0]
                  00018060    00000018     bios.a64 : knl_tick.o64 (.cinit)
                  00018078    00000010     rts6400.lib : rand.obj (.cinit)
                  00018088    0000000c     bios.a64 : gbl_setL2CacheMode.o64 (.cinit)
                  00018094    00000004     --HOLE-- [fill = 0]
                  00018098    0000000c              : idl_busy.o64 (.cinit)
                  000180a4    00000004     --HOLE-- [fill = 0]
                  000180a8    0000000c              : knl_swit.o64 (.cinit)
                  000180b4    00000004     --HOLE-- [fill = 0]
                  000180b8    0000000c     rts6400.lib : errno.obj (.cinit)
                  000180c4    00000004     --HOLE-- [fill = 0]
                  000180c8    0000000c                 : fopen.obj (.cinit)
                  000180d4    00000004     --HOLE-- [fill = 0]
                  000180d8    00000004     (.pad.cinit) [fill = 0]

.args      0    000180dc    00000004     
                  000180dc    00000004     --HOLE-- [fill = 0]

.far       0    000180e0    00000a64     UNINITIALIZED
                  000180e0    00000324     rts6400.lib : defs.obj (.far)
                  00018404    00000004                 : errno.obj (.far)
                  00018408    00000120                 : pow.obj (.far)
                  00018528    0000011c                 : lowlev.obj (.far)
                  00018644    00000004                 : fopen.obj (.far)
                  00018648    00000100     csl6416.lib : csl_irq.obj (.far)
                  00018748    000000d8     bios.a64 : knl.o64 (.far)
                  00018820    000000c8     aic23.obj (.far)
                  000188e8    0000005c     bios.a64 : tsk.o64 (.far)
                  00018944    00000004     --HOLE--
                  00018948    00000054              : obj_init.o64 (.far)
                  0001899c    00000004     --HOLE--
                  000189a0    00000054     csl6416.lib : csl_mcbsp.obj (.far)
                  000189f4    00000050     bios.a64 : tsk_stup.o64 (.far)
                  00018a44    00000004     --HOLE--
                  00018a48    00000040     hello.obj (.far)
                  00018a88    00000030     csl6416.lib : csl_timer.obj (.far)
                  00018ab8    00000028                 : csl.obj (.far)
                  00018ae0    00000020     bios.a64 : sys.o64 (.far)
                  00018b00    00000010              : knl_tick.o64 (.far)
                  00018b10    0000000c              : utl_putc.o64 (.far)
                  00018b1c    0000000c     rts6400.lib : exit.obj (.far)
                  00018b28    00000008                 : _lock.obj (.far)
                  00018b30    00000008                 : rand.obj (.far)
                  00018b38    00000008                 : trgdrv.obj (.far)
                  00018b40    00000004     pseudoRandomNumber.obj (.far)

.mem       0    00018b44    00000004     UNINITIALIZED
                  00018b44    00000004     hellocfg.obj (.mem)

.TSK_idle$stk 
*          0    00018b48    00000400     UNINITIALIZED
                  00018b48    00000400     hellocfg.obj (.TSK_idle$stk)

.sts       0    00018f48    00000090     
                  00018f48    00000090     hellocfg.obj (.sts)

.switch    0    00018fd8    00000020     
                  00018fd8    00000020     bios.a64 : gbl_setL2CacheMode.o64 (.switch)

.clk       0    00018ff8    00000008     UNINITIALIZED
                  00018ff8    00000008     hellocfg.obj (.clk)

.trace$buf 
*          0    00019000    00001000     UNINITIALIZED
                  00019000    00001000     hellocfg.obj (.trace$buf)

.LOG_system$buf 
*          0    0001a000    00000800     UNINITIALIZED
                  0001a000    00000800     hellocfg.obj (.LOG_system$buf)

.sysinit   0    0001a800    00000500     
                  0001a800    00000300     hellocfg.obj (.sysinit)
                  0001ab00    000000c0     bios.a64 : mem_init.o64 (.sysinit)
                  0001abc0    000000a0              : boot.o64 (.sysinit)
                  0001ac60    00000080              : tsk_init.o64 (.sysinit)
                  0001ace0    00000020              : obj_init.o64 (.sysinit)

.TSK_loopback$stk 
*          0    0001ad00    00000400     UNINITIALIZED
                  0001ad00    00000400     hellocfg.obj (.TSK_loopback$stk)

.TSK_mute$stk 
*          0    0001b100    00000400     UNINITIALIZED
                  0001b100    00000400     hellocfg.obj (.TSK_mute$stk)

.TSK_printstat$stk 
*          0    0001b500    00000400     UNINITIALIZED
                  0001b500    00000400     hellocfg.obj (.TSK_printstat$stk)

.TSK_process$stk 
*          0    0001b900    00000400     UNINITIALIZED
                  0001b900    00000400     hellocfg.obj (.TSK_process$stk)

.stack     0    0001bd00    00000400     UNINITIALIZED
                  0001bd00    00000400     --HOLE--

.bss       0    0001c100    0000035c     UNINITIALIZED
                  0001c100    00000100     bios.a64 : hwi_disp_asm.o64 (.bss)
                  0001c200    000000cc              : biosdata.o64 (.bss)
                  0001c2cc    0000009c              : swi.o64 (.bss)
                  0001c368    00000048              : knl.o64 (.bss)
                  0001c3b0    00000028     hellocfg.obj (.bss)
                  0001c3d8    0000001c     aic23.obj (.bss)
                  0001c3f4    00000018     bios.a64 : hwi.o64 (.bss)
                  0001c40c    00000018     pseudoRandomNumber.obj (.bss)
                  0001c424    0000000c     bios.a64 : tsk.o64 (.bss)
                  0001c430    0000000c     hello.obj (.bss)
                  0001c43c    00000008     bios.a64 : clk_data.o64 (.bss)
                  0001c444    00000008              : sys.o64 (.bss)
                  0001c44c    00000004              : clk_data2.o64 (.bss)
                  0001c450    00000004              : gbl_setL2CacheMode.o64 (.bss)
                  0001c454    00000004              : idl_busy.o64 (.bss)
                  0001c458    00000004              : mem_asm.o64 (.bss)

.const     0    0001c460    000002c9     
                  0001c460    00000101     rts6400.lib : ctype.obj (.const:.string:__ctypes_)
                  0001c561    00000002                 : fputs.obj (.const:.string)
                  0001c563    00000001     --HOLE-- [fill = 0]
                  0001c564    0000008c     hello.obj (.const:.string)
                  0001c5f0    00000070     aic23.obj (.const)
                  0001c660    0000004e     bios.a64 : tsk_stup.o64 (.const)
                  0001c6ae    00000023     rts6400.lib : _printfi.obj (.const:.string)
                  0001c6d1    00000023     bios.a64 : utl_doab.o64 (.const)
                  0001c6f4    00000022              : utl_doer.o64 (.const)
                  0001c716    00000002     --HOLE-- [fill = 0]
                  0001c718    00000008     rts6400.lib : divd.obj (.const:.string:_initial_approx$1)
                  0001c720    00000004     bios.a64 : mem_allo.o64 (.const)
                  0001c724    00000004              : mem_free.o64 (.const)
                  0001c728    00000001              : tsk.o64 (.const)

.printf    0    0001c729    000000bd     COPY SECTION
                  0001c729    000000bd     hellocfg.obj (.printf)

.trace     0    0001c72c    00000200     
                  0001c72c    00000200     --HOLE-- [fill = 00000000]

.tsk       0    0001c92c    000001e0     UNINITIALIZED
                  0001c92c    000001e0     hellocfg.obj (.tsk)

.cio       0    0001cb10    00000120     UNINITIALIZED
                  0001cb10    00000120     rts6400.lib : trgmsg.obj (.cio)

.hst0      0    0001cc30    00000100     UNINITIALIZED
                  0001cc30    00000100     hellocfg.obj (.hst0)

.pip       0    0001cd30    000000c8     UNINITIALIZED
                  0001cd30    000000c8     hellocfg.obj (.pip)

.gblinit   0    0001cdf8    0000007c     
                  0001cdf8    0000007c     hellocfg.obj (.gblinit)

.sem       0    0001ce74    00000058     UNINITIALIZED
                  0001ce74    00000058     hellocfg.obj (.sem)

.log       0    0001cecc    00000030     
                  0001cecc    00000030     hellocfg.obj (.log)

.swi       0    0001cefc    0000002c     UNINITIALIZED
                  0001cefc    0000002c     hellocfg.obj (.swi)

.hst       0    0001cf28    00000014     UNINITIALIZED
                  0001cf28    00000014     hellocfg.obj (.hst)

.idl       0    0001cf3c    00000014     UNINITIALIZED
                  0001cf3c    00000014     hellocfg.obj (.idl)

.idlcal    0    0001cf50    00000014     UNINITIALIZED
                  0001cf50    00000014     hellocfg.obj (.idlcal)

.hst1      0    0001cf64    00000010     UNINITIALIZED
                  0001cf64    00000010     hellocfg.obj (.hst1)

.sys       0    0001cf74    00000010     UNINITIALIZED
                  0001cf74    00000010     hellocfg.obj (.sys)

.trcdata   0    0001cf84    0000000c     
                  0001cf84    0000000c     bios.a64 : trc.o64 (.trcdata)

.data      0    0001cf90    00000008     
                  0001cf90    00000008     lnknone.a64 : none.o64 (.data)


GLOBAL SYMBOLS: SORTED ALPHABETICALLY BY Name 

address    name
--------   ----
0001c100   $bss
0001c100   .bss
0001cf90   .data
00000200   .text
0001a9d8   BIOS$$CLKOFF
0001a998   BIOS$$CLKON
0001a800   BIOS_init
0001aa40   BIOS_start
00000000   BUF$
00000001   BUF_ENABLED
0000a4e0   C$$EXIT
0000a158   C$$IO$$
00000001   CLK$
00018ff8   CLK_A_TABBEG
00000001   CLK_CALDIV
00000008   CLK_CALMULT
00015f90   CLK_COUNTSPMS
00000001   CLK_COUNTSPMSHIGH
0001c228   CLK_D_idletime
0001c224   CLK_D_isrhook
0001c220   CLK_D_tabbeg
0001c21c   CLK_D_timefxn
00015ec0   CLK_F_getfhtime
00015ee0   CLK_F_gethtime
000153c0   CLK_F_getltime
00015ee0   CLK_F_getshtime
000153d4   CLK_F_isr
00015524   CLK_F_itime
01940000   CLK_HIRESREGS
00013460   CLK_HOOKFXN
00000001   CLK_HTIMEDIV
00000008   CLK_HTIMEMULT
00002328   CLK_HTIMEPERLTIME
00004000   CLK_INTBIT
00000001   CLK_LTIMEDIV
00011940   CLK_LTIMEMULT
00000064   CLK_MICROSECS
00002328   CLK_PRD
00000000   CLK_PRDHIGH
01940000   CLK_REGS
0001c218   CLK_R_time
00000020   CLK_TCR
00000000   CLK_TDDR
00000000   CLK_TDDRHIGH
00015ee0   CLK_TIMEFXN
00000000   CLK_TIMERNUM
00000001   CLK_USETIMER
00018ffc   CLK_null
00000000   DEV$
00000000   DGN$
00000000   DHL$
00000000   DHL_gChannelsAvailable
00000000   DIO$
00000000   DIO_NUMSWIBASE
00000000   DIO_NUMTSKBASE
00000000   DIO_STATIC
00000000   DPI$
000162a0   FXN_F_nop
000162a8   FXN_F_run
000162f8   FXN_F_zero
00000001   GBL$
00005205   GBL_A_VERSION
00000000   GBL_BIGENDIAN
00000000   GBL_C641XL2PRIORITY
00000000   GBL_CACHE
00000001   GBL_CALLCSLCFGINIT
00004e20   GBL_CLKIN
00001770   GBL_CLKTYPE
00001900   GBL_DSPSUBTYPE
0000003e   GBL_DSPTYPE
00000001   GBL_ENABLEINST
00000042   GBL_FOOTPRINT
000afc80   GBL_FREQ
00002226   GBL_L2ALLOC
00000000   GBL_L2CONFIGALLOC
00000001   GBL_L2CONFIGURE
00000000   GBL_L2MARMASK
00000000   GBL_L2MARMASK1
00000000   GBL_L2MARMASK2
00000000   GBL_L2MARMASK3
00000000   GBL_L2MARMASK4
00000000   GBL_L2MARMASK5
00000000   GBL_L2MODE
00000000   GBL_L2PRIORITY
00000000   GBL_NULL
00000000   GBL_PROCID
00000000   GBL_ROM
00000000   GBL_SUPPORTCSL
0000dbef   GBL_TRCMASKVALUE
00000000   GBL_USERINIT
00016900   GBL_USERINITFXN
00000001   GBL_boot
0001cf8c   GBL_initdone
0001bd00   GBL_stackbeg
0001c0ff   GBL_stackend
00000000   GIO$
00016900   GIO_CREATEFXN
00016900   GIO_DELETEFXN
00016900   GIO_PENDFXN
00016900   GIO_POSTFXN
00000000   HOOK$
00000000   HOOK_KNLID
00000001   HST$
0001cf28   HST_A_TABBEG
0001cf3c   HST_A_TABEND
00000000   HST_DSM
0001c3bc   HST_DSMBUFSEG
00000400   HST_DSMMEMSIZE
0001c294   HST_D_chanmask
0001c298   HST_D_tabbeg
0001c29c   HST_D_tabend
000000ff   HST_MAXFRAMEALLOWED
00000040   HST_MAXFRAMESET
00000001   HST_NONE
00000000   HST_RTDX
00000001   HWI$
00000000   HWI_A_VECS
00005800   HWI_CFGDISPATCHED
0001c404   HWI_D_bss
0001c408   HWI_D_ccmask
0001c3f4   HWI_D_spsave
00013460   HWI_F_dispatch
00000000   HWI_GENERATE_RESET_VEC
0000000a   HWI_INT10
00000000   HWI_INT10$hwi
0000000b   HWI_INT11
00000000   HWI_INT11$hwi
0000000c   HWI_INT12
00000000   HWI_INT12$hwi
0000000d   HWI_INT13
00000000   HWI_INT13$hwi
0000000e   HWI_INT14
00000000   HWI_INT14$hwi
0000000f   HWI_INT15
00000000   HWI_INT15$hwi
00000004   HWI_INT4
00000000   HWI_INT4$hwi
00000005   HWI_INT5
00000000   HWI_INT5$hwi
00000006   HWI_INT6
00000000   HWI_INT6$hwi
00000007   HWI_INT7
00000000   HWI_INT7$hwi
00000008   HWI_INT8
00000000   HWI_INT8$hwi
00000009   HWI_INT9
00000000   HWI_INT9$hwi
08204653   HWI_INTRMULTHIGH
310718a4   HWI_INTRMULTLOW
00000001   HWI_NMI
00000000   HWI_NMI$hwi
00000000   HWI_POLARITYMASK
00000002   HWI_RESERVED0
00000000   HWI_RESERVED0$hwi
00000003   HWI_RESERVED1
00000000   HWI_RESERVED1$hwi
00000000   HWI_RESET
00000000   HWI_RESET$hwi
00000001   HWI_ZEROTAB
00000001   IDL$
0001cf50   IDL_A_CALBEG
0001cf3c   IDL_A_TABBEG
00000006   IDL_CALIBRERROR
000167c0   IDL_CALIBRFXN
0001c454   IDL_D_busyObj
0001c208   IDL_D_calbeg
0001c204   IDL_D_calibrate
0001c200   IDL_D_tabbeg
0001cf4c   IDL_END
0001cf60   IDL_END$
00016320   IDL_F_busy
000164a0   IDL_F_calibrate
00016940   IDL_F_loop
000167c0   IDL_F_stub
00000001   IDL_USECLKIDLTIME
00018fac   IDL_busyObj
0001c7cb   IDL_busyObj$avgfmt
00000001   IDL_busyObj$filter
00000001   IDL_busyObj$iA
00000000   IDL_busyObj$iB
00000001   IDL_busyObj$iC
0001c7c5   IDL_busyObj$maxfmt
00000000   IDL_busyObj$operation
00018fa8   IDL_busyObj$stsobj
0001c7c8   IDL_busyObj$sumfmt
00000002   IDL_busyObj$unittype
0001cf3c   IDL_cpuLoad
0001cf50   IDL_cpuLoad$
0001cf48   IDL_live
0001cf5c   IDL_live$
0001c3bc   IRAM
0000a540   IRAM$B
00008000   IRAM$L
00000001   ISRC$
000156d8   KNL_glue
0001cefc   KNL_swi
00000001   KNL_swi$dorta
00000000   KNL_swi$ord
00000000   KNL_swi$pri
00018f4c   KNL_swi$sts
0001c739   KNL_swi$sts$avgfmt
00000002   KNL_swi$sts$filter
00000001   KNL_swi$sts$filtmaxmult
00000001   KNL_swi$sts$filtsummult
0001c729   KNL_swi$sts$maxfmt
00018f48   KNL_swi$sts$stsobj
0001c731   KNL_swi$sts$sumfmt
00000000   KNL_swi$sts$unittype
00000000   KNL_swi$swi
00000001   LCK$
000169e8   LNK_F_dataPump
000169e0   LNK_F_init
0001cf40   LNK_dataPump
0001cf54   LNK_dataPump$
0001cf94   LNK_dspFrameReadyMask
0001cf90   LNK_dspFrameRequestMask
00000001   LOG$
0001cecc   LOG_A_TABBEG
0001cefc   LOG_A_TABEND
00000002   LOG_A_TABLEN
0001c20c   LOG_D_system
00000001   LOG_ENABLED
000163a0   LOG_F_event
0001cecc   LOG_system
0001a000   LOG_system$buf
00000000   LOG_system$datatype
00000000   LOG_system$log
00000200   LOG_system$size
00000000   MBX$
00000001   MEM$
0001c3bc   MEM_MALLOCSEG
00000000   MEM_NULL
0001c3bc   MEM_SEGZERO
00000000   MEM_USEMPC
00000001   MEM_gNumHeap
00000000   MSGQ$
00000000   MSGQ_USEMSGQ
00000000   OBJ$
00000000   PIP$
0001cd30   PIP_A_TABBEG
0001cdf8   PIP_A_TABEND
00000002   PIP_A_TABLEN
0001c210   PIP_D_tabbeg
0001c214   PIP_D_tablen
00014a34   PIP_F_give
00014a34   PIP_F_probe
00014b08   PIP_F_start
000149a0   PIP_F_take
00000064   PIP_OBJSIZE
00000000   PIP_gNextId
00000002   PIP_gNumEmbed
00000000   POOL$
00000000   POOL_USEPOOL
00000001   PRD$
00000000   PRD_A_TABBEG
00000000   PRD_A_TABEND
00000000   PRD_A_TABLEN
0001c250   PRD_D_cur
0001c254   PRD_D_elapsed
0001c258   PRD_D_prevtim
0001c25c   PRD_D_scalar
0001c260   PRD_D_swihandle
0001c264   PRD_D_tabbeg
0001c268   PRD_D_tablen
0001c26c   PRD_D_thook
0001c24c   PRD_D_tick
000138c0   PRD_F_swi
00013b78   PRD_F_tick
00004000   PRD_SCALAR
00000000   PRD_SWIHANDLE
00015000   PRD_THOOKFXN
00018ff8   PRD_clock
00000001   QUE$
0001c270   RTA_D_fromHost
0001c278   RTA_D_logval
0001c288   RTA_D_stsval
0001c274   RTA_D_toHost
00016800   RTA_F_andn
000140b8   RTA_F_dispatch
00013fc0   RTA_F_getlog
00014004   RTA_F_getsts
00016820   RTA_F_or
0001404c   RTA_F_readblk
00014078   RTA_F_resetmem
0001406c   RTA_F_writeword
0001cf44   RTA_dispatcher
0001cf58   RTA_dispatcher$
00014108   RTA_execute
0001cf2c   RTA_fromHost
0001cf64   RTA_fromHost$buf
00000004   RTA_fromHost$framesize
00000000   RTA_fromHost$hst
00000001   RTA_fromHost$id
00000000   RTA_fromHost$mode
0001cd30   RTA_fromHost$pipe
0001cd60   RTA_fromHost$pipe$aaa
0001cd90   RTA_fromHost$pipe$bbb
0001c3c0   RTA_fromHost$pipe$dtab
0001cd34   RTA_fromHost$pipe$rd
0001cd64   RTA_fromHost$pipe$wr
0001cf34   RTA_toHost
0001cc30   RTA_toHost$buf
00000040   RTA_toHost$framesize
00000000   RTA_toHost$hst
00000000   RTA_toHost$id
00000001   RTA_toHost$mode
0001cd94   RTA_toHost$pipe
0001cdc4   RTA_toHost$pipe$aaa
0001cdf4   RTA_toHost$pipe$bbb
0001c3cc   RTA_toHost$pipe$dtab
0001cd98   RTA_toHost$pipe$rd
0001cdc8   RTA_toHost$pipe$wr
00000000   RTDX$
00000408   RTDX_BUFMEMSIZE
0001c3bc   RTDX_DATAMEMSEG
00000000   RTDX_MODE
00000000   RTDX_USERTDX
00000000   RTDX_USERTEXECUTION
ffffffff   SDRAM
00000001   SEM$
0001ce80   SEM_rcv
0001ceac   SEM_xmt
00000000   SIO$
00000001   STS$
00018f48   STS_A_TABBEG
00018fd8   STS_A_TABEND
00016458   STS_F_add
00016420   STS_F_delta
00016484   STS_F_reset
00018fbc   STS_left
0001c7d6   STS_left$avgfmt
00000001   STS_left$filter
00000001   STS_left$iA
00000000   STS_left$iB
00000001   STS_left$iC
0001c7d0   STS_left$maxfmt
00000001   STS_left$operation
00018fb8   STS_left$stsobj
0001c7d3   STS_left$sumfmt
00000000   STS_left$unittype
00018fcc   STS_right
0001c7e1   STS_right$avgfmt
00000001   STS_right$filter
00000001   STS_right$iA
00000000   STS_right$iB
00000001   STS_right$iC
0001c7db   STS_right$maxfmt
00000001   STS_right$operation
00018fc8   STS_right$stsobj
0001c7de   STS_right$sumfmt
00000000   STS_right$unittype
00000001   SWI$
0001cefc   SWI_A_TABBEG
0001cf28   SWI_A_TABEND
00000001   SWI_A_TABLEN
0001c2e4   SWI_D_curfxn
0001c2d4   SWI_D_curmask
0001c2e0   SWI_D_curmbox
0001c2d8   SWI_D_curset
0001c2d0   SWI_D_execaddr
0001c2ec   SWI_D_inswi
0001c2dc   SWI_D_lock
0001c2e8   SWI_D_rdybeg
0001c2f0   SWI_D_rdytab
0001c2cc   SWI_D_runaddr
00000000   SWI_EHOOKFXN
00012d08   SWI_EXECFXN
00012b20   SWI_F_enable
00012d08   SWI_F_exec
00012d30   SWI_F_iexec
00012b90   SWI_F_post
00012db8   SWI_F_run
00000000   SWI_IHOOKFXN
00012db8   SWI_RUNFXN
00000001   SYS$
0001cf74   SYS$config
00016840   SYS_ABORTFXN
000169a0   SYS_ERRORFXN
000169c0   SYS_EXITFXN
00016700   SYS_PUTCFXN
0001cf88   TRC_R_mask
0001cf84   TRC_cinit
00000001   TSK$
00000000   TSK_NUM_HOOKS
00000001   TSK_PRIORITY
00000000   TSK_READYFXN
00000000   TSK_STACKSEG
00000400   TSK_STACKSIZE
00000000   TSK_SWITCHFXN
00016900   TSK_VCREATEFXN
00016900   TSK_VDELETEFXN
00016900   TSK_VEXITFXN
0001c938   TSK_idle
00000001   TSK_idle$ord
00000000   TSK_idle$pri
00018b48   TSK_idle$stack
00018ee0   TSK_idle$stkptr
00018f5c   TSK_idle$sts
0001c753   TSK_idle$sts$avgfmt
00000002   TSK_idle$sts$filter
00000001   TSK_idle$sts$filtmaxmult
00000001   TSK_idle$sts$filtsummult
0001c743   TSK_idle$sts$maxfmt
00018f58   TSK_idle$sts$stsobj
0001c74b   TSK_idle$sts$sumfmt
00000000   TSK_idle$sts$unittype
00000000   TSK_idle$tsk
0001c9f8   TSK_loopback
00000003   TSK_loopback$ord
00000001   TSK_loopback$pri
0001ad00   TSK_loopback$stack
0001b098   TSK_loopback$stkptr
00018f7c   TSK_loopback$sts
0001c787   TSK_loopback$sts$avgfmt
00000002   TSK_loopback$sts$filter
00000001   TSK_loopback$sts$filtmaxmult
00000001   TSK_loopback$sts$filtsummult
0001c777   TSK_loopback$sts$maxfmt
00018f78   TSK_loopback$sts$stsobj
0001c77f   TSK_loopback$sts$sumfmt
00000000   TSK_loopback$sts$unittype
00000000   TSK_loopback$tsk
0001c998   TSK_mute
00000002   TSK_mute$ord
00000001   TSK_mute$pri
0001b100   TSK_mute$stack
0001b498   TSK_mute$stkptr
00018f6c   TSK_mute$sts
0001c76d   TSK_mute$sts$avgfmt
00000002   TSK_mute$sts$filter
00000001   TSK_mute$sts$filtmaxmult
00000001   TSK_mute$sts$filtsummult
0001c75d   TSK_mute$sts$maxfmt
00018f68   TSK_mute$sts$stsobj
0001c765   TSK_mute$sts$sumfmt
00000000   TSK_mute$sts$unittype
00000000   TSK_mute$tsk
0001cab8   TSK_printstat
00000006   TSK_printstat$ord
00000001   TSK_printstat$pri
0001b500   TSK_printstat$stack
0001b898   TSK_printstat$stkptr
00018f9c   TSK_printstat$sts
0001c7bb   TSK_printstat$sts$avgfmt
00000002   TSK_printstat$sts$filter
00000001   TSK_printstat$sts$filtmaxmult
00000001   TSK_printstat$sts$filtsummult
0001c7ab   TSK_printstat$sts$maxfmt
00018f98   TSK_printstat$sts$stsobj
0001c7b3   TSK_printstat$sts$sumfmt
00000000   TSK_printstat$sts$unittype
00000000   TSK_printstat$tsk
0001ca58   TSK_process
00000004   TSK_process$ord
00000002   TSK_process$pri
0001b900   TSK_process$stack
0001bc98   TSK_process$stkptr
00018f8c   TSK_process$sts
0001c7a1   TSK_process$sts$avgfmt
00000002   TSK_process$sts$filter
00000001   TSK_process$sts$filtmaxmult
00000001   TSK_process$sts$filtsummult
0001c791   TSK_process$sts$maxfmt
00018f88   TSK_process$sts$stsobj
0001c799   TSK_process$sts$sumfmt
00000000   TSK_process$sts$unittype
00000000   TSK_process$tsk
00000000   UDEV$
00001614   _AIC23_CloseCodec
00001478   _AIC23_Config
0001c3d8   _AIC23_ControlHnd
0001c3dc   _AIC23_DataHnd
00000f48   _AIC23_Loopback
00000fa4   _AIC23_Mute
00001664   _AIC23_OpenCodec
00001000   _AIC23_OutGain
00001084   _AIC23_PowerDown
00001230   _AIC23_Read
000010cc   _AIC23_SetFreq
000013a0   _AIC23_Write
0000158c   _AIC23_initIrq
00001190   _AIC23_rcvIsr
00001504   _AIC23_termIrq
000012fc   _AIC23_xmtIsr
0001a800   _BIOS_init
0001aa40   _BIOS_start
00015f90   _CLK_COUNTSPMS
0001c43c   _CLK_DFLTMICROSECS
0001c248   _CLK_D_countspms
0001c23c   _CLK_D_dirty
0001c440   _CLK_D_microseconds
0001c240   _CLK_D_prd
0001c244   _CLK_D_tddr
00015524   _CLK_F_itime
00002328   _CLK_PRD
01940000   _CLK_REGS
00000000   _CLK_TDDR
00000000   _CLK_TIMERNUM
00000001   _CLK_USETIMER
00016880   _CLK_gethtime
0001c22c   _CLK_htimeDiv
0001c230   _CLK_htimeMult
0001c44c   _CLK_htimePerLtime
00015524   _CLK_itime
0001c234   _CLK_ltimeDiv
0001c238   _CLK_ltimeMult
00015d20   _CLK_measure
00016760   _CLK_start
000168c0   _CLK_stop
0000a2a0   _CSL6416_LIB_
00002da4   _DSK6416_DIP_init
00002da8   _DSK6416_LED_init
00002d9c   _DSK6416_getVersion
00002d98   _DSK6416_init
00016900   _FXN_F_nop
000162a8   _FXN_F_run
000162f8   _FXN_F_zero
00000000   _GBL_CACHE
0001c2a4   _GBL_clkIn
00013000   _GBL_cslCacheInit64
0001c2a8   _GBL_freq
00016920   _GBL_getVersion
0001c2a0   _GBL_procId
00008f60   _HOSTclose
00007500   _HOSTlseek
00007bc0   _HOSTopen
00007cc0   _HOSTread
00005fc0   _HOSTrename
000085c0   _HOSTunlink
00007dc0   _HOSTwrite
0001cf28   _HST_A_TABBEG
0001cf3c   _HST_A_TABEND
00005800   _HWI_CFGDISPATCHED
0001c400   _HWI_D_inhwi
0001c3f4   _HWI_D_spsave
00013460   _HWI_F_dispatch
0000000a   _HWI_INT10
0000000b   _HWI_INT11
0000000c   _HWI_INT12
0000000d   _HWI_INT13
0000000e   _HWI_INT14
0000000f   _HWI_INT15
00000004   _HWI_INT4
00000005   _HWI_INT5
00000006   _HWI_INT6
00000007   _HWI_INT7
00000008   _HWI_INT8
00000009   _HWI_INT9
00000001   _HWI_NMI
00000002   _HWI_RESERVED0
00000003   _HWI_RESERVED1
00000000   _HWI_RESET
0001c0f8   _HWI_STKBOTTOM
0001bd00   _HWI_STKTOP
0001c3f4   _HWI_data
00016580   _HWI_disable
0001c100   _HWI_dispatchTab
00016598   _HWI_enable
000165ac   _HWI_restore
00018fac   _IDL_busyObj
0001cf3c   _IDL_cpuLoad
0001cf48   _IDL_live
00016940   _IDL_loop
0001c3bc   _IRAM
0000a540   _IRAM_base
00008000   _IRAM_length
0000a2c0   _IRQ_clear
0000a160   _IRQ_disable
0000a2e0   _IRQ_enable
0000a300   _IRQ_globalDisable
0000a320   _IRQ_globalEnable
0000a340   _IRQ_globalRestore
0000a360   _IRQ_set
0001c370   _KNL_alarm
00015b20   _KNL_check
0001c394   _KNL_curqueue
0001c384   _KNL_curtask
0001c38c   _KNL_curtime
000187e8   _KNL_dummy
00015e40   _KNL_enter
00015e00   _KNL_exit
00015bec   _KNL_idle
0001c3ac   _KNL_idlefxn
0001c378   _KNL_inactive
00015f80   _KNL_ipost
00015c10   _KNL_max
0001c398   _KNL_maxqueue
00016020   _KNL_post
0001c388   _KNL_prevtask
0001c37c   _KNL_priority
00018748   _KNL_queues
00014280   _KNL_run
00015580   _KNL_saveIsrFrame
0001c380   _KNL_set
0001c374   _KNL_setpri
0001cefc   _KNL_swi
0001c390   _KNL_swiptr
00015630   _KNL_switch
0001c3a0   _KNL_tcreatefxn
0001c3a4   _KNL_tdeletefxn
00015000   _KNL_tick
0001c3a8   _KNL_treadyfxn
0001c39c   _KNL_tswitchfxn
0001c368   _KNL_wFlag
0001c36c   _KNL_wList
000160ec   _LCK_pend
000160c0   _LCK_post
0001cf40   _LNK_dataPump
0001cecc   _LOG_A_TABBEG
0001cefc   _LOG_A_TABEND
00000002   _LOG_A_TABLEN
0001c20c   _LOG_D_system
000163a0   _LOG_event
00016960   _LOG_printf
0001cecc   _LOG_system
000097a0   _MCBSP_close
00009020   _MCBSP_config
000086a0   _MCBSP_open
0000a380   _MCBSP_read
000063c0   _MCBSP_reset
0000a3a0   _MCBSP_rrdy
00008780   _MCBSP_start
0000a3c0   _MCBSP_write
0000a3e0   _MCBSP_xrdy
0001c458   _MEM
0001c2ac   _MEM_D_NUMSEGMENTS
0001c2b4   _MEM_D_freelist
0001c2b8   _MEM_D_lockaddr
0001c2b0   _MEM_D_memtab
0001c2bc   _MEM_D_unlockaddr
00014be0   _MEM_alloc
00014760   _MEM_free
0001ab00   _MEM_init
0001c3b0   _MEM_memtab
0001ace0   _OBJ_init
00018980   _OBJ_segtab
00018948   _OBJ_table
0001cd30   _PIP_A_TABBEG
0001cdf8   _PIP_A_TABEND
0001c24c   _PRD_D_tick
00018ff8   _PRD_clock
0001cf44   _RTA_dispatcher
0001cf2c   _RTA_fromHost
0001cf34   _RTA_toHost
ffffffff   _SDRAM
0001c3bc   _SEG0
00016640   _SEM_pend
000165e0   _SEM_pendBinary
00014500   _SEM_pendEnterKnl
00015c40   _SEM_post
00015c40   _SEM_postBinary
00016160   _SEM_postEnterKnl
0001ce80   _SEM_rcv
0001ceac   _SEM_xmt
00018f48   _STS_A_TABBEG
00018fd8   _STS_A_TABEND
00016458   _STS_add
00016420   _STS_delta
00018fbc   _STS_left
00016484   _STS_reset
00018fcc   _STS_right
00016980   _STS_set
0001c2e4   _SWI_D_curfxn
0001c2d4   _SWI_D_curmask
0001c2d8   _SWI_D_curset
0001c2d0   _SWI_D_execaddr
0001c2ec   _SWI_D_inswi
0001c2dc   _SWI_D_lock
0001c2e8   _SWI_D_rdybeg
0001c2cc   _SWI_D_runaddr
0001c2cc   _SWI_data
00012b90   _SWI_post
0001c2c0   _SYS
0001c72c   _SYS_PUTCBEG
0001c92b   _SYS_PUTCEND
000166a0   _SYS_abort
00016520   _SYS_error
00016200   _SYS_exit
00018ae0   _SYS_exitStack
0001c444   _SYS_exitStackPtr
0001c448   _SYS_exitStackTop
00007620   _TIMER_open
00007740   _TIMER_reset
0001cf88   _TRC_R_mask
0001c42c   _TSK
000188e8   _TSK_ATTRS
00018904   _TSK_config
00015880   _TSK_exit
0001c938   _TSK_idle
0001ac60   _TSK_init
0001c9f8   _TSK_loopback
0001c998   _TSK_mute
0001c424   _TSK_nTasks
0001c428   _TSK_pid
0001cab8   _TSK_printstat
0001ca58   _TSK_process
00015200   _TSK_setup
00015a88   _TSK_startup
00018924   _TSK_timerSem
00016840   _UTL_doAbort
000169a0   _UTL_doError
00016700   _UTL_doPutc
000169c0   _UTL_halt
0001cb10   __CIOBUF_
00015540   __CLK_lat1beg
0001556c   __CLK_lat1end
00016884   __CLK_lat2beg
000168bc   __CLK_lat2end
000065a0   __CSL_init
000129d4   __GBL_setL2CacheMode
0001c2c8   __HOOK_NUMHOOKS
0001c2c4   __HOOK_knlId
00013460   __HWI_lat1beg
000135cc   __HWI_lat1end
000135cc   __HWI_lat2beg
00013778   __HWI_lat2end1
00013704   __HWI_lat2end2
00013790   __HWI_lat3beg
000138a0   __HWI_lat3end1
00013734   __HWI_lat3end2
00016320   __IDL_lat1beg
00016370   __IDL_lat1end
00018740   __IRQ_dispatchTable
00018678   __IRQ_eventTable
0000a520   __IRQ_hookFetchPacket
00009c00   __IRQ_init
00018700   __IRQ_intTable
00015b6c   __KNL_lat1beg
00015bec   __KNL_lat1end
000163a0   __LOG_lat1beg
000189e8   __MCBSP_hDev0
000189ec   __MCBSP_hDev1
000189f0   __MCBSP_hDev2
00018a1c   __MEM_mutex
00014078   __RTA_lat1beg
000140b0   __RTA_lat1end
00015020   __SEM_dopost
0001c100   __STACK_END
00000400   __STACK_SIZE
00012c9c   __SWI_lat1beg
00012d48   __SWI_lat1end
00012d4c   __SWI_lat2beg
00012db4   __SWI_lat2end
00012b20   __SWI_lat3beg
00012b8c   __SWI_lat3end
00018a88   __TIMER_deviceTable
00018ab4   __TIMER_hBios
00018aac   __TIMER_hDev0
00018ab0   __TIMER_hDev1
000189f4   __TSK_mutex
00018b24   ___TI_enable_exit_profile_output
ffffffff   ___TI_pprof_out_hndl
ffffffff   ___TI_prof_data_size
ffffffff   ___TI_prof_data_start
ffffffff   ___binit__
0001c100   ___bss__
ffffffff   ___c_args__
00016a00   ___cinit__
0001cf90   ___data__
0001cf98   ___edata__
0001c45c   ___end__
0000a540   ___etext__
0000a1a0   ___isinf
ffffffff   ___pinit__
00000200   ___text__
000056c0   __addd
00015720   __auto_init
00007ec0   __c6xabi_divi
000091a0   __c6xabi_divu
000093e0   __c6xabi_remi
000080c0   __c6xabi_strasgi
000090e0   __cleanup
00018b1c   __cleanup_ptr
000073c0   __closefile
00008860   __cmpd
0001c460   __ctypes_
00001e00   __divd
00007ec0   __divi
00009840   __divli
000091a0   __divu
00006960   __divul
000047c0   __divull
00008a20   __doflush
00018b20   __dtors_ptr
000098e0   __fixdi
00009980   __fixdli
00009f80   __fltid
00009c80   __fltlid
00004fa0   __frcaddd
00007860   __frcmpyd
00007fc0   __frcmpyd_div
00018400   __ft_end
000180e0   __ftable
00009d00   __llshl
00009fe0   __llshru
00018b28   __lock
00004d20   __mpyd
00009d80   __mpyll
0000a220   __negd
0000a400   __negll
0000a420   __nop
00007100   __nround
000028a0   __printfi
0000a480   __register_lock
0000a4a0   __register_unlock
000093e0   __remi
0000a040   __remli
00009a20   __renormd
0001bd00   __stack
000080c0   __strasgi
0000a0a0   __subcull
0000a260   __subd
000182c0   __tmpnams
0000a4c0   __trunc
00018b2c   __unlock
00007980   __wrt_ok
0001c40c   _a
0000a4e0   _abort
0001c414   _accu
00007aa0   _atoi
0001c410   _b
0001abc0   _c_int00
00013f30   _calloc
000081c0   _close
00018a50   _dip
00018404   _errno
000094a0   _exit
000082c0   _fflush
00005460   _fputc
000031e0   _fputs
00013c60   _free
00006780   _frexp
00006ca0   _fseek
00008e80   _getRandomNumber
0001c3f0   _gie
000030a0   _idlLive
00005b40   _ldexp
00018a48   _led
00009560   _lseek
000083c0   _ltoa
000030f4   _main
00013c8c   _malloc
00013e04   _memalign
00009e00   _memccpy
00008be0   _memcpy
000084c0   _memset
00008cc0   _modf
00000200   _pow
00008da0   _printf
00005460   _putc
00009b60   _rand
00018868   _rcvBuffer
0001c3e0   _rcvRead
0001c3e4   _rcvWrite
00009e80   _readmsg
00013d00   _realloc
0000a500   _remove
00005d80   _setvbuf
0001c420   _sub
0001cee4   _trace
00002f58   _tskCheck
00002dac   _tskProcess
00002ee0   _tskStat
00009f00   _unlink
00009620   _write
0000a100   _writemsg
000188a8   _xmtBuffer
0001c3e8   _xmtRead
0001c3ec   _xmtWrite
ffffffff   binit
00016a00   cinit
0001cf98   edata
0001c45c   end
0000a540   etext
00000000   hwi0
00000020   hwi1
00000140   hwi10
00000160   hwi11
00000180   hwi12
000001a0   hwi13
000001c0   hwi14
000001e0   hwi15
00000040   hwi2
00000060   hwi3
00000080   hwi4
000000a0   hwi5
000000c0   hwi6
000000e0   hwi7
00000100   hwi8
00000120   hwi9
ffffffff   pinit
0001cee4   trace
00019000   trace$buf
00000001   trace$datatype
00000000   trace$log
00000400   trace$size


GLOBAL SYMBOLS: SORTED BY Symbol Address 

address    name
--------   ----
00000000   BUF$
00000000   CLK_PRDHIGH
00000000   CLK_TDDR
00000000   CLK_TDDRHIGH
00000000   CLK_TIMERNUM
00000000   DEV$
00000000   DGN$
00000000   DHL$
00000000   DHL_gChannelsAvailable
00000000   DIO$
00000000   DIO_NUMSWIBASE
00000000   DIO_NUMTSKBASE
00000000   DIO_STATIC
00000000   DPI$
00000000   GBL_BIGENDIAN
00000000   GBL_C641XL2PRIORITY
00000000   GBL_CACHE
00000000   GBL_L2CONFIGALLOC
00000000   GBL_L2MARMASK
00000000   GBL_L2MARMASK1
00000000   GBL_L2MARMASK2
00000000   GBL_L2MARMASK3
00000000   GBL_L2MARMASK4
00000000   GBL_L2MARMASK5
00000000   GBL_L2MODE
00000000   GBL_L2PRIORITY
00000000   GBL_NULL
00000000   GBL_PROCID
00000000   GBL_ROM
00000000   GBL_SUPPORTCSL
00000000   GBL_USERINIT
00000000   GIO$
00000000   HOOK$
00000000   HOOK_KNLID
00000000   HST_DSM
00000000   HST_RTDX
00000000   HWI_A_VECS
00000000   HWI_GENERATE_RESET_VEC
00000000   HWI_INT10$hwi
00000000   HWI_INT11$hwi
00000000   HWI_INT12$hwi
00000000   HWI_INT13$hwi
00000000   HWI_INT14$hwi
00000000   HWI_INT15$hwi
00000000   HWI_INT4$hwi
00000000   HWI_INT5$hwi
00000000   HWI_INT6$hwi
00000000   HWI_INT7$hwi
00000000   HWI_INT8$hwi
00000000   HWI_INT9$hwi
00000000   HWI_NMI$hwi
00000000   HWI_POLARITYMASK
00000000   HWI_RESERVED0$hwi
00000000   HWI_RESERVED1$hwi
00000000   HWI_RESET
00000000   HWI_RESET$hwi
00000000   IDL_busyObj$iB
00000000   IDL_busyObj$operation
00000000   KNL_swi$ord
00000000   KNL_swi$pri
00000000   KNL_swi$sts$unittype
00000000   KNL_swi$swi
00000000   LOG_system$datatype
00000000   LOG_system$log
00000000   MBX$
00000000   MEM_NULL
00000000   MEM_USEMPC
00000000   MSGQ$
00000000   MSGQ_USEMSGQ
00000000   OBJ$
00000000   PIP$
00000000   PIP_gNextId
00000000   POOL$
00000000   POOL_USEPOOL
00000000   PRD_A_TABBEG
00000000   PRD_A_TABEND
00000000   PRD_A_TABLEN
00000000   PRD_SWIHANDLE
00000000   RTA_fromHost$hst
00000000   RTA_fromHost$mode
00000000   RTA_toHost$hst
00000000   RTA_toHost$id
00000000   RTDX$
00000000   RTDX_MODE
00000000   RTDX_USERTDX
00000000   RTDX_USERTEXECUTION
00000000   SIO$
00000000   STS_left$iB
00000000   STS_left$unittype
00000000   STS_right$iB
00000000   STS_right$unittype
00000000   SWI_EHOOKFXN
00000000   SWI_IHOOKFXN
00000000   TSK_NUM_HOOKS
00000000   TSK_READYFXN
00000000   TSK_STACKSEG
00000000   TSK_SWITCHFXN
00000000   TSK_idle$pri
00000000   TSK_idle$sts$unittype
00000000   TSK_idle$tsk
00000000   TSK_loopback$sts$unittype
00000000   TSK_loopback$tsk
00000000   TSK_mute$sts$unittype
00000000   TSK_mute$tsk
00000000   TSK_printstat$sts$unittype
00000000   TSK_printstat$tsk
00000000   TSK_process$sts$unittype
00000000   TSK_process$tsk
00000000   UDEV$
00000000   _CLK_TDDR
00000000   _CLK_TIMERNUM
00000000   _GBL_CACHE
00000000   _HWI_RESET
00000000   hwi0
00000000   trace$log
00000001   BUF_ENABLED
00000001   CLK$
00000001   CLK_CALDIV
00000001   CLK_COUNTSPMSHIGH
00000001   CLK_HTIMEDIV
00000001   CLK_LTIMEDIV
00000001   CLK_USETIMER
00000001   GBL$
00000001   GBL_CALLCSLCFGINIT
00000001   GBL_ENABLEINST
00000001   GBL_L2CONFIGURE
00000001   GBL_boot
00000001   HST$
00000001   HST_NONE
00000001   HWI$
00000001   HWI_NMI
00000001   HWI_ZEROTAB
00000001   IDL$
00000001   IDL_USECLKIDLTIME
00000001   IDL_busyObj$filter
00000001   IDL_busyObj$iA
00000001   IDL_busyObj$iC
00000001   ISRC$
00000001   KNL_swi$dorta
00000001   KNL_swi$sts$filtmaxmult
00000001   KNL_swi$sts$filtsummult
00000001   LCK$
00000001   LOG$
00000001   LOG_ENABLED
00000001   MEM$
00000001   MEM_gNumHeap
00000001   PRD$
00000001   QUE$
00000001   RTA_fromHost$id
00000001   RTA_toHost$mode
00000001   SEM$
00000001   STS$
00000001   STS_left$filter
00000001   STS_left$iA
00000001   STS_left$iC
00000001   STS_left$operation
00000001   STS_right$filter
00000001   STS_right$iA
00000001   STS_right$iC
00000001   STS_right$operation
00000001   SWI$
00000001   SWI_A_TABLEN
00000001   SYS$
00000001   TSK$
00000001   TSK_PRIORITY
00000001   TSK_idle$ord
00000001   TSK_idle$sts$filtmaxmult
00000001   TSK_idle$sts$filtsummult
00000001   TSK_loopback$pri
00000001   TSK_loopback$sts$filtmaxmult
00000001   TSK_loopback$sts$filtsummult
00000001   TSK_mute$pri
00000001   TSK_mute$sts$filtmaxmult
00000001   TSK_mute$sts$filtsummult
00000001   TSK_printstat$pri
00000001   TSK_printstat$sts$filtmaxmult
00000001   TSK_printstat$sts$filtsummult
00000001   TSK_process$sts$filtmaxmult
00000001   TSK_process$sts$filtsummult
00000001   _CLK_USETIMER
00000001   _HWI_NMI
00000001   trace$datatype
00000002   HWI_RESERVED0
00000002   IDL_busyObj$unittype
00000002   KNL_swi$sts$filter
00000002   LOG_A_TABLEN
00000002   PIP_A_TABLEN
00000002   PIP_gNumEmbed
00000002   TSK_idle$sts$filter
00000002   TSK_loopback$sts$filter
00000002   TSK_mute$ord
00000002   TSK_mute$sts$filter
00000002   TSK_printstat$sts$filter
00000002   TSK_process$pri
00000002   TSK_process$sts$filter
00000002   _HWI_RESERVED0
00000002   _LOG_A_TABLEN
00000003   HWI_RESERVED1
00000003   TSK_loopback$ord
00000003   _HWI_RESERVED1
00000004   HWI_INT4
00000004   RTA_fromHost$framesize
00000004   TSK_process$ord
00000004   _HWI_INT4
00000005   HWI_INT5
00000005   _HWI_INT5
00000006   HWI_INT6
00000006   IDL_CALIBRERROR
00000006   TSK_printstat$ord
00000006   _HWI_INT6
00000007   HWI_INT7
00000007   _HWI_INT7
00000008   CLK_CALMULT
00000008   CLK_HTIMEMULT
00000008   HWI_INT8
00000008   _HWI_INT8
00000009   HWI_INT9
00000009   _HWI_INT9
0000000a   HWI_INT10
0000000a   _HWI_INT10
0000000b   HWI_INT11
0000000b   _HWI_INT11
0000000c   HWI_INT12
0000000c   _HWI_INT12
0000000d   HWI_INT13
0000000d   _HWI_INT13
0000000e   HWI_INT14
0000000e   _HWI_INT14
0000000f   HWI_INT15
0000000f   _HWI_INT15
00000020   CLK_TCR
00000020   hwi1
0000003e   GBL_DSPTYPE
00000040   HST_MAXFRAMESET
00000040   RTA_toHost$framesize
00000040   hwi2
00000042   GBL_FOOTPRINT
00000060   hwi3
00000064   CLK_MICROSECS
00000064   PIP_OBJSIZE
00000080   hwi4
000000a0   hwi5
000000c0   hwi6
000000e0   hwi7
000000ff   HST_MAXFRAMEALLOWED
00000100   hwi8
00000120   hwi9
00000140   hwi10
00000160   hwi11
00000180   hwi12
000001a0   hwi13
000001c0   hwi14
000001e0   hwi15
00000200   .text
00000200   LOG_system$size
00000200   ___text__
00000200   _pow
00000400   HST_DSMMEMSIZE
00000400   TSK_STACKSIZE
00000400   __STACK_SIZE
00000400   trace$size
00000408   RTDX_BUFMEMSIZE
00000f48   _AIC23_Loopback
00000fa4   _AIC23_Mute
00001000   _AIC23_OutGain
00001084   _AIC23_PowerDown
000010cc   _AIC23_SetFreq
00001190   _AIC23_rcvIsr
00001230   _AIC23_Read
000012fc   _AIC23_xmtIsr
000013a0   _AIC23_Write
00001478   _AIC23_Config
00001504   _AIC23_termIrq
0000158c   _AIC23_initIrq
00001614   _AIC23_CloseCodec
00001664   _AIC23_OpenCodec
00001770   GBL_CLKTYPE
00001900   GBL_DSPSUBTYPE
00001e00   __divd
00002226   GBL_L2ALLOC
00002328   CLK_HTIMEPERLTIME
00002328   CLK_PRD
00002328   _CLK_PRD
000028a0   __printfi
00002d98   _DSK6416_init
00002d9c   _DSK6416_getVersion
00002da4   _DSK6416_DIP_init
00002da8   _DSK6416_LED_init
00002dac   _tskProcess
00002ee0   _tskStat
00002f58   _tskCheck
000030a0   _idlLive
000030f4   _main
000031e0   _fputs
00004000   CLK_INTBIT
00004000   PRD_SCALAR
000047c0   __divull
00004d20   __mpyd
00004e20   GBL_CLKIN
00004fa0   __frcaddd
00005205   GBL_A_VERSION
00005460   _fputc
00005460   _putc
000056c0   __addd
00005800   HWI_CFGDISPATCHED
00005800   _HWI_CFGDISPATCHED
00005b40   _ldexp
00005d80   _setvbuf
00005fc0   _HOSTrename
000063c0   _MCBSP_reset
000065a0   __CSL_init
00006780   _frexp
00006960   __divul
00006ca0   _fseek
00007100   __nround
000073c0   __closefile
00007500   _HOSTlseek
00007620   _TIMER_open
00007740   _TIMER_reset
00007860   __frcmpyd
00007980   __wrt_ok
00007aa0   _atoi
00007bc0   _HOSTopen
00007cc0   _HOSTread
00007dc0   _HOSTwrite
00007ec0   __c6xabi_divi
00007ec0   __divi
00007fc0   __frcmpyd_div
00008000   IRAM$L
00008000   _IRAM_length
000080c0   __c6xabi_strasgi
000080c0   __strasgi
000081c0   _close
000082c0   _fflush
000083c0   _ltoa
000084c0   _memset
000085c0   _HOSTunlink
000086a0   _MCBSP_open
00008780   _MCBSP_start
00008860   __cmpd
00008a20   __doflush
00008be0   _memcpy
00008cc0   _modf
00008da0   _printf
00008e80   _getRandomNumber
00008f60   _HOSTclose
00009020   _MCBSP_config
000090e0   __cleanup
000091a0   __c6xabi_divu
000091a0   __divu
000093e0   __c6xabi_remi
000093e0   __remi
000094a0   _exit
00009560   _lseek
00009620   _write
000097a0   _MCBSP_close
00009840   __divli
000098e0   __fixdi
00009980   __fixdli
00009a20   __renormd
00009b60   _rand
00009c00   __IRQ_init
00009c80   __fltlid
00009d00   __llshl
00009d80   __mpyll
00009e00   _memccpy
00009e80   _readmsg
00009f00   _unlink
00009f80   __fltid
00009fe0   __llshru
0000a040   __remli
0000a0a0   __subcull
0000a100   _writemsg
0000a158   C$$IO$$
0000a160   _IRQ_disable
0000a1a0   ___isinf
0000a220   __negd
0000a260   __subd
0000a2a0   _CSL6416_LIB_
0000a2c0   _IRQ_clear
0000a2e0   _IRQ_enable
0000a300   _IRQ_globalDisable
0000a320   _IRQ_globalEnable
0000a340   _IRQ_globalRestore
0000a360   _IRQ_set
0000a380   _MCBSP_read
0000a3a0   _MCBSP_rrdy
0000a3c0   _MCBSP_write
0000a3e0   _MCBSP_xrdy
0000a400   __negll
0000a420   __nop
0000a480   __register_lock
0000a4a0   __register_unlock
0000a4c0   __trunc
0000a4e0   C$$EXIT
0000a4e0   _abort
0000a500   _remove
0000a520   __IRQ_hookFetchPacket
0000a540   IRAM$B
0000a540   _IRAM_base
0000a540   ___etext__
0000a540   etext
0000dbef   GBL_TRCMASKVALUE
00011940   CLK_LTIMEMULT
000129d4   __GBL_setL2CacheMode
00012b20   SWI_F_enable
00012b20   __SWI_lat3beg
00012b8c   __SWI_lat3end
00012b90   SWI_F_post
00012b90   _SWI_post
00012c9c   __SWI_lat1beg
00012d08   SWI_EXECFXN
00012d08   SWI_F_exec
00012d30   SWI_F_iexec
00012d48   __SWI_lat1end
00012d4c   __SWI_lat2beg
00012db4   __SWI_lat2end
00012db8   SWI_F_run
00012db8   SWI_RUNFXN
00013000   _GBL_cslCacheInit64
00013460   CLK_HOOKFXN
00013460   HWI_F_dispatch
00013460   _HWI_F_dispatch
00013460   __HWI_lat1beg
000135cc   __HWI_lat1end
000135cc   __HWI_lat2beg
00013704   __HWI_lat2end2
00013734   __HWI_lat3end2
00013778   __HWI_lat2end1
00013790   __HWI_lat3beg
000138a0   __HWI_lat3end1
000138c0   PRD_F_swi
00013b78   PRD_F_tick
00013c60   _free
00013c8c   _malloc
00013d00   _realloc
00013e04   _memalign
00013f30   _calloc
00013fc0   RTA_F_getlog
00014004   RTA_F_getsts
0001404c   RTA_F_readblk
0001406c   RTA_F_writeword
00014078   RTA_F_resetmem
00014078   __RTA_lat1beg
000140b0   __RTA_lat1end
000140b8   RTA_F_dispatch
00014108   RTA_execute
00014280   _KNL_run
00014500   _SEM_pendEnterKnl
00014760   _MEM_free
000149a0   PIP_F_take
00014a34   PIP_F_give
00014a34   PIP_F_probe
00014b08   PIP_F_start
00014be0   _MEM_alloc
00015000   PRD_THOOKFXN
00015000   _KNL_tick
00015020   __SEM_dopost
00015200   _TSK_setup
000153c0   CLK_F_getltime
000153d4   CLK_F_isr
00015524   CLK_F_itime
00015524   _CLK_F_itime
00015524   _CLK_itime
00015540   __CLK_lat1beg
0001556c   __CLK_lat1end
00015580   _KNL_saveIsrFrame
00015630   _KNL_switch
000156d8   KNL_glue
00015720   __auto_init
00015880   _TSK_exit
00015a88   _TSK_startup
00015b20   _KNL_check
00015b6c   __KNL_lat1beg
00015bec   _KNL_idle
00015bec   __KNL_lat1end
00015c10   _KNL_max
00015c40   _SEM_post
00015c40   _SEM_postBinary
00015d20   _CLK_measure
00015e00   _KNL_exit
00015e40   _KNL_enter
00015ec0   CLK_F_getfhtime
00015ee0   CLK_F_gethtime
00015ee0   CLK_F_getshtime
00015ee0   CLK_TIMEFXN
00015f80   _KNL_ipost
00015f90   CLK_COUNTSPMS
00015f90   _CLK_COUNTSPMS
00016020   _KNL_post
000160c0   _LCK_post
000160ec   _LCK_pend
00016160   _SEM_postEnterKnl
00016200   _SYS_exit
000162a0   FXN_F_nop
000162a8   FXN_F_run
000162a8   _FXN_F_run
000162f8   FXN_F_zero
000162f8   _FXN_F_zero
00016320   IDL_F_busy
00016320   __IDL_lat1beg
00016370   __IDL_lat1end
000163a0   LOG_F_event
000163a0   _LOG_event
000163a0   __LOG_lat1beg
00016420   STS_F_delta
00016420   _STS_delta
00016458   STS_F_add
00016458   _STS_add
00016484   STS_F_reset
00016484   _STS_reset
000164a0   IDL_F_calibrate
00016520   _SYS_error
00016580   _HWI_disable
00016598   _HWI_enable
000165ac   _HWI_restore
000165e0   _SEM_pendBinary
00016640   _SEM_pend
000166a0   _SYS_abort
00016700   SYS_PUTCFXN
00016700   _UTL_doPutc
00016760   _CLK_start
000167c0   IDL_CALIBRFXN
000167c0   IDL_F_stub
00016800   RTA_F_andn
00016820   RTA_F_or
00016840   SYS_ABORTFXN
00016840   _UTL_doAbort
00016880   _CLK_gethtime
00016884   __CLK_lat2beg
000168bc   __CLK_lat2end
000168c0   _CLK_stop
00016900   GBL_USERINITFXN
00016900   GIO_CREATEFXN
00016900   GIO_DELETEFXN
00016900   GIO_PENDFXN
00016900   GIO_POSTFXN
00016900   TSK_VCREATEFXN
00016900   TSK_VDELETEFXN
00016900   TSK_VEXITFXN
00016900   _FXN_F_nop
00016920   _GBL_getVersion
00016940   IDL_F_loop
00016940   _IDL_loop
00016960   _LOG_printf
00016980   _STS_set
000169a0   SYS_ERRORFXN
000169a0   _UTL_doError
000169c0   SYS_EXITFXN
000169c0   _UTL_halt
000169e0   LNK_F_init
000169e8   LNK_F_dataPump
00016a00   ___cinit__
00016a00   cinit
000180e0   __ftable
000182c0   __tmpnams
00018400   __ft_end
00018404   _errno
00018678   __IRQ_eventTable
00018700   __IRQ_intTable
00018740   __IRQ_dispatchTable
00018748   _KNL_queues
000187e8   _KNL_dummy
00018868   _rcvBuffer
000188a8   _xmtBuffer
000188e8   _TSK_ATTRS
00018904   _TSK_config
00018924   _TSK_timerSem
00018948   _OBJ_table
00018980   _OBJ_segtab
000189e8   __MCBSP_hDev0
000189ec   __MCBSP_hDev1
000189f0   __MCBSP_hDev2
000189f4   __TSK_mutex
00018a1c   __MEM_mutex
00018a48   _led
00018a50   _dip
00018a88   __TIMER_deviceTable
00018aac   __TIMER_hDev0
00018ab0   __TIMER_hDev1
00018ab4   __TIMER_hBios
00018ae0   _SYS_exitStack
00018b1c   __cleanup_ptr
00018b20   __dtors_ptr
00018b24   ___TI_enable_exit_profile_output
00018b28   __lock
00018b2c   __unlock
00018b48   TSK_idle$stack
00018ee0   TSK_idle$stkptr
00018f48   KNL_swi$sts$stsobj
00018f48   STS_A_TABBEG
00018f48   _STS_A_TABBEG
00018f4c   KNL_swi$sts
00018f58   TSK_idle$sts$stsobj
00018f5c   TSK_idle$sts
00018f68   TSK_mute$sts$stsobj
00018f6c   TSK_mute$sts
00018f78   TSK_loopback$sts$stsobj
00018f7c   TSK_loopback$sts
00018f88   TSK_process$sts$stsobj
00018f8c   TSK_process$sts
00018f98   TSK_printstat$sts$stsobj
00018f9c   TSK_printstat$sts
00018fa8   IDL_busyObj$stsobj
00018fac   IDL_busyObj
00018fac   _IDL_busyObj
00018fb8   STS_left$stsobj
00018fbc   STS_left
00018fbc   _STS_left
00018fc8   STS_right$stsobj
00018fcc   STS_right
00018fcc   _STS_right
00018fd8   STS_A_TABEND
00018fd8   _STS_A_TABEND
00018ff8   CLK_A_TABBEG
00018ff8   PRD_clock
00018ff8   _PRD_clock
00018ffc   CLK_null
00019000   trace$buf
0001a000   LOG_system$buf
0001a800   BIOS_init
0001a800   _BIOS_init
0001a998   BIOS$$CLKON
0001a9d8   BIOS$$CLKOFF
0001aa40   BIOS_start
0001aa40   _BIOS_start
0001ab00   _MEM_init
0001abc0   _c_int00
0001ac60   _TSK_init
0001ace0   _OBJ_init
0001ad00   TSK_loopback$stack
0001b098   TSK_loopback$stkptr
0001b100   TSK_mute$stack
0001b498   TSK_mute$stkptr
0001b500   TSK_printstat$stack
0001b898   TSK_printstat$stkptr
0001b900   TSK_process$stack
0001bc98   TSK_process$stkptr
0001bd00   GBL_stackbeg
0001bd00   _HWI_STKTOP
0001bd00   __stack
0001c0f8   _HWI_STKBOTTOM
0001c0ff   GBL_stackend
0001c100   $bss
0001c100   .bss
0001c100   _HWI_dispatchTab
0001c100   __STACK_END
0001c100   ___bss__
0001c200   IDL_D_tabbeg
0001c204   IDL_D_calibrate
0001c208   IDL_D_calbeg
0001c20c   LOG_D_system
0001c20c   _LOG_D_system
0001c210   PIP_D_tabbeg
0001c214   PIP_D_tablen
0001c218   CLK_R_time
0001c21c   CLK_D_timefxn
0001c220   CLK_D_tabbeg
0001c224   CLK_D_isrhook
0001c228   CLK_D_idletime
0001c22c   _CLK_htimeDiv
0001c230   _CLK_htimeMult
0001c234   _CLK_ltimeDiv
0001c238   _CLK_ltimeMult
0001c23c   _CLK_D_dirty
0001c240   _CLK_D_prd
0001c244   _CLK_D_tddr
0001c248   _CLK_D_countspms
0001c24c   PRD_D_tick
0001c24c   _PRD_D_tick
0001c250   PRD_D_cur
0001c254   PRD_D_elapsed
0001c258   PRD_D_prevtim
0001c25c   PRD_D_scalar
0001c260   PRD_D_swihandle
0001c264   PRD_D_tabbeg
0001c268   PRD_D_tablen
0001c26c   PRD_D_thook
0001c270   RTA_D_fromHost
0001c274   RTA_D_toHost
0001c278   RTA_D_logval
0001c288   RTA_D_stsval
0001c294   HST_D_chanmask
0001c298   HST_D_tabbeg
0001c29c   HST_D_tabend
0001c2a0   _GBL_procId
0001c2a4   _GBL_clkIn
0001c2a8   _GBL_freq
0001c2ac   _MEM_D_NUMSEGMENTS
0001c2b0   _MEM_D_memtab
0001c2b4   _MEM_D_freelist
0001c2b8   _MEM_D_lockaddr
0001c2bc   _MEM_D_unlockaddr
0001c2c0   _SYS
0001c2c4   __HOOK_knlId
0001c2c8   __HOOK_NUMHOOKS
0001c2cc   SWI_D_runaddr
0001c2cc   _SWI_D_runaddr
0001c2cc   _SWI_data
0001c2d0   SWI_D_execaddr
0001c2d0   _SWI_D_execaddr
0001c2d4   SWI_D_curmask
0001c2d4   _SWI_D_curmask
0001c2d8   SWI_D_curset
0001c2d8   _SWI_D_curset
0001c2dc   SWI_D_lock
0001c2dc   _SWI_D_lock
0001c2e0   SWI_D_curmbox
0001c2e4   SWI_D_curfxn
0001c2e4   _SWI_D_curfxn
0001c2e8   SWI_D_rdybeg
0001c2e8   _SWI_D_rdybeg
0001c2ec   SWI_D_inswi
0001c2ec   _SWI_D_inswi
0001c2f0   SWI_D_rdytab
0001c368   _KNL_wFlag
0001c36c   _KNL_wList
0001c370   _KNL_alarm
0001c374   _KNL_setpri
0001c378   _KNL_inactive
0001c37c   _KNL_priority
0001c380   _KNL_set
0001c384   _KNL_curtask
0001c388   _KNL_prevtask
0001c38c   _KNL_curtime
0001c390   _KNL_swiptr
0001c394   _KNL_curqueue
0001c398   _KNL_maxqueue
0001c39c   _KNL_tswitchfxn
0001c3a0   _KNL_tcreatefxn
0001c3a4   _KNL_tdeletefxn
0001c3a8   _KNL_treadyfxn
0001c3ac   _KNL_idlefxn
0001c3b0   _MEM_memtab
0001c3bc   HST_DSMBUFSEG
0001c3bc   IRAM
0001c3bc   MEM_MALLOCSEG
0001c3bc   MEM_SEGZERO
0001c3bc   RTDX_DATAMEMSEG
0001c3bc   _IRAM
0001c3bc   _SEG0
0001c3c0   RTA_fromHost$pipe$dtab
0001c3cc   RTA_toHost$pipe$dtab
0001c3d8   _AIC23_ControlHnd
0001c3dc   _AIC23_DataHnd
0001c3e0   _rcvRead
0001c3e4   _rcvWrite
0001c3e8   _xmtRead
0001c3ec   _xmtWrite
0001c3f0   _gie
0001c3f4   HWI_D_spsave
0001c3f4   _HWI_D_spsave
0001c3f4   _HWI_data
0001c400   _HWI_D_inhwi
0001c404   HWI_D_bss
0001c408   HWI_D_ccmask
0001c40c   _a
0001c410   _b
0001c414   _accu
0001c420   _sub
0001c424   _TSK_nTasks
0001c428   _TSK_pid
0001c42c   _TSK
0001c43c   _CLK_DFLTMICROSECS
0001c440   _CLK_D_microseconds
0001c444   _SYS_exitStackPtr
0001c448   _SYS_exitStackTop
0001c44c   _CLK_htimePerLtime
0001c454   IDL_D_busyObj
0001c458   _MEM
0001c45c   ___end__
0001c45c   end
0001c460   __ctypes_
0001c729   KNL_swi$sts$maxfmt
0001c72c   _SYS_PUTCBEG
0001c731   KNL_swi$sts$sumfmt
0001c739   KNL_swi$sts$avgfmt
0001c743   TSK_idle$sts$maxfmt
0001c74b   TSK_idle$sts$sumfmt
0001c753   TSK_idle$sts$avgfmt
0001c75d   TSK_mute$sts$maxfmt
0001c765   TSK_mute$sts$sumfmt
0001c76d   TSK_mute$sts$avgfmt
0001c777   TSK_loopback$sts$maxfmt
0001c77f   TSK_loopback$sts$sumfmt
0001c787   TSK_loopback$sts$avgfmt
0001c791   TSK_process$sts$maxfmt
0001c799   TSK_process$sts$sumfmt
0001c7a1   TSK_process$sts$avgfmt
0001c7ab   TSK_printstat$sts$maxfmt
0001c7b3   TSK_printstat$sts$sumfmt
0001c7bb   TSK_printstat$sts$avgfmt
0001c7c5   IDL_busyObj$maxfmt
0001c7c8   IDL_busyObj$sumfmt
0001c7cb   IDL_busyObj$avgfmt
0001c7d0   STS_left$maxfmt
0001c7d3   STS_left$sumfmt
0001c7d6   STS_left$avgfmt
0001c7db   STS_right$maxfmt
0001c7de   STS_right$sumfmt
0001c7e1   STS_right$avgfmt
0001c92b   _SYS_PUTCEND
0001c938   TSK_idle
0001c938   _TSK_idle
0001c998   TSK_mute
0001c998   _TSK_mute
0001c9f8   TSK_loopback
0001c9f8   _TSK_loopback
0001ca58   TSK_process
0001ca58   _TSK_process
0001cab8   TSK_printstat
0001cab8   _TSK_printstat
0001cb10   __CIOBUF_
0001cc30   RTA_toHost$buf
0001cd30   PIP_A_TABBEG
0001cd30   RTA_fromHost$pipe
0001cd30   _PIP_A_TABBEG
0001cd34   RTA_fromHost$pipe$rd
0001cd60   RTA_fromHost$pipe$aaa
0001cd64   RTA_fromHost$pipe$wr
0001cd90   RTA_fromHost$pipe$bbb
0001cd94   RTA_toHost$pipe
0001cd98   RTA_toHost$pipe$rd
0001cdc4   RTA_toHost$pipe$aaa
0001cdc8   RTA_toHost$pipe$wr
0001cdf4   RTA_toHost$pipe$bbb
0001cdf8   PIP_A_TABEND
0001cdf8   _PIP_A_TABEND
0001ce80   SEM_rcv
0001ce80   _SEM_rcv
0001ceac   SEM_xmt
0001ceac   _SEM_xmt
0001cecc   LOG_A_TABBEG
0001cecc   LOG_system
0001cecc   _LOG_A_TABBEG
0001cecc   _LOG_system
0001cee4   _trace
0001cee4   trace
0001cefc   KNL_swi
0001cefc   LOG_A_TABEND
0001cefc   SWI_A_TABBEG
0001cefc   _KNL_swi
0001cefc   _LOG_A_TABEND
0001cf28   HST_A_TABBEG
0001cf28   SWI_A_TABEND
0001cf28   _HST_A_TABBEG
0001cf2c   RTA_fromHost
0001cf2c   _RTA_fromHost
0001cf34   RTA_toHost
0001cf34   _RTA_toHost
0001cf3c   HST_A_TABEND
0001cf3c   IDL_A_TABBEG
0001cf3c   IDL_cpuLoad
0001cf3c   _HST_A_TABEND
0001cf3c   _IDL_cpuLoad
0001cf40   LNK_dataPump
0001cf40   _LNK_dataPump
0001cf44   RTA_dispatcher
0001cf44   _RTA_dispatcher
0001cf48   IDL_live
0001cf48   _IDL_live
0001cf4c   IDL_END
0001cf50   IDL_A_CALBEG
0001cf50   IDL_cpuLoad$
0001cf54   LNK_dataPump$
0001cf58   RTA_dispatcher$
0001cf5c   IDL_live$
0001cf60   IDL_END$
0001cf64   RTA_fromHost$buf
0001cf74   SYS$config
0001cf84   TRC_cinit
0001cf88   TRC_R_mask
0001cf88   _TRC_R_mask
0001cf8c   GBL_initdone
0001cf90   .data
0001cf90   LNK_dspFrameRequestMask
0001cf90   ___data__
0001cf94   LNK_dspFrameReadyMask
0001cf98   ___edata__
0001cf98   edata
000afc80   GBL_FREQ
01940000   CLK_HIRESREGS
01940000   CLK_REGS
01940000   _CLK_REGS
08204653   HWI_INTRMULTHIGH
310718a4   HWI_INTRMULTLOW
ffffffff   SDRAM
ffffffff   _SDRAM
ffffffff   ___TI_pprof_out_hndl
ffffffff   ___TI_prof_data_size
ffffffff   ___TI_prof_data_start
ffffffff   ___binit__
ffffffff   ___c_args__
ffffffff   ___pinit__
ffffffff   binit
ffffffff   pinit

[896 symbols]
