<?xml version="1.0"?>
<link_info>
   <banner>TMS320C6x Linker PC v7.4.4</banner>
   <copyright>Copyright (c) 1996-2013 Texas Instruments Incorporated</copyright>
   <link_time>0x63907d43</link_time>
   <output_file>xtomes07.out</output_file>
   <entry_point>
      <name>_c_int00</name>
      <address>0x1abc0</address>
   </entry_point>
   <input_file_list>
      <input_file id="fl-9">
         <path>.\</path>
         <kind>object</kind>
         <file>pseudoRandomNumber.obj</file>
         <name>pseudoRandomNumber.obj</name>
      </input_file>
      <input_file id="fl-a">
         <path>.\</path>
         <kind>object</kind>
         <file>hellocfg_c.obj</file>
         <name>hellocfg_c.obj</name>
      </input_file>
      <input_file id="fl-b">
         <path>.\</path>
         <kind>object</kind>
         <file>hellocfg.obj</file>
         <name>hellocfg.obj</name>
      </input_file>
      <input_file id="fl-c">
         <path>.\</path>
         <kind>object</kind>
         <file>hello.obj</file>
         <name>hello.obj</name>
      </input_file>
      <input_file id="fl-d">
         <path>.\</path>
         <kind>object</kind>
         <file>aic23.obj</file>
         <name>aic23.obj</name>
      </input_file>
      <input_file id="fl-89">
         <path>C:\ti\bios_5_42_01_09\packages\ti\bios\lib\</path>
         <kind>archive</kind>
         <file>biosC6000.a64</file>
         <name>clk_htime.o64</name>
      </input_file>
      <input_file id="fl-8a">
         <path>C:\ti\bios_5_42_01_09\packages\ti\bios\lib\</path>
         <kind>archive</kind>
         <file>bios.a64</file>
         <name>biosdata.o64</name>
      </input_file>
      <input_file id="fl-8b">
         <path>C:\ti\bios_5_42_01_09\packages\ti\bios\lib\</path>
         <kind>archive</kind>
         <file>bios.a64</file>
         <name>hwi_disp_asm.o64</name>
      </input_file>
      <input_file id="fl-8c">
         <path>C:\ti\bios_5_42_01_09\packages\ti\bios\lib\</path>
         <kind>archive</kind>
         <file>bios.a64</file>
         <name>idl_stub.o64</name>
      </input_file>
      <input_file id="fl-8d">
         <path>C:\ti\bios_5_42_01_09\packages\ti\bios\lib\</path>
         <kind>archive</kind>
         <file>bios.a64</file>
         <name>swi.o64</name>
      </input_file>
      <input_file id="fl-8e">
         <path>C:\ti\bios_5_42_01_09\packages\ti\bios\lib\</path>
         <kind>archive</kind>
         <file>bios.a64</file>
         <name>fxn_c.o64</name>
      </input_file>
      <input_file id="fl-8f">
         <path>C:\ti\bios_5_42_01_09\packages\ti\bios\lib\</path>
         <kind>archive</kind>
         <file>bios.a64</file>
         <name>knl_tick.o64</name>
      </input_file>
      <input_file id="fl-90">
         <path>C:\ti\bios_5_42_01_09\packages\ti\bios\lib\</path>
         <kind>archive</kind>
         <file>bios.a64</file>
         <name>utl_doab.o64</name>
      </input_file>
      <input_file id="fl-91">
         <path>C:\ti\bios_5_42_01_09\packages\ti\bios\lib\</path>
         <kind>archive</kind>
         <file>bios.a64</file>
         <name>utl_doer.o64</name>
      </input_file>
      <input_file id="fl-92">
         <path>C:\ti\bios_5_42_01_09\packages\ti\bios\lib\</path>
         <kind>archive</kind>
         <file>bios.a64</file>
         <name>utl_putc.o64</name>
      </input_file>
      <input_file id="fl-93">
         <path>C:\ti\bios_5_42_01_09\packages\ti\bios\lib\</path>
         <kind>archive</kind>
         <file>bios.a64</file>
         <name>utl_halt.o64</name>
      </input_file>
      <input_file id="fl-94">
         <path>C:\ti\bios_5_42_01_09\packages\ti\bios\lib\</path>
         <kind>archive</kind>
         <file>biosC6000.a64</file>
         <name>clk.o64</name>
      </input_file>
      <input_file id="fl-95">
         <path>C:\ti\bios_5_42_01_09\packages\ti\bios\lib\</path>
         <kind>archive</kind>
         <file>bios.a64</file>
         <name>fxn.o64</name>
      </input_file>
      <input_file id="fl-96">
         <path>C:\ti\bios_5_42_01_09\packages\ti\bios\lib\</path>
         <kind>archive</kind>
         <file>bios.a64</file>
         <name>boot.o64</name>
      </input_file>
      <input_file id="fl-97">
         <path>C:\ti\bios_5_42_01_09\packages\ti\bios\lib\</path>
         <kind>archive</kind>
         <file>bios.a64</file>
         <name>trc.o64</name>
      </input_file>
      <input_file id="fl-98">
         <path>C:\ti\bios_5_42_01_09\packages\ti\bios\lib\</path>
         <kind>archive</kind>
         <file>bios.a64</file>
         <name>hwi.o64</name>
      </input_file>
      <input_file id="fl-99">
         <path>C:\ti\bios_5_42_01_09\packages\ti\bios\lib\</path>
         <kind>archive</kind>
         <file>bios.a64</file>
         <name>idl_busy.o64</name>
      </input_file>
      <input_file id="fl-9a">
         <path>C:\ti\bios_5_42_01_09\packages\ti\bios\lib\</path>
         <kind>archive</kind>
         <file>biosC6000.a64</file>
         <name>idl_cal.o64</name>
      </input_file>
      <input_file id="fl-9b">
         <path>C:\ti\bios_5_42_01_09\packages\ti\bios\lib\</path>
         <kind>archive</kind>
         <file>bios.a64</file>
         <name>idl.o64</name>
      </input_file>
      <input_file id="fl-9c">
         <path>C:\ti\bios_5_42_01_09\packages\ti\bios\lib\</path>
         <kind>archive</kind>
         <file>bios.a64</file>
         <name>knl_swit.o64</name>
      </input_file>
      <input_file id="fl-9d">
         <path>C:\ti\bios_5_42_01_09\packages\ti\bios\lib\</path>
         <kind>archive</kind>
         <file>lnknone.a64</file>
         <name>none.o64</name>
      </input_file>
      <input_file id="fl-9e">
         <path>C:\ti\bios_5_42_01_09\packages\ti\bios\lib\</path>
         <kind>archive</kind>
         <file>bios.a64</file>
         <name>log.o64</name>
      </input_file>
      <input_file id="fl-9f">
         <path>C:\ti\bios_5_42_01_09\packages\ti\bios\lib\</path>
         <kind>archive</kind>
         <file>bios.a64</file>
         <name>pip.o64</name>
      </input_file>
      <input_file id="fl-a0">
         <path>C:\ti\bios_5_42_01_09\packages\ti\bios\lib\</path>
         <kind>archive</kind>
         <file>bios.a64</file>
         <name>prd.o64</name>
      </input_file>
      <input_file id="fl-a1">
         <path>C:\ti\bios_5_42_01_09\packages\ti\bios\lib\</path>
         <kind>archive</kind>
         <file>bios.a64</file>
         <name>rta.o64</name>
      </input_file>
      <input_file id="fl-a2">
         <path>C:\ti\bios_5_42_01_09\packages\ti\bios\lib\</path>
         <kind>archive</kind>
         <file>bios.a64</file>
         <name>rta_andn.o64</name>
      </input_file>
      <input_file id="fl-a3">
         <path>C:\ti\bios_5_42_01_09\packages\ti\bios\lib\</path>
         <kind>archive</kind>
         <file>bios.a64</file>
         <name>sts.o64</name>
      </input_file>
      <input_file id="fl-a4">
         <path>C:\ti\bios_5_42_01_09\packages\ti\bios\lib\</path>
         <kind>archive</kind>
         <file>bios.a64</file>
         <name>clk_data.o64</name>
      </input_file>
      <input_file id="fl-a5">
         <path>C:\ti\bios_5_42_01_09\packages\ti\bios\lib\</path>
         <kind>archive</kind>
         <file>biosC6000.a64</file>
         <name>clk_gethtime.o64</name>
      </input_file>
      <input_file id="fl-a6">
         <path>C:\ti\bios_5_42_01_09\packages\ti\bios\lib\</path>
         <kind>archive</kind>
         <file>bios.a64</file>
         <name>clk_data2.o64</name>
      </input_file>
      <input_file id="fl-a7">
         <path>C:\ti\bios_5_42_01_09\packages\ti\bios\lib\</path>
         <kind>archive</kind>
         <file>biosC6000.a64</file>
         <name>clk_meas.o64</name>
      </input_file>
      <input_file id="fl-a8">
         <path>C:\ti\bios_5_42_01_09\packages\ti\bios\lib\</path>
         <kind>archive</kind>
         <file>biosC6000.a64</file>
         <name>clk_start.o64</name>
      </input_file>
      <input_file id="fl-a9">
         <path>C:\ti\bios_5_42_01_09\packages\ti\bios\lib\</path>
         <kind>archive</kind>
         <file>biosC6000.a64</file>
         <name>clk_stop.o64</name>
      </input_file>
      <input_file id="fl-aa">
         <path>C:\ti\C6xCSL\lib_3x\</path>
         <kind>archive</kind>
         <file>csl6416.lib</file>
         <name>csl.obj</name>
      </input_file>
      <input_file id="fl-ab">
         <path>C:\ti\bios_5_42_01_09\packages\ti\bios\lib\</path>
         <kind>archive</kind>
         <file>bios.a64</file>
         <name>gbl_cslcacheinit64.o64</name>
      </input_file>
      <input_file id="fl-ac">
         <path>C:\ti\bios_5_42_01_09\packages\ti\bios\lib\</path>
         <kind>archive</kind>
         <file>bios.a64</file>
         <name>gbl_vers.o64</name>
      </input_file>
      <input_file id="fl-ad">
         <path>C:\ti\bios_5_42_01_09\packages\ti\bios\lib\</path>
         <kind>archive</kind>
         <file>bios.a64</file>
         <name>hwi_c.o64</name>
      </input_file>
      <input_file id="fl-ae">
         <path>C:\ti\C6xCSL\lib_3x\</path>
         <kind>archive</kind>
         <file>csl6416.lib</file>
         <name>csl_irq.obj</name>
      </input_file>
      <input_file id="fl-af">
         <path>C:\ti\bios_5_42_01_09\packages\ti\bios\lib\</path>
         <kind>archive</kind>
         <file>bios.a64</file>
         <name>knl.o64</name>
      </input_file>
      <input_file id="fl-b0">
         <path>C:\ti\bios_5_42_01_09\packages\ti\bios\lib\</path>
         <kind>archive</kind>
         <file>bios.a64</file>
         <name>knl_exit.o64</name>
      </input_file>
      <input_file id="fl-b1">
         <path>C:\ti\bios_5_42_01_09\packages\ti\bios\lib\</path>
         <kind>archive</kind>
         <file>bios.a64</file>
         <name>knl_chec.o64</name>
      </input_file>
      <input_file id="fl-b2">
         <path>C:\ti\bios_5_42_01_09\packages\ti\bios\lib\</path>
         <kind>archive</kind>
         <file>bios.a64</file>
         <name>knl_post.o64</name>
      </input_file>
      <input_file id="fl-b3">
         <path>C:\ti\bios_5_42_01_09\packages\ti\bios\lib\</path>
         <kind>archive</kind>
         <file>bios.a64</file>
         <name>knl_ipos.o64</name>
      </input_file>
      <input_file id="fl-b4">
         <path>C:\ti\bios_5_42_01_09\packages\ti\bios\lib\</path>
         <kind>archive</kind>
         <file>bios.a64</file>
         <name>knl_run.o64</name>
      </input_file>
      <input_file id="fl-b5">
         <path>C:\ti\bios_5_42_01_09\packages\ti\bios\lib\</path>
         <kind>archive</kind>
         <file>bios.a64</file>
         <name>log_printf.o64</name>
      </input_file>
      <input_file id="fl-b6">
         <path>C:\ti\C6xCSL\lib_3x\</path>
         <kind>archive</kind>
         <file>csl6416.lib</file>
         <name>csl_mcbsp.obj</name>
      </input_file>
      <input_file id="fl-b7">
         <path>C:\ti\bios_5_42_01_09\packages\ti\bios\lib\</path>
         <kind>archive</kind>
         <file>bios.a64</file>
         <name>mem_asm.o64</name>
      </input_file>
      <input_file id="fl-b8">
         <path>C:\ti\bios_5_42_01_09\packages\ti\bios\lib\</path>
         <kind>archive</kind>
         <file>bios.a64</file>
         <name>mem_init.o64</name>
      </input_file>
      <input_file id="fl-b9">
         <path>C:\ti\bios_5_42_01_09\packages\ti\bios\lib\</path>
         <kind>archive</kind>
         <file>bios.a64</file>
         <name>obj_init.o64</name>
      </input_file>
      <input_file id="fl-ba">
         <path>C:\ti\bios_5_42_01_09\packages\ti\bios\lib\</path>
         <kind>archive</kind>
         <file>bios.a64</file>
         <name>sem_pend_counting.o64</name>
      </input_file>
      <input_file id="fl-bb">
         <path>C:\ti\bios_5_42_01_09\packages\ti\bios\lib\</path>
         <kind>archive</kind>
         <file>bios.a64</file>
         <name>sem_pend_binary.o64</name>
      </input_file>
      <input_file id="fl-bc">
         <path>C:\ti\bios_5_42_01_09\packages\ti\bios\lib\</path>
         <kind>archive</kind>
         <file>bios.a64</file>
         <name>sem_pend.o64</name>
      </input_file>
      <input_file id="fl-bd">
         <path>C:\ti\bios_5_42_01_09\packages\ti\bios\lib\</path>
         <kind>archive</kind>
         <file>bios.a64</file>
         <name>sem_post_asm.o64</name>
      </input_file>
      <input_file id="fl-be">
         <path>C:\ti\bios_5_42_01_09\packages\ti\bios\lib\</path>
         <kind>archive</kind>
         <file>bios.a64</file>
         <name>sem_post.o64</name>
      </input_file>
      <input_file id="fl-bf">
         <path>C:\ti\bios_5_42_01_09\packages\ti\bios\lib\</path>
         <kind>archive</kind>
         <file>bios.a64</file>
         <name>sts_set.o64</name>
      </input_file>
      <input_file id="fl-c0">
         <path>C:\ti\C6xCSL\lib_3x\</path>
         <kind>archive</kind>
         <file>csl6416.lib</file>
         <name>csl_timer.obj</name>
      </input_file>
      <input_file id="fl-c1">
         <path>C:\ti\bios_5_42_01_09\packages\ti\bios\lib\</path>
         <kind>archive</kind>
         <file>bios.a64</file>
         <name>tsk.o64</name>
      </input_file>
      <input_file id="fl-c2">
         <path>C:\ti\bios_5_42_01_09\packages\ti\bios\lib\</path>
         <kind>archive</kind>
         <file>bios.a64</file>
         <name>tsk_exit.o64</name>
      </input_file>
      <input_file id="fl-c3">
         <path>C:\ti\bios_5_42_01_09\packages\ti\bios\lib\</path>
         <kind>archive</kind>
         <file>bios.a64</file>
         <name>sys_exit.o64</name>
      </input_file>
      <input_file id="fl-c4">
         <path>C:\ti\bios_5_42_01_09\packages\ti\bios\lib\</path>
         <kind>archive</kind>
         <file>bios.a64</file>
         <name>sys.o64</name>
      </input_file>
      <input_file id="fl-c5">
         <path>C:\ti\bios_5_42_01_09\packages\ti\bios\lib\</path>
         <kind>archive</kind>
         <file>bios.a64</file>
         <name>tsk_init.o64</name>
      </input_file>
      <input_file id="fl-c6">
         <path>C:\ti\bios_5_42_01_09\packages\ti\bios\lib\</path>
         <kind>archive</kind>
         <file>bios.a64</file>
         <name>tsk_setu.o64</name>
      </input_file>
      <input_file id="fl-c7">
         <path>C:\ti\bios_5_42_01_09\packages\ti\bios\lib\</path>
         <kind>archive</kind>
         <file>bios.a64</file>
         <name>tsk_stup.o64</name>
      </input_file>
      <input_file id="fl-c8">
         <path>C:\ti\bios_5_42_01_09\packages\ti\bios\lib\</path>
         <kind>archive</kind>
         <file>bios.a64</file>
         <name>lck.o64</name>
      </input_file>
      <input_file id="fl-c9">
         <path>C:\ti\bios_5_42_01_09\packages\ti\bios\lib\</path>
         <kind>archive</kind>
         <file>bios.a64</file>
         <name>sys_abor.o64</name>
      </input_file>
      <input_file id="fl-ca">
         <path>C:\ti\bios_5_42_01_09\packages\ti\bios\lib\</path>
         <kind>archive</kind>
         <file>bios.a64</file>
         <name>gbl_setL2CacheMode.o64</name>
      </input_file>
      <input_file id="fl-cb">
         <path>C:\ti\bios_5_42_01_09\packages\ti\bios\lib\</path>
         <kind>archive</kind>
         <file>bios.a64</file>
         <name>sem_dopo.o64</name>
      </input_file>
      <input_file id="fl-cc">
         <path>C:\ti\bios_5_42_01_09\packages\ti\bios\lib\</path>
         <kind>archive</kind>
         <file>bios.a64</file>
         <name>autoinit.o64</name>
      </input_file>
      <input_file id="fl-cd">
         <path>C:\ti\ccsv5\tools\compiler\c6000_7.4.4\lib\</path>
         <kind>archive</kind>
         <file>rts6400.lib</file>
         <name>divi.obj</name>
      </input_file>
      <input_file id="fl-ce">
         <path>C:\ti\ccsv5\tools\compiler\c6000_7.4.4\lib\</path>
         <kind>archive</kind>
         <file>rts6400.lib</file>
         <name>fixdi.obj</name>
      </input_file>
      <input_file id="fl-cf">
         <path>C:\ti\ccsv5\tools\compiler\c6000_7.4.4\lib\</path>
         <kind>archive</kind>
         <file>rts6400.lib</file>
         <name>defs.obj</name>
      </input_file>
      <input_file id="fl-d0">
         <path>C:\ti\ccsv5\tools\compiler\c6000_7.4.4\lib\</path>
         <kind>archive</kind>
         <file>rts6400.lib</file>
         <name>_lock.obj</name>
      </input_file>
      <input_file id="fl-d1">
         <path>C:\ti\ccsv5\tools\compiler\c6000_7.4.4\lib\</path>
         <kind>archive</kind>
         <file>rts6400.lib</file>
         <name>remi.obj</name>
      </input_file>
      <input_file id="fl-d2">
         <path>C:\ti\ccsv5\tools\compiler\c6000_7.4.4\lib\</path>
         <kind>archive</kind>
         <file>rts6400.lib</file>
         <name>strasg.obj</name>
      </input_file>
      <input_file id="fl-d3">
         <path>C:\ti\ccsv5\tools\compiler\c6000_7.4.4\lib\</path>
         <kind>archive</kind>
         <file>rts6400.lib</file>
         <name>exit.obj</name>
      </input_file>
      <input_file id="fl-d4">
         <path>C:\ti\ccsv5\tools\compiler\c6000_7.4.4\lib\</path>
         <kind>archive</kind>
         <file>rts6400.lib</file>
         <name>fflush.obj</name>
      </input_file>
      <input_file id="fl-d5">
         <path>C:\ti\ccsv5\tools\compiler\c6000_7.4.4\lib\</path>
         <kind>archive</kind>
         <file>rts6400.lib</file>
         <name>memcpy64.obj</name>
      </input_file>
      <input_file id="fl-d6">
         <path>C:\ti\ccsv5\tools\compiler\c6000_7.4.4\lib\</path>
         <kind>archive</kind>
         <file>rts6400.lib</file>
         <name>pow.obj</name>
      </input_file>
      <input_file id="fl-d7">
         <path>C:\ti\ccsv5\tools\compiler\c6000_7.4.4\lib\</path>
         <kind>archive</kind>
         <file>rts6400.lib</file>
         <name>addd.obj</name>
      </input_file>
      <input_file id="fl-d8">
         <path>C:\ti\ccsv5\tools\compiler\c6000_7.4.4\lib\</path>
         <kind>archive</kind>
         <file>rts6400.lib</file>
         <name>cmpd.obj</name>
      </input_file>
      <input_file id="fl-d9">
         <path>C:\ti\ccsv5\tools\compiler\c6000_7.4.4\lib\</path>
         <kind>archive</kind>
         <file>rts6400.lib</file>
         <name>divd.obj</name>
      </input_file>
      <input_file id="fl-da">
         <path>C:\ti\ccsv5\tools\compiler\c6000_7.4.4\lib\</path>
         <kind>archive</kind>
         <file>rts6400.lib</file>
         <name>fltid.obj</name>
      </input_file>
      <input_file id="fl-db">
         <path>C:\ti\ccsv5\tools\compiler\c6000_7.4.4\lib\</path>
         <kind>archive</kind>
         <file>rts6400.lib</file>
         <name>frcaddd.obj</name>
      </input_file>
      <input_file id="fl-dc">
         <path>C:\ti\ccsv5\tools\compiler\c6000_7.4.4\lib\</path>
         <kind>archive</kind>
         <file>rts6400.lib</file>
         <name>frcmpyd_div.obj</name>
      </input_file>
      <input_file id="fl-dd">
         <path>C:\ti\ccsv5\tools\compiler\c6000_7.4.4\lib\</path>
         <kind>archive</kind>
         <file>rts6400.lib</file>
         <name>mpyd.obj</name>
      </input_file>
      <input_file id="fl-de">
         <path>C:\ti\ccsv5\tools\compiler\c6000_7.4.4\lib\</path>
         <kind>archive</kind>
         <file>rts6400.lib</file>
         <name>frcmpyd.obj</name>
      </input_file>
      <input_file id="fl-df">
         <path>C:\ti\ccsv5\tools\compiler\c6000_7.4.4\lib\</path>
         <kind>archive</kind>
         <file>rts6400.lib</file>
         <name>mpyll.obj</name>
      </input_file>
      <input_file id="fl-e0">
         <path>C:\ti\ccsv5\tools\compiler\c6000_7.4.4\lib\</path>
         <kind>archive</kind>
         <file>rts6400.lib</file>
         <name>negd.obj</name>
      </input_file>
      <input_file id="fl-e1">
         <path>C:\ti\ccsv5\tools\compiler\c6000_7.4.4\lib\</path>
         <kind>archive</kind>
         <file>rts6400.lib</file>
         <name>round.obj</name>
      </input_file>
      <input_file id="fl-e2">
         <path>C:\ti\ccsv5\tools\compiler\c6000_7.4.4\lib\</path>
         <kind>archive</kind>
         <file>rts6400.lib</file>
         <name>renormd.obj</name>
      </input_file>
      <input_file id="fl-e3">
         <path>C:\ti\ccsv5\tools\compiler\c6000_7.4.4\lib\</path>
         <kind>archive</kind>
         <file>rts6400.lib</file>
         <name>subd.obj</name>
      </input_file>
      <input_file id="fl-e4">
         <path>C:\ti\ccsv5\tools\compiler\c6000_7.4.4\lib\</path>
         <kind>archive</kind>
         <file>rts6400.lib</file>
         <name>trunc.obj</name>
      </input_file>
      <input_file id="fl-e5">
         <path>C:\ti\ccsv5\tools\compiler\c6000_7.4.4\lib\</path>
         <kind>archive</kind>
         <file>rts6400.lib</file>
         <name>errno.obj</name>
      </input_file>
      <input_file id="fl-e6">
         <path>C:\ti\ccsv5\tools\compiler\c6000_7.4.4\lib\</path>
         <kind>archive</kind>
         <file>rts6400.lib</file>
         <name>frexp.obj</name>
      </input_file>
      <input_file id="fl-e7">
         <path>C:\ti\ccsv5\tools\compiler\c6000_7.4.4\lib\</path>
         <kind>archive</kind>
         <file>rts6400.lib</file>
         <name>ldexp.obj</name>
      </input_file>
      <input_file id="fl-e8">
         <path>C:\ti\ccsv5\tools\compiler\c6000_7.4.4\lib\</path>
         <kind>archive</kind>
         <file>rts6400.lib</file>
         <name>modf.obj</name>
      </input_file>
      <input_file id="fl-e9">
         <path>C:\ti\ccsv5\tools\compiler\c6000_7.4.4\lib\</path>
         <kind>archive</kind>
         <file>rts6400.lib</file>
         <name>printf.obj</name>
      </input_file>
      <input_file id="fl-ea">
         <path>C:\ti\ccsv5\tools\compiler\c6000_7.4.4\lib\</path>
         <kind>archive</kind>
         <file>rts6400.lib</file>
         <name>_printfi.obj</name>
      </input_file>
      <input_file id="fl-eb">
         <path>C:\ti\ccsv5\tools\compiler\c6000_7.4.4\lib\</path>
         <kind>archive</kind>
         <file>rts6400.lib</file>
         <name>isinf.obj</name>
      </input_file>
      <input_file id="fl-ec">
         <path>C:\ti\ccsv5\tools\compiler\c6000_7.4.4\lib\</path>
         <kind>archive</kind>
         <file>rts6400.lib</file>
         <name>divu.obj</name>
      </input_file>
      <input_file id="fl-ed">
         <path>C:\ti\ccsv5\tools\compiler\c6000_7.4.4\lib\</path>
         <kind>archive</kind>
         <file>rts6400.lib</file>
         <name>imath40.obj</name>
      </input_file>
      <input_file id="fl-ee">
         <path>C:\ti\ccsv5\tools\compiler\c6000_7.4.4\lib\</path>
         <kind>archive</kind>
         <file>rts6400.lib</file>
         <name>imath64.obj</name>
      </input_file>
      <input_file id="fl-ef">
         <path>C:\ti\ccsv5\tools\compiler\c6000_7.4.4\lib\</path>
         <kind>archive</kind>
         <file>rts6400.lib</file>
         <name>fixdli.obj</name>
      </input_file>
      <input_file id="fl-f0">
         <path>C:\ti\ccsv5\tools\compiler\c6000_7.4.4\lib\</path>
         <kind>archive</kind>
         <file>rts6400.lib</file>
         <name>fltlid.obj</name>
      </input_file>
      <input_file id="fl-f1">
         <path>C:\ti\ccsv5\tools\compiler\c6000_7.4.4\lib\</path>
         <kind>archive</kind>
         <file>rts6400.lib</file>
         <name>llshift.obj</name>
      </input_file>
      <input_file id="fl-f2">
         <path>C:\ti\ccsv5\tools\compiler\c6000_7.4.4\lib\</path>
         <kind>archive</kind>
         <file>rts6400.lib</file>
         <name>negll.obj</name>
      </input_file>
      <input_file id="fl-f3">
         <path>C:\ti\ccsv5\tools\compiler\c6000_7.4.4\lib\</path>
         <kind>archive</kind>
         <file>rts6400.lib</file>
         <name>atoi.obj</name>
      </input_file>
      <input_file id="fl-f4">
         <path>C:\ti\ccsv5\tools\compiler\c6000_7.4.4\lib\</path>
         <kind>archive</kind>
         <file>rts6400.lib</file>
         <name>ctype.obj</name>
      </input_file>
      <input_file id="fl-f5">
         <path>C:\ti\ccsv5\tools\compiler\c6000_7.4.4\lib\</path>
         <kind>archive</kind>
         <file>rts6400.lib</file>
         <name>fputc.obj</name>
      </input_file>
      <input_file id="fl-f6">
         <path>C:\ti\ccsv5\tools\compiler\c6000_7.4.4\lib\</path>
         <kind>archive</kind>
         <file>rts6400.lib</file>
         <name>_io_perm.obj</name>
      </input_file>
      <input_file id="fl-f7">
         <path>C:\ti\ccsv5\tools\compiler\c6000_7.4.4\lib\</path>
         <kind>archive</kind>
         <file>rts6400.lib</file>
         <name>fputs.obj</name>
      </input_file>
      <input_file id="fl-f8">
         <path>C:\ti\ccsv5\tools\compiler\c6000_7.4.4\lib\</path>
         <kind>archive</kind>
         <file>rts6400.lib</file>
         <name>fseek.obj</name>
      </input_file>
      <input_file id="fl-f9">
         <path>C:\ti\ccsv5\tools\compiler\c6000_7.4.4\lib\</path>
         <kind>archive</kind>
         <file>rts6400.lib</file>
         <name>abs.obj</name>
      </input_file>
      <input_file id="fl-fa">
         <path>C:\ti\ccsv5\tools\compiler\c6000_7.4.4\lib\</path>
         <kind>archive</kind>
         <file>rts6400.lib</file>
         <name>lowlev.obj</name>
      </input_file>
      <input_file id="fl-fb">
         <path>C:\ti\ccsv5\tools\compiler\c6000_7.4.4\lib\</path>
         <kind>archive</kind>
         <file>rts6400.lib</file>
         <name>trgdrv.obj</name>
      </input_file>
      <input_file id="fl-fc">
         <path>C:\ti\ccsv5\tools\compiler\c6000_7.4.4\lib\</path>
         <kind>archive</kind>
         <file>rts6400.lib</file>
         <name>ltoa.obj</name>
      </input_file>
      <input_file id="fl-fd">
         <path>C:\ti\ccsv5\tools\compiler\c6000_7.4.4\lib\</path>
         <kind>archive</kind>
         <file>rts6400.lib</file>
         <name>memccpy.obj</name>
      </input_file>
      <input_file id="fl-fe">
         <path>C:\ti\ccsv5\tools\compiler\c6000_7.4.4\lib\</path>
         <kind>archive</kind>
         <file>rts6400.lib</file>
         <name>memset.obj</name>
      </input_file>
      <input_file id="fl-ff">
         <path>C:\ti\ccsv5\tools\compiler\c6000_7.4.4\lib\</path>
         <kind>archive</kind>
         <file>rts6400.lib</file>
         <name>rand.obj</name>
      </input_file>
      <input_file id="fl-100">
         <path>C:\ti\ccsv5\tools\compiler\c6000_7.4.4\lib\</path>
         <kind>archive</kind>
         <file>rts6400.lib</file>
         <name>trgmsg.obj</name>
      </input_file>
      <input_file id="fl-101">
         <path>C:\ti\ccsv5\tools\compiler\c6000_7.4.4\lib\</path>
         <kind>archive</kind>
         <file>rts6400.lib</file>
         <name>setvbuf.obj</name>
      </input_file>
      <input_file id="fl-102">
         <path>C:\ti\ccsv5\tools\compiler\c6000_7.4.4\lib\</path>
         <kind>archive</kind>
         <file>rts6400.lib</file>
         <name>fopen.obj</name>
      </input_file>
      <input_file id="fl-103">
         <path>C:\ti\ccsv5\tools\compiler\c6000_7.4.4\lib\</path>
         <kind>archive</kind>
         <file>rts6400.lib</file>
         <name>fclose.obj</name>
      </input_file>
      <input_file id="fl-104">
         <path>C:\ti\bios_5_42_01_09\packages\ti\bios\lib\</path>
         <kind>archive</kind>
         <file>bios.a64</file>
         <name>malloc.o64</name>
      </input_file>
      <input_file id="fl-105">
         <path>C:\ti\bios_5_42_01_09\packages\ti\bios\lib\</path>
         <kind>archive</kind>
         <file>bios.a64</file>
         <name>mem_allo.o64</name>
      </input_file>
      <input_file id="fl-106">
         <path>C:\ti\bios_5_42_01_09\packages\ti\bios\lib\</path>
         <kind>archive</kind>
         <file>bios.a64</file>
         <name>mem_free.o64</name>
      </input_file>
      <input_file id="fl-107">
         <path>C:\ti\bios_5_42_01_09\packages\ti\bios\lib\</path>
         <kind>archive</kind>
         <file>bios.a64</file>
         <name>sys_erro.o64</name>
      </input_file>
      <input_file id="fl-108">
         <path>C:\ti\ccsv5\tools\compiler\c6000_7.4.4\lib\</path>
         <kind>archive</kind>
         <file>rts6400.lib</file>
         <name>remove.obj</name>
      </input_file>
   </input_file_list>
   <object_component_list>
      <object_component id="oc-75">
         <name>.vers</name>
         <load_address>0x0</load_address>
         <run_address>0x0</run_address>
         <size>0x3c</size>
         <input_file_ref idref="fl-b"/>
      </object_component>
      <object_component id="oc-5f">
         <name>.clk</name>
         <uninitialized>true</uninitialized>
         <run_address>0x18ff8</run_address>
         <size>0x8</size>
         <input_file_ref idref="fl-b"/>
      </object_component>
      <object_component id="oc-7">
         <name>HWI_A_VECS</name>
         <load_address>0x0</load_address>
         <run_address>0x0</run_address>
         <size>0x0</size>
      </object_component>
      <object_component id="oc-64">
         <name>.hwi_vec</name>
         <load_address>0x0</load_address>
         <run_address>0x0</run_address>
         <size>0x200</size>
         <input_file_ref idref="fl-b"/>
      </object_component>
      <object_component id="oc-65">
         <name>.swi</name>
         <uninitialized>true</uninitialized>
         <run_address>0x1cefc</run_address>
         <size>0x2c</size>
         <input_file_ref idref="fl-b"/>
      </object_component>
      <object_component id="oc-68">
         <name>.tsk</name>
         <uninitialized>true</uninitialized>
         <run_address>0x1c92c</run_address>
         <size>0x1e0</size>
         <input_file_ref idref="fl-b"/>
      </object_component>
      <object_component id="oc-6f">
         <name>.idl</name>
         <uninitialized>true</uninitialized>
         <run_address>0x1cf3c</run_address>
         <size>0x14</size>
         <input_file_ref idref="fl-b"/>
      </object_component>
      <object_component id="oc-6e">
         <name>.idlcal</name>
         <uninitialized>true</uninitialized>
         <run_address>0x1cf50</run_address>
         <size>0x14</size>
         <input_file_ref idref="fl-b"/>
      </object_component>
      <object_component id="oc-4a">
         <name>.bss</name>
         <uninitialized>true</uninitialized>
         <run_address>0x1c3b0</run_address>
         <size>0x28</size>
         <input_file_ref idref="fl-b"/>
      </object_component>
      <object_component id="oc-52">
         <name>.bss</name>
         <uninitialized>true</uninitialized>
         <run_address>0x1c40c</run_address>
         <size>0x18</size>
         <input_file_ref idref="fl-9"/>
      </object_component>
      <object_component id="oc-79">
         <name>.bss</name>
         <uninitialized>true</uninitialized>
         <run_address>0x1c430</run_address>
         <size>0xc</size>
         <input_file_ref idref="fl-c"/>
      </object_component>
      <object_component id="oc-81">
         <name>.bss</name>
         <uninitialized>true</uninitialized>
         <run_address>0x1c3d8</run_address>
         <size>0x1c</size>
         <input_file_ref idref="fl-d"/>
      </object_component>
      <object_component id="oc-8c">
         <name>.bss</name>
         <uninitialized>true</uninitialized>
         <run_address>0x1c200</run_address>
         <size>0xcc</size>
         <input_file_ref idref="fl-8a"/>
      </object_component>
      <object_component id="oc-8e">
         <name>.bss</name>
         <uninitialized>true</uninitialized>
         <run_address>0x1c100</run_address>
         <size>0x100</size>
         <input_file_ref idref="fl-8b"/>
      </object_component>
      <object_component id="oc-95">
         <name>.bss</name>
         <uninitialized>true</uninitialized>
         <run_address>0x1c2cc</run_address>
         <size>0x9c</size>
         <input_file_ref idref="fl-8d"/>
      </object_component>
      <object_component id="oc-c0">
         <name>.bss</name>
         <uninitialized>true</uninitialized>
         <run_address>0x1c3f4</run_address>
         <size>0x18</size>
         <input_file_ref idref="fl-98"/>
      </object_component>
      <object_component id="oc-c2">
         <name>.bss</name>
         <uninitialized>true</uninitialized>
         <run_address>0x1c454</run_address>
         <size>0x4</size>
         <input_file_ref idref="fl-99"/>
      </object_component>
      <object_component id="oc-f3">
         <name>.bss</name>
         <uninitialized>true</uninitialized>
         <run_address>0x1c43c</run_address>
         <size>0x8</size>
         <input_file_ref idref="fl-a4"/>
      </object_component>
      <object_component id="oc-fa">
         <name>.bss</name>
         <uninitialized>true</uninitialized>
         <run_address>0x1c44c</run_address>
         <size>0x4</size>
         <input_file_ref idref="fl-a6"/>
      </object_component>
      <object_component id="oc-120">
         <name>.bss</name>
         <uninitialized>true</uninitialized>
         <run_address>0x1c368</run_address>
         <size>0x48</size>
         <input_file_ref idref="fl-af"/>
      </object_component>
      <object_component id="oc-142">
         <name>.bss</name>
         <uninitialized>true</uninitialized>
         <run_address>0x1c458</run_address>
         <size>0x4</size>
         <input_file_ref idref="fl-b7"/>
      </object_component>
      <object_component id="oc-16a">
         <name>.bss</name>
         <uninitialized>true</uninitialized>
         <run_address>0x1c424</run_address>
         <size>0xc</size>
         <input_file_ref idref="fl-c1"/>
      </object_component>
      <object_component id="oc-178">
         <name>.bss</name>
         <uninitialized>true</uninitialized>
         <run_address>0x1c444</run_address>
         <size>0x8</size>
         <input_file_ref idref="fl-c4"/>
      </object_component>
      <object_component id="oc-195">
         <name>.bss</name>
         <uninitialized>true</uninitialized>
         <run_address>0x1c450</run_address>
         <size>0x4</size>
         <input_file_ref idref="fl-ca"/>
      </object_component>
      <object_component id="oc-55">
         <name>.far</name>
         <uninitialized>true</uninitialized>
         <run_address>0x18b40</run_address>
         <size>0x4</size>
         <input_file_ref idref="fl-9"/>
      </object_component>
      <object_component id="oc-7c">
         <name>.far</name>
         <uninitialized>true</uninitialized>
         <run_address>0x18a48</run_address>
         <size>0x40</size>
         <input_file_ref idref="fl-c"/>
      </object_component>
      <object_component id="oc-84">
         <name>.far</name>
         <uninitialized>true</uninitialized>
         <run_address>0x18820</run_address>
         <size>0xc8</size>
         <input_file_ref idref="fl-d"/>
      </object_component>
      <object_component id="oc-9f">
         <name>.far</name>
         <uninitialized>true</uninitialized>
         <run_address>0x18b00</run_address>
         <size>0x10</size>
         <input_file_ref idref="fl-8f"/>
      </object_component>
      <object_component id="oc-ac">
         <name>.far</name>
         <uninitialized>true</uninitialized>
         <run_address>0x18b10</run_address>
         <size>0xc</size>
         <input_file_ref idref="fl-92"/>
      </object_component>
      <object_component id="oc-10a">
         <name>.far</name>
         <uninitialized>true</uninitialized>
         <run_address>0x18ab8</run_address>
         <size>0x28</size>
         <input_file_ref idref="fl-aa"/>
      </object_component>
      <object_component id="oc-11c">
         <name>.far</name>
         <uninitialized>true</uninitialized>
         <run_address>0x18648</run_address>
         <size>0x100</size>
         <input_file_ref idref="fl-ae"/>
      </object_component>
      <object_component id="oc-123">
         <name>.far</name>
         <uninitialized>true</uninitialized>
         <run_address>0x18748</run_address>
         <size>0xd8</size>
         <input_file_ref idref="fl-af"/>
      </object_component>
      <object_component id="oc-13e">
         <name>.far</name>
         <uninitialized>true</uninitialized>
         <run_address>0x189a0</run_address>
         <size>0x54</size>
         <input_file_ref idref="fl-b6"/>
      </object_component>
      <object_component id="oc-149">
         <name>.far</name>
         <uninitialized>true</uninitialized>
         <run_address>0x18948</run_address>
         <size>0x54</size>
         <input_file_ref idref="fl-b9"/>
      </object_component>
      <object_component id="oc-166">
         <name>.far</name>
         <uninitialized>true</uninitialized>
         <run_address>0x18a88</run_address>
         <size>0x30</size>
         <input_file_ref idref="fl-c0"/>
      </object_component>
      <object_component id="oc-16d">
         <name>.far</name>
         <uninitialized>true</uninitialized>
         <run_address>0x188e8</run_address>
         <size>0x5c</size>
         <input_file_ref idref="fl-c1"/>
      </object_component>
      <object_component id="oc-17b">
         <name>.far</name>
         <uninitialized>true</uninitialized>
         <run_address>0x18ae0</run_address>
         <size>0x20</size>
         <input_file_ref idref="fl-c4"/>
      </object_component>
      <object_component id="oc-188">
         <name>.far</name>
         <uninitialized>true</uninitialized>
         <run_address>0x189f4</run_address>
         <size>0x50</size>
         <input_file_ref idref="fl-c7"/>
      </object_component>
      <object_component id="oc-1ab">
         <name>.far</name>
         <uninitialized>true</uninitialized>
         <run_address>0x180e0</run_address>
         <size>0x324</size>
         <input_file_ref idref="fl-cf"/>
      </object_component>
      <object_component id="oc-1af">
         <name>.far</name>
         <uninitialized>true</uninitialized>
         <run_address>0x18b28</run_address>
         <size>0x8</size>
         <input_file_ref idref="fl-d0"/>
      </object_component>
      <object_component id="oc-1ba">
         <name>.far</name>
         <uninitialized>true</uninitialized>
         <run_address>0x18b1c</run_address>
         <size>0xc</size>
         <input_file_ref idref="fl-d3"/>
      </object_component>
      <object_component id="oc-1c5">
         <name>.far</name>
         <uninitialized>true</uninitialized>
         <run_address>0x18408</run_address>
         <size>0x120</size>
         <input_file_ref idref="fl-d6"/>
      </object_component>
      <object_component id="oc-1f4">
         <name>.far</name>
         <uninitialized>true</uninitialized>
         <run_address>0x18404</run_address>
         <size>0x4</size>
         <input_file_ref idref="fl-e5"/>
      </object_component>
      <object_component id="oc-235">
         <name>.far</name>
         <uninitialized>true</uninitialized>
         <run_address>0x18528</run_address>
         <size>0x11c</size>
         <input_file_ref idref="fl-fa"/>
      </object_component>
      <object_component id="oc-239">
         <name>.far</name>
         <uninitialized>true</uninitialized>
         <run_address>0x18b38</run_address>
         <size>0x8</size>
         <input_file_ref idref="fl-fb"/>
      </object_component>
      <object_component id="oc-247">
         <name>.far</name>
         <uninitialized>true</uninitialized>
         <run_address>0x18b30</run_address>
         <size>0x8</size>
         <input_file_ref idref="fl-ff"/>
      </object_component>
      <object_component id="oc-253">
         <name>.far</name>
         <uninitialized>true</uninitialized>
         <run_address>0x18644</run_address>
         <size>0x4</size>
         <input_file_ref idref="fl-102"/>
      </object_component>
      <object_component id="oc-73">
         <name>.sem</name>
         <uninitialized>true</uninitialized>
         <run_address>0x1ce74</run_address>
         <size>0x58</size>
         <input_file_ref idref="fl-b"/>
      </object_component>
      <object_component id="oc-5c">
         <name>.mem</name>
         <uninitialized>true</uninitialized>
         <run_address>0x18b44</run_address>
         <size>0x4</size>
         <input_file_ref idref="fl-b"/>
      </object_component>
      <object_component id="oc-198">
         <name>.bios</name>
         <load_address>0x12540</load_address>
         <run_address>0x12540</run_address>
         <size>0x5e0</size>
         <input_file_ref idref="fl-ca"/>
      </object_component>
      <object_component id="oc-49">
         <name>.bios</name>
         <load_address>0x12b20</load_address>
         <run_address>0x12b20</run_address>
         <size>0x4e0</size>
         <input_file_ref idref="fl-8d"/>
      </object_component>
      <object_component id="oc-10f">
         <name>.bios</name>
         <load_address>0x13000</load_address>
         <run_address>0x13000</run_address>
         <size>0x460</size>
         <input_file_ref idref="fl-ab"/>
      </object_component>
      <object_component id="oc-4b">
         <name>.bios</name>
         <load_address>0x13460</load_address>
         <run_address>0x13460</run_address>
         <size>0x460</size>
         <input_file_ref idref="fl-8b"/>
      </object_component>
      <object_component id="oc-e2">
         <name>.bios</name>
         <load_address>0x138c0</load_address>
         <run_address>0x138c0</run_address>
         <size>0x3a0</size>
         <input_file_ref idref="fl-a0"/>
      </object_component>
      <object_component id="oc-25a">
         <name>.bios</name>
         <load_address>0x13c60</load_address>
         <run_address>0x13c60</run_address>
         <size>0x360</size>
         <input_file_ref idref="fl-104"/>
      </object_component>
      <object_component id="oc-e7">
         <name>.bios</name>
         <load_address>0x13fc0</load_address>
         <run_address>0x13fc0</run_address>
         <size>0x2c0</size>
         <input_file_ref idref="fl-a1"/>
      </object_component>
      <object_component id="oc-136">
         <name>.bios</name>
         <load_address>0x14280</load_address>
         <run_address>0x14280</run_address>
         <size>0x280</size>
         <input_file_ref idref="fl-b4"/>
      </object_component>
      <object_component id="oc-156">
         <name>.bios</name>
         <load_address>0x14500</load_address>
         <run_address>0x14500</run_address>
         <size>0x260</size>
         <input_file_ref idref="fl-bc"/>
      </object_component>
      <object_component id="oc-263">
         <name>.bios:.near</name>
         <load_address>0x14760</load_address>
         <run_address>0x14760</run_address>
         <size>0x240</size>
         <input_file_ref idref="fl-106"/>
      </object_component>
      <object_component id="oc-de">
         <name>.bios</name>
         <load_address>0x149a0</load_address>
         <run_address>0x149a0</run_address>
         <size>0x240</size>
         <input_file_ref idref="fl-9f"/>
      </object_component>
      <object_component id="oc-25e">
         <name>.bios:.near</name>
         <load_address>0x14be0</load_address>
         <run_address>0x14be0</run_address>
         <size>0x220</size>
         <input_file_ref idref="fl-105"/>
      </object_component>
      <object_component id="oc-4e">
         <name>.bios</name>
         <load_address>0x14e00</load_address>
         <run_address>0x14e00</run_address>
         <size>0x220</size>
         <input_file_ref idref="fl-8f"/>
      </object_component>
      <object_component id="oc-19c">
         <name>.bios</name>
         <load_address>0x15020</load_address>
         <run_address>0x15020</run_address>
         <size>0x1e0</size>
         <input_file_ref idref="fl-cb"/>
      </object_component>
      <object_component id="oc-182">
         <name>.bios</name>
         <load_address>0x15200</load_address>
         <run_address>0x15200</run_address>
         <size>0x1c0</size>
         <input_file_ref idref="fl-c6"/>
      </object_component>
      <object_component id="oc-b2">
         <name>.bios</name>
         <load_address>0x153c0</load_address>
         <run_address>0x153c0</run_address>
         <size>0x1c0</size>
         <input_file_ref idref="fl-94"/>
      </object_component>
      <object_component id="oc-d1">
         <name>.bios</name>
         <load_address>0x15580</load_address>
         <run_address>0x15580</run_address>
         <size>0x1a0</size>
         <input_file_ref idref="fl-9c"/>
      </object_component>
      <object_component id="oc-1a0">
         <name>.bios</name>
         <load_address>0x15720</load_address>
         <run_address>0x15720</run_address>
         <size>0x160</size>
         <input_file_ref idref="fl-cc"/>
      </object_component>
      <object_component id="oc-171">
         <name>.bios</name>
         <load_address>0x15880</load_address>
         <run_address>0x15880</run_address>
         <size>0x160</size>
         <input_file_ref idref="fl-c2"/>
      </object_component>
      <object_component id="oc-189">
         <name>.bios</name>
         <load_address>0x159e0</load_address>
         <run_address>0x159e0</run_address>
         <size>0x140</size>
         <input_file_ref idref="fl-c7"/>
      </object_component>
      <object_component id="oc-129">
         <name>.bios</name>
         <load_address>0x15b20</load_address>
         <run_address>0x15b20</run_address>
         <size>0x120</size>
         <input_file_ref idref="fl-b1"/>
      </object_component>
      <object_component id="oc-159">
         <name>.bios</name>
         <load_address>0x15c40</load_address>
         <run_address>0x15c40</run_address>
         <size>0xe0</size>
         <input_file_ref idref="fl-bd"/>
      </object_component>
      <object_component id="oc-fd">
         <name>.bios</name>
         <load_address>0x15d20</load_address>
         <run_address>0x15d20</run_address>
         <size>0xe0</size>
         <input_file_ref idref="fl-a7"/>
      </object_component>
      <object_component id="oc-126">
         <name>.bios</name>
         <load_address>0x15e00</load_address>
         <run_address>0x15e00</run_address>
         <size>0xc0</size>
         <input_file_ref idref="fl-b0"/>
      </object_component>
      <object_component id="oc-4c">
         <name>.bios</name>
         <load_address>0x15ec0</load_address>
         <run_address>0x15ec0</run_address>
         <size>0xc0</size>
         <input_file_ref idref="fl-89"/>
      </object_component>
      <object_component id="oc-132">
         <name>.bios</name>
         <load_address>0x15f80</load_address>
         <run_address>0x15f80</run_address>
         <size>0xa0</size>
         <input_file_ref idref="fl-b3"/>
      </object_component>
      <object_component id="oc-12e">
         <name>.bios</name>
         <load_address>0x16020</load_address>
         <run_address>0x16020</run_address>
         <size>0xa0</size>
         <input_file_ref idref="fl-b2"/>
      </object_component>
      <object_component id="oc-18e">
         <name>.bios</name>
         <load_address>0x160c0</load_address>
         <run_address>0x160c0</run_address>
         <size>0xa0</size>
         <input_file_ref idref="fl-c8"/>
      </object_component>
      <object_component id="oc-15e">
         <name>.bios</name>
         <load_address>0x16160</load_address>
         <run_address>0x16160</run_address>
         <size>0xa0</size>
         <input_file_ref idref="fl-be"/>
      </object_component>
      <object_component id="oc-175">
         <name>.bios</name>
         <load_address>0x16200</load_address>
         <run_address>0x16200</run_address>
         <size>0xa0</size>
         <input_file_ref idref="fl-c3"/>
      </object_component>
      <object_component id="oc-b6">
         <name>.bios</name>
         <load_address>0x162a0</load_address>
         <run_address>0x162a0</run_address>
         <size>0x80</size>
         <input_file_ref idref="fl-95"/>
      </object_component>
      <object_component id="oc-c4">
         <name>.bios</name>
         <load_address>0x16320</load_address>
         <run_address>0x16320</run_address>
         <size>0x80</size>
         <input_file_ref idref="fl-99"/>
      </object_component>
      <object_component id="oc-da">
         <name>.bios</name>
         <load_address>0x163a0</load_address>
         <run_address>0x163a0</run_address>
         <size>0x80</size>
         <input_file_ref idref="fl-9e"/>
      </object_component>
      <object_component id="oc-ef">
         <name>.bios</name>
         <load_address>0x16420</load_address>
         <run_address>0x16420</run_address>
         <size>0x80</size>
         <input_file_ref idref="fl-a3"/>
      </object_component>
      <object_component id="oc-c8">
         <name>.bios</name>
         <load_address>0x164a0</load_address>
         <run_address>0x164a0</run_address>
         <size>0x80</size>
         <input_file_ref idref="fl-9a"/>
      </object_component>
      <object_component id="oc-268">
         <name>.bios:.near</name>
         <load_address>0x16520</load_address>
         <run_address>0x16520</run_address>
         <size>0x60</size>
         <input_file_ref idref="fl-107"/>
      </object_component>
      <object_component id="oc-116">
         <name>.bios</name>
         <load_address>0x16580</load_address>
         <run_address>0x16580</run_address>
         <size>0x60</size>
         <input_file_ref idref="fl-ad"/>
      </object_component>
      <object_component id="oc-151">
         <name>.bios</name>
         <load_address>0x165e0</load_address>
         <run_address>0x165e0</run_address>
         <size>0x60</size>
         <input_file_ref idref="fl-bb"/>
      </object_component>
      <object_component id="oc-14d">
         <name>.bios</name>
         <load_address>0x16640</load_address>
         <run_address>0x16640</run_address>
         <size>0x60</size>
         <input_file_ref idref="fl-ba"/>
      </object_component>
      <object_component id="oc-192">
         <name>.bios</name>
         <load_address>0x166a0</load_address>
         <run_address>0x166a0</run_address>
         <size>0x60</size>
         <input_file_ref idref="fl-c9"/>
      </object_component>
      <object_component id="oc-4d">
         <name>.bios</name>
         <load_address>0x16700</load_address>
         <run_address>0x16700</run_address>
         <size>0x60</size>
         <input_file_ref idref="fl-92"/>
      </object_component>
      <object_component id="oc-101">
         <name>.bios</name>
         <load_address>0x16760</load_address>
         <run_address>0x16760</run_address>
         <size>0x60</size>
         <input_file_ref idref="fl-a8"/>
      </object_component>
      <object_component id="oc-47">
         <name>.bios</name>
         <load_address>0x167c0</load_address>
         <run_address>0x167c0</run_address>
         <size>0x40</size>
         <input_file_ref idref="fl-8c"/>
      </object_component>
      <object_component id="oc-eb">
         <name>.bios</name>
         <load_address>0x16800</load_address>
         <run_address>0x16800</run_address>
         <size>0x40</size>
         <input_file_ref idref="fl-a2"/>
      </object_component>
      <object_component id="oc-46">
         <name>.bios</name>
         <load_address>0x16840</load_address>
         <run_address>0x16840</run_address>
         <size>0x40</size>
         <input_file_ref idref="fl-90"/>
      </object_component>
      <object_component id="oc-f6">
         <name>.bios</name>
         <load_address>0x16880</load_address>
         <run_address>0x16880</run_address>
         <size>0x40</size>
         <input_file_ref idref="fl-a5"/>
      </object_component>
      <object_component id="oc-105">
         <name>.bios</name>
         <load_address>0x168c0</load_address>
         <run_address>0x168c0</run_address>
         <size>0x40</size>
         <input_file_ref idref="fl-a9"/>
      </object_component>
      <object_component id="oc-51">
         <name>.bios</name>
         <load_address>0x16900</load_address>
         <run_address>0x16900</run_address>
         <size>0x20</size>
         <input_file_ref idref="fl-8e"/>
      </object_component>
      <object_component id="oc-112">
         <name>.bios</name>
         <load_address>0x16920</load_address>
         <run_address>0x16920</run_address>
         <size>0x20</size>
         <input_file_ref idref="fl-ac"/>
      </object_component>
      <object_component id="oc-cc">
         <name>.bios</name>
         <load_address>0x16940</load_address>
         <run_address>0x16940</run_address>
         <size>0x20</size>
         <input_file_ref idref="fl-9b"/>
      </object_component>
      <object_component id="oc-139">
         <name>.bios</name>
         <load_address>0x16960</load_address>
         <run_address>0x16960</run_address>
         <size>0x20</size>
         <input_file_ref idref="fl-b5"/>
      </object_component>
      <object_component id="oc-161">
         <name>.bios</name>
         <load_address>0x16980</load_address>
         <run_address>0x16980</run_address>
         <size>0x20</size>
         <input_file_ref idref="fl-bf"/>
      </object_component>
      <object_component id="oc-50">
         <name>.bios</name>
         <load_address>0x169a0</load_address>
         <run_address>0x169a0</run_address>
         <size>0x20</size>
         <input_file_ref idref="fl-91"/>
      </object_component>
      <object_component id="oc-4f">
         <name>.bios</name>
         <load_address>0x169c0</load_address>
         <run_address>0x169c0</run_address>
         <size>0x20</size>
         <input_file_ref idref="fl-93"/>
      </object_component>
      <object_component id="oc-d6">
         <name>.bios</name>
         <load_address>0x169e0</load_address>
         <run_address>0x169e0</run_address>
         <size>0x20</size>
         <input_file_ref idref="fl-9d"/>
      </object_component>
      <object_component id="oc-24b">
         <name>.cio</name>
         <uninitialized>true</uninitialized>
         <run_address>0x1cb10</run_address>
         <size>0x120</size>
         <input_file_ref idref="fl-100"/>
      </object_component>
      <object_component id="oc-d5">
         <name>.data</name>
         <load_address>0x1cf90</load_address>
         <run_address>0x1cf90</run_address>
         <size>0x8</size>
         <input_file_ref idref="fl-9d"/>
      </object_component>
      <object_component id="oc-5e">
         <name>.sys</name>
         <uninitialized>true</uninitialized>
         <run_address>0x1cf74</run_address>
         <size>0x10</size>
         <input_file_ref idref="fl-b"/>
      </object_component>
      <object_component id="oc-299">
         <name>.text:_pow</name>
         <load_address>0x200</load_address>
         <run_address>0x200</run_address>
         <size>0xc60</size>
         <input_file_ref idref="fl-d6"/>
      </object_component>
      <object_component id="oc-26f">
         <name>.text</name>
         <load_address>0xe60</load_address>
         <run_address>0xe60</run_address>
         <size>0x980</size>
         <input_file_ref idref="fl-d"/>
      </object_component>
      <object_component id="oc-2ca">
         <name>.text:__getarg_diouxp</name>
         <load_address>0x17e0</load_address>
         <run_address>0x17e0</run_address>
         <size>0x620</size>
         <input_file_ref idref="fl-ea"/>
      </object_component>
      <object_component id="oc-2aa">
         <name>.text:__divd</name>
         <load_address>0x1e00</load_address>
         <run_address>0x1e00</run_address>
         <size>0x5c0</size>
         <input_file_ref idref="fl-d9"/>
      </object_component>
      <object_component id="oc-2b3">
         <name>.text:__setfield</name>
         <load_address>0x23c0</load_address>
         <run_address>0x23c0</run_address>
         <size>0x4e0</size>
         <input_file_ref idref="fl-ea"/>
      </object_component>
      <object_component id="oc-29d">
         <name>.text:__printfi</name>
         <load_address>0x28a0</load_address>
         <run_address>0x28a0</run_address>
         <size>0x4c0</size>
         <input_file_ref idref="fl-ea"/>
      </object_component>
      <object_component id="oc-26e">
         <name>.text</name>
         <load_address>0x2d60</load_address>
         <run_address>0x2d60</run_address>
         <size>0x480</size>
         <input_file_ref idref="fl-c"/>
      </object_component>
      <object_component id="oc-2b0">
         <name>.text:_fputs</name>
         <load_address>0x31e0</load_address>
         <run_address>0x31e0</run_address>
         <size>0x420</size>
         <input_file_ref idref="fl-f7"/>
      </object_component>
      <object_component id="oc-2d2">
         <name>.text:_fcvt</name>
         <load_address>0x3600</load_address>
         <run_address>0x3600</run_address>
         <size>0x400</size>
         <input_file_ref idref="fl-ea"/>
      </object_component>
      <object_component id="oc-2bd">
         <name>.text:__pproc_fge</name>
         <load_address>0x3a00</load_address>
         <run_address>0x3a00</run_address>
         <size>0x3e0</size>
         <input_file_ref idref="fl-ea"/>
      </object_component>
      <object_component id="oc-2cf">
         <name>.text:_ecvt</name>
         <load_address>0x3de0</load_address>
         <run_address>0x3de0</run_address>
         <size>0x3c0</size>
         <input_file_ref idref="fl-ea"/>
      </object_component>
      <object_component id="oc-2c9">
         <name>.text:__pconv_e</name>
         <load_address>0x41a0</load_address>
         <run_address>0x41a0</run_address>
         <size>0x320</size>
         <input_file_ref idref="fl-ea"/>
      </object_component>
      <object_component id="oc-2b2">
         <name>.text:__pproc_fwp</name>
         <load_address>0x44c0</load_address>
         <run_address>0x44c0</run_address>
         <size>0x300</size>
         <input_file_ref idref="fl-ea"/>
      </object_component>
      <object_component id="oc-2db">
         <name>.text:__divull</name>
         <load_address>0x47c0</load_address>
         <run_address>0x47c0</run_address>
         <size>0x2c0</size>
         <input_file_ref idref="fl-ee"/>
      </object_component>
      <object_component id="oc-2be">
         <name>.text:__pproc_diouxp</name>
         <load_address>0x4a80</load_address>
         <run_address>0x4a80</run_address>
         <size>0x2a0</size>
         <input_file_ref idref="fl-ea"/>
      </object_component>
      <object_component id="oc-2ab">
         <name>.text:__mpyd</name>
         <load_address>0x4d20</load_address>
         <run_address>0x4d20</run_address>
         <size>0x280</size>
         <input_file_ref idref="fl-dd"/>
      </object_component>
      <object_component id="oc-2b7">
         <name>.text:__frcaddd</name>
         <load_address>0x4fa0</load_address>
         <run_address>0x4fa0</run_address>
         <size>0x260</size>
         <input_file_ref idref="fl-db"/>
      </object_component>
      <object_component id="oc-2b4">
         <name>.text:__pproc_str</name>
         <load_address>0x5200</load_address>
         <run_address>0x5200</run_address>
         <size>0x260</size>
         <input_file_ref idref="fl-ea"/>
      </object_component>
      <object_component id="oc-2b5">
         <name>.text:_fputc</name>
         <load_address>0x5460</load_address>
         <run_address>0x5460</run_address>
         <size>0x260</size>
         <input_file_ref idref="fl-f5"/>
      </object_component>
      <object_component id="oc-2a9">
         <name>.text:__addd</name>
         <load_address>0x56c0</load_address>
         <run_address>0x56c0</run_address>
         <size>0x240</size>
         <input_file_ref idref="fl-d7"/>
      </object_component>
      <object_component id="oc-2c7">
         <name>.text:__pconv_g</name>
         <load_address>0x5900</load_address>
         <run_address>0x5900</run_address>
         <size>0x240</size>
         <input_file_ref idref="fl-ea"/>
      </object_component>
      <object_component id="oc-2a7">
         <name>.text:_ldexp</name>
         <load_address>0x5b40</load_address>
         <run_address>0x5b40</run_address>
         <size>0x240</size>
         <input_file_ref idref="fl-e7"/>
      </object_component>
      <object_component id="oc-2c3">
         <name>.text:_setvbuf</name>
         <load_address>0x5d80</load_address>
         <run_address>0x5d80</run_address>
         <size>0x240</size>
         <input_file_ref idref="fl-101"/>
      </object_component>
      <object_component id="oc-27b">
         <name>.text:_HOSTrename</name>
         <load_address>0x5fc0</load_address>
         <run_address>0x5fc0</run_address>
         <size>0x200</size>
         <input_file_ref idref="fl-fb"/>
      </object_component>
      <object_component id="oc-2d1">
         <name>.text:__mcpy</name>
         <load_address>0x61c0</load_address>
         <run_address>0x61c0</run_address>
         <size>0x200</size>
         <input_file_ref idref="fl-ea"/>
      </object_component>
      <object_component id="oc-2a1">
         <name>.text:_MCBSP_reset</name>
         <load_address>0x63c0</load_address>
         <run_address>0x63c0</run_address>
         <size>0x1e0</size>
         <input_file_ref idref="fl-b6"/>
      </object_component>
      <object_component id="oc-27e">
         <name>.text:__CSL_init</name>
         <load_address>0x65a0</load_address>
         <run_address>0x65a0</run_address>
         <size>0x1e0</size>
         <input_file_ref idref="fl-aa"/>
      </object_component>
      <object_component id="oc-2a5">
         <name>.text:_frexp</name>
         <load_address>0x6780</load_address>
         <run_address>0x6780</run_address>
         <size>0x1e0</size>
         <input_file_ref idref="fl-e6"/>
      </object_component>
      <object_component id="oc-2da">
         <name>.text:__divul</name>
         <load_address>0x6960</load_address>
         <run_address>0x6960</run_address>
         <size>0x1a0</size>
         <input_file_ref idref="fl-ed"/>
      </object_component>
      <object_component id="oc-2a2">
         <name>.text:_mux2Tables</name>
         <load_address>0x6b00</load_address>
         <run_address>0x6b00</run_address>
         <size>0x1a0</size>
         <input_file_ref idref="fl-ae"/>
      </object_component>
      <object_component id="oc-2c2">
         <name>.text:_fseek</name>
         <load_address>0x6ca0</load_address>
         <run_address>0x6ca0</run_address>
         <size>0x180</size>
         <input_file_ref idref="fl-f8"/>
      </object_component>
      <object_component id="oc-2e4">
         <name>.text:_getdevice</name>
         <load_address>0x6e20</load_address>
         <run_address>0x6e20</run_address>
         <size>0x180</size>
         <input_file_ref idref="fl-fa"/>
      </object_component>
      <object_component id="oc-2cc">
         <name>.text:__ltostr</name>
         <load_address>0x6fa0</load_address>
         <run_address>0x6fa0</run_address>
         <size>0x160</size>
         <input_file_ref idref="fl-ea"/>
      </object_component>
      <object_component id="oc-2ac">
         <name>.text:__nround</name>
         <load_address>0x7100</load_address>
         <run_address>0x7100</run_address>
         <size>0x160</size>
         <input_file_ref idref="fl-e1"/>
      </object_component>
      <object_component id="oc-2b1">
         <name>.text:__pproc_fflags</name>
         <load_address>0x7260</load_address>
         <run_address>0x7260</run_address>
         <size>0x160</size>
         <input_file_ref idref="fl-ea"/>
      </object_component>
      <object_component id="oc-2d5">
         <name>.text:__closefile</name>
         <load_address>0x73c0</load_address>
         <run_address>0x73c0</run_address>
         <size>0x140</size>
         <input_file_ref idref="fl-103"/>
      </object_component>
      <object_component id="oc-279">
         <name>.text:_HOSTlseek</name>
         <load_address>0x7500</load_address>
         <run_address>0x7500</run_address>
         <size>0x120</size>
         <input_file_ref idref="fl-fb"/>
      </object_component>
      <object_component id="oc-298">
         <name>.text:_TIMER_open</name>
         <load_address>0x7620</load_address>
         <run_address>0x7620</run_address>
         <size>0x120</size>
         <input_file_ref idref="fl-c0"/>
      </object_component>
      <object_component id="oc-2a3">
         <name>.text:_TIMER_reset</name>
         <load_address>0x7740</load_address>
         <run_address>0x7740</run_address>
         <size>0x120</size>
         <input_file_ref idref="fl-c0"/>
      </object_component>
      <object_component id="oc-2ba">
         <name>.text:__frcmpyd</name>
         <load_address>0x7860</load_address>
         <run_address>0x7860</run_address>
         <size>0x120</size>
         <input_file_ref idref="fl-de"/>
      </object_component>
      <object_component id="oc-2bb">
         <name>.text:__wrt_ok</name>
         <load_address>0x7980</load_address>
         <run_address>0x7980</run_address>
         <size>0x120</size>
         <input_file_ref idref="fl-f6"/>
      </object_component>
      <object_component id="oc-2bc">
         <name>.text:_atoi</name>
         <load_address>0x7aa0</load_address>
         <run_address>0x7aa0</run_address>
         <size>0x120</size>
         <input_file_ref idref="fl-f3"/>
      </object_component>
      <object_component id="oc-275">
         <name>.text:_HOSTopen</name>
         <load_address>0x7bc0</load_address>
         <run_address>0x7bc0</run_address>
         <size>0x100</size>
         <input_file_ref idref="fl-fb"/>
      </object_component>
      <object_component id="oc-277">
         <name>.text:_HOSTread</name>
         <load_address>0x7cc0</load_address>
         <run_address>0x7cc0</run_address>
         <size>0x100</size>
         <input_file_ref idref="fl-fb"/>
      </object_component>
      <object_component id="oc-278">
         <name>.text:_HOSTwrite</name>
         <load_address>0x7dc0</load_address>
         <run_address>0x7dc0</run_address>
         <size>0x100</size>
         <input_file_ref idref="fl-fb"/>
      </object_component>
      <object_component id="oc-282">
         <name>.text:__divi</name>
         <load_address>0x7ec0</load_address>
         <run_address>0x7ec0</run_address>
         <size>0x100</size>
         <input_file_ref idref="fl-cd"/>
      </object_component>
      <object_component id="oc-2b9">
         <name>.text:__frcmpyd_div</name>
         <load_address>0x7fc0</load_address>
         <run_address>0x7fc0</run_address>
         <size>0x100</size>
         <input_file_ref idref="fl-dc"/>
      </object_component>
      <object_component id="oc-291">
         <name>.text:__strasgi</name>
         <load_address>0x80c0</load_address>
         <run_address>0x80c0</run_address>
         <size>0x100</size>
         <input_file_ref idref="fl-d2"/>
      </object_component>
      <object_component id="oc-2dc">
         <name>.text:_close</name>
         <load_address>0x81c0</load_address>
         <run_address>0x81c0</run_address>
         <size>0x100</size>
         <input_file_ref idref="fl-fa"/>
      </object_component>
      <object_component id="oc-284">
         <name>.text:_fflush</name>
         <load_address>0x82c0</load_address>
         <run_address>0x82c0</run_address>
         <size>0x100</size>
         <input_file_ref idref="fl-d4"/>
      </object_component>
      <object_component id="oc-2d7">
         <name>.text:_ltoa</name>
         <load_address>0x83c0</load_address>
         <run_address>0x83c0</run_address>
         <size>0x100</size>
         <input_file_ref idref="fl-fc"/>
      </object_component>
      <object_component id="oc-27c">
         <name>.text:_memset</name>
         <load_address>0x84c0</load_address>
         <run_address>0x84c0</run_address>
         <size>0x100</size>
         <input_file_ref idref="fl-fe"/>
      </object_component>
      <object_component id="oc-27a">
         <name>.text:_HOSTunlink</name>
         <load_address>0x85c0</load_address>
         <run_address>0x85c0</run_address>
         <size>0xe0</size>
         <input_file_ref idref="fl-fb"/>
      </object_component>
      <object_component id="oc-292">
         <name>.text:_MCBSP_open</name>
         <load_address>0x86a0</load_address>
         <run_address>0x86a0</run_address>
         <size>0xe0</size>
         <input_file_ref idref="fl-b6"/>
      </object_component>
      <object_component id="oc-294">
         <name>.text:_MCBSP_start</name>
         <load_address>0x8780</load_address>
         <run_address>0x8780</run_address>
         <size>0xe0</size>
         <input_file_ref idref="fl-b6"/>
      </object_component>
      <object_component id="oc-2a4">
         <name>.text:__cmpd</name>
         <load_address>0x8860</load_address>
         <run_address>0x8860</run_address>
         <size>0xe0</size>
         <input_file_ref idref="fl-d8"/>
      </object_component>
      <object_component id="oc-2d4">
         <name>.text:__div</name>
         <load_address>0x8940</load_address>
         <run_address>0x8940</run_address>
         <size>0xe0</size>
         <input_file_ref idref="fl-ea"/>
      </object_component>
      <object_component id="oc-29f">
         <name>.text:__doflush</name>
         <load_address>0x8a20</load_address>
         <run_address>0x8a20</run_address>
         <size>0xe0</size>
         <input_file_ref idref="fl-d4"/>
      </object_component>
      <object_component id="oc-2c8">
         <name>.text:__pconv_f</name>
         <load_address>0x8b00</load_address>
         <run_address>0x8b00</run_address>
         <size>0xe0</size>
         <input_file_ref idref="fl-ea"/>
      </object_component>
      <object_component id="oc-273">
         <name>.text:_memcpy</name>
         <load_address>0x8be0</load_address>
         <run_address>0x8be0</run_address>
         <size>0xe0</size>
         <input_file_ref idref="fl-d5"/>
      </object_component>
      <object_component id="oc-2ae">
         <name>.text:_modf</name>
         <load_address>0x8cc0</load_address>
         <run_address>0x8cc0</run_address>
         <size>0xe0</size>
         <input_file_ref idref="fl-e8"/>
      </object_component>
      <object_component id="oc-283">
         <name>.text:_printf</name>
         <load_address>0x8da0</load_address>
         <run_address>0x8da0</run_address>
         <size>0xe0</size>
         <input_file_ref idref="fl-e9"/>
      </object_component>
      <object_component id="oc-281">
         <name>.text</name>
         <load_address>0x8e80</load_address>
         <run_address>0x8e80</run_address>
         <size>0xe0</size>
         <input_file_ref idref="fl-9"/>
      </object_component>
      <object_component id="oc-276">
         <name>.text:_HOSTclose</name>
         <load_address>0x8f60</load_address>
         <run_address>0x8f60</run_address>
         <size>0xc0</size>
         <input_file_ref idref="fl-fb"/>
      </object_component>
      <object_component id="oc-293">
         <name>.text:_MCBSP_config</name>
         <load_address>0x9020</load_address>
         <run_address>0x9020</run_address>
         <size>0xc0</size>
         <input_file_ref idref="fl-b6"/>
      </object_component>
      <object_component id="oc-2ce">
         <name>.text:__cleanup</name>
         <load_address>0x90e0</load_address>
         <run_address>0x90e0</run_address>
         <size>0xc0</size>
         <input_file_ref idref="fl-102"/>
      </object_component>
      <object_component id="oc-2d9">
         <name>.text:__divu</name>
         <load_address>0x91a0</load_address>
         <run_address>0x91a0</run_address>
         <size>0xc0</size>
         <input_file_ref idref="fl-ec"/>
      </object_component>
      <object_component id="oc-2d0">
         <name>.text:__ecpy</name>
         <load_address>0x9260</load_address>
         <run_address>0x9260</run_address>
         <size>0xc0</size>
         <input_file_ref idref="fl-ea"/>
      </object_component>
      <object_component id="oc-2d3">
         <name>.text:__fcpy</name>
         <load_address>0x9320</load_address>
         <run_address>0x9320</run_address>
         <size>0xc0</size>
         <input_file_ref idref="fl-ea"/>
      </object_component>
      <object_component id="oc-29b">
         <name>.text:__remi</name>
         <load_address>0x93e0</load_address>
         <run_address>0x93e0</run_address>
         <size>0xc0</size>
         <input_file_ref idref="fl-d1"/>
      </object_component>
      <object_component id="oc-285">
         <name>.text:_exit</name>
         <load_address>0x94a0</load_address>
         <run_address>0x94a0</run_address>
         <size>0xc0</size>
         <input_file_ref idref="fl-d3"/>
      </object_component>
      <object_component id="oc-2cd">
         <name>.text:_lseek</name>
         <load_address>0x9560</load_address>
         <run_address>0x9560</run_address>
         <size>0xc0</size>
         <input_file_ref idref="fl-fa"/>
      </object_component>
      <object_component id="oc-2b6">
         <name>.text:_write</name>
         <load_address>0x9620</load_address>
         <run_address>0x9620</run_address>
         <size>0xc0</size>
         <input_file_ref idref="fl-fa"/>
      </object_component>
      <object_component id="oc-185">
         <name>.text</name>
         <load_address>0x96e0</load_address>
         <run_address>0x96e0</run_address>
         <size>0xc0</size>
         <input_file_ref idref="fl-c7"/>
      </object_component>
      <object_component id="oc-290">
         <name>.text:_MCBSP_close</name>
         <load_address>0x97a0</load_address>
         <run_address>0x97a0</run_address>
         <size>0xa0</size>
         <input_file_ref idref="fl-b6"/>
      </object_component>
      <object_component id="oc-2df">
         <name>.text:__divli</name>
         <load_address>0x9840</load_address>
         <run_address>0x9840</run_address>
         <size>0xa0</size>
         <input_file_ref idref="fl-ed"/>
      </object_component>
      <object_component id="oc-29a">
         <name>.text:__fixdi</name>
         <load_address>0x98e0</load_address>
         <run_address>0x98e0</run_address>
         <size>0xa0</size>
         <input_file_ref idref="fl-ce"/>
      </object_component>
      <object_component id="oc-2d6">
         <name>.text:__fixdli</name>
         <load_address>0x9980</load_address>
         <run_address>0x9980</run_address>
         <size>0xa0</size>
         <input_file_ref idref="fl-ef"/>
      </object_component>
      <object_component id="oc-2c0">
         <name>.text:__renormd</name>
         <load_address>0x9a20</load_address>
         <run_address>0x9a20</run_address>
         <size>0xa0</size>
         <input_file_ref idref="fl-e2"/>
      </object_component>
      <object_component id="oc-2e5">
         <name>.text:_finddevice</name>
         <load_address>0x9ac0</load_address>
         <run_address>0x9ac0</run_address>
         <size>0xa0</size>
         <input_file_ref idref="fl-fa"/>
      </object_component>
      <object_component id="oc-280">
         <name>.text:_rand</name>
         <load_address>0x9b60</load_address>
         <run_address>0x9b60</run_address>
         <size>0xa0</size>
         <input_file_ref idref="fl-ff"/>
      </object_component>
      <object_component id="oc-297">
         <name>.text:__IRQ_init</name>
         <load_address>0x9c00</load_address>
         <run_address>0x9c00</run_address>
         <size>0x80</size>
         <input_file_ref idref="fl-ae"/>
      </object_component>
      <object_component id="oc-2d8">
         <name>.text:__fltlid</name>
         <load_address>0x9c80</load_address>
         <run_address>0x9c80</run_address>
         <size>0x80</size>
         <input_file_ref idref="fl-f0"/>
      </object_component>
      <object_component id="oc-2e0">
         <name>.text:__llshl</name>
         <load_address>0x9d00</load_address>
         <run_address>0x9d00</run_address>
         <size>0x80</size>
         <input_file_ref idref="fl-f1"/>
      </object_component>
      <object_component id="oc-2c1">
         <name>.text:__mpyll</name>
         <load_address>0x9d80</load_address>
         <run_address>0x9d80</run_address>
         <size>0x80</size>
         <input_file_ref idref="fl-df"/>
      </object_component>
      <object_component id="oc-2bf">
         <name>.text:_memccpy</name>
         <load_address>0x9e00</load_address>
         <run_address>0x9e00</run_address>
         <size>0x80</size>
         <input_file_ref idref="fl-fd"/>
      </object_component>
      <object_component id="oc-296">
         <name>.text:_readmsg</name>
         <load_address>0x9e80</load_address>
         <run_address>0x9e80</run_address>
         <size>0x80</size>
         <input_file_ref idref="fl-100"/>
      </object_component>
      <object_component id="oc-2e3">
         <name>.text:_unlink</name>
         <load_address>0x9f00</load_address>
         <run_address>0x9f00</run_address>
         <size>0x80</size>
         <input_file_ref idref="fl-fa"/>
      </object_component>
      <object_component id="oc-2a6">
         <name>.text:__fltid</name>
         <load_address>0x9f80</load_address>
         <run_address>0x9f80</run_address>
         <size>0x60</size>
         <input_file_ref idref="fl-da"/>
      </object_component>
      <object_component id="oc-2e2">
         <name>.text:__llshru</name>
         <load_address>0x9fe0</load_address>
         <run_address>0x9fe0</run_address>
[...]
      </symbol>
      <symbol id="sm-6d7">
         <name>_STS_set</name>
         <value>0x16980</value>
         <object_component_ref idref="oc-161"/>
      </symbol>
      <symbol id="sm-6e7">
         <name>_TIMER_reset</name>
         <value>0x7740</value>
         <object_component_ref idref="oc-2a3"/>
      </symbol>
      <symbol id="sm-6e8">
         <name>_TIMER_open</name>
         <value>0x7620</value>
         <object_component_ref idref="oc-298"/>
      </symbol>
      <symbol id="sm-6e9">
         <name>__TIMER_hDev0</name>
         <value>0x18aac</value>
         <object_component_ref idref="oc-166"/>
      </symbol>
      <symbol id="sm-6ea">
         <name>__TIMER_hDev1</name>
         <value>0x18ab0</value>
         <object_component_ref idref="oc-166"/>
      </symbol>
      <symbol id="sm-6eb">
         <name>__TIMER_hBios</name>
         <value>0x18ab4</value>
         <object_component_ref idref="oc-166"/>
      </symbol>
      <symbol id="sm-6ec">
         <name>__TIMER_deviceTable</name>
         <value>0x18a88</value>
         <object_component_ref idref="oc-166"/>
      </symbol>
      <symbol id="sm-6fa">
         <name>_TSK_nTasks</name>
         <value>0x1c424</value>
         <object_component_ref idref="oc-16a"/>
      </symbol>
      <symbol id="sm-6fb">
         <name>_TSK_config</name>
         <value>0x18904</value>
         <object_component_ref idref="oc-16d"/>
      </symbol>
      <symbol id="sm-6fc">
         <name>_TSK</name>
         <value>0x1c42c</value>
         <object_component_ref idref="oc-16a"/>
      </symbol>
      <symbol id="sm-6fd">
         <name>_TSK_timerSem</name>
         <value>0x18924</value>
         <object_component_ref idref="oc-16d"/>
      </symbol>
      <symbol id="sm-6fe">
         <name>_TSK_pid</name>
         <value>0x1c428</value>
         <object_component_ref idref="oc-16a"/>
      </symbol>
      <symbol id="sm-6ff">
         <name>_TSK_ATTRS</name>
         <value>0x188e8</value>
         <object_component_ref idref="oc-16d"/>
      </symbol>
      <symbol id="sm-709">
         <name>_TSK_exit</name>
         <value>0x15880</value>
         <object_component_ref idref="oc-171"/>
      </symbol>
      <symbol id="sm-713">
         <name>_SYS_exit</name>
         <value>0x16200</value>
         <object_component_ref idref="oc-175"/>
      </symbol>
      <symbol id="sm-71f">
         <name>_SYS_exitStack</name>
         <value>0x18ae0</value>
         <object_component_ref idref="oc-17b"/>
      </symbol>
      <symbol id="sm-720">
         <name>_SYS_exitStackPtr</name>
         <value>0x1c444</value>
         <object_component_ref idref="oc-178"/>
      </symbol>
      <symbol id="sm-721">
         <name>_SYS_exitStackTop</name>
         <value>0x1c448</value>
         <object_component_ref idref="oc-178"/>
      </symbol>
      <symbol id="sm-72b">
         <name>_TSK_init</name>
         <value>0x1ac60</value>
         <object_component_ref idref="oc-17e"/>
      </symbol>
      <symbol id="sm-735">
         <name>_TSK_setup</name>
         <value>0x15200</value>
         <object_component_ref idref="oc-182"/>
      </symbol>
      <symbol id="sm-747">
         <name>__MEM_mutex</name>
         <value>0x18a1c</value>
         <object_component_ref idref="oc-188"/>
      </symbol>
      <symbol id="sm-748">
         <name>_TSK_startup</name>
         <value>0x15a88</value>
         <object_component_ref idref="oc-189"/>
      </symbol>
      <symbol id="sm-749">
         <name>__TSK_mutex</name>
         <value>0x189f4</value>
         <object_component_ref idref="oc-188"/>
      </symbol>
      <symbol id="sm-753">
         <name>_LCK_pend</name>
         <value>0x160ec</value>
         <object_component_ref idref="oc-18e"/>
      </symbol>
      <symbol id="sm-754">
         <name>_LCK_post</name>
         <value>0x160c0</value>
         <object_component_ref idref="oc-18e"/>
      </symbol>
      <symbol id="sm-75e">
         <name>_SYS_abort</name>
         <value>0x166a0</value>
         <object_component_ref idref="oc-192"/>
      </symbol>
      <symbol id="sm-76e">
         <name>__GBL_setL2CacheMode</name>
         <value>0x129d4</value>
         <object_component_ref idref="oc-198"/>
      </symbol>
      <symbol id="sm-778">
         <name>__SEM_dopost</name>
         <value>0x15020</value>
         <object_component_ref idref="oc-19c"/>
      </symbol>
      <symbol id="sm-782">
         <name>__auto_init</name>
         <value>0x15720</value>
         <object_component_ref idref="oc-1a0"/>
      </symbol>
      <symbol id="sm-78a">
         <name>__c6xabi_divi</name>
         <value>0x7ec0</value>
         <object_component_ref idref="oc-282"/>
      </symbol>
      <symbol id="sm-78b">
         <name>__divi</name>
         <value>0x7ec0</value>
         <object_component_ref idref="oc-282"/>
      </symbol>
      <symbol id="sm-795">
         <name>__fixdi</name>
         <value>0x98e0</value>
         <object_component_ref idref="oc-29a"/>
      </symbol>
      <symbol id="sm-79f">
         <name>__tmpnams</name>
         <value>0x182c0</value>
         <object_component_ref idref="oc-1ab"/>
      </symbol>
      <symbol id="sm-7a0">
         <name>__ft_end</name>
         <value>0x18400</value>
         <object_component_ref idref="oc-1ab"/>
      </symbol>
      <symbol id="sm-7a1">
         <name>__ftable</name>
         <value>0x180e0</value>
         <object_component_ref idref="oc-1ab"/>
      </symbol>
      <symbol id="sm-7b3">
         <name>__unlock</name>
         <value>0x18b2c</value>
         <object_component_ref idref="oc-1af"/>
      </symbol>
      <symbol id="sm-7b4">
         <name>__lock</name>
         <value>0x18b28</value>
         <object_component_ref idref="oc-1af"/>
      </symbol>
      <symbol id="sm-7b5">
         <name>__register_lock</name>
         <value>0xa480</value>
         <object_component_ref idref="oc-270"/>
      </symbol>
      <symbol id="sm-7b6">
         <name>__nop</name>
         <value>0xa420</value>
         <object_component_ref idref="oc-274"/>
      </symbol>
      <symbol id="sm-7b7">
         <name>__register_unlock</name>
         <value>0xa4a0</value>
         <object_component_ref idref="oc-271"/>
      </symbol>
      <symbol id="sm-7bf">
         <name>__remi</name>
         <value>0x93e0</value>
         <object_component_ref idref="oc-29b"/>
      </symbol>
      <symbol id="sm-7c0">
         <name>__c6xabi_remi</name>
         <value>0x93e0</value>
         <object_component_ref idref="oc-29b"/>
      </symbol>
      <symbol id="sm-7c8">
         <name>__c6xabi_strasgi</name>
         <value>0x80c0</value>
         <object_component_ref idref="oc-291"/>
      </symbol>
      <symbol id="sm-7c9">
         <name>__strasgi</name>
         <value>0x80c0</value>
         <object_component_ref idref="oc-291"/>
      </symbol>
      <symbol id="sm-7d9">
         <name>C$$EXIT</name>
         <value>0xa4e0</value>
         <object_component_ref idref="oc-2a0"/>
      </symbol>
      <symbol id="sm-7da">
         <name>_exit</name>
         <value>0x94a0</value>
         <object_component_ref idref="oc-285"/>
      </symbol>
      <symbol id="sm-7db">
         <name>___TI_enable_exit_profile_output</name>
         <value>0x18b24</value>
         <object_component_ref idref="oc-1ba"/>
      </symbol>
      <symbol id="sm-7dc">
         <name>_abort</name>
         <value>0xa4e0</value>
         <object_component_ref idref="oc-2a0"/>
      </symbol>
      <symbol id="sm-7dd">
         <name>__cleanup_ptr</name>
         <value>0x18b1c</value>
         <object_component_ref idref="oc-1ba"/>
      </symbol>
      <symbol id="sm-7de">
         <name>__dtors_ptr</name>
         <value>0x18b20</value>
         <object_component_ref idref="oc-1ba"/>
      </symbol>
      <symbol id="sm-7ea">
         <name>__doflush</name>
         <value>0x8a20</value>
         <object_component_ref idref="oc-29f"/>
      </symbol>
      <symbol id="sm-7eb">
         <name>_fflush</name>
         <value>0x82c0</value>
         <object_component_ref idref="oc-284"/>
      </symbol>
      <symbol id="sm-7f3">
         <name>_memcpy</name>
         <value>0x8be0</value>
         <object_component_ref idref="oc-273"/>
      </symbol>
      <symbol id="sm-801">
         <name>_pow</name>
         <value>0x200</value>
         <object_component_ref idref="oc-299"/>
      </symbol>
      <symbol id="sm-80b">
         <name>__addd</name>
         <value>0x56c0</value>
         <object_component_ref idref="oc-2a9"/>
      </symbol>
      <symbol id="sm-815">
         <name>__cmpd</name>
         <value>0x8860</value>
         <object_component_ref idref="oc-2a4"/>
      </symbol>
      <symbol id="sm-821">
         <name>__divd</name>
         <value>0x1e00</value>
         <object_component_ref idref="oc-2aa"/>
      </symbol>
      <symbol id="sm-82b">
         <name>__fltid</name>
         <value>0x9f80</value>
         <object_component_ref idref="oc-2a6"/>
      </symbol>
      <symbol id="sm-835">
         <name>__frcaddd</name>
         <value>0x4fa0</value>
         <object_component_ref idref="oc-2b7"/>
      </symbol>
      <symbol id="sm-83f">
         <name>__frcmpyd_div</name>
         <value>0x7fc0</value>
         <object_component_ref idref="oc-2b9"/>
      </symbol>
      <symbol id="sm-849">
         <name>__mpyd</name>
         <value>0x4d20</value>
         <object_component_ref idref="oc-2ab"/>
      </symbol>
      <symbol id="sm-853">
         <name>__frcmpyd</name>
         <value>0x7860</value>
         <object_component_ref idref="oc-2ba"/>
      </symbol>
      <symbol id="sm-85d">
         <name>__mpyll</name>
         <value>0x9d80</value>
         <object_component_ref idref="oc-2c1"/>
      </symbol>
      <symbol id="sm-867">
         <name>__negd</name>
         <value>0xa220</value>
         <object_component_ref idref="oc-2af"/>
      </symbol>
      <symbol id="sm-871">
         <name>__nround</name>
         <value>0x7100</value>
         <object_component_ref idref="oc-2ac"/>
      </symbol>
      <symbol id="sm-87b">
         <name>__renormd</name>
         <value>0x9a20</value>
         <object_component_ref idref="oc-2c0"/>
      </symbol>
      <symbol id="sm-885">
         <name>__subd</name>
         <value>0xa260</value>
         <object_component_ref idref="oc-2a8"/>
      </symbol>
      <symbol id="sm-88f">
         <name>__trunc</name>
         <value>0xa4c0</value>
         <object_component_ref idref="oc-2ad"/>
      </symbol>
      <symbol id="sm-899">
         <name>_errno</name>
         <value>0x18404</value>
         <object_component_ref idref="oc-1f4"/>
      </symbol>
      <symbol id="sm-8a3">
         <name>_frexp</name>
         <value>0x6780</value>
         <object_component_ref idref="oc-2a5"/>
      </symbol>
      <symbol id="sm-8ad">
         <name>_ldexp</name>
         <value>0x5b40</value>
         <object_component_ref idref="oc-2a7"/>
      </symbol>
      <symbol id="sm-8b7">
         <name>_modf</name>
         <value>0x8cc0</value>
         <object_component_ref idref="oc-2ae"/>
      </symbol>
      <symbol id="sm-8c5">
         <name>_printf</name>
         <value>0x8da0</value>
         <object_component_ref idref="oc-283"/>
      </symbol>
      <symbol id="sm-8f5">
         <name>__printfi</name>
         <value>0x28a0</value>
         <object_component_ref idref="oc-29d"/>
      </symbol>
      <symbol id="sm-8ff">
         <name>___isinf</name>
         <value>0xa1a0</value>
         <object_component_ref idref="oc-2c6"/>
      </symbol>
      <symbol id="sm-907">
         <name>__c6xabi_divu</name>
         <value>0x91a0</value>
         <object_component_ref idref="oc-2d9"/>
      </symbol>
      <symbol id="sm-908">
         <name>__divu</name>
         <value>0x91a0</value>
         <object_component_ref idref="oc-2d9"/>
      </symbol>
      <symbol id="sm-916">
         <name>__divul</name>
         <value>0x6960</value>
         <object_component_ref idref="oc-2da"/>
      </symbol>
      <symbol id="sm-917">
         <name>__remli</name>
         <value>0xa040</value>
         <object_component_ref idref="oc-2de"/>
      </symbol>
      <symbol id="sm-918">
         <name>__divli</name>
         <value>0x9840</value>
         <object_component_ref idref="oc-2df"/>
      </symbol>
      <symbol id="sm-924">
         <name>__subcull</name>
         <value>0xa0a0</value>
         <object_component_ref idref="oc-2e1"/>
      </symbol>
      <symbol id="sm-925">
         <name>__divull</name>
         <value>0x47c0</value>
         <object_component_ref idref="oc-2db"/>
      </symbol>
      <symbol id="sm-92f">
         <name>__fixdli</name>
         <value>0x9980</value>
         <object_component_ref idref="oc-2d6"/>
      </symbol>
      <symbol id="sm-939">
         <name>__fltlid</name>
         <value>0x9c80</value>
         <object_component_ref idref="oc-2d8"/>
      </symbol>
      <symbol id="sm-945">
         <name>__llshl</name>
         <value>0x9d00</value>
         <object_component_ref idref="oc-2e0"/>
      </symbol>
      <symbol id="sm-946">
         <name>__llshru</name>
         <value>0x9fe0</value>
         <object_component_ref idref="oc-2e2"/>
      </symbol>
      <symbol id="sm-950">
         <name>__negll</name>
         <value>0xa400</value>
         <object_component_ref idref="oc-2cb"/>
      </symbol>
      <symbol id="sm-95a">
         <name>_atoi</name>
         <value>0x7aa0</value>
         <object_component_ref idref="oc-2bc"/>
      </symbol>
      <symbol id="sm-962">
         <name>__ctypes_</name>
         <value>0x1c460</value>
         <object_component_ref idref="oc-2c4"/>
      </symbol>
      <symbol id="sm-96c">
         <name>_putc</name>
         <value>0x5460</value>
         <object_component_ref idref="oc-2b5"/>
      </symbol>
      <symbol id="sm-96d">
         <name>_fputc</name>
         <value>0x5460</value>
         <object_component_ref idref="oc-2b5"/>
      </symbol>
      <symbol id="sm-977">
         <name>__wrt_ok</name>
         <value>0x7980</value>
         <object_component_ref idref="oc-2bb"/>
      </symbol>
      <symbol id="sm-983">
         <name>_fputs</name>
         <value>0x31e0</value>
         <object_component_ref idref="oc-2b0"/>
      </symbol>
      <symbol id="sm-98d">
         <name>_fseek</name>
         <value>0x6ca0</value>
         <object_component_ref idref="oc-2c2"/>
      </symbol>
      <symbol id="sm-9ac">
         <name>_unlink</name>
         <value>0x9f00</value>
         <object_component_ref idref="oc-2e3"/>
      </symbol>
      <symbol id="sm-9ad">
         <name>_lseek</name>
         <value>0x9560</value>
         <object_component_ref idref="oc-2cd"/>
      </symbol>
      <symbol id="sm-9ae">
         <name>_close</name>
         <value>0x81c0</value>
         <object_component_ref idref="oc-2dc"/>
      </symbol>
      <symbol id="sm-9af">
         <name>_write</name>
         <value>0x9620</value>
         <object_component_ref idref="oc-2b6"/>
      </symbol>
      <symbol id="sm-9c7">
         <name>_HOSTopen</name>
         <value>0x7bc0</value>
         <object_component_ref idref="oc-275"/>
      </symbol>
      <symbol id="sm-9c8">
         <name>_HOSTread</name>
         <value>0x7cc0</value>
         <object_component_ref idref="oc-277"/>
      </symbol>
      <symbol id="sm-9c9">
         <name>_HOSTrename</name>
         <value>0x5fc0</value>
         <object_component_ref idref="oc-27b"/>
      </symbol>
      <symbol id="sm-9ca">
         <name>_HOSTwrite</name>
         <value>0x7dc0</value>
         <object_component_ref idref="oc-278"/>
      </symbol>
      <symbol id="sm-9cb">
         <name>_HOSTlseek</name>
         <value>0x7500</value>
         <object_component_ref idref="oc-279"/>
      </symbol>
      <symbol id="sm-9cc">
         <name>_HOSTunlink</name>
         <value>0x85c0</value>
         <object_component_ref idref="oc-27a"/>
      </symbol>
      <symbol id="sm-9cd">
         <name>_HOSTclose</name>
         <value>0x8f60</value>
         <object_component_ref idref="oc-276"/>
      </symbol>
      <symbol id="sm-9d7">
         <name>_ltoa</name>
         <value>0x83c0</value>
         <object_component_ref idref="oc-2d7"/>
      </symbol>
      <symbol id="sm-9e1">
         <name>_memccpy</name>
         <value>0x9e00</value>
         <object_component_ref idref="oc-2bf"/>
      </symbol>
      <symbol id="sm-9eb">
         <name>_memset</name>
         <value>0x84c0</value>
         <object_component_ref idref="oc-27c"/>
      </symbol>
      <symbol id="sm-9f9">
         <name>_rand</name>
         <value>0x9b60</value>
         <object_component_ref idref="oc-280"/>
      </symbol>
      <symbol id="sm-a07">
         <name>C$$IO$$</name>
         <value>0xa158</value>
         <object_component_ref idref="oc-295"/>
      </symbol>
      <symbol id="sm-a08">
         <name>__CIOBUF_</name>
         <value>0x1cb10</value>
         <object_component_ref idref="oc-24b"/>
      </symbol>
      <symbol id="sm-a09">
         <name>_readmsg</name>
         <value>0x9e80</value>
         <object_component_ref idref="oc-296"/>
      </symbol>
      <symbol id="sm-a0a">
         <name>_writemsg</name>
         <value>0xa100</value>
         <object_component_ref idref="oc-295"/>
      </symbol>
      <symbol id="sm-a14">
         <name>_setvbuf</name>
         <value>0x5d80</value>
         <object_component_ref idref="oc-2c3"/>
      </symbol>
      <symbol id="sm-a22">
         <name>__cleanup</name>
         <value>0x90e0</value>
         <object_component_ref idref="oc-2ce"/>
      </symbol>
      <symbol id="sm-a2c">
         <name>__closefile</name>
         <value>0x73c0</value>
         <object_component_ref idref="oc-2d5"/>
      </symbol>
      <symbol id="sm-a36">
         <name>_memalign</name>
         <value>0x13e04</value>
         <object_component_ref idref="oc-25a"/>
      </symbol>
      <symbol id="sm-a37">
         <name>_malloc</name>
         <value>0x13c8c</value>
         <object_component_ref idref="oc-25a"/>
      </symbol>
      <symbol id="sm-a38">
         <name>_realloc</name>
         <value>0x13d00</value>
         <object_component_ref idref="oc-25a"/>
      </symbol>
      <symbol id="sm-a39">
         <name>_free</name>
         <value>0x13c60</value>
         <object_component_ref idref="oc-25a"/>
      </symbol>
      <symbol id="sm-a3a">
         <name>_calloc</name>
         <value>0x13f30</value>
         <object_component_ref idref="oc-25a"/>
      </symbol>
      <symbol id="sm-a46">
         <name>_MEM_alloc</name>
         <value>0x14be0</value>
         <object_component_ref idref="oc-25e"/>
      </symbol>
      <symbol id="sm-a52">
         <name>_MEM_free</name>
         <value>0x14760</value>
         <object_component_ref idref="oc-263"/>
      </symbol>
      <symbol id="sm-a5c">
         <name>_SYS_error</name>
         <value>0x16520</value>
         <object_component_ref idref="oc-268"/>
      </symbol>
      <symbol id="sm-a66">
         <name>_remove</name>
         <value>0xa500</value>
         <object_component_ref idref="oc-2dd"/>
      </symbol>
   </symbol_table>
</link_info>
